<html>
<body>
<pre>
<h1>µVision Build Log</h1>
<h2>Tool Versions:</h2>
IDE-Version: µVision V5.43.1.0
Copyright (C) 2025 ARM Ltd and ARM Germany GmbH. All rights reserved.
License Information: Kurt Donnerwetter, freelancer, LIC=50D7S-LUZZR-BX4UY-IWJ2K-HGE9I-C075C
 
Tool Versions:
Toolchain:       MDK-ARM Professional  Version: 5.43.0.0
Toolchain Path:  C:\Keil_v535\ARM\ARMCLANG\Bin
C Compiler:      ArmClang.exe V6.24
Assembler:       Armasm.exe V6.24
Linker/Locator:  ArmLink.exe V6.24
Library Manager: ArmAr.exe V6.24
Hex Converter:   FromElf.exe V6.24
CPU DLL:         SARMCM3.DLL V5.43.0.0
Dialog DLL:      DCM.DLL V1.17.5.0
Target DLL:      Segger\JL2CM3.dll V2.99.45.0
Dialog DLL:      TCM.DLL V1.56.6.0
 
<h2>Project:</h2>
D:\RFprojects\LoRa-platform\FW_projects\at32_tinyUSB\MDK_V5\test_at32.uvprojx
Project File Date:  07/29/2026

<h2>Output:</h2>
*** Using Compiler 'V6.24', folder: 'C:\Keil_v535\ARM\ARMCLANG\Bin'
Build target 'M665FW_AT32'
compiling bsp.c...
compiling flash.c...
compiling at32f413_int.c...
compiling retarget.c...
compiling command_interpreter.c...
compiling app_cli.c...
compiling main.c...
compiling num_input.c...
compiling keypad.c...
compiling menu.c...
compiling meshtastic.c...
compiling test_packet.c...
compiling ring_buffer.c...
compiling meshcore.c...
compiling ssd1306.c...
compiling gui.c...
compiling ssd1306_interface.c...
compiling test.c...
compiling userdata_defs.c...
compiling radio_func.c...
compiling pan_proc.c...
compiling lr112x_proc.c...
compiling radio_proc.c...
compiling sx128x_proc.c...
compiling sx126x_proc.c...
compiling lr202x_proc.c...
compiling sx127x_proc.c...
compiling lr11xx_hal.c...
compiling lr20xx_hal.c...
compiling sx128x_hal.c...
compiling lr11xx_interface.c...
compiling pan_interface.c...
compiling pan_rf.c...
compiling lr20xx_interface.c...
compiling sx126x_interface.c...
compiling sx128x_interface.c...
compiling sx127x_interface.c...
compiling usb_task.c...
compiling sx126x_hal.c...
linking...
Program Size: Code=56340 RO-data=5560 RW-data=792 ZI-data=9056  
FromELF: creating hex file...
".\objects\test_at32.axf" - 0 Error(s), 0 Warning(s).

<h2>Software Packages used:</h2>

Package Vendor: ArteryTek
                
                ArteryTek::AT32F413_DFP@2.1.3
                ArteryTek AT32F413 Series Device Support,Drivers

<h2>Collection of Component include folders:</h2>
  C:/Users/Admin/AppData/Local/Arm/Packs/ArteryTek/AT32F413_DFP/2.1.3/Device/Include

<h2>Collection of Component Files used:</h2>
Build Time Elapsed:  00:00:04
</pre>
</body>
</html>
