Component: ARM Compiler 5.06 update 7 (build 960) Tool: armlink [4d3601]

==============================================================================

Section Cross References

    main.o(i.main) refers to at32f413_wk_config.o(i.wk_system_clock_config) for wk_system_clock_config
    main.o(i.main) refers to at32f413_wk_config.o(i.wk_periph_clock_config) for wk_periph_clock_config
    main.o(i.main) refers to wk_debug.o(i.wk_debug_config) for wk_debug_config
    main.o(i.main) refers to at32f413_wk_config.o(i.wk_nvic_config) for wk_nvic_config
    main.o(i.main) refers to wk_system.o(i.wk_timebase_init) for wk_timebase_init
    main.o(i.main) refers to wk_gpio.o(i.wk_gpio_config) for wk_gpio_config
    main.o(i.main) refers to wk_adc.o(i.wk_adc1_init) for wk_adc1_init
    main.o(i.main) refers to wk_usart.o(i.wk_usart1_init) for wk_usart1_init
    main.o(i.main) refers to wk_spi.o(i.wk_spi1_init) for wk_spi1_init
    main.o(i.main) refers to wk_rtc.o(i.wk_rtc_init) for wk_rtc_init
    main.o(i.main) refers to wk_exint.o(i.wk_exint_config) for wk_exint_config
    main.o(i.main) refers to wk_usbfs.o(i.wk_usbfs_init) for wk_usbfs_init
    main.o(i.main) refers to wk_wdt.o(i.wk_wdt_init) for wk_wdt_init
    main.o(i.main) refers to usb_app.o(i.wk_usb_app_init) for wk_usb_app_init
    main.o(i.main) refers to retarget.o(i.RETARGET_Init) for RETARGET_Init
    main.o(i.main) refers to app_cli.o(i.cli_init) for cli_init
    main.o(i.main) refers to bsp.o(i.txled_on) for txled_on
    main.o(i.main) refers to bsp.o(i.rxled_on) for rxled_on
    main.o(i.main) refers to wk_system.o(i.delay_ms) for delay_ms
    main.o(i.main) refers to printfa.o(i.__0printf) for __2printf
    main.o(i.main) refers to flash.o(i.readconfig) for readconfig
    main.o(i.main) refers to radio.o(i.radio_initconfig) for radio_initconfig
    main.o(i.main) refers to bsp.o(i.txled_off) for txled_off
    main.o(i.main) refers to bsp.o(i.radio_power_on) for radio_power_on
    main.o(i.main) refers to radio.o(i.radio_config) for radio_config
    main.o(i.main) refers to app_cli.o(i.printerror) for printerror
    main.o(i.main) refers to bsp.o(i.rxled_off) for rxled_off
    main.o(i.main) refers to usb_app.o(i.wk_usb_app_task) for wk_usb_app_task
    main.o(i.main) refers to radio.o(i.radio_proc) for radio_proc
    main.o(i.main) refers to app_cli.o(i.cli_proc) for cli_proc
    main.o(i.main) refers to flash.o(i.writeconfig) for writeconfig
    main.o(i.main) refers to radio.o(.bss) for radioconfig
    at32f413_wk_config.o(i.wk_nvic_config) refers to at32f413_misc.o(i.nvic_priority_group_config) for nvic_priority_group_config
    at32f413_wk_config.o(i.wk_nvic_config) refers to at32f413_wk_config.o(i.__NVIC_GetPriorityGrouping) for __NVIC_GetPriorityGrouping
    at32f413_wk_config.o(i.wk_nvic_config) refers to at32f413_wk_config.o(i.NVIC_EncodePriority) for NVIC_EncodePriority
    at32f413_wk_config.o(i.wk_nvic_config) refers to at32f413_wk_config.o(i.__NVIC_SetPriority) for __NVIC_SetPriority
    at32f413_wk_config.o(i.wk_nvic_config) refers to at32f413_misc.o(i.nvic_irq_enable) for nvic_irq_enable
    at32f413_wk_config.o(i.wk_periph_clock_config) refers to at32f413_crm.o(i.crm_periph_clock_enable) for crm_periph_clock_enable
    at32f413_wk_config.o(i.wk_system_clock_config) refers to at32f413_crm.o(i.crm_reset) for crm_reset
    at32f413_wk_config.o(i.wk_system_clock_config) refers to at32f413_crm.o(i.crm_periph_clock_enable) for crm_periph_clock_enable
    at32f413_wk_config.o(i.wk_system_clock_config) refers to at32f413_pwc.o(i.pwc_battery_powered_domain_access) for pwc_battery_powered_domain_access
    at32f413_wk_config.o(i.wk_system_clock_config) refers to at32f413_crm.o(i.crm_flag_get) for crm_flag_get
    at32f413_wk_config.o(i.wk_system_clock_config) refers to at32f413_crm.o(i.crm_clock_source_enable) for crm_clock_source_enable
    at32f413_wk_config.o(i.wk_system_clock_config) refers to at32f413_crm.o(i.crm_hext_stable_wait) for crm_hext_stable_wait
    at32f413_wk_config.o(i.wk_system_clock_config) refers to at32f413_crm.o(i.crm_pll_config) for crm_pll_config
    at32f413_wk_config.o(i.wk_system_clock_config) refers to at32f413_crm.o(i.crm_ahb_div_set) for crm_ahb_div_set
    at32f413_wk_config.o(i.wk_system_clock_config) refers to at32f413_crm.o(i.crm_apb2_div_set) for crm_apb2_div_set
    at32f413_wk_config.o(i.wk_system_clock_config) refers to at32f413_crm.o(i.crm_apb1_div_set) for crm_apb1_div_set
    at32f413_wk_config.o(i.wk_system_clock_config) refers to at32f413_crm.o(i.crm_sysclk_switch) for crm_sysclk_switch
    at32f413_wk_config.o(i.wk_system_clock_config) refers to at32f413_crm.o(i.crm_sysclk_switch_status_get) for crm_sysclk_switch_status_get
    at32f413_wk_config.o(i.wk_system_clock_config) refers to system_at32f413.o(i.system_core_clock_update) for system_core_clock_update
    at32f413_int.o(i.EXINT0_IRQHandler) refers to at32f413_exint.o(i.exint_flag_get) for exint_flag_get
[...]
    ciErrorCallback                          0x08002f09   Thumb Code    26  app_cli.o(i.ciErrorCallback)
    ciGetSigned                              0x08002f65   Thumb Code     8  command_interpreter.o(i.ciGetSigned)
    ciGetUnsigned                            0x08002f6d   Thumb Code     8  command_interpreter.o(i.ciGetUnsigned)
    ciInitState                              0x08002f75   Thumb Code    24  command_interpreter.o(i.ciInitState)
    ciPrintHelp                              0x08002f8d   Thumb Code   164  command_interpreter.o(i.ciPrintHelp)
    ciProcessInput                           0x08003075   Thumb Code   142  command_interpreter.o(i.ciProcessInput)
    cli_RSSIcal                              0x08003261   Thumb Code     6  app_cli.o(i.cli_RSSIcal)
    cli_clearerrors                          0x0800327d   Thumb Code     6  app_cli.o(i.cli_clearerrors)
    cli_clrrxstats                           0x0800329d   Thumb Code    36  app_cli.o(i.cli_clrrxstats)
    cli_dumpregs                             0x080032d9   Thumb Code     6  app_cli.o(i.cli_dumpregs)
    cli_fs_getaddr                           0x080032f5   Thumb Code    16  app_cli.o(i.cli_fs_getaddr)
    cli_fs_getcrcwhite                       0x08003329   Thumb Code    20  app_cli.o(i.cli_fs_getcrcwhite)
    cli_fs_getmodparams                      0x08003345   Thumb Code   234  app_cli.o(i.cli_fs_getmodparams)
    cli_fs_getpacketparams                   0x080034b5   Thumb Code   140  app_cli.o(i.cli_fs_getpacketparams)
    cli_fs_getsync                           0x08003655   Thumb Code     6  app_cli.o(i.cli_fs_getsync)
    cli_fs_setaddr                           0x08003671   Thumb Code    46  app_cli.o(i.cli_fs_setaddr)
    cli_fs_setcrcwhite                       0x080036c5   Thumb Code    56  app_cli.o(i.cli_fs_setcrcwhite)
    cli_fs_setmodparams                      0x08003705   Thumb Code   378  app_cli.o(i.cli_fs_setmodparams)
    cli_fs_setpacketparams                   0x08003915   Thumb Code   232  app_cli.o(i.cli_fs_setpacketparams)
    cli_fs_setsync                           0x08003b11   Thumb Code     6  app_cli.o(i.cli_fs_setsync)
    cli_getRSSI                              0x08003b2d   Thumb Code    48  app_cli.o(i.cli_getRSSI)
    cli_getchip                              0x08003b75   Thumb Code    88  app_cli.o(i.cli_getchip)
    cli_getctune                             0x08003c39   Thumb Code    38  app_cli.o(i.cli_getctune)
    cli_getdevid                             0x08003c79   Thumb Code    10  app_cli.o(i.cli_getdevid)
    cli_geterrors                            0x08003c9d   Thumb Code     6  app_cli.o(i.cli_geterrors)
    cli_getfreq                              0x08003cb9   Thumb Code    18  app_cli.o(i.cli_getfreq)
    cli_getmodem                             0x08003ce1   Thumb Code   118  app_cli.o(i.cli_getmodem)
    cli_getpower                             0x08003ded   Thumb Code    12  app_cli.o(i.cli_getpower)
    cli_getrxstats                           0x08003e11   Thumb Code    82  app_cli.o(i.cli_getrxstats)
    cli_getstatus                            0x08003ee1   Thumb Code     6  app_cli.o(i.cli_getstatus)
    cli_gettemp                              0x08003efd   Thumb Code     6  app_cli.o(i.cli_gettemp)
    cli_getuid                               0x08003f19   Thumb Code    32  app_cli.o(i.cli_getuid)
    cli_getvcc                               0x08003f65   Thumb Code     6  app_cli.o(i.cli_getvcc)
    cli_getver                               0x08003f7d   Thumb Code    12  app_cli.o(i.cli_getver)
    cli_getvt                                0x08003fa9   Thumb Code     6  app_cli.o(i.cli_getvt)
    cli_init                                 0x08003fc5   Thumb Code    16  app_cli.o(i.cli_init)
    cli_initconfig                           0x08003fdd   Thumb Code   218  app_cli.o(i.cli_initconfig)
    cli_lr_getmodparams                      0x080040d1   Thumb Code   252  app_cli.o(i.cli_lr_getmodparams)
    cli_lr_getpacketparams                   0x08004295   Thumb Code    86  app_cli.o(i.cli_lr_getpacketparams)
    cli_lr_getsync                           0x08004365   Thumb Code    12  app_cli.o(i.cli_lr_getsync)
    cli_lr_setmodparams                      0x0800438d   Thumb Code   310  app_cli.o(i.cli_lr_setmodparams)
    cli_lr_setpacketparams                   0x08004585   Thumb Code   196  app_cli.o(i.cli_lr_setpacketparams)
    cli_lr_setsync                           0x080046c1   Thumb Code    30  app_cli.o(i.cli_lr_setsync)
    cli_poweroff                             0x080046fd   Thumb Code    22  app_cli.o(i.cli_poweroff)
    cli_poweron                              0x08004725   Thumb Code    42  app_cli.o(i.cli_poweron)
    cli_proc                                 0x08004765   Thumb Code    32  app_cli.o(i.cli_proc)
    cli_readreg                              0x08004789   Thumb Code     6  app_cli.o(i.cli_readreg)
    cli_reset                                0x080047a5   Thumb Code    46  app_cli.o(i.cli_reset)
    cli_sendburst                            0x080047e9   Thumb Code    68  app_cli.o(i.cli_sendburst)
    cli_setctune                             0x08004841   Thumb Code    48  app_cli.o(i.cli_setctune)
    cli_setdevid                             0x08004889   Thumb Code    24  app_cli.o(i.cli_setdevid)
    cli_setfreq                              0x080048b9   Thumb Code    30  app_cli.o(i.cli_setfreq)
    cli_setmodem                             0x080048ed   Thumb Code   296  app_cli.o(i.cli_setmodem)
    cli_setopmode                            0x08004abd   Thumb Code    40  app_cli.o(i.cli_setopmode)
    cli_setpower                             0x08004b0d   Thumb Code    48  app_cli.o(i.cli_setpower)
    cli_stopburst                            0x08004b51   Thumb Code    24  app_cli.o(i.cli_stopburst)
    cli_storeconfig                          0x08004b95   Thumb Code    22  app_cli.o(i.cli_storeconfig)
    cli_sweeprx                              0x08004bd9   Thumb Code   144  app_cli.o(i.cli_sweeprx)
    cli_sweeptx                              0x08004c89   Thumb Code   122  app_cli.o(i.cli_sweeptx)
    cli_txstream                             0x08004d25   Thumb Code    48  app_cli.o(i.cli_txstream)
    cli_writereg                             0x08004d69   Thumb Code     6  app_cli.o(i.cli_writereg)
    crm_adc_clock_div_set                    0x08004d85   Thumb Code    22  at32f413_crm.o(i.crm_adc_clock_div_set)
    crm_ahb_div_set                          0x08004da1   Thumb Code    12  at32f413_crm.o(i.crm_ahb_div_set)
    crm_apb1_div_set                         0x08004db1   Thumb Code    12  at32f413_crm.o(i.crm_apb1_div_set)
    crm_apb2_div_set                         0x08004dc1   Thumb Code    12  at32f413_crm.o(i.crm_apb2_div_set)
    crm_clock_source_enable                  0x08004dd1   Thumb Code    62  at32f413_crm.o(i.crm_clock_source_enable)
    crm_clocks_freq_get                      0x08004e15   Thumb Code   174  at32f413_crm.o(i.crm_clocks_freq_get)
    crm_flag_get                             0x08004ed9   Thumb Code    28  at32f413_crm.o(i.crm_flag_get)
    crm_hext_stable_wait                     0x08004ef9   Thumb Code    40  at32f413_crm.o(i.crm_hext_stable_wait)
    crm_hick_divider_select                  0x08004f21   Thumb Code    12  at32f413_crm.o(i.crm_hick_divider_select)
    crm_hick_sclk_frequency_select           0x08004f31   Thumb Code    22  at32f413_crm.o(i.crm_hick_sclk_frequency_select)
    crm_periph_clock_enable                  0x08004f4d   Thumb Code    32  at32f413_crm.o(i.crm_periph_clock_enable)
    crm_periph_reset                         0x08004f71   Thumb Code    32  at32f413_crm.o(i.crm_periph_reset)
    crm_pll_config                           0x08004f95   Thumb Code    78  at32f413_crm.o(i.crm_pll_config)
    crm_reset                                0x08004fe9   Thumb Code    54  at32f413_crm.o(i.crm_reset)
    crm_rtc_clock_enable                     0x08005029   Thumb Code    12  at32f413_crm.o(i.crm_rtc_clock_enable)
    crm_rtc_clock_select                     0x08005039   Thumb Code    12  at32f413_crm.o(i.crm_rtc_clock_select)
    crm_sysclk_switch                        0x08005049   Thumb Code    52  at32f413_crm.o(i.crm_sysclk_switch)
    crm_sysclk_switch_status_get             0x08005081   Thumb Code    10  at32f413_crm.o(i.crm_sysclk_switch_status_get)
    crm_usb_clock_div_set                    0x08005091   Thumb Code    22  at32f413_crm.o(i.crm_usb_clock_div_set)
    crm_usb_clock_source_select              0x080050ad   Thumb Code    24  at32f413_crm.o(i.crm_usb_clock_source_select)
    crm_usb_interrupt_remapping_set          0x080050c9   Thumb Code    12  at32f413_crm.o(i.crm_usb_interrupt_remapping_set)
    decode_meshtastic_packet                 0x080050d9   Thumb Code   116  mesh_packet.o(i.decode_meshtastic_packet)
    delay_ms                                 0x08005159   Thumb Code    22  wk_system.o(i.delay_ms)
    delay_us                                 0x08005171   Thumb Code    54  wk_system.o(i.delay_us)
    exint_default_para_init                  0x080051ad   Thumb Code    14  at32f413_exint.o(i.exint_default_para_init)
    exint_flag_clear                         0x080051bd   Thumb Code     6  at32f413_exint.o(i.exint_flag_clear)
    exint_flag_get                           0x080051c9   Thumb Code    16  at32f413_exint.o(i.exint_flag_get)
    exint_init                               0x080051dd   Thumb Code    92  at32f413_exint.o(i.exint_init)
    exint_interrupt_enable                   0x0800523d   Thumb Code    18  at32f413_exint.o(i.exint_interrupt_enable)
    flash_halfword_program                   0x08005255   Thumb Code    78  at32f413_flash.o(i.flash_halfword_program)
    flash_lock                               0x080052a9   Thumb Code    12  at32f413_flash.o(i.flash_lock)
    flash_operation_status_get               0x080052b9   Thumb Code    34  at32f413_flash.o(i.flash_operation_status_get)
    flash_operation_wait_for                 0x080052e1   Thumb Code    34  at32f413_flash.o(i.flash_operation_wait_for)
    flash_sector_erase                       0x08005305   Thumb Code    94  at32f413_flash.o(i.flash_sector_erase)
    flash_spim_dummy_read                    0x08005369   Thumb Code    16  at32f413_flash.o(i.flash_spim_dummy_read)
    flash_spim_operation_status_get          0x08005381   Thumb Code    40  at32f413_flash.o(i.flash_spim_operation_status_get)
    flash_spim_operation_wait_for            0x080053ad   Thumb Code    34  at32f413_flash.o(i.flash_spim_operation_wait_for)
    flash_unlock                             0x080053d1   Thumb Code    12  at32f413_flash.o(i.flash_unlock)
    fputc                                    0x080053e9   Thumb Code    14  retarget.o(i.fputc)
    gpio_bits_reset                          0x08005521   Thumb Code     4  at32f413_gpio.o(i.gpio_bits_reset)
    gpio_bits_set                            0x08005525   Thumb Code     4  at32f413_gpio.o(i.gpio_bits_set)
    gpio_default_para_init                   0x08005529   Thumb Code    22  at32f413_gpio.o(i.gpio_default_para_init)
    gpio_exint_line_config                   0x08005541   Thumb Code    88  at32f413_gpio.o(i.gpio_exint_line_config)
    gpio_init                                0x0800559d   Thumb Code   174  at32f413_gpio.o(i.gpio_init)
    gpio_input_data_bit_read                 0x0800564b   Thumb Code    14  at32f413_gpio.o(i.gpio_input_data_bit_read)
    gpio_pin_remap_config                    0x08005659   Thumb Code    54  at32f413_gpio.o(i.gpio_pin_remap_config)
    is_leap_year                             0x08005695   Thumb Code    38  rtc.o(i.is_leap_year)
    main                                     0x080056bd   Thumb Code   202  main.o(i.main)
    nvic_irq_enable                          0x08005815   Thumb Code   118  at32f413_misc.o(i.nvic_irq_enable)
    nvic_priority_group_config               0x08005891   Thumb Code    26  at32f413_misc.o(i.nvic_priority_group_config)
    print_crc_error                          0x080058b5   Thumb Code     6  radio.o(i.print_crc_error)
    print_meshtastic_packet                  0x080058c5   Thumb Code   216  mesh_packet.o(i.print_meshtastic_packet)
    printerror                               0x08005aa5   Thumb Code    66  app_cli.o(i.printerror)
    process_rx_packet                        0x08005c45   Thumb Code    24  radio.o(i.process_rx_packet)
    pwc_battery_powered_domain_access        0x08005c61   Thumb Code    12  at32f413_pwc.o(i.pwc_battery_powered_domain_access)
    radio_clear_rx_stats                     0x08005c71   Thumb Code    56  radio.o(i.radio_clear_rx_stats)
    radio_config                             0x08005cad   Thumb Code    54  radio.o(i.radio_config)
    radio_fs                                 0x08005ced   Thumb Code    60  radio.o(i.radio_fs)
    radio_get_pkt_status                     0x08005d2d   Thumb Code   306  radio.o(i.radio_get_pkt_status)
    radio_get_rx_packet                      0x08005e65   Thumb Code    68  radio.o(i.radio_get_rx_packet)
    radio_get_rx_stats                       0x08005eb5   Thumb Code   106  radio.o(i.radio_get_rx_stats)
    radio_getrssi                            0x08005f25   Thumb Code   104  radio.o(i.radio_getrssi)
    radio_getxotrim                          0x08005f91   Thumb Code    66  radio.o(i.radio_getxotrim)
    radio_initconfig                         0x08005fd9   Thumb Code   604  radio.o(i.radio_initconfig)
    radio_irq_proc                           0x08006249   Thumb Code    76  radio.o(i.radio_irq_proc)
    radio_power_off                          0x0800629d   Thumb Code    10  bsp.o(i.radio_power_off)
    radio_power_on                           0x080062ad   Thumb Code    10  bsp.o(i.radio_power_on)
    radio_prepare_tx_packet                  0x080062bd   Thumb Code    74  radio.o(i.radio_prepare_tx_packet)
    radio_proc                               0x08006321   Thumb Code   266  radio.o(i.radio_proc)
    radio_rx                                 0x08006455   Thumb Code   146  radio.o(i.radio_rx)
    radio_rxscan                             0x080064f1   Thumb Code    94  radio.o(i.radio_rxscan)
    radio_sendburst                          0x08006555   Thumb Code    22  radio.o(i.radio_sendburst)
    radio_sendpacket                         0x08006571   Thumb Code   178  radio.o(i.radio_sendpacket)
    radio_set_frequency                      0x0800662d   Thumb Code   176  radio.o(i.radio_set_frequency)
    radio_setmodem                           0x080066f5   Thumb Code    82  radio.o(i.radio_setmodem)
    radio_setopmode                          0x0800674d   Thumb Code    54  radio.o(i.radio_setopmode)
    radio_setpower                           0x08006789   Thumb Code    82  radio.o(i.radio_setpower)
    radio_setxotrim                          0x080067e1   Thumb Code   102  radio.o(i.radio_setxotrim)
    radio_txstream                           0x08006851   Thumb Code   188  radio.o(i.radio_txstream)
    radio_txsweep                            0x08006915   Thumb Code   110  radio.o(i.radio_txsweep)
    readconfig                               0x08006989   Thumb Code    12  flash.o(i.readconfig)
    rtc_counter_set                          0x0800699d   Thumb Code    38  at32f413_rtc.o(i.rtc_counter_set)
    rtc_divider_set                          0x080069c9   Thumb Code    36  at32f413_rtc.o(i.rtc_divider_set)
    rtc_time_set                             0x080069f1   Thumb Code   196  rtc.o(i.rtc_time_set)
    rtc_wait_config_finish                   0x08006ac9   Thumb Code    10  at32f413_rtc.o(i.rtc_wait_config_finish)
    rtc_wait_update_finish                   0x08006ad9   Thumb Code    10  at32f413_rtc.o(i.rtc_wait_update_finish)
    rxled_off                                0x08006ae9   Thumb Code    10  bsp.o(i.rxled_off)
    rxled_on                                 0x08006af9   Thumb Code    10  bsp.o(i.rxled_on)
    spi1_transfer                            0x08006b09   Thumb Code    48  wk_spi.o(i.spi1_transfer)
    spi_default_para_init                    0x08006b3d   Thumb Code    22  at32f413_spi.o(i.spi_default_para_init)
    spi_enable                               0x08006b53   Thumb Code    10  at32f413_spi.o(i.spi_enable)
    spi_i2s_data_receive                     0x08006b5d   Thumb Code     6  at32f413_spi.o(i.spi_i2s_data_receive)
    spi_i2s_data_transmit                    0x08006b63   Thumb Code     4  at32f413_spi.o(i.spi_i2s_data_transmit)
    spi_i2s_flag_get                         0x08006b67   Thumb Code    14  at32f413_spi.o(i.spi_i2s_flag_get)
    spi_init                                 0x08006b75   Thumb Code   230  at32f413_spi.o(i.spi_init)
    strtok_r                                 0x08006c5b   Thumb Code    52  command_interpreter.o(i.strtok_r)
    system_core_clock_update                 0x08006c91   Thumb Code   114  system_at32f413.o(i.system_core_clock_update)
    systick_clock_source_config              0x08006d1d   Thumb Code    24  at32f413_misc.o(i.systick_clock_source_config)
    txled_off                                0x08006d35   Thumb Code    10  bsp.o(i.txled_off)
    txled_on                                 0x08006d45   Thumb Code    10  bsp.o(i.txled_on)
    usart_enable                             0x08006d55   Thumb Code    10  at32f413_usart.o(i.usart_enable)
    usart_hardware_flow_control_set          0x08006d5f   Thumb Code    64  at32f413_usart.o(i.usart_hardware_flow_control_set)
    usart_init                               0x08006da1   Thumb Code    88  at32f413_usart.o(i.usart_init)
    usart_parity_selection_config            0x08006dfd   Thumb Code    52  at32f413_usart.o(i.usart_parity_selection_config)
    usart_receiver_enable                    0x08006e31   Thumb Code    10  at32f413_usart.o(i.usart_receiver_enable)
    usart_transmitter_enable                 0x08006e3b   Thumb Code    10  at32f413_usart.o(i.usart_transmitter_enable)
    usb_buffer_free                          0x08006e45   Thumb Code     8  at32f413_usb.o(i.usb_buffer_free)
    usb_buffer_malloc                        0x08006e51   Thumb Code    12  at32f413_usb.o(i.usb_buffer_malloc)
    usb_connect                              0x08006e61   Thumb Code    10  at32f413_usb.o(i.usb_connect)
    usb_dev_init                             0x08006e6b   Thumb Code    28  at32f413_usb.o(i.usb_dev_init)
    usb_enter_suspend                        0x08006e87   Thumb Code    18  at32f413_usb.o(i.usb_enter_suspend)
    usb_ept_close                            0x08006e99   Thumb Code   254  at32f413_usb.o(i.usb_ept_close)
    usb_ept_open                             0x08006f9d   Thumb Code   848  at32f413_usb.o(i.usb_ept_open)
    usb_exit_suspend                         0x080072f9   Thumb Code    18  at32f413_usb.o(i.usb_exit_suspend)
    usb_flag_clear                           0x0800730b   Thumb Code     6  at32f413_usb.o(i.usb_flag_clear)
    usb_interrupt_enable                     0x08007311   Thumb Code    16  at32f413_usb.o(i.usb_interrupt_enable)
    usb_read_packet                          0x08007321   Thumb Code    36  at32f413_usb.o(i.usb_read_packet)
    usb_set_address                          0x08007349   Thumb Code    18  at32f413_usb.o(i.usb_set_address)
    usb_vcp_get_rxdata                       0x080073ad   Thumb Code    62  cdc_class.o(i.usb_vcp_get_rxdata)
    usb_vcp_send_data                        0x080073eb   Thumb Code    38  cdc_class.o(i.usb_vcp_send_data)
    usb_write_packet                         0x08007411   Thumb Code    36  at32f413_usb.o(i.usb_write_packet)
    usbd_clear_stall                         0x08007439   Thumb Code   172  usbd_core.o(i.usbd_clear_stall)
    usbd_connect                             0x080074e9   Thumb Code     6  usbd_core.o(i.usbd_connect)
    usbd_core_in_handler                     0x080074ef   Thumb Code   166  usbd_core.o(i.usbd_core_in_handler)
    usbd_core_init                           0x08007595   Thumb Code    30  usbd_core.o(i.usbd_core_init)
    usbd_core_out_handler                    0x080075b3   Thumb Code   106  usbd_core.o(i.usbd_core_out_handler)
    usbd_core_setup_handler                  0x0800761d   Thumb Code    80  usbd_core.o(i.usbd_core_setup_handler)
    usbd_ctrl_recv                           0x0800766d   Thumb Code    28  usbd_core.o(i.usbd_ctrl_recv)
    usbd_ctrl_recv_status                    0x08007689   Thumb Code    16  usbd_core.o(i.usbd_ctrl_recv_status)
    usbd_ctrl_send                           0x08007699   Thumb Code    24  usbd_core.o(i.usbd_ctrl_send)
    usbd_ctrl_send_status                    0x080076b1   Thumb Code    16  usbd_core.o(i.usbd_ctrl_send_status)
    usbd_ctrl_unsupport                      0x080076c1   Thumb Code    22  usbd_core.o(i.usbd_ctrl_unsupport)
    usbd_device_request                      0x080076d7   Thumb Code   262  usbd_sdr.o(i.usbd_device_request)
    usbd_endpoint_request                    0x080077dd   Thumb Code   262  usbd_sdr.o(i.usbd_endpoint_request)
    usbd_enter_suspend                       0x080078e3   Thumb Code     6  usbd_core.o(i.usbd_enter_suspend)
    usbd_ept_buf_auto_define                 0x080078e9   Thumb Code    62  usbd_core.o(i.usbd_ept_buf_auto_define)
    usbd_ept_close                           0x08007927   Thumb Code    26  usbd_core.o(i.usbd_ept_close)
    usbd_ept_defaut_init                     0x08007941   Thumb Code    86  usbd_core.o(i.usbd_ept_defaut_init)
    usbd_ept_loop_handler                    0x08007997   Thumb Code    26  usbd_int.o(i.usbd_ept_loop_handler)
    usbd_ept_open                            0x080079b1   Thumb Code    62  usbd_core.o(i.usbd_ept_open)
    usbd_ept_recv                            0x080079f1   Thumb Code    80  usbd_core.o(i.usbd_ept_recv)
    usbd_ept_send                            0x08007a45   Thumb Code   220  usbd_core.o(i.usbd_ept_send)
    usbd_eptn_handler                        0x08007b2d   Thumb Code   376  usbd_int.o(i.usbd_eptn_handler)
    usbd_get_recv_len                        0x08007d4d   Thumb Code    14  usbd_core.o(i.usbd_get_recv_len)
    usbd_interface_request                   0x08007d95   Thumb Code    62  usbd_sdr.o(i.usbd_interface_request)
    usbd_irq_handler                         0x08007dd3   Thumb Code   140  usbd_int.o(i.usbd_irq_handler)
    usbd_reset_handler                       0x08007e5f   Thumb Code    72  usbd_int.o(i.usbd_reset_handler)
    usbd_set_stall                           0x08007f21   Thumb Code    88  usbd_core.o(i.usbd_set_stall)
    usbd_setup_request_parse                 0x08007f7d   Thumb Code    40  usbd_sdr.o(i.usbd_setup_request_parse)
    usbd_sof_handler                         0x08007fa5   Thumb Code    12  usbd_int.o(i.usbd_sof_handler)
    usbd_suspend_handler                     0x08007fb1   Thumb Code    44  usbd_int.o(i.usbd_suspend_handler)
    usbd_wakeup_handler                      0x0800800f   Thumb Code    38  usbd_int.o(i.usbd_wakeup_handler)
    wdt_counter_reload                       0x08008155   Thumb Code    10  at32f413_wdt.o(i.wdt_counter_reload)
    wdt_divider_set                          0x08008165   Thumb Code    12  at32f413_wdt.o(i.wdt_divider_set)
    wdt_register_write_enable                0x08008175   Thumb Code    12  at32f413_wdt.o(i.wdt_register_write_enable)
    wdt_reload_value_set                     0x08008185   Thumb Code     6  at32f413_wdt.o(i.wdt_reload_value_set)
    wk_adc1_init                             0x08008191   Thumb Code   152  wk_adc.o(i.wk_adc1_init)
    wk_debug_config                          0x08008231   Thumb Code     8  wk_debug.o(i.wk_debug_config)
    wk_exint_config                          0x0800823d   Thumb Code    80  wk_exint.o(i.wk_exint_config)
    wk_gpio_config                           0x08008291   Thumb Code   220  wk_gpio.o(i.wk_gpio_config)
    wk_nvic_config                           0x08008375   Thumb Code   206  at32f413_wk_config.o(i.wk_nvic_config)
    wk_periph_clock_config                   0x08008445   Thumb Code   112  at32f413_wk_config.o(i.wk_periph_clock_config)
    wk_rtc_init                              0x080084bd   Thumb Code    88  wk_rtc.o(i.wk_rtc_init)
    wk_spi1_init                             0x08008515   Thumb Code   170  wk_spi.o(i.wk_spi1_init)
    wk_system_clock_config                   0x080085c9   Thumb Code   192  at32f413_wk_config.o(i.wk_system_clock_config)
    wk_timebase_init                         0x08008691   Thumb Code    60  wk_system.o(i.wk_timebase_init)
    wk_usart1_init                           0x080086d5   Thumb Code   134  wk_usart.o(i.wk_usart1_init)
    wk_usb_app_init                          0x08008765   Thumb Code    28  usb_app.o(i.wk_usb_app_init)
    wk_usb_app_task                          0x08008791   Thumb Code    86  usb_app.o(i.wk_usb_app_task)
    wk_usbfs_init                            0x08008805   Thumb Code    24  wk_usbfs.o(i.wk_usbfs_init)
    wk_usbfs_irq_handler                     0x0800881d   Thumb Code     6  usb_app.o(i.wk_usbfs_irq_handler)
    wk_wdt_init                              0x08008829   Thumb Code    30  wk_wdt.o(i.wk_wdt_init)
    writeconfig                              0x08008849   Thumb Code    76  flash.o(i.writeconfig)
    table_week                               0x080088a0   Data          12  rtc.o(.constdata)
    mon_table                                0x080088ac   Data          12  rtc.o(.constdata)
    calib_0_600                              0x080088f0   Data          20  lr112x_config.o(.constdata)
    calib_600_2000                           0x08008904   Data          20  lr112x_config.o(.constdata)
    calib_2000_2700                          0x08008918   Data          20  lr112x_config.o(.constdata)
    __ctype_table                            0x0800892c   Data         129  ctype_o.o(.constdata)
    Region$$Table$$Base                      0x0800901c   Number         0  anon$$obj.o(Region$$Table)
    Region$$Table$$Limit                     0x0800903c   Number         0  anon$$obj.o(Region$$Table)
    ticks_count_us                           0x20000000   Data           4  wk_system.o(.data)
    g_usb_packet_address                     0x20000008   Data           4  at32f413_usb.o(.data)
    system_core_clock                        0x2000000c   Data           4  system_at32f413.o(.data)
    linecoding                               0x20000014   Data           8  cdc_class.o(.data)
    cdc_class_handler                        0x2000001c   Data          40  cdc_class.o(.data)
    cdc_desc_handler                         0x20000044   Data          40  cdc_desc.o(.data)
    commands                                 0x2000010c   Data         864  app_cli.o(.data)
    rxCount                                  0x20000474   Data           4  retarget.o(.data)
    txCount                                  0x20000478   Data           4  retarget.o(.data)
    master                                   0x2000047c   Data           1  radio.o(.data)
    tx_request                               0x2000047d   Data           1  radio.o(.data)
    answer_request                           0x2000047e   Data           1  radio.o(.data)
    packet_received                          0x2000047f   Data           1  radio.o(.data)
    crc_error                                0x20000480   Data           1  radio.o(.data)
    packet_sent                              0x20000481   Data           1  radio.o(.data)
    opmode                                   0x20000482   Data           1  radio.o(.data)
    prevopmode                               0x20000483   Data           1  radio.o(.data)
    sweeptx                                  0x20000484   Data           1  radio.o(.data)
    sweeprx                                  0x20000485   Data           1  radio.o(.data)
    sweepflag                                0x20000486   Data           1  radio.o(.data)
    txmode                                   0x20000487   Data           1  radio.o(.data)
    txlen                                    0x20000488   Data           1  radio.o(.data)
    rx_paylen                                0x20000489   Data           1  radio.o(.data)
    txpacketnumber                           0x2000048c   Data           4  radio.o(.data)
    txpacketcount                            0x20000490   Data           4  radio.o(.data)
    inter_packet_delay                       0x20000494   Data           4  radio.o(.data)
    slave_id                                 0x20000498   Data           4  radio.o(.data)
    startfreq                                0x2000049c   Data           4  radio.o(.data)
    stopfreq                                 0x200004a0   Data           4  radio.o(.data)
    prevfreq                                 0x200004a4   Data           4  radio.o(.data)
    currfreq                                 0x200004a8   Data           4  radio.o(.data)
    sweepstep                                0x200004ac   Data           4  radio.o(.data)
    sweepcnt                                 0x200004b0   Data           4  radio.o(.data)
    sweeptime                                0x200004b4   Data           4  radio.o(.data)
    rssitr                                   0x200004b8   Data           4  radio.o(.data)
    tx_ticks                                 0x200004bc   Data           4  radio.o(.data)
    __stdout                                 0x200004c0   Data           4  stdout.o(.data)
    usb_core_dev                             0x200004c8   Data         556  usb_app.o(.bss)
    usbd_app_buffer_fs1                      0x200006f4   Data         512  usb_app.o(.bss)
    cdc_struct                               0x200008f4   Data          92  cdc_class.o(.bss)
    state                                    0x20000a50   Data          20  app_cli.o(.bss)
    ciBuffer                                 0x20000a64   Data         256  app_cli.o(.bss)
    rxBuffer                                 0x20000b64   Data         512  retarget.o(.bss)
    txBuffer                                 0x20000d64   Data         512  retarget.o(.bss)
    config_buffer                            0x20000f64   Data        2048  flash.o(.bss)
    radioconfig                              0x20001764   Data         256  radio.o(.bss)
    txmessage                                0x20001864   Data         256  radio.o(.bss)
    radio_txbuffer                           0x20001964   Data         256  radio.o(.bss)
    radio_rxbuffer                           0x20001a64   Data         256  radio.o(.bss)
    pktstatus                                0x20001b64   Data          24  radio.o(.bss)
    rxmessage                                0x20001b7c   Data         256  radio.o(.bss)
    __initial_sp                             0x20002080   Data           0  startup_at32f413.o(STACK)



==============================================================================

Memory Map of the image

  Image Entry point : 0x08000171

  Load Region LR_IROM1 (Base: 0x08000000, Size: 0x00009504, Max: 0x00020000, ABSOLUTE, COMPRESSED[0x000092e8])

    Execution Region ER_IROM1 (Exec base: 0x08000000, Load base: 0x08000000, Size: 0x0000903c, Max: 0x00020000, ABSOLUTE)

    Exec Addr    Load Addr    Size         Type   Attr      Idx    E Section Name        Object

    0x08000000   0x08000000   0x00000170   Data   RO         3947    RESET               startup_at32f413.o
    0x08000170   0x08000170   0x00000000   Code   RO         6786  * .ARM.Collect$$$$00000000  mc_w.l(entry.o)
    0x08000170   0x08000170   0x00000004   Code   RO         7098    .ARM.Collect$$$$00000001  mc_w.l(entry2.o)
    0x08000174   0x08000174   0x00000004   Code   RO         7101    .ARM.Collect$$$$00000004  mc_w.l(entry5.o)
    0x08000178   0x08000178   0x00000000   Code   RO         7103    .ARM.Collect$$$$00000008  mc_w.l(entry7b.o)
    0x08000178   0x08000178   0x00000000   Code   RO         7105    .ARM.Collect$$$$0000000A  mc_w.l(entry8b.o)
    0x08000178   0x08000178   0x00000008   Code   RO         7106    .ARM.Collect$$$$0000000B  mc_w.l(entry9a.o)
    0x08000180   0x08000180   0x00000004   Code   RO         7113    .ARM.Collect$$$$0000000E  mc_w.l(entry12b.o)
    0x08000184   0x08000184   0x00000000   Code   RO         7108    .ARM.Collect$$$$0000000F  mc_w.l(entry10a.o)
    0x08000184   0x08000184   0x00000000   Code   RO         7110    .ARM.Collect$$$$00000011  mc_w.l(entry11a.o)
    0x08000184   0x08000184   0x00000004   Code   RO         7099    .ARM.Collect$$$$00002712  mc_w.l(entry2.o)
    0x08000188   0x08000188   0x00000024   Code   RO         3948    .text               startup_at32f413.o
    0x080001ac   0x080001ac   0x00000040   Code   RO         6794    .text               mc_w.l(memmovea.o)
    0x080001ec   0x080001ec   0x00000024   Code   RO         6796    .text               mc_w.l(strstr.o)
    0x08000210   0x08000210   0x0000000e   Code   RO         6798    .text               mc_w.l(strlen.o)
    0x0800021e   0x0800021e   0x0000001c   Code   RO         6800    .text               mc_w.l(strcmp.o)
    0x0800023a   0x0800023a   0x0000001c   Code   RO         6802    .text               mc_w.l(strspn.o)
    0x08000256   0x08000256   0x00000022   Code   RO         6804    .text               mc_w.l(strcspn.o)
    0x08000278   0x08000278   0x0000002a   Code   RO         6810    .text               mc_w.l(strcasecmp.o)
    0x080002a2   0x080002a2   0x00000070   Code   RO         7080    .text               mc_w.l(strtol.o)
    0x08000312   0x08000312   0x00000072   Code   RO         7082    .text               mc_w.l(strtoul.o)
    0x08000384   0x08000384   0x0000014e   Code   RO         7084    .text               mf_w.l(dadd.o)
    0x080004d2   0x080004d2   0x000000e4   Code   RO         7086    .text               mf_w.l(dmul.o)
    0x080005b6   0x080005b6   0x000000de   Code   RO         7088    .text               mf_w.l(ddiv.o)
    0x08000694   0x08000694   0x0000001a   Code   RO         7090    .text               mf_w.l(dfltui.o)
    0x080006ae   0x080006ae   0x00000032   Code   RO         7092    .text               mf_w.l(dfixui.o)
    0x080006e0   0x080006e0   0x00000026   Code   RO         7094    .text               mf_w.l(f2d.o)
    0x08000706   0x08000706   0x0000002c   Code   RO         7114    .text               mc_w.l(uidiv.o)
    0x08000732   0x08000732   0x00000062   Code   RO         7116    .text               mc_w.l(uldiv.o)
    0x08000794   0x08000794   0x0000001e   Code   RO         7118    .text               mc_w.l(llshl.o)
    0x080007b2   0x080007b2   0x00000020   Code   RO         7120    .text               mc_w.l(llushr.o)
    0x080007d2   0x080007d2   0x00000024   Code   RO         7122    .text               mc_w.l(llsshr.o)
    0x080007f6   0x080007f6   0x00000002   PAD
    0x080007f8   0x080007f8   0x00000008   Code   RO         7124    .text               mc_w.l(ctype_o.o)
    0x08000800   0x08000800   0x0000000c   Code   RO         7152    .text               mc_w.l(tolower.o)
    0x0800080c   0x0800080c   0x0000009e   Code   RO         7154    .text               mc_w.l(_strtoul.o)
    0x080008aa   0x080008aa   0x00000000   Code   RO         7158    .text               mc_w.l(iusefp.o)
    0x080008aa   0x080008aa   0x000000ba   Code   RO         7161    .text               mf_w.l(depilogue.o)
    0x08000964   0x08000964   0x00000030   Code   RO         7163    .text               mf_w.l(dfixul.o)
    0x08000994   0x08000994   0x00000030   Code   RO         7165    .text               mf_w.l(cdrcmple.o)
    0x080009c4   0x080009c4   0x00000024   Code   RO         7175    .text               mc_w.l(init.o)
    0x080009e8   0x080009e8   0x0000001c   Code   RO         7177    .text               mc_w.l(_chval.o)
    0x08000a04   0x08000a04   0x00000056   Code   RO         7212    .text               mc_w.l(__dczerorl2.o)
    0x08000a5a   0x08000a5a   0x00000002   Code   RO          318    i.ADC1_2_IRQHandler  at32f413_int.o
    0x08000a5c   0x08000a5c   0x00000002   Code   RO          319    i.BusFault_Handler  at32f413_int.o
    0x08000a5e   0x08000a5e   0x00000002   Code   RO          320    i.DebugMon_Handler  at32f413_int.o
    0x08000a60   0x08000a60   0x0000001a   Code   RO          321    i.EXINT0_IRQHandler  at32f413_int.o
    0x08000a7a   0x08000a7a   0x00000002   Code   RO          322    i.HardFault_Handler  at32f413_int.o
    0x08000a7c   0x08000a7c   0x00000010   Code   RO         6380    i.LR112X_Calibrate  lr112x.o
    0x08000a8c   0x08000a8c   0x0000000c   Code   RO         6381    i.LR112X_ClearErrors  lr112x.o
    0x08000a98   0x08000a98   0x00000026   Code   RO         6382    i.LR112X_ClearIrq   lr112x.o
    0x08000abe   0x08000abe   0x0000002a   Code   RO         6384    i.LR112X_ConfigLfClock  lr112x.o
    0x08000ae8   0x08000ae8   0x0000001c   Code   RO         6396    i.LR112X_GetRssiInst  lr112x.o
    0x08000b04   0x08000b04   0x0000005c   Code   RO         6398    i.LR112X_GetStats   lr112x.o
    0x08000b60   0x08000b60   0x0000000c   Code   RO         6405    i.LR112X_ResetStats  lr112x.o
    0x08000b6c   0x08000b6c   0x00000034   Code   RO         5646    i.LR112X_RssiCal    lr112x_config.o
    0x08000ba0   0x08000ba0   0x00000058   Code   RO         6408    i.LR112X_SetDioAsRfSwitch  lr112x.o
    0x08000bf8   0x08000bf8   0x0000003c   Code   RO         6409    i.LR112X_SetDioIrqParams  lr112x.o
    0x08000c34   0x08000c34   0x0000000c   Code   RO         6410    i.LR112X_SetFs      lr112x.o
    0x08000c40   0x08000c40   0x00000046   Code   RO         6411    i.LR112X_SetFskModulationParams  lr112x.o
    0x08000c86   0x08000c86   0x00000040   Code   RO         6412    i.LR112X_SetFskPacketParams  lr112x.o
    0x08000cc6   0x08000cc6   0x0000003c   Code   RO         6413    i.LR112X_SetGfskCrcParams  lr112x.o
    0x08000d02   0x08000d02   0x0000000c   Code   RO         6414    i.LR112X_SetGfskSyncWord  lr112x.o
    0x08000d0e   0x08000d0e   0x0000001a   Code   RO         6415    i.LR112X_SetGfskWhitParams  lr112x.o
    0x08000d28   0x08000d28   0x0000004c   Code   RO         6416    i.LR112X_SetLoRaModulationParams  lr112x.o
    0x08000d74   0x08000d74   0x00000038   Code   RO         6417    i.LR112X_SetLoRaPacketParams  lr112x.o
    0x08000dac   0x08000dac   0x00000010   Code   RO         6419    i.LR112X_SetLoRaSyncWord  lr112x.o
    0x08000dbc   0x08000dbc   0x00000034   Code   RO         6421    i.LR112X_SetPaConfig  lr112x.o
    0x08000df0   0x08000df0   0x00000018   Code   RO         6422    i.LR112X_SetPacketAdrs  lr112x.o
    0x08000e08   0x08000e08   0x0000001e   Code   RO         6423    i.LR112X_SetPacketType  lr112x.o
    0x08000e26   0x08000e26   0x0000001e   Code   RO         6424    i.LR112X_SetRegMode  lr112x.o
    0x08000e44   0x08000e44   0x00000026   Code   RO         6425    i.LR112X_SetRfFrequency  lr112x.o
    0x08000e6a   0x08000e6a   0x000000a8   Code   RO         6426    i.LR112X_SetRssiCalibration  lr112x.o
    0x08000f12   0x08000f12   0x0000002a   Code   RO         6427    i.LR112X_SetRx      lr112x.o
    0x08000f3c   0x08000f3c   0x0000001e   Code   RO         6428    i.LR112X_SetRxBoosted  lr112x.o
    0x08000f5a   0x08000f5a   0x0000001e   Code   RO         6430    i.LR112X_SetRxTxFallbackMode  lr112x.o
    0x08000f78   0x08000f78   0x00000030   Code   RO         6431    i.LR112X_SetSleep   lr112x.o
    0x08000fa8   0x08000fa8   0x0000001c   Code   RO         6432    i.LR112X_SetStandby  lr112x.o
    0x08000fc4   0x08000fc4   0x00000028   Code   RO         6433    i.LR112X_SetTcxoMode  lr112x.o
    0x08000fec   0x08000fec   0x0000002a   Code   RO         6434    i.LR112X_SetTx      lr112x.o
    0x08001016   0x08001016   0x0000000c   Code   RO         6435    i.LR112X_SetTxCw    lr112x.o
    0x08001022   0x08001022   0x0000000c   Code   RO         6436    i.LR112X_SetTxInfinitePreamble  lr112x.o
    0x0800102e   0x0800102e   0x00000018   Code   RO         6437    i.LR112X_SetTxParams  lr112x.o
    0x08001046   0x08001046   0x00000002   PAD
    0x08001048   0x08001048   0x00000024   Code   RO         5715    i.LR112X_checkBusy  lr112x_interface.o
    0x0800106c   0x0800106c   0x00000174   Code   RO         5647    i.LR112X_config     lr112x_config.o
    0x080011e0   0x080011e0   0x0000007c   Code   RO         5648    i.LR112X_configcommon  lr112x_config.o
    0x0800125c   0x0800125c   0x00000084   Code   RO         5718    i.LR112X_readCmd    lr112x_interface.o
    0x080012e0   0x080012e0   0x0000004a   Code   RO         5651    i.LR112X_setopmode  lr112x_config.o
    0x0800132a   0x0800132a   0x00000002   PAD
    0x0800132c   0x0800132c   0x0000005c   Code   RO         5725    i.LR112X_writeCmd   lr112x_interface.o
    0x08001388   0x08001388   0x00000002   Code   RO          323    i.MemManage_Handler  at32f413_int.o
    0x0800138a   0x0800138a   0x00000002   Code   RO          324    i.NMI_Handler       at32f413_int.o
    0x0800138c   0x0800138c   0x00000032   Code   RO          259    i.NVIC_EncodePriority  at32f413_wk_config.o
    0x080013be   0x080013be   0x00000002   Code   RO          325    i.PendSV_Handler    at32f413_int.o
    0x080013c0   0x080013c0   0x00000020   Code   RO         4927    i.RETARGET_Init     retarget.o
    0x080013e0   0x080013e0   0x00000044   Code   RO         4928    i.RETARGET_ReadChar  retarget.o
    0x08001424   0x08001424   0x00000034   Code   RO         4929    i.RETARGET_WriteChar  retarget.o
    0x08001458   0x08001458   0x00000002   Code   RO          326    i.SVC_Handler       at32f413_int.o
    0x0800145a   0x0800145a   0x00000018   Code   RO         5833    i.SX126X_ClearDeviceErrors  sx126x.o
    0x08001472   0x08001472   0x00000018   Code   RO         5834    i.SX126X_ClearIrqStatus  sx126x.o
    0x0800148a   0x0800148a   0x00000002   PAD
    0x0800148c   0x0800148c   0x00000090   Code   RO         5330    i.SX126X_FskConfig  sx126x_config.o
    0x0800151c   0x0800151c   0x0000004a   Code   RO         5835    i.SX126X_FskGetStats  sx126x.o
    0x08001566   0x08001566   0x0000002e   Code   RO         5837    i.SX126X_GetFskPacketStatus  sx126x.o
    0x08001594   0x08001594   0x0000001c   Code   RO         5838    i.SX126X_GetIrqStatus  sx126x.o
    0x080015b0   0x080015b0   0x0000002e   Code   RO         5839    i.SX126X_GetLoRaPacketStatus  sx126x.o
    0x080015de   0x080015de   0x00000012   Code   RO         5841    i.SX126X_GetRssiInst  sx126x.o
    0x080015f0   0x080015f0   0x00000026   Code   RO         5842    i.SX126X_GetRxBufferStatus  sx126x.o
    0x08001616   0x08001616   0x00000012   Code   RO         5844    i.SX126X_LNAboost   sx126x.o
    0x08001628   0x08001628   0x00000070   Code   RO         5331    i.SX126X_LoRaConfig  sx126x_config.o
    0x08001698   0x08001698   0x0000004a   Code   RO         5845    i.SX126X_LoRaGetStats  sx126x.o
    0x080016e2   0x080016e2   0x00000012   Code   RO         5846    i.SX126X_ResetStats  sx126x.o
    0x080016f4   0x080016f4   0x00000016   Code   RO         5847    i.SX126X_SetBufferBaseAddress  sx126x.o
    0x0800170a   0x0800170a   0x00000018   Code   RO         5849    i.SX126X_SetCW      sx126x.o
    0x08001722   0x08001722   0x0000001c   Code   RO         5851    i.SX126X_SetDIO2AsRfSwitchCtrl  sx126x.o
    0x0800173e   0x0800173e   0x0000002c   Code   RO         5852    i.SX126X_SetDIO3AsTCXOCtrl  sx126x.o
    0x0800176a   0x0800176a   0x00000038   Code   RO         5853    i.SX126X_SetDioIrqParams  sx126x.o
    0x080017a2   0x080017a2   0x0000000a   Code   RO         5854    i.SX126X_SetFs      sx126x.o
    0x080017ac   0x080017ac   0x00000020   Code   RO         5855    i.SX126X_SetFskAddr  sx126x.o
    0x080017cc   0x080017cc   0x00000066   Code   RO         5856    i.SX126X_SetFskCrcWhitening  sx126x.o
    0x08001832   0x08001832   0x00000002   PAD
    0x08001834   0x08001834   0x00000080   Code   RO         5857    i.SX126X_SetFskModParams  sx126x.o
    0x080018b4   0x080018b4   0x00000078   Code   RO         5858    i.SX126X_SetFskPacketParams  sx126x.o
    0x0800192c   0x0800192c   0x0000001e   Code   RO         5859    i.SX126X_SetFskSyncWord  sx126x.o
    0x0800194a   0x0800194a   0x0000005e   Code   RO         5860    i.SX126X_SetLoRaModParams  sx126x.o
    0x080019a8   0x080019a8   0x00000070   Code   RO         5861    i.SX126X_SetLoRaPacketParams  sx126x.o
    0x08001a18   0x08001a18   0x00000030   Code   RO         5863    i.SX126X_SetPaConfig  sx126x.o
    0x08001a48   0x08001a48   0x0000000e   Code   RO         5864    i.SX126X_SetPacketType  sx126x.o
    0x08001a56   0x08001a56   0x00000024   Code   RO         5866    i.SX126X_SetRfFrequency  sx126x.o
    0x08001a7a   0x08001a7a   0x00000032   Code   RO         5867    i.SX126X_SetRx      sx126x.o
    0x08001aac   0x08001aac   0x0000002a   Code   RO         5870    i.SX126X_SetSleep   sx126x.o
    0x08001ad6   0x08001ad6   0x0000001a   Code   RO         5871    i.SX126X_SetStandby  sx126x.o
    0x08001af0   0x08001af0   0x00000032   Code   RO         5872    i.SX126X_SetTx      sx126x.o
    0x08001b22   0x08001b22   0x00000018   Code   RO         5873    i.SX126X_SetTxInfinitePreamble  sx126x.o
    0x08001b3a   0x08001b3a   0x00000030   Code   RO         5874    i.SX126X_SetTxParams  sx126x.o
    0x08001b6a   0x08001b6a   0x00000002   PAD
    0x08001b6c   0x08001b6c   0x00000028   Code   RO         5386    i.SX126X_checkBusy  sx126x_interface.o
    0x08001b94   0x08001b94   0x00000034   Code   RO         5332    i.SX126X_config     sx126x_config.o
    0x08001bc8   0x08001bc8   0x00000084   Code   RO         5333    i.SX126X_configcommon  sx126x_config.o
    0x08001c4c   0x08001c4c   0x00000058   Code   RO         5388    i.SX126X_readBuffer  sx126x_interface.o
    0x08001ca4   0x08001ca4   0x0000004c   Code   RO         5389    i.SX126X_readCmd    sx126x_interface.o
    0x08001cf0   0x08001cf0   0x00000010   Code   RO         5390    i.SX126X_readReg    sx126x_interface.o
    0x08001d00   0x08001d00   0x00000060   Code   RO         5391    i.SX126X_readRegs   sx126x_interface.o
    0x08001d60   0x08001d60   0x00000002   Code   RO         5393    i.SX126X_rfsw_rx    sx126x_interface.o
    0x08001d62   0x08001d62   0x00000002   Code   RO         5394    i.SX126X_rfsw_tx    sx126x_interface.o
    0x08001d64   0x08001d64   0x0000004a   Code   RO         5334    i.SX126X_setopmode  sx126x_config.o
    0x08001dae   0x08001dae   0x00000002   PAD
    0x08001db0   0x08001db0   0x00000050   Code   RO         5397    i.SX126X_writeBuffer  sx126x_interface.o
    0x08001e00   0x08001e00   0x00000054   Code   RO         5398    i.SX126X_writeCmd   sx126x_interface.o
    0x08001e54   0x08001e54   0x0000000c   Code   RO         5399    i.SX126X_writeReg   sx126x_interface.o
    0x08001e60   0x08001e60   0x00000058   Code   RO         5400    i.SX126X_writeRegs  sx126x_interface.o
    0x08001eb8   0x08001eb8   0x00000032   Code   RO         6130    i.SX128X_FSK_FLRC_SetPacketParams  sx128x.o
    0x08001eea   0x08001eea   0x00000004   Code   RO         6131    i.SX128X_FSK_SetModulationParams  sx128x.o
    0x08001eee   0x08001eee   0x0000000a   Code   RO         6133    i.SX128X_GetPacketStatus  sx128x.o
    0x08001ef8   0x08001ef8   0x00000012   Code   RO         6135    i.SX128X_GetRssiInst  sx128x.o
    0x08001f0a   0x08001f0a   0x0000001a   Code   RO         6138    i.SX128X_LORA_GetPacketStatus  sx128x.o
    0x08001f24   0x08001f24   0x00000004   Code   RO         6139    i.SX128X_LORA_SetModulationParams  sx128x.o
    0x08001f28   0x08001f28   0x0000002c   Code   RO         6140    i.SX128X_LORA_SetPacketParams  sx128x.o
    0x08001f54   0x08001f54   0x00000016   Code   RO         6141    i.SX128X_SetBufferBaseAddress  sx128x.o
    0x08001f6a   0x08001f6a   0x0000000a   Code   RO         6142    i.SX128X_SetCW      sx128x.o
    0x08001f74   0x08001f74   0x00000038   Code   RO         6145    i.SX128X_SetDioIrqParams  sx128x.o
    0x08001fac   0x08001fac   0x0000000a   Code   RO         6146    i.SX128X_SetFs      sx128x.o
    0x08001fb6   0x08001fb6   0x0000001a   Code   RO         6148    i.SX128X_SetModulationParams  sx128x.o
    0x08001fd0   0x08001fd0   0x0000000a   Code   RO         6149    i.SX128X_SetPRE     sx128x.o
    0x08001fda   0x08001fda   0x0000000a   Code   RO         6150    i.SX128X_SetPacketParams  sx128x.o
    0x08001fe4   0x08001fe4   0x0000001c   Code   RO         6151    i.SX128X_SetPacketType  sx128x.o
    0x08002000   0x08002000   0x0000001a   Code   RO         6153    i.SX128X_SetRegulatorMode  sx128x.o
    0x0800201a   0x0800201a   0x0000001e   Code   RO         6154    i.SX128X_SetRfFrequency  sx128x.o
    0x08002038   0x08002038   0x0000001c   Code   RO         6155    i.SX128X_SetRx      sx128x.o
    0x08002054   0x08002054   0x0000001c   Code   RO         6158    i.SX128X_SetSleep   sx128x.o
    0x08002070   0x08002070   0x0000001c   Code   RO         6159    i.SX128X_SetStandby  sx128x.o
    0x0800208c   0x0800208c   0x0000001c   Code   RO         6160    i.SX128X_SetTx      sx128x.o
    0x080020a8   0x080020a8   0x0000002a   Code   RO         6161    i.SX128X_SetTxParams  sx128x.o
    0x080020d2   0x080020d2   0x00000002   PAD
    0x080020d4   0x080020d4   0x00000028   Code   RO         5543    i.SX128X_checkBusy  sx128x_interface.o
    0x080020fc   0x080020fc   0x00000128   Code   RO         5500    i.SX128X_config     sx128x_config.o
    0x08002224   0x08002224   0x00000054   Code   RO         5501    i.SX128X_configcommon  sx128x_config.o
    0x08002278   0x08002278   0x0000004c   Code   RO         5546    i.SX128X_readCmd    sx128x_interface.o
    0x080022c4   0x080022c4   0x0000004c   Code   RO         5502    i.SX128X_setopmode  sx128x_config.o
    0x08002310   0x08002310   0x00000054   Code   RO         5554    i.SX128X_writeCmd   sx128x_interface.o
    0x08002364   0x08002364   0x00000058   Code   RO         5556    i.SX128X_writeRegs  sx128x_interface.o
    0x080023bc   0x080023bc   0x0000006c   Code   RO          327    i.SysTick_Handler   at32f413_int.o
    0x08002428   0x08002428   0x00000058   Code   RO         3911    i.SystemInit        system_at32f413.o
    0x08002480   0x08002480   0x00000002   Code   RO          328    i.USART1_IRQHandler  at32f413_int.o
    0x08002482   0x08002482   0x00000004   Code   RO          329    i.USBFS_MAPL_IRQHandler  at32f413_int.o
    0x08002486   0x08002486   0x00000002   Code   RO          330    i.UsageFault_Handler  at32f413_int.o
    0x08002488   0x08002488   0x00000020   Code   RO         7045    i.__0printf         mc_w.l(printfa.o)
    0x080024a8   0x080024a8   0x00000010   Code   RO          260    i.__NVIC_GetPriorityGrouping  at32f413_wk_config.o
    0x080024b8   0x080024b8   0x00000020   Code   RO          261    i.__NVIC_SetPriority  at32f413_wk_config.o
    0x080024d8   0x080024d8   0x00000008   Code   RO         7073    i.__aeabi_errno_addr  mc_w.l(errno.o)
    0x080024e0   0x080024e0   0x0000000e   Code   RO         7206    i.__scatterload_copy  mc_w.l(handlers.o)
    0x080024ee   0x080024ee   0x00000002   Code   RO         7207    i.__scatterload_null  mc_w.l(handlers.o)
    0x080024f0   0x080024f0   0x0000000e   Code   RO         7208    i.__scatterload_zeroinit  mc_w.l(handlers.o)
    0x080024fe   0x080024fe   0x00000002   PAD
    0x08002500   0x08002500   0x00000184   Code   RO         7052    i._fp_digits        mc_w.l(printfa.o)
    0x08002684   0x08002684   0x000006b4   Code   RO         7053    i._printf_core      mc_w.l(printfa.o)
    0x08002d38   0x08002d38   0x00000024   Code   RO         7054    i._printf_post_padding  mc_w.l(printfa.o)
    0x08002d5c   0x08002d5c   0x0000002e   Code   RO         7055    i._printf_pre_padding  mc_w.l(printfa.o)
    0x08002d8a   0x08002d8a   0x0000002c   Code   RO         2121    i.adc_base_config   at32f413_adc.o
    0x08002db6   0x08002db6   0x0000000e   Code   RO         2122    i.adc_base_default_para_init  at32f413_adc.o
    0x08002dc4   0x08002dc4   0x0000000a   Code   RO         2123    i.adc_calibration_init  at32f413_adc.o
    0x08002dce   0x08002dce   0x0000000e   Code   RO         2124    i.adc_calibration_init_status_get  at32f413_adc.o
    0x08002ddc   0x08002ddc   0x0000000a   Code   RO         2125    i.adc_calibration_start  at32f413_adc.o
    0x08002de6   0x08002de6   0x0000000e   Code   RO         2126    i.adc_calibration_status_get  at32f413_adc.o
    0x08002df4   0x08002df4   0x00000010   Code   RO         2127    i.adc_combine_mode_select  at32f413_adc.o
    0x08002e04   0x08002e04   0x0000000a   Code   RO         2130    i.adc_enable        at32f413_adc.o
    0x08002e0e   0x08002e0e   0x00000074   Code   RO         2135    i.adc_ordinary_channel_set  at32f413_adc.o
    0x08002e82   0x08002e82   0x00000028   Code   RO         2137    i.adc_ordinary_conversion_trigger_set  at32f413_adc.o
    0x08002eaa   0x08002eaa   0x0000000a   Code   RO         2139    i.adc_ordinary_part_mode_enable  at32f413_adc.o
    0x08002eb4   0x08002eb4   0x0000003c   Code   RO         2151    i.adc_reset         at32f413_adc.o
    0x08002ef0   0x08002ef0   0x00000018   Code   RO         3835    i.bpr_rtc_output_select  at32f413_bpr.o
    0x08002f08   0x08002f08   0x0000005c   Code   RO         4542    i.ciErrorCallback   app_cli.o
    0x08002f64   0x08002f64   0x00000008   Code   RO         4440    i.ciGetSigned       command_interpreter.o
    0x08002f6c   0x08002f6c   0x00000008   Code   RO         4441    i.ciGetUnsigned     command_interpreter.o
    0x08002f74   0x08002f74   0x00000018   Code   RO         4442    i.ciInitState       command_interpreter.o
    0x08002f8c   0x08002f8c   0x000000e8   Code   RO         4443    i.ciPrintHelp       command_interpreter.o
    0x08003074   0x08003074   0x0000008e   Code   RO         4444    i.ciProcessInput    command_interpreter.o
    0x08003102   0x08003102   0x00000020   Code   RO         4253    i.class_clear_handler  cdc_class.o
    0x08003122   0x08003122   0x00000028   Code   RO         4254    i.class_ept0_rx_handler  cdc_class.o
    0x0800314a   0x0800314a   0x00000004   Code   RO         4255    i.class_ept0_tx_handler  cdc_class.o
    0x0800314e   0x0800314e   0x00000004   Code   RO         4256    i.class_event_handler  cdc_class.o
    0x08003152   0x08003152   0x0000000e   Code   RO         4257    i.class_in_handler  cdc_class.o
    0x08003160   0x08003160   0x00000060   Code   RO         4258    i.class_init_handler  cdc_class.o
    0x080031c0   0x080031c0   0x00000018   Code   RO         4259    i.class_out_handler  cdc_class.o
    0x080031d8   0x080031d8   0x00000084   Code   RO         4260    i.class_setup_handler  cdc_class.o
    0x0800325c   0x0800325c   0x00000004   Code   RO         4261    i.class_sof_handler  cdc_class.o
    0x08003260   0x08003260   0x0000001c   Code   RO         4543    i.cli_RSSIcal       app_cli.o
    0x0800327c   0x0800327c   0x00000020   Code   RO         4544    i.cli_clearerrors   app_cli.o
    0x0800329c   0x0800329c   0x0000003c   Code   RO         4545    i.cli_clrrxstats    app_cli.o
    0x080032d8   0x080032d8   0x0000001c   Code   RO         4546    i.cli_dumpregs      app_cli.o
    0x080032f4   0x080032f4   0x00000034   Code   RO         4547    i.cli_fs_getaddr    app_cli.o
    0x08003328   0x08003328   0x0000001c   Code   RO         4548    i.cli_fs_getcrcwhite  app_cli.o
    0x08003344   0x08003344   0x00000170   Code   RO         4549    i.cli_fs_getmodparams  app_cli.o
    0x080034b4   0x080034b4   0x000001a0   Code   RO         4550    i.cli_fs_getpacketparams  app_cli.o
    0x08003654   0x08003654   0x0000001c   Code   RO         4551    i.cli_fs_getsync    app_cli.o
    0x08003670   0x08003670   0x00000054   Code   RO         4552    i.cli_fs_setaddr    app_cli.o
    0x080036c4   0x080036c4   0x00000040   Code   RO         4553    i.cli_fs_setcrcwhite  app_cli.o
    0x08003704   0x08003704   0x00000210   Code   RO         4554    i.cli_fs_setmodparams  app_cli.o
    0x08003914   0x08003914   0x000001fc   Code   RO         4555    i.cli_fs_setpacketparams  app_cli.o
    0x08003b10   0x08003b10   0x0000001c   Code   RO         4556    i.cli_fs_setsync    app_cli.o
    0x08003b2c   0x08003b2c   0x00000048   Code   RO         4557    i.cli_getRSSI       app_cli.o
    0x08003b74   0x08003b74   0x000000c4   Code   RO         4558    i.cli_getchip       app_cli.o
    0x08003c38   0x08003c38   0x00000040   Code   RO         4559    i.cli_getctune      app_cli.o
    0x08003c78   0x08003c78   0x00000024   Code   RO         4560    i.cli_getdevid      app_cli.o
    0x08003c9c   0x08003c9c   0x0000001c   Code   RO         4561    i.cli_geterrors     app_cli.o
    0x08003cb8   0x08003cb8   0x00000028   Code   RO         4562    i.cli_getfreq       app_cli.o
    0x08003ce0   0x08003ce0   0x0000010c   Code   RO         4563    i.cli_getmodem      app_cli.o
    0x08003dec   0x08003dec   0x00000024   Code   RO         4564    i.cli_getpower      app_cli.o
    0x08003e10   0x08003e10   0x000000d0   Code   RO         4566    i.cli_getrxstats    app_cli.o
    0x08003ee0   0x08003ee0   0x0000001c   Code   RO         4567    i.cli_getstatus     app_cli.o
    0x08003efc   0x08003efc   0x0000001c   Code   RO         4568    i.cli_gettemp       app_cli.o
    0x08003f18   0x08003f18   0x0000004c   Code   RO         4569    i.cli_getuid        app_cli.o
    0x08003f64   0x08003f64   0x00000018   Code   RO         4570    i.cli_getvcc        app_cli.o
    0x08003f7c   0x08003f7c   0x0000002c   Code   RO         4571    i.cli_getver        app_cli.o
    0x08003fa8   0x08003fa8   0x0000001c   Code   RO         4572    i.cli_getvt         app_cli.o
    0x08003fc4   0x08003fc4   0x00000018   Code   RO         4573    i.cli_init          app_cli.o
    0x08003fdc   0x08003fdc   0x000000f4   Code   RO         4574    i.cli_initconfig    app_cli.o
    0x080040d0   0x080040d0   0x000001c4   Code   RO         4575    i.cli_lr_getmodparams  app_cli.o
    0x08004294   0x08004294   0x000000d0   Code   RO         4576    i.cli_lr_getpacketparams  app_cli.o
    0x08004364   0x08004364   0x00000028   Code   RO         4577    i.cli_lr_getsync    app_cli.o
    0x0800438c   0x0800438c   0x000001f8   Code   RO         4578    i.cli_lr_setmodparams  app_cli.o
    0x08004584   0x08004584   0x0000013c   Code   RO         4579    i.cli_lr_setpacketparams  app_cli.o
    0x080046c0   0x080046c0   0x0000003c   Code   RO         4580    i.cli_lr_setsync    app_cli.o
    0x080046fc   0x080046fc   0x00000028   Code   RO         4581    i.cli_poweroff      app_cli.o
    0x08004724   0x08004724   0x00000040   Code   RO         4582    i.cli_poweron       app_cli.o
    0x08004764   0x08004764   0x00000024   Code   RO         4583    i.cli_proc          app_cli.o
    0x08004788   0x08004788   0x0000001c   Code   RO         4584    i.cli_readreg       app_cli.o
    0x080047a4   0x080047a4   0x00000044   Code   RO         4585    i.cli_reset         app_cli.o
    0x080047e8   0x080047e8   0x00000058   Code   RO         4586    i.cli_sendburst     app_cli.o
    0x08004840   0x08004840   0x00000048   Code   RO         4587    i.cli_setctune      app_cli.o
    0x08004888   0x08004888   0x00000030   Code   RO         4588    i.cli_setdevid      app_cli.o
    0x080048b8   0x080048b8   0x00000034   Code   RO         4589    i.cli_setfreq       app_cli.o
    0x080048ec   0x080048ec   0x000001d0   Code   RO         4590    i.cli_setmodem      app_cli.o
    0x08004abc   0x08004abc   0x00000050   Code   RO         4591    i.cli_setopmode     app_cli.o
    0x08004b0c   0x08004b0c   0x00000044   Code   RO         4592    i.cli_setpower      app_cli.o
    0x08004b50   0x08004b50   0x00000044   Code   RO         4594    i.cli_stopburst     app_cli.o
    0x08004b94   0x08004b94   0x00000044   Code   RO         4595    i.cli_storeconfig   app_cli.o
    0x08004bd8   0x08004bd8   0x000000b0   Code   RO         4596    i.cli_sweeprx       app_cli.o
    0x08004c88   0x08004c88   0x0000009c   Code   RO         4597    i.cli_sweeptx       app_cli.o
    0x08004d24   0x08004d24   0x00000044   Code   RO         4598    i.cli_txstream      app_cli.o
    0x08004d68   0x08004d68   0x0000001c   Code   RO         4599    i.cli_writereg      app_cli.o
    0x08004d84   0x08004d84   0x0000001c   Code   RO          845    i.crm_adc_clock_div_set  at32f413_crm.o
    0x08004da0   0x08004da0   0x00000010   Code   RO          846    i.crm_ahb_div_set   at32f413_crm.o
    0x08004db0   0x08004db0   0x00000010   Code   RO          847    i.crm_apb1_div_set  at32f413_crm.o
    0x08004dc0   0x08004dc0   0x00000010   Code   RO          848    i.crm_apb2_div_set  at32f413_crm.o
    0x08004dd0   0x08004dd0   0x00000044   Code   RO          855    i.crm_clock_source_enable  at32f413_crm.o
    0x08004e14   0x08004e14   0x000000c4   Code   RO          856    i.crm_clocks_freq_get  at32f413_crm.o
    0x08004ed8   0x08004ed8   0x00000020   Code   RO          858    i.crm_flag_get      at32f413_crm.o
    0x08004ef8   0x08004ef8   0x00000028   Code   RO          860    i.crm_hext_stable_wait  at32f413_crm.o
    0x08004f20   0x08004f20   0x00000010   Code   RO          863    i.crm_hick_divider_select  at32f413_crm.o
    0x08004f30   0x08004f30   0x0000001c   Code   RO          864    i.crm_hick_sclk_frequency_select  at32f413_crm.o
    0x08004f4c   0x08004f4c   0x00000024   Code   RO          868    i.crm_periph_clock_enable  at32f413_crm.o
    0x08004f70   0x08004f70   0x00000024   Code   RO          869    i.crm_periph_reset  at32f413_crm.o
    0x08004f94   0x08004f94   0x00000054   Code   RO          871    i.crm_pll_config    at32f413_crm.o
    0x08004fe8   0x08004fe8   0x00000040   Code   RO          872    i.crm_reset         at32f413_crm.o
    0x08005028   0x08005028   0x00000010   Code   RO          873    i.crm_rtc_clock_enable  at32f413_crm.o
    0x08005038   0x08005038   0x00000010   Code   RO          874    i.crm_rtc_clock_select  at32f413_crm.o
    0x08005048   0x08005048   0x00000038   Code   RO          875    i.crm_sysclk_switch  at32f413_crm.o
    0x08005080   0x08005080   0x00000010   Code   RO          876    i.crm_sysclk_switch_status_get  at32f413_crm.o
    0x08005090   0x08005090   0x0000001c   Code   RO          877    i.crm_usb_clock_div_set  at32f413_crm.o
    0x080050ac   0x080050ac   0x0000001c   Code   RO          878    i.crm_usb_clock_source_select  at32f413_crm.o
    0x080050c8   0x080050c8   0x00000010   Code   RO          879    i.crm_usb_interrupt_remapping_set  at32f413_crm.o
    0x080050d8   0x080050d8   0x00000080   Code   RO         5087    i.decode_meshtastic_packet  mesh_packet.o
    0x08005158   0x08005158   0x00000016   Code   RO          418    i.delay_ms          wk_system.o
    0x0800516e   0x0800516e   0x00000002   PAD
    0x08005170   0x08005170   0x0000003c   Code   RO          419    i.delay_us          wk_system.o
    0x080051ac   0x080051ac   0x0000000e   Code   RO         3055    i.exint_default_para_init  at32f413_exint.o
    0x080051ba   0x080051ba   0x00000002   PAD
    0x080051bc   0x080051bc   0x0000000c   Code   RO         3057    i.exint_flag_clear  at32f413_exint.o
    0x080051c8   0x080051c8   0x00000014   Code   RO         3058    i.exint_flag_get    at32f413_exint.o
    0x080051dc   0x080051dc   0x00000060   Code   RO         3059    i.exint_init        at32f413_exint.o
    0x0800523c   0x0800523c   0x00000018   Code   RO         3060    i.exint_interrupt_enable  at32f413_exint.o
    0x08005254   0x08005254   0x00000054   Code   RO         2603    i.flash_halfword_program  at32f413_flash.o
    0x080052a8   0x080052a8   0x00000010   Code   RO         2606    i.flash_lock        at32f413_flash.o
    0x080052b8   0x080052b8   0x00000028   Code   RO         2607    i.flash_operation_status_get  at32f413_flash.o
    0x080052e0   0x080052e0   0x00000022   Code   RO         2608    i.flash_operation_wait_for  at32f413_flash.o
    0x08005302   0x08005302   0x00000002   PAD
    0x08005304   0x08005304   0x00000064   Code   RO         2609    i.flash_sector_erase  at32f413_flash.o
    0x08005368   0x08005368   0x00000018   Code   RO         2618    i.flash_spim_dummy_read  at32f413_flash.o
    0x08005380   0x08005380   0x0000002c   Code   RO         2623    i.flash_spim_operation_status_get  at32f413_flash.o
    0x080053ac   0x080053ac   0x00000022   Code   RO         2624    i.flash_spim_operation_wait_for  at32f413_flash.o
    0x080053ce   0x080053ce   0x00000002   PAD
    0x080053d0   0x080053d0   0x00000018   Code   RO         2628    i.flash_unlock      at32f413_flash.o
    0x080053e8   0x080053e8   0x0000000e   Code   RO         4930    i.fputc             retarget.o
    0x080053f6   0x080053f6   0x00000002   PAD
    0x080053f8   0x080053f8   0x00000038   Code   RO         4345    i.get_device_config_string  cdc_desc.o
    0x08005430   0x08005430   0x00000008   Code   RO         4346    i.get_device_configuration  cdc_desc.o
    0x08005438   0x08005438   0x00000008   Code   RO         4347    i.get_device_descriptor  cdc_desc.o
    0x08005440   0x08005440   0x0000003c   Code   RO         4348    i.get_device_interface_string  cdc_desc.o
    0x0800547c   0x0800547c   0x00000008   Code   RO         4349    i.get_device_lang_id  cdc_desc.o
    0x08005484   0x08005484   0x00000028   Code   RO         4350    i.get_device_manufacturer_string  cdc_desc.o
    0x080054ac   0x080054ac   0x00000004   Code   RO         4351    i.get_device_other_speed  cdc_desc.o
    0x080054b0   0x080054b0   0x00000038   Code   RO         4352    i.get_device_product_string  cdc_desc.o
    0x080054e8   0x080054e8   0x00000004   Code   RO         4353    i.get_device_qualifier  cdc_desc.o
    0x080054ec   0x080054ec   0x00000034   Code   RO         4354    i.get_device_serial_string  cdc_desc.o
    0x08005520   0x08005520   0x00000004   Code   RO         1515    i.gpio_bits_reset   at32f413_gpio.o
    0x08005524   0x08005524   0x00000004   Code   RO         1516    i.gpio_bits_set     at32f413_gpio.o
    0x08005528   0x08005528   0x00000016   Code   RO         1519    i.gpio_default_para_init  at32f413_gpio.o
    0x0800553e   0x0800553e   0x00000002   PAD
    0x08005540   0x08005540   0x0000005c   Code   RO         1522    i.gpio_exint_line_config  at32f413_gpio.o
    0x0800559c   0x0800559c   0x000000ae   Code   RO         1523    i.gpio_init         at32f413_gpio.o
    0x0800564a   0x0800564a   0x0000000e   Code   RO         1524    i.gpio_input_data_bit_read  at32f413_gpio.o
    0x08005658   0x08005658   0x0000003c   Code   RO         1529    i.gpio_pin_remap_config  at32f413_gpio.o
    0x08005694   0x08005694   0x00000026   Code   RO          784    i.is_leap_year      rtc.o
    0x080056ba   0x080056ba   0x00000002   PAD
    0x080056bc   0x080056bc   0x00000158   Code   RO            4    i.main              main.o
    0x08005814   0x08005814   0x0000007c   Code   RO         3128    i.nvic_irq_enable   at32f413_misc.o
    0x08005890   0x08005890   0x00000024   Code   RO         3130    i.nvic_priority_group_config  at32f413_misc.o
    0x080058b4   0x080058b4   0x00000010   Code   RO         5122    i.print_crc_error   radio.o
    0x080058c4   0x080058c4   0x000001e0   Code   RO         5088    i.print_meshtastic_packet  mesh_packet.o
    0x08005aa4   0x08005aa4   0x000000b8   Code   RO         4600    i.printerror        app_cli.o
    0x08005b5c   0x08005b5c   0x000000e8   Code   RO         4447    i.processCommand    command_interpreter.o
    0x08005c44   0x08005c44   0x0000001c   Code   RO         5123    i.process_rx_packet  radio.o
    0x08005c60   0x08005c60   0x00000010   Code   RO         2043    i.pwc_battery_powered_domain_access  at32f413_pwc.o
    0x08005c70   0x08005c70   0x0000003c   Code   RO         5124    i.radio_clear_rx_stats  radio.o
    0x08005cac   0x08005cac   0x00000040   Code   RO         5125    i.radio_config      radio.o
    0x08005cec   0x08005cec   0x00000040   Code   RO         5126    i.radio_fs          radio.o
    0x08005d2c   0x08005d2c   0x00000138   Code   RO         5127    i.radio_get_pkt_status  radio.o
    0x08005e64   0x08005e64   0x00000050   Code   RO         5128    i.radio_get_rx_packet  radio.o
    0x08005eb4   0x08005eb4   0x00000070   Code   RO         5129    i.radio_get_rx_stats  radio.o
    0x08005f24   0x08005f24   0x0000006c   Code   RO         5131    i.radio_getrssi     radio.o
    0x08005f90   0x08005f90   0x00000048   Code   RO         5132    i.radio_getxotrim   radio.o
    0x08005fd8   0x08005fd8   0x00000270   Code   RO         5133    i.radio_initconfig  radio.o
    0x08006248   0x08006248   0x00000054   Code   RO         5134    i.radio_irq_proc    radio.o
    0x0800629c   0x0800629c   0x00000010   Code   RO         4992    i.radio_power_off   bsp.o
    0x080062ac   0x080062ac   0x00000010   Code   RO         4993    i.radio_power_on    bsp.o
    0x080062bc   0x080062bc   0x00000064   Code   RO         5136    i.radio_prepare_tx_packet  radio.o
    0x08006320   0x08006320   0x00000134   Code   RO         5137    i.radio_proc        radio.o
    0x08006454   0x08006454   0x0000009c   Code   RO         5138    i.radio_rx          radio.o
    0x080064f0   0x080064f0   0x00000064   Code   RO         5139    i.radio_rxscan      radio.o
    0x08006554   0x08006554   0x0000001c   Code   RO         5140    i.radio_sendburst   radio.o
    0x08006570   0x08006570   0x000000bc   Code   RO         5141    i.radio_sendpacket  radio.o
    0x0800662c   0x0800662c   0x000000c8   Code   RO         5142    i.radio_set_frequency  radio.o
    0x080066f4   0x080066f4   0x00000058   Code   RO         5143    i.radio_setmodem    radio.o
    0x0800674c   0x0800674c   0x0000003c   Code   RO         5144    i.radio_setopmode   radio.o
    0x08006788   0x08006788   0x00000058   Code   RO         5145    i.radio_setpower    radio.o
    0x080067e0   0x080067e0   0x00000070   Code   RO         5146    i.radio_setxotrim   radio.o
    0x08006850   0x08006850   0x000000c4   Code   RO         5149    i.radio_txstream    radio.o
    0x08006914   0x08006914   0x00000074   Code   RO         5150    i.radio_txsweep     radio.o
    0x08006988   0x08006988   0x00000014   Code   RO         5050    i.readconfig        flash.o
    0x0800699c   0x0800699c   0x0000002c   Code   RO         1427    i.rtc_counter_set   at32f413_rtc.o
    0x080069c8   0x080069c8   0x00000028   Code   RO         1429    i.rtc_divider_set   at32f413_rtc.o
    0x080069f0   0x080069f0   0x000000d8   Code   RO          788    i.rtc_time_set      rtc.o
    0x08006ac8   0x08006ac8   0x00000010   Code   RO         1435    i.rtc_wait_config_finish  at32f413_rtc.o
    0x08006ad8   0x08006ad8   0x00000010   Code   RO         1436    i.rtc_wait_update_finish  at32f413_rtc.o
    0x08006ae8   0x08006ae8   0x00000010   Code   RO         4994    i.rxled_off         bsp.o
    0x08006af8   0x08006af8   0x00000010   Code   RO         4995    i.rxled_on          bsp.o
    0x08006b08   0x08006b08   0x00000034   Code   RO          638    i.spi1_transfer     wk_spi.o
    0x08006b3c   0x08006b3c   0x00000016   Code   RO         2357    i.spi_default_para_init  at32f413_spi.o
    0x08006b52   0x08006b52   0x0000000a   Code   RO         2358    i.spi_enable        at32f413_spi.o
    0x08006b5c   0x08006b5c   0x00000006   Code   RO         2362    i.spi_i2s_data_receive  at32f413_spi.o
    0x08006b62   0x08006b62   0x00000004   Code   RO         2363    i.spi_i2s_data_transmit  at32f413_spi.o
    0x08006b66   0x08006b66   0x0000000e   Code   RO         2367    i.spi_i2s_flag_get  at32f413_spi.o
    0x08006b74   0x08006b74   0x000000e6   Code   RO         2371    i.spi_init          at32f413_spi.o
    0x08006c5a   0x08006c5a   0x00000034   Code   RO         4448    i.strtok_r          command_interpreter.o
    0x08006c8e   0x08006c8e   0x00000002   PAD
    0x08006c90   0x08006c90   0x0000008c   Code   RO         3912    i.system_core_clock_update  system_at32f413.o
    0x08006d1c   0x08006d1c   0x00000018   Code   RO         3133    i.systick_clock_source_config  at32f413_misc.o
    0x08006d34   0x08006d34   0x00000010   Code   RO         4996    i.txled_off         bsp.o
    0x08006d44   0x08006d44   0x00000010   Code   RO         4997    i.txled_on          bsp.o
    0x08006d54   0x08006d54   0x0000000a   Code   RO         1853    i.usart_enable      at32f413_usart.o
    0x08006d5e   0x08006d5e   0x00000040   Code   RO         1856    i.usart_hardware_flow_control_set  at32f413_usart.o
    0x08006d9e   0x08006d9e   0x00000002   PAD
    0x08006da0   0x08006da0   0x0000005c   Code   RO         1857    i.usart_init        at32f413_usart.o
    0x08006dfc   0x08006dfc   0x00000034   Code   RO         1864    i.usart_parity_selection_config  at32f413_usart.o
    0x08006e30   0x08006e30   0x0000000a   Code   RO         1865    i.usart_receiver_enable  at32f413_usart.o
    0x08006e3a   0x08006e3a   0x0000000a   Code   RO         1872    i.usart_transmitter_enable  at32f413_usart.o
    0x08006e44   0x08006e44   0x0000000c   Code   RO         3191    i.usb_buffer_free   at32f413_usb.o
    0x08006e50   0x08006e50   0x00000010   Code   RO         3192    i.usb_buffer_malloc  at32f413_usb.o
    0x08006e60   0x08006e60   0x0000000a   Code   RO         3193    i.usb_connect       at32f413_usb.o
    0x08006e6a   0x08006e6a   0x0000001c   Code   RO         3194    i.usb_dev_init      at32f413_usb.o
    0x08006e86   0x08006e86   0x00000012   Code   RO         3196    i.usb_enter_suspend  at32f413_usb.o
    0x08006e98   0x08006e98   0x00000104   Code   RO         3197    i.usb_ept_close     at32f413_usb.o
    0x08006f9c   0x08006f9c   0x0000035c   Code   RO         3198    i.usb_ept_open      at32f413_usb.o
    0x080072f8   0x080072f8   0x00000012   Code   RO         3200    i.usb_exit_suspend  at32f413_usb.o
    0x0800730a   0x0800730a   0x00000006   Code   RO         3201    i.usb_flag_clear    at32f413_usb.o
    0x08007310   0x08007310   0x00000010   Code   RO         3203    i.usb_interrupt_enable  at32f413_usb.o
    0x08007320   0x08007320   0x00000028   Code   RO         3205    i.usb_read_packet   at32f413_usb.o
    0x08007348   0x08007348   0x00000012   Code   RO         3208    i.usb_set_address   at32f413_usb.o
    0x0800735a   0x0800735a   0x00000052   Code   RO         4262    i.usb_vcp_cmd_process  cdc_class.o
    0x080073ac   0x080073ac   0x0000003e   Code   RO         4263    i.usb_vcp_get_rxdata  cdc_class.o
    0x080073ea   0x080073ea   0x00000026   Code   RO         4264    i.usb_vcp_send_data  cdc_class.o
    0x08007410   0x08007410   0x00000028   Code   RO         3210    i.usb_write_packet  at32f413_usb.o
    0x08007438   0x08007438   0x000000b0   Code   RO         3955    i.usbd_clear_stall  usbd_core.o
    0x080074e8   0x080074e8   0x00000006   Code   RO         3956    i.usbd_connect      usbd_core.o
    0x080074ee   0x080074ee   0x000000a6   Code   RO         3958    i.usbd_core_in_handler  usbd_core.o
    0x08007594   0x08007594   0x0000001e   Code   RO         3959    i.usbd_core_init    usbd_core.o
    0x080075b2   0x080075b2   0x0000006a   Code   RO         3960    i.usbd_core_out_handler  usbd_core.o
    0x0800761c   0x0800761c   0x00000050   Code   RO         3961    i.usbd_core_setup_handler  usbd_core.o
    0x0800766c   0x0800766c   0x0000001c   Code   RO         3962    i.usbd_ctrl_recv    usbd_core.o
    0x08007688   0x08007688   0x00000010   Code   RO         3963    i.usbd_ctrl_recv_status  usbd_core.o
    0x08007698   0x08007698   0x00000018   Code   RO         3964    i.usbd_ctrl_send    usbd_core.o
    0x080076b0   0x080076b0   0x00000010   Code   RO         3965    i.usbd_ctrl_send_status  usbd_core.o
    0x080076c0   0x080076c0   0x00000016   Code   RO         3966    i.usbd_ctrl_unsupport  usbd_core.o
    0x080076d6   0x080076d6   0x00000106   Code   RO         4196    i.usbd_device_request  usbd_sdr.o
    0x080077dc   0x080077dc   0x00000106   Code   RO         4197    i.usbd_endpoint_request  usbd_sdr.o
    0x080078e2   0x080078e2   0x00000006   Code   RO         3968    i.usbd_enter_suspend  usbd_core.o
    0x080078e8   0x080078e8   0x0000003e   Code   RO         3969    i.usbd_ept_buf_auto_define  usbd_core.o
    0x08007926   0x08007926   0x0000001a   Code   RO         3971    i.usbd_ept_close    usbd_core.o
    0x08007940   0x08007940   0x00000056   Code   RO         3973    i.usbd_ept_defaut_init  usbd_core.o
    0x08007996   0x08007996   0x0000001a   Code   RO         4135    i.usbd_ept_loop_handler  usbd_int.o
    0x080079b0   0x080079b0   0x0000003e   Code   RO         3974    i.usbd_ept_open     usbd_core.o
    0x080079ee   0x080079ee   0x00000002   PAD
    0x080079f0   0x080079f0   0x00000054   Code   RO         3975    i.usbd_ept_recv     usbd_core.o
    0x08007a44   0x08007a44   0x000000e8   Code   RO         3976    i.usbd_ept_send     usbd_core.o
    0x08007b2c   0x08007b2c   0x00000184   Code   RO         4136    i.usbd_eptn_handler  usbd_int.o
    0x08007cb0   0x08007cb0   0x0000009c   Code   RO         4198    i.usbd_get_descriptor  usbd_sdr.o
    0x08007d4c   0x08007d4c   0x0000000e   Code   RO         3977    i.usbd_get_recv_len  usbd_core.o
    0x08007d5a   0x08007d5a   0x00000002   PAD
    0x08007d5c   0x08007d5c   0x00000038   Code   RO         4355    i.usbd_int_to_unicode  cdc_desc.o
    0x08007d94   0x08007d94   0x0000003e   Code   RO         4199    i.usbd_interface_request  usbd_sdr.o
    0x08007dd2   0x08007dd2   0x0000008c   Code   RO         4137    i.usbd_irq_handler  usbd_int.o
    0x08007e5e   0x08007e5e   0x00000048   Code   RO         4138    i.usbd_reset_handler  usbd_int.o
    0x08007ea6   0x08007ea6   0x00000002   PAD
    0x08007ea8   0x08007ea8   0x00000078   Code   RO         4200    i.usbd_set_configuration  usbd_sdr.o
    0x08007f20   0x08007f20   0x0000005c   Code   RO         3980    i.usbd_set_stall    usbd_core.o
    0x08007f7c   0x08007f7c   0x00000028   Code   RO         4201    i.usbd_setup_request_parse  usbd_sdr.o
    0x08007fa4   0x08007fa4   0x0000000c   Code   RO         4139    i.usbd_sof_handler  usbd_int.o
    0x08007fb0   0x08007fb0   0x0000002c   Code   RO         4140    i.usbd_suspend_handler  usbd_int.o
    0x08007fdc   0x08007fdc   0x00000032   Code   RO         4356    i.usbd_unicode_convert  cdc_desc.o
    0x0800800e   0x0800800e   0x00000026   Code   RO         4141    i.usbd_wakeup_handler  usbd_int.o
    0x08008034   0x08008034   0x000000c8   Code   RO         4449    i.validateArguments  command_interpreter.o
    0x080080fc   0x080080fc   0x00000058   Code   RO         4450    i.validateInteger   command_interpreter.o
    0x08008154   0x08008154   0x00000010   Code   RO         3001    i.wdt_counter_reload  at32f413_wdt.o
    0x08008164   0x08008164   0x00000010   Code   RO         3002    i.wdt_divider_set   at32f413_wdt.o
    0x08008174   0x08008174   0x00000010   Code   RO         3005    i.wdt_register_write_enable  at32f413_wdt.o
    0x08008184   0x08008184   0x0000000c   Code   RO         3006    i.wdt_reload_value_set  at32f413_wdt.o
    0x08008190   0x08008190   0x000000a0   Code   RO          526    i.wk_adc1_init      wk_adc.o
    0x08008230   0x08008230   0x0000000c   Code   RO          554    i.wk_debug_config   wk_debug.o
    0x0800823c   0x0800823c   0x00000054   Code   RO          582    i.wk_exint_config   wk_exint.o
    0x08008290   0x08008290   0x000000e4   Code   RO          756    i.wk_gpio_config    wk_gpio.o
    0x08008374   0x08008374   0x000000ce   Code   RO          262    i.wk_nvic_config    at32f413_wk_config.o
    0x08008442   0x08008442   0x00000002   PAD
    0x08008444   0x08008444   0x00000078   Code   RO          263    i.wk_periph_clock_config  at32f413_wk_config.o
    0x080084bc   0x080084bc   0x00000058   Code   RO          610    i.wk_rtc_init       wk_rtc.o
    0x08008514   0x08008514   0x000000b4   Code   RO          639    i.wk_spi1_init      wk_spi.o
    0x080085c8   0x080085c8   0x000000c8   Code   RO          264    i.wk_system_clock_config  at32f413_wk_config.o
    0x08008690   0x08008690   0x00000044   Code   RO          422    i.wk_timebase_init  wk_system.o
    0x080086d4   0x080086d4   0x00000090   Code   RO          672    i.wk_usart1_init    wk_usart.o
    0x08008764   0x08008764   0x0000002c   Code   RO          470    i.wk_usb_app_init   usb_app.o
    0x08008790   0x08008790   0x00000074   Code   RO          471    i.wk_usb_app_task   usb_app.o
    0x08008804   0x08008804   0x00000018   Code   RO          700    i.wk_usbfs_init     wk_usbfs.o
    0x0800881c   0x0800881c   0x0000000c   Code   RO          472    i.wk_usbfs_irq_handler  usb_app.o
    0x08008828   0x08008828   0x0000001e   Code   RO          728    i.wk_wdt_init       wk_wdt.o
    0x08008846   0x08008846   0x00000002   PAD
    0x08008848   0x08008848   0x00000058   Code   RO         5051    i.writeconfig       flash.o
    0x080088a0   0x080088a0   0x00000018   Data   RO          790    .constdata          rtc.o
    0x080088b8   0x080088b8   0x00000028   Data   RO          880    .constdata          at32f413_crm.o
    0x080088e0   0x080088e0   0x00000010   Data   RO         3913    .constdata          system_at32f413.o
    0x080088f0   0x080088f0   0x0000003c   Data   RO         5652    .constdata          lr112x_config.o
    0x0800892c   0x0800892c   0x00000081   Data   RO         7125    .constdata          mc_w.l(ctype_o.o)
    0x080089ad   0x080089ad   0x00000003   PAD
    0x080089b0   0x080089b0   0x00000004   Data   RO         7126    .constdata          mc_w.l(ctype_o.o)
    0x080089b4   0x080089b4   0x00000056   Data   RO         4451    .conststring        command_interpreter.o
    0x08008a0a   0x08008a0a   0x00000002   PAD
    0x08008a0c   0x08008a0c   0x0000060d   Data   RO         4602    .conststring        app_cli.o
    0x08009019   0x08009019   0x00000003   PAD
    0x0800901c   0x0800901c   0x00000020   Data   RO         7204    Region$$Table       anon$$obj.o


    Execution Region RW_IRAM1 (Exec base: 0x20000000, Load base: 0x0800903c, Size: 0x00002080, Max: 0x00008000, ABSOLUTE, COMPRESSED[0x000002ac])

    Exec Addr    Load Addr    Size         Type   Attr      Idx    E Section Name        Object

    0x20000000   COMPRESSED   0x00000004   Data   RW          423    .data               wk_system.o
    0x20000004   COMPRESSED   0x00000008   Data   RW         3211    .data               at32f413_usb.o
    0x2000000c   COMPRESSED   0x00000004   Data   RW         3914    .data               system_at32f413.o
    0x20000010   COMPRESSED   0x00000001   Data   RW         4202    .data               usbd_sdr.o
    0x20000011   COMPRESSED   0x00000003   PAD
    0x20000014   COMPRESSED   0x00000008   Data   RW         4266    .data               cdc_class.o
    0x2000001c   COMPRESSED   0x00000028   Data   RW         4267    .data               cdc_class.o
    0x20000044   COMPRESSED   0x00000028   Data   RW         4358    .data               cdc_desc.o
    0x2000006c   COMPRESSED   0x00000012   Data   RW         4359    .data               cdc_desc.o
    0x2000007e   COMPRESSED   0x00000002   PAD
    0x20000080   COMPRESSED   0x00000043   Data   RW         4360    .data               cdc_desc.o
    0x200000c3   COMPRESSED   0x00000001   PAD
    0x200000c4   COMPRESSED   0x00000004   Data   RW         4361    .data               cdc_desc.o
    0x200000c8   COMPRESSED   0x00000042   Data   RW         4362    .data               cdc_desc.o
    0x2000010a   COMPRESSED   0x00000002   PAD
    0x2000010c   COMPRESSED   0x00000360   Data   RW         4603    .data               app_cli.o
    0x2000046c   COMPRESSED   0x00000010   Data   RW         4934    .data               retarget.o
    0x2000047c   COMPRESSED   0x00000040   Data   RW         5153    .data               radio.o
    0x200004bc   COMPRESSED   0x00000004   Data   RW         5156    .data               radio.o
    0x200004c0   COMPRESSED   0x00000004   Data   RW         6791    .data               mc_w.l(stdout.o)
    0x200004c4   COMPRESSED   0x00000004   Data   RW         7076    .data               mc_w.l(errno.o)
    0x200004c8        -       0x0000042c   Zero   RW          473    .bss                usb_app.o
    0x200008f4        -       0x0000005c   Zero   RW         4265    .bss                cdc_class.o
    0x20000950        -       0x00000100   Zero   RW         4357    .bss                cdc_desc.o
    0x20000a50        -       0x00000114   Zero   RW         4601    .bss                app_cli.o
    0x20000b64        -       0x00000400   Zero   RW         4933    .bss                retarget.o
    0x20000f64        -       0x00000800   Zero   RW         5052    .bss                flash.o
    0x20001764        -       0x00000418   Zero   RW         5151    .bss                radio.o
    0x20001b7c        -       0x00000100   Zero   RW         5152    .bss                radio.o
    0x20001c7c   COMPRESSED   0x00000004   PAD
    0x20001c80        -       0x00000400   Zero   RW         3945    STACK               startup_at32f413.o


==============================================================================

Image component sizes


      Code (inc. data)   RO Data    RW Data    ZI Data      Debug   Object Name

      7224       3330       1549        864        276      66196   app_cli.o
       358         18          0          0          0       7901   at32f413_adc.o
        24          6          0          0          0        560   at32f413_bpr.o
       852        122         40          0          0      13242   at32f413_crm.o
       166         20          0          0          0       3528   at32f413_exint.o
       400         46          0          0          0       6329   at32f413_flash.o
       370         10          0          0          0       5319   at32f413_gpio.o
       158         38          0          0          0       6074   at32f413_int.o
       184         16          0          0          0      32484   at32f413_misc.o
        16          4          0          0          0        576   at32f413_pwc.o
       116         22          0          0          0       2186   at32f413_rtc.o
       286          0          0          0          0       4122   at32f413_spi.o
       238          4          0          0          0       4389   at32f413_usart.o
      1342         34          0          8          0      17419   at32f413_usb.o
        60         20          0          0          0       2174   at32f413_wdt.o
       624         22          0          0          0      33354   at32f413_wk_config.o
        96         36          0          0          0       2561   bsp.o
       532          4          0         48         92       9095   cdc_class.o
       402        144          0        195        256       7043   cdc_desc.o
       986         94         86          0          0       8422   command_interpreter.o
       108         20          0          0       2048       1731   flash.o
      1430          0          0          0          0      22287   lr112x.o
       622         36         60          0          0       3959   lr112x_config.o
       260         14          0          0          0       3432   lr112x_interface.o
       344        142          0          0          0      80347   main.o
       608        276          0          0          0       1241   mesh_packet.o
      3364        472          0         68       1304      23142   radio.o
       166         26          0         16       1024       4365   retarget.o
       254         20         24          0          0       2402   rtc.o
        36          8        368          0       1024        800   startup_at32f413.o
      1548          4          0          0          0      23158   sx126x.o
       514         36          0          0          0       2784   sx126x_config.o
       584         42          0          0          0       9443   sx126x_interface.o
       538          0          0          0          0      14444   sx128x.o
       456         24          0          0          0       2081   sx128x_config.o
       288         26          0          0          0       4207   sx128x_interface.o
       228         40         16          4          0       2288   system_at32f413.o
       172         52          0          0       1068       2518   usb_app.o
      1334         24          0          0          0      14639   usbd_core.o
       720         12          0          0          0       5642   usbd_int.o
       902         18          0          1          0       6550   usbd_sdr.o
       160          8          0          0          0        611   wk_adc.o
        12          4          0          0          0        446   wk_debug.o
        84          4          0          0          0        614   wk_exint.o
       228          8          0          0          0        657   wk_gpio.o
        88          0          0          0          0        542   wk_rtc.o
       232         14          0          0          0       1219   wk_spi.o
       150         14          0          4          0       2534   wk_system.o
       144         10          0          0          0        581   wk_usart.o
        24          0          0          0          0        488   wk_usbfs.o
        30          0          0          0          0        482   wk_wdt.o

    ----------------------------------------------------------------------
     30104       5344       2180       1216       7096     472608   Object Totals
         0          0         32          0          0          0   (incl. Generated)
        42          0          5          8          4          0   (incl. Padding)

    ----------------------------------------------------------------------

      Code (inc. data)   RO Data    RW Data    ZI Data      Debug   Library Member Name

        86          0          0          0          0          0   __dczerorl2.o
        28          0          0          0          0         68   _chval.o
       158          0          0          0          0         92   _strtoul.o
         8          4        133          0          0         68   ctype_o.o
         0          0          0          0          0          0   entry.o
         0          0          0          0          0          0   entry10a.o
         0          0          0          0          0          0   entry11a.o
         4          0          0          0          0          0   entry12b.o
         8          4          0          0          0          0   entry2.o
         4          0          0          0          0          0   entry5.o
         0          0          0          0          0          0   entry7b.o
         0          0          0          0          0          0   entry8b.o
         8          4          0          0          0          0   entry9a.o
         8          4          0          4          0         68   errno.o
        30          0          0          0          0          0   handlers.o
        36          8          0          0          0         68   init.o
         0          0          0          0          0          0   iusefp.o
        30          0          0          0          0         68   llshl.o
        36          0          0          0          0         68   llsshr.o
        32          0          0          0          0         68   llushr.o
        64          0          0          0          0         76   memmovea.o
      2218         90          0          0          0        464   printfa.o
         0          0          0          4          0          0   stdout.o
        42          0          0          0          0         84   strcasecmp.o
        28          0          0          0          0         76   strcmp.o
        34          0          0          0          0         80   strcspn.o
        14          0          0          0          0         68   strlen.o
        28          0          0          0          0         80   strspn.o
        36          0          0          0          0         80   strstr.o
       112          0          0          0          0         88   strtol.o
       114          0          0          0          0         92   strtoul.o
        12          0          0          0          0         68   tolower.o
        44          0          0          0          0         80   uidiv.o
        98          0          0          0          0         92   uldiv.o
        48          0          0          0          0         68   cdrcmple.o
       334          0          0          0          0        148   dadd.o
       222          0          0          0          0        100   ddiv.o
       186          0          0          0          0        176   depilogue.o
        50          0          0          0          0         76   dfixui.o
        48          0          0          0          0         68   dfixul.o
        26          0          0          0          0         76   dfltui.o
       228          0          0          0          0         96   dmul.o
        38          0          0          0          0         68   f2d.o

    ----------------------------------------------------------------------
      4504        114        136          8          0       2872   Library Totals
         4          0          3          0          0          0   (incl. Padding)

    ----------------------------------------------------------------------

      Code (inc. data)   RO Data    RW Data    ZI Data      Debug   Library Name

      3320        114        133          8          0       1996   mc_w.l
      1180          0          0          0          0        876   mf_w.l

    ----------------------------------------------------------------------
      4504        114        136          8          0       2872   Library Totals

    ----------------------------------------------------------------------

==============================================================================


      Code (inc. data)   RO Data    RW Data    ZI Data      Debug   

     34608       5458       2316       1224       7096     433756   Grand Totals
     34608       5458       2316        684       7096     433756   ELF Image Totals (compressed)
     34608       5458       2316        684          0          0   ROM Totals

==============================================================================

    Total RO  Size (Code + RO Data)                36924 (  36.06kB)
    Total RW  Size (RW Data + ZI Data)              8320 (   8.13kB)
    Total ROM Size (Code + RO Data + RW Data)      37608 (  36.73kB)

==============================================================================

