Component: Arm Compiler for Embedded 6.24 Tool: armlink [5f371500]

==============================================================================

Section Cross References

    app_cli.o(.text.cli_reset) refers to puts.o(i.puts) for puts
    app_cli.o(.text.cli_reset) refers to delay.o(.text.delay_ms) for delay_ms
    app_cli.o(.text.cli_reset) refers to app_cli.o(.text.__NVIC_SystemReset) for __NVIC_SystemReset
    app_cli.o(.ARM.exidx.text.cli_reset) refers to app_cli.o(.text.cli_reset) for [Anonymous Symbol]
    app_cli.o(.text.cli_getuid) refers to printfa.o(i.__0printf) for __2printf
    app_cli.o(.ARM.exidx.text.cli_getuid) refers to app_cli.o(.text.cli_getuid) for [Anonymous Symbol]
    app_cli.o(.text.cli_getver) refers to printfa.o(i.__0printf) for __2printf
    app_cli.o(.ARM.exidx.text.cli_getver) refers to app_cli.o(.text.cli_getver) for [Anonymous Symbol]
    app_cli.o(.text.cli_getdevid) refers to puts.o(i.puts) for puts
    app_cli.o(.ARM.exidx.text.cli_getdevid) refers to app_cli.o(.text.cli_getdevid) for [Anonymous Symbol]
    app_cli.o(.text.cli_setdevid) refers to puts.o(i.puts) for puts
    app_cli.o(.ARM.exidx.text.cli_setdevid) refers to app_cli.o(.text.cli_setdevid) for [Anonymous Symbol]
    app_cli.o(.text.cli_getmodem) refers to app_cli.o(.text.OUTLINED_FUNCTION_2) for OUTLINED_FUNCTION_2
    app_cli.o(.text.cli_getmodem) refers to radio.o(.text.radio_getmodem) for radio_getmodem
    app_cli.o(.text.cli_getmodem) refers to printfa.o(i.__0printf) for __2printf
    app_cli.o(.text.cli_getmodem) refers to puts.o(i.puts) for puts
    app_cli.o(.ARM.exidx.text.cli_getmodem) refers to app_cli.o(.text.cli_getmodem) for [Anonymous Symbol]
    app_cli.o(.text.cli_setmodem) refers to app_cli.o(.text.OUTLINED_FUNCTION_0) for OUTLINED_FUNCTION_0
    app_cli.o(.text.cli_setmodem) refers to app_cli.o(.text.OUTLINED_FUNCTION_1) for OUTLINED_FUNCTION_1
    app_cli.o(.text.cli_setmodem) refers to app_cli.o(.text.OUTLINED_FUNCTION_7) for OUTLINED_FUNCTION_7
    app_cli.o(.text.cli_setmodem) refers to radio.o(.text.radio_setmodem) for radio_setmodem
    app_cli.o(.text.cli_setmodem) refers to printfa.o(i.__0printf) for __2printf
    app_cli.o(.text.cli_setmodem) refers to puts.o(i.puts) for puts
    app_cli.o(.ARM.exidx.text.cli_setmodem) refers to app_cli.o(.text.cli_setmodem) for [Anonymous Symbol]
    app_cli.o(.text.cli_getkfreq) refers to app_cli.o(.text.OUTLINED_FUNCTION_2) for OUTLINED_FUNCTION_2
    app_cli.o(.text.cli_getkfreq) refers to f2d.o(.text) for __aeabi_f2d
    app_cli.o(.text.cli_getkfreq) refers to printfa.o(i.__0printf) for __2printf
    app_cli.o(.text.cli_getkfreq) refers to puts.o(i.puts) for puts
    app_cli.o(.text.cli_getkfreq) refers to radio.o(.bss.globalrfconfig) for globalrfconfig
    app_cli.o(.ARM.exidx.text.cli_getkfreq) refers to app_cli.o(.text.cli_getkfreq) for [Anonymous Symbol]
    app_cli.o(.text.cli_setkfreq) refers to app_cli.o(.text.OUTLINED_FUNCTION_0) for OUTLINED_FUNCTION_0
    app_cli.o(.text.cli_setkfreq) refers to command_interpreter.o(.text.ciGetSigned) for ciGetSigned
    app_cli.o(.text.cli_setkfreq) refers to dflti.o(.text) for __aeabi_i2d
    app_cli.o(.text.cli_setkfreq) refers to ddiv.o(.text) for __aeabi_ddiv
    app_cli.o(.text.cli_setkfreq) refers to dadd.o(.text) for __aeabi_dadd
    app_cli.o(.text.cli_setkfreq) refers to d2f.o(.text) for __aeabi_d2f
    app_cli.o(.text.cli_setkfreq) refers to radio.o(.text.radio_config) for radio_config
    app_cli.o(.text.cli_setkfreq) refers to f2d.o(.text) for __aeabi_f2d
    app_cli.o(.text.cli_setkfreq) refers to printfa.o(i.__0printf) for __2printf
    app_cli.o(.text.cli_setkfreq) refers to puts.o(i.puts) for puts
    app_cli.o(.text.cli_setkfreq) refers to radio.o(.bss.globalrfconfig) for globalrfconfig
    app_cli.o(.ARM.exidx.text.cli_setkfreq) refers to app_cli.o(.text.cli_setkfreq) for [Anonymous Symbol]
    app_cli.o(.text.cli_getscanparams) refers to app_cli.o(.text.OUTLINED_FUNCTION_2) for OUTLINED_FUNCTION_2
    app_cli.o(.text.cli_getscanparams) refers to puts.o(i.puts) for puts
    app_cli.o(.text.cli_getscanparams) refers to printfa.o(i.__0printf) for __2printf
    app_cli.o(.text.cli_getscanparams) refers to radio.o(.bss.globalrfconfig) for globalrfconfig
    app_cli.o(.text.cli_getscanparams) refers to app_cli.o(.rodata.str1.1) for [Anonymous Symbol]
    app_cli.o(.ARM.exidx.text.cli_getscanparams) refers to app_cli.o(.text.cli_getscanparams) for [Anonymous Symbol]
    app_cli.o(.text.cli_setscanparams) refers to command_interpreter.o(.text.ciGetSigned) for ciGetSigned
    app_cli.o(.text.cli_setscanparams) refers to puts.o(i.puts) for puts
    app_cli.o(.text.cli_setscanparams) refers to radio.o(.text.radio_set_frequency) for radio_set_frequency
    app_cli.o(.text.cli_setscanparams) refers to printfa.o(i.__0printf) for __2printf
    app_cli.o(.text.cli_setscanparams) refers to command_interpreter.o(.text.ciGetUnsigned) for ciGetUnsigned
[...]
    LR112X_ReadReg32                         0x08001229   Thumb Code   152  lr112x_interface.o(.text.LR112X_ReadReg32)
    LR112X_RssiCal                           0x080012c5   Thumb Code    40  lr112x_config.o(.text.LR112X_RssiCal)
    LR112X_SetDioAsRfSwitch                  0x08001305   Thumb Code    58  lr112x.o(.text.LR112X_SetDioAsRfSwitch)
    LR112X_SetDioIrqParams                   0x0800133f   Thumb Code    18  lr112x.o(.text.LR112X_SetDioIrqParams)
    LR112X_SetFs                             0x08001351   Thumb Code     8  lr112x.o(.text.LR112X_SetFs)
    LR112X_SetFskModulationParams            0x08001359   Thumb Code    68  lr112x.o(.text.LR112X_SetFskModulationParams)
    LR112X_SetFskPacketParams                0x0800139d   Thumb Code    66  lr112x.o(.text.LR112X_SetFskPacketParams)
    LR112X_SetGfskCrcParams                  0x080013df   Thumb Code    18  lr112x.o(.text.LR112X_SetGfskCrcParams)
    LR112X_SetGfskSyncWord                   0x080013f1   Thumb Code    12  lr112x.o(.text.LR112X_SetGfskSyncWord)
    LR112X_SetGfskWhitParams                 0x080013fd   Thumb Code    24  lr112x.o(.text.LR112X_SetGfskWhitParams)
    LR112X_SetLoRaModulationParams           0x08001415   Thumb Code    70  lr112x.o(.text.LR112X_SetLoRaModulationParams)
    LR112X_SetLoRaPacketParams               0x0800145b   Thumb Code    62  lr112x.o(.text.LR112X_SetLoRaPacketParams)
    LR112X_SetLoRaSyncWord                   0x08001499   Thumb Code    20  lr112x.o(.text.LR112X_SetLoRaSyncWord)
    LR112X_SetPaConfig                       0x080014ad   Thumb Code    52  lr112x.o(.text.LR112X_SetPaConfig)
    LR112X_SetPacketAdrs                     0x080014e1   Thumb Code    20  lr112x.o(.text.LR112X_SetPacketAdrs)
    LR112X_SetPacketType                     0x080014f5   Thumb Code    26  lr112x.o(.text.LR112X_SetPacketType)
    LR112X_SetRegMode                        0x0800150f   Thumb Code    20  lr112x.o(.text.LR112X_SetRegMode)
    LR112X_SetRfFrequency                    0x08001523   Thumb Code    20  lr112x.o(.text.LR112X_SetRfFrequency)
    LR112X_SetRssiCalibration                0x08001537   Thumb Code   154  lr112x.o(.text.LR112X_SetRssiCalibration)
    LR112X_SetRx                             0x080015d1   Thumb Code    34  lr112x.o(.text.LR112X_SetRx)
    LR112X_SetRxBoosted                      0x080015f3   Thumb Code    20  lr112x.o(.text.LR112X_SetRxBoosted)
    LR112X_SetRxTxFallbackMode               0x08001607   Thumb Code    26  lr112x.o(.text.LR112X_SetRxTxFallbackMode)
    LR112X_SetSleep                          0x08001621   Thumb Code    50  lr112x.o(.text.LR112X_SetSleep)
    LR112X_SetStandby                        0x08001653   Thumb Code    26  lr112x.o(.text.LR112X_SetStandby)
    LR112X_SetTx                             0x0800166d   Thumb Code    34  lr112x.o(.text.LR112X_SetTx)
    LR112X_SetTxCw                           0x0800168f   Thumb Code     8  lr112x.o(.text.LR112X_SetTxCw)
    LR112X_SetTxInfinitePreamble             0x08001697   Thumb Code     8  lr112x.o(.text.LR112X_SetTxInfinitePreamble)
    LR112X_SetTxParams                       0x0800169f   Thumb Code    20  lr112x.o(.text.LR112X_SetTxParams)
    LR112X_WriteReg32                        0x080016b3   Thumb Code    60  lr112x_interface.o(.text.LR112X_WriteReg32)
    LR112X_checkBusy                         0x080016f1   Thumb Code    28  lr112x_interface.o(.text.LR112X_checkBusy)
    LR112X_config                            0x08001715   Thumb Code   348  lr112x_config.o(.text.LR112X_config)
    LR112X_configcommon                      0x08001871   Thumb Code   144  lr112x_config.o(.text.LR112X_configcommon)
    LR112X_deselect                          0x08001909   Thumb Code    12  lr112x_interface.o(.text.LR112X_deselect)
    LR112X_interface_init                    0x08001915   Thumb Code   104  lr112x_interface.o(.text.LR112X_interface_init)
    LR112X_readCmd                           0x08001981   Thumb Code   116  lr112x_interface.o(.text.LR112X_readCmd)
    LR112X_reset                             0x080019f5   Thumb Code    32  lr112x_interface.o(.text.LR112X_reset)
    LR112X_select                            0x08001a15   Thumb Code    12  lr112x_interface.o(.text.LR112X_select)
    LR112X_setopmode                         0x08001a25   Thumb Code    64  lr112x_config.o(.text.LR112X_setopmode)
    LR112X_spi_transfer                      0x08001a65   Thumb Code    12  lr112x_interface.o(.text.LR112X_spi_transfer)
    LR112X_writeCmd                          0x08001a71   Thumb Code    88  lr112x_interface.o(.text.LR112X_writeCmd)
    LR112X_writeRegMemMask32                 0x08001acd   Thumb Code    82  lr112x_interface.o(.text.LR112X_writeRegMemMask32)
    MemManage_Handler                        0x08001b1f   Thumb Code     2  stm32wlxx_it.o(.text.MemManage_Handler)
    Menu_EnterCurrentItem                    0x08001b21   Thumb Code    24  micromenu.o(.text.Menu_EnterCurrentItem)
    Menu_GetCurrentMenu                      0x08001b39   Thumb Code     8  micromenu.o(.text.Menu_GetCurrentMenu)
    Menu_Navigate                            0x08001b41   Thumb Code    44  micromenu.o(.text.Menu_Navigate)
    Menu_SetGenericWriteCallback             0x08001b71   Thumb Code    12  micromenu.o(.text.Menu_SetGenericWriteCallback)
    NMI_Handler                              0x08001b85   Thumb Code     2  stm32wlxx_it.o(.text.NMI_Handler)
    PendSV_Handler                           0x08001d77   Thumb Code     2  stm32wlxx_it.o(.text.PendSV_Handler)
    RETARGET_ReadChar                        0x08001e75   Thumb Code    56  retarget.o(.text.RETARGET_ReadChar)
    RETARGET_SerialInit                      0x08001eb1   Thumb Code    32  retarget.o(.text.RETARGET_SerialInit)
    SSD1306_Clear                            0x08001ed9   Thumb Code    36  ssd1306.o(.text.SSD1306_Clear)
    SSD1306_Display                          0x08001efd   Thumb Code    60  ssd1306.o(.text.SSD1306_Display)
    SSD1306_Init                             0x08001f39   Thumb Code   176  ssd1306.o(.text.SSD1306_Init)
    SSD1306_Reset                            0x08001fed   Thumb Code    32  ssd1306_interface.o(.text.SSD1306_Reset)
    SSD1306_Set_Pixel                        0x08002015   Thumb Code    36  ssd1306.o(.text.SSD1306_Set_Pixel)
    SSD1306_WR_Byte                          0x0800203d   Thumb Code    36  ssd1306_interface.o(.text.SSD1306_WR_Byte)
    SSD1306_interface_init                   0x08002065   Thumb Code    80  ssd1306_interface.o(.text.SSD1306_interface_init)
    SUBGHZSPI_Init                           0x080020c1   Thumb Code   112  subghz.o(.text.SUBGHZSPI_Init)
    SUBGHZ_Radio_IRQHandler                  0x08002139   Thumb Code     2  stm32wlxx_it.o(.text.SUBGHZ_Radio_IRQHandler)
    SVC_Handler                              0x0800213b   Thumb Code     2  stm32wlxx_it.o(.text.SVC_Handler)
    SX126X_ClearDeviceErrors                 0x0800213d   Thumb Code    22  sx126x.o(.text.SX126X_ClearDeviceErrors)
    SX126X_ClearIrqStatus                    0x08002153   Thumb Code    22  sx126x.o(.text.SX126X_ClearIrqStatus)
    SX126X_GetDeviceErrors                   0x08002169   Thumb Code    36  sx126x.o(.text.SX126X_GetDeviceErrors)
    SX126X_GetIrqStatus                      0x0800218d   Thumb Code    24  sx126x.o(.text.SX126X_GetIrqStatus)
    SX126X_GetRssiInst                       0x080021a5   Thumb Code    20  sx126x.o(.text.SX126X_GetRssiInst)
    SX126X_GetStatus                         0x080021b9   Thumb Code    20  sx126x.o(.text.SX126X_GetStatus)
    SX126X_LNAboost                          0x080021cd   Thumb Code    16  sx126x.o(.text.SX126X_LNAboost)
    SX126X_SetBufferBaseAddress              0x080021dd   Thumb Code    20  sx126x.o(.text.SX126X_SetBufferBaseAddress)
    SX126X_SetCW                             0x080021f1   Thumb Code    24  sx126x.o(.text.SX126X_SetCW)
    SX126X_SetDIO2AsRfSwitchCtrl             0x08002209   Thumb Code    18  sx126x.o(.text.SX126X_SetDIO2AsRfSwitchCtrl)
    SX126X_SetDioIrqParams                   0x0800221b   Thumb Code    56  sx126x.o(.text.SX126X_SetDioIrqParams)
    SX126X_SetFs                             0x08002253   Thumb Code    10  sx126x.o(.text.SX126X_SetFs)
    SX126X_SetFskAddr                        0x0800225d   Thumb Code    32  sx126x.o(.text.SX126X_SetFskAddr)
    SX126X_SetFskCrcWhitening                0x0800227d   Thumb Code   100  sx126x.o(.text.SX126X_SetFskCrcWhitening)
    SX126X_SetFskModParams                   0x080022e5   Thumb Code   112  sx126x.o(.text.SX126X_SetFskModParams)
    SX126X_SetFskPacketParams                0x08002359   Thumb Code    98  sx126x.o(.text.SX126X_SetFskPacketParams)
    SX126X_SetFskSyncWord                    0x080023bb   Thumb Code    32  sx126x.o(.text.SX126X_SetFskSyncWord)
    SX126X_SetLoRaModParams                  0x080023db   Thumb Code    90  sx126x.o(.text.SX126X_SetLoRaModParams)
    SX126X_SetLoRaPacketParams               0x08002435   Thumb Code    86  sx126x.o(.text.SX126X_SetLoRaPacketParams)
    SX126X_SetPaConfig                       0x0800248b   Thumb Code    38  sx126x.o(.text.SX126X_SetPaConfig)
    SX126X_SetPacketType                     0x080024b1   Thumb Code    18  sx126x.o(.text.SX126X_SetPacketType)
    SX126X_SetRfFrequency                    0x080024c3   Thumb Code    18  sx126x.o(.text.SX126X_SetRfFrequency)
    SX126X_SetRx                             0x080024d5   Thumb Code    36  sx126x.o(.text.SX126X_SetRx)
    SX126X_SetSleep                          0x080024f9   Thumb Code    24  sx126x.o(.text.SX126X_SetSleep)
    SX126X_SetStandby                        0x08002511   Thumb Code    24  sx126x.o(.text.SX126X_SetStandby)
    SX126X_SetTx                             0x08002529   Thumb Code    36  sx126x.o(.text.SX126X_SetTx)
    SX126X_SetTxInfinitePreamble             0x0800254d   Thumb Code    24  sx126x.o(.text.SX126X_SetTxInfinitePreamble)
    SX126X_SetTxParams                       0x08002565   Thumb Code    46  sx126x.o(.text.SX126X_SetTxParams)
    SX126X_checkBusy                         0x08002595   Thumb Code    28  sx126x_interface.o(.text.SX126X_checkBusy)
    SX126X_config                            0x080025b9   Thumb Code   216  sx126x_config.o(.text.SX126X_config)
    SX126X_configcommon                      0x08002691   Thumb Code   112  sx126x_config.o(.text.SX126X_configcommon)
    SX126X_deselect                          0x08002705   Thumb Code     8  sx126x_interface.o(.text.SX126X_deselect)
    SX126X_readCmd                           0x0800270d   Thumb Code    60  sx126x_interface.o(.text.SX126X_readCmd)
    SX126X_readReg                           0x08002749   Thumb Code    18  sx126x_interface.o(.text.SX126X_readReg)
    SX126X_readRegs                          0x0800275d   Thumb Code    76  sx126x_interface.o(.text.SX126X_readRegs)
    SX126X_reset                             0x080027a9   Thumb Code     8  sx126x_interface.o(.text.SX126X_reset)
    SX126X_rfsw_rx                           0x080027b1   Thumb Code     8  sx126x_interface.o(.text.SX126X_rfsw_rx)
    SX126X_rfsw_tx                           0x080027b9   Thumb Code     8  sx126x_interface.o(.text.SX126X_rfsw_tx)
    SX126X_select                            0x080027c1   Thumb Code     8  sx126x_interface.o(.text.SX126X_select)
    SX126X_setopmode                         0x080027c9   Thumb Code    64  sx126x_config.o(.text.SX126X_setopmode)
    SX126X_spi_transfer                      0x08002809   Thumb Code    12  sx126x_interface.o(.text.SX126X_spi_transfer)
    SX126X_writeCmd                          0x08002815   Thumb Code    66  sx126x_interface.o(.text.SX126X_writeCmd)
    SX126X_writeReg                          0x08002857   Thumb Code    18  sx126x_interface.o(.text.SX126X_writeReg)
    SX126X_writeRegs                         0x08002869   Thumb Code    72  sx126x_interface.o(.text.SX126X_writeRegs)
    SysTick_Handler                          0x080028b5   Thumb Code     4  stm32wlxx_it.o(.text.SysTick_Handler)
    SystemCoreClockUpdate                    0x080028b9   Thumb Code   140  system_stm32wlxx.o(.text.SystemCoreClockUpdate)
    SystemInit                               0x0800295d   Thumb Code     2  system_stm32wlxx.o(.text.SystemInit)
    TIM16_IRQHandler                         0x08002961   Thumb Code    24  ustimer.o(.text.TIM16_IRQHandler)
    TIM17_IRQHandler                         0x0800297d   Thumb Code    24  ustimer.o(.text.TIM17_IRQHandler)
    TIM1_UP_IRQHandler                       0x0800299d   Thumb Code     2  stm32wlxx_it.o(.text.TIM1_UP_IRQHandler)
    TIM2_IRQHandler                          0x0800299f   Thumb Code     2  stm32wlxx_it.o(.text.TIM2_IRQHandler)
    USART1_IRQHandler                        0x080029a1   Thumb Code     4  uart.o(.text.USART1_IRQHandler)
    UsageFault_Handler                       0x080029a5   Thumb Code     2  stm32wlxx_it.o(.text.UsageFault_Handler)
    auxspi_init                              0x080029cd   Thumb Code   132  aux_spi.o(.text.auxspi_init)
    auxspi_transfer                          0x08002a5d   Thumb Code    28  aux_spi.o(.text.auxspi_transfer)
    b1_act                                   0x08002a7d   Thumb Code   100  menu.o(.text.b1_act)
    b1_enter                                 0x08002ae5   Thumb Code    44  menu.o(.text.b1_enter)
    b1_exit                                  0x08002b11   Thumb Code    44  menu.o(.text.b1_exit)
    b1_freqstep                              0x08002b49   Thumb Code   136  menu.o(.text.b1_freqstep)
    b1_rssi                                  0x08002bd1   Thumb Code   124  menu.o(.text.b1_rssi)
    b1_startfreq                             0x08002c4d   Thumb Code   168  menu.o(.text.b1_startfreq)
    b1_stopfreq                              0x08002cf5   Thumb Code   172  menu.o(.text.b1_stopfreq)
    b2_act                                   0x08002dc9   Thumb Code   104  menu.o(.text.b2_act)
    b2_enter                                 0x08002e41   Thumb Code    44  menu.o(.text.b2_enter)
    b2_exit                                  0x08002e71   Thumb Code    44  menu.o(.text.b2_exit)
    b2_freqstep                              0x08002ead   Thumb Code   136  menu.o(.text.b2_freqstep)
    b2_rssi                                  0x08002f45   Thumb Code   128  menu.o(.text.b2_rssi)
    b2_startfreq                             0x08002fd1   Thumb Code   168  menu.o(.text.b2_startfreq)
    b2_stopfreq                              0x08003085   Thumb Code   172  menu.o(.text.b2_stopfreq)
    cbRETARGET_Rx                            0x0800315d   Thumb Code    60  retarget.o(.text.cbRETARGET_Rx)
    ciErrorCallback                          0x080031a5   Thumb Code    16  app_cli.o(.text.ciErrorCallback)
    ciGetSigned                              0x080031c1   Thumb Code     8  command_interpreter.o(.text.ciGetSigned)
    ciGetUnsigned                            0x080031c9   Thumb Code     8  command_interpreter.o(.text.ciGetUnsigned)
    ciInitState                              0x080031d1   Thumb Code    28  command_interpreter.o(.text.ciInitState)
    ciPrintHelp                              0x080031ed   Thumb Code   196  command_interpreter.o(.text.ciPrintHelp)
    ciProcessInput                           0x080032f9   Thumb Code   676  command_interpreter.o(.text.ciProcessInput)
    cli_RSSIcal                              0x080035a9   Thumb Code   292  app_cli.o(.text.cli_RSSIcal)
    cli_clearerrors                          0x08003715   Thumb Code    32  app_cli.o(.text.cli_clearerrors)
    cli_dumpregs                             0x08003761   Thumb Code    72  app_cli.o(.text.cli_dumpregs)
    cli_fs_getaddr                           0x080037c9   Thumb Code    48  app_cli.o(.text.cli_fs_getaddr)
    cli_fs_getcrcwhite                       0x08003839   Thumb Code    68  app_cli.o(.text.cli_fs_getcrcwhite)
    cli_fs_getmodparams                      0x080038a9   Thumb Code   240  app_cli.o(.text.cli_fs_getmodparams)
    cli_fs_getpacketparams                   0x08003a45   Thumb Code   148  app_cli.o(.text.cli_fs_getpacketparams)
    cli_fs_getsync                           0x08003b89   Thumb Code    88  app_cli.o(.text.cli_fs_getsync)
    cli_fs_setaddr                           0x08003c19   Thumb Code    88  app_cli.o(.text.cli_fs_setaddr)
    cli_fs_setcrcwhite                       0x08003c7d   Thumb Code   128  app_cli.o(.text.cli_fs_setcrcwhite)
    cli_fs_setmodparams                      0x08003d2d   Thumb Code   496  app_cli.o(.text.cli_fs_setmodparams)
    cli_fs_setpacketparams                   0x08003fd5   Thumb Code   244  app_cli.o(.text.cli_fs_setpacketparams)
    cli_fs_setsync                           0x08004179   Thumb Code   160  app_cli.o(.text.cli_fs_setsync)
    cli_getRSSI                              0x08004245   Thumb Code    48  app_cli.o(.text.cli_getRSSI)
    cli_getactivescans                       0x080042a5   Thumb Code    16  app_cli.o(.text.cli_getactivescans)
    cli_getctune                             0x080042cd   Thumb Code     8  app_cli.o(.text.cli_getctune)
    cli_getdevid                             0x080042f1   Thumb Code     8  app_cli.o(.text.cli_getdevid)
    cli_geterrors                            0x0800430d   Thumb Code    56  app_cli.o(.text.cli_geterrors)
    cli_getkfreq                             0x08004371   Thumb Code    48  app_cli.o(.text.cli_getkfreq)
    cli_getmodem                             0x080043cd   Thumb Code    44  app_cli.o(.text.cli_getmodem)
    cli_getscanparams                        0x08004421   Thumb Code   132  app_cli.o(.text.cli_getscanparams)
    cli_getstatus                            0x080044cd   Thumb Code    60  app_cli.o(.text.cli_getstatus)
    cli_gettemp                              0x0800453d   Thumb Code    48  app_cli.o(.text.cli_gettemp)
    cli_getuid                               0x08004595   Thumb Code    16  app_cli.o(.text.cli_getuid)
    cli_getvcc                               0x080045c1   Thumb Code    48  app_cli.o(.text.cli_getvcc)
    cli_getver                               0x08004615   Thumb Code    12  app_cli.o(.text.cli_getver)
    cli_getvt                                0x08004641   Thumb Code    24  app_cli.o(.text.cli_getvt)
    cli_init                                 0x08004671   Thumb Code    16  app_cli.o(.text.cli_init)
    cli_initconfig                           0x0800468d   Thumb Code    16  app_cli.o(.text.cli_initconfig)
    cli_lr_getmodparams                      0x080046b1   Thumb Code   220  app_cli.o(.text.cli_lr_getmodparams)
    cli_lr_getpacketparams                   0x08004825   Thumb Code   136  app_cli.o(.text.cli_lr_getpacketparams)
    cli_lr_getsync                           0x08004929   Thumb Code    48  app_cli.o(.text.cli_lr_getsync)
    cli_lr_setmodparams                      0x080049a1   Thumb Code   416  app_cli.o(.text.cli_lr_setmodparams)
    cli_lr_setpacketparams                   0x08004be1   Thumb Code   228  app_cli.o(.text.cli_lr_setpacketparams)
    cli_lr_setsync                           0x08004d45   Thumb Code    72  app_cli.o(.text.cli_lr_setsync)
    cli_proc                                 0x08004ddd   Thumb Code    32  app_cli.o(.text.cli_proc)
    cli_readreg                              0x08004e01   Thumb Code    32  app_cli.o(.text.cli_readreg)
    cli_reset                                0x08004e35   Thumb Code    16  app_cli.o(.text.cli_reset)
    cli_sendburst                            0x08004e51   Thumb Code     2  app_cli.o(.text.cli_sendburst)
    cli_setactivescans                       0x08004e55   Thumb Code    44  app_cli.o(.text.cli_setactivescans)
    cli_setctune                             0x08004e99   Thumb Code     8  app_cli.o(.text.cli_setctune)
    cli_setdevid                             0x08004ebd   Thumb Code     8  app_cli.o(.text.cli_setdevid)
    cli_setkfreq                             0x08004ed9   Thumb Code    88  app_cli.o(.text.cli_setkfreq)
    cli_setmodem                             0x08004f65   Thumb Code    44  app_cli.o(.text.cli_setmodem)
    cli_setopmode                            0x08004fb9   Thumb Code    44  app_cli.o(.text.cli_setopmode)
    cli_setscanparams                        0x0800500d   Thumb Code   152  app_cli.o(.text.cli_setscanparams)
    cli_stopburst                            0x08005101   Thumb Code     2  app_cli.o(.text.cli_stopburst)
    cli_storeconfig                          0x08005105   Thumb Code    16  app_cli.o(.text.cli_storeconfig)
    cli_sweeprx                              0x08005129   Thumb Code   160  app_cli.o(.text.cli_sweeprx)
    cli_sweeptx                              0x08005261   Thumb Code   160  app_cli.o(.text.cli_sweeptx)
    cli_txstream                             0x08005399   Thumb Code    44  app_cli.o(.text.cli_txstream)
    cli_writereg                             0x080053ed   Thumb Code    52  app_cli.o(.text.cli_writereg)
    cls                                      0x08005441   Thumb Code     6  menu.o(.text.cls)
    delay_init                               0x08005449   Thumb Code    24  delay.o(.text.delay_init)
    delay_ms                                 0x08005469   Thumb Code    10  delay.o(.text.delay_ms)
    delay_us                                 0x08005475   Thumb Code    40  delay.o(.text.delay_us)
    display_activation                       0x080054a1   Thumb Code    36  menu.o(.text.display_activation)
    display_freq_step                        0x080054e9   Thumb Code    20  menu.o(.text.display_freq_step)
    display_rssi                             0x0800550d   Thumb Code    88  radio.o(.text.display_rssi)
    display_rssi_tr                          0x08005585   Thumb Code    20  menu.o(.text.display_rssi_tr)
    display_start_freq                       0x080055a9   Thumb Code    20  menu.o(.text.display_start_freq)
    display_stop_freq                        0x080055cd   Thumb Code    20  menu.o(.text.display_stop_freq)
    flash_erase_page                         0x080055f1   Thumb Code    84  flash.o(.text.flash_erase_page)
    flash_program_bytes                      0x08005649   Thumb Code   152  flash.o(.text.flash_program_bytes)
    flash_unlock                             0x080056e5   Thumb Code    32  flash.o(.text.flash_unlock)
    fputc                                    0x08005721   Thumb Code    16  retarget.o(.text.fputc)
    init_peripherals                         0x08005735   Thumb Code    22  bsp.o(.text.init_peripherals)
    init_power_clk                           0x0800574d   Thumb Code   196  bsp.o(.text.init_power_clk)
    init_radio_specific                      0x08005829   Thumb Code    48  bsp.o(.text.init_radio_specific)
    main                                     0x08005871   Thumb Code   112  main.o(.text.main)
    menu_display                             0x08005929   Thumb Code    40  menu.o(.text.menu_display)
    menu_exit                                0x08005951   Thumb Code    20  menu.o(.text.menu_exit)
    menu_init                                0x08005965   Thumb Code    52  menu.o(.text.menu_init)
    menu_proc                                0x080059b1   Thumb Code   112  menu.o(.text.menu_proc)
    mygpio_init                              0x08005a2d   Thumb Code   116  gpio.o(.text.mygpio_init)
    myuart_init                              0x08005aad   Thumb Code   244  uart.o(.text.myuart_init)
    radio_clearerrors                        0x08005bb1   Thumb Code    20  radio.o(.text.radio_clearerrors)
    radio_config                             0x08005bc5   Thumb Code    40  radio.o(.text.radio_config)
    radio_fs                                 0x08005bed   Thumb Code    30  radio.o(.text.radio_fs)
    radio_get_rssi                           0x08005c0d   Thumb Code    52  radio.o(.text.radio_get_rssi)
    radio_geterrors                          0x08005c45   Thumb Code    20  radio.o(.text.radio_geterrors)
    radio_getevents                          0x08005c59   Thumb Code    44  radio.o(.text.radio_getevents)
    radio_getmodem                           0x08005c85   Thumb Code    44  radio.o(.text.radio_getmodem)
    radio_getstatus                          0x08005cb1   Thumb Code    68  radio.o(.text.radio_getstatus)
    radio_init                               0x08005cf5   Thumb Code    92  radio.o(.text.radio_init)
    radio_initconfigs                        0x08005d51   Thumb Code   288  radio.o(.text.radio_initconfigs)
    radio_interface_init                     0x08005ead   Thumb Code    20  radio.o(.text.radio_interface_init)
    radio_proc                               0x08005ec1   Thumb Code   212  radio.o(.text.radio_proc)
    radio_readregister                       0x08005fad   Thumb Code    28  radio.o(.text.radio_readregister)
    radio_rx                                 0x08005fc9   Thumb Code    48  radio.o(.text.radio_rx)
    radio_scan                               0x08005ffd   Thumb Code   188  radio.o(.text.radio_scan)
    radio_set_frequency                      0x080060bd   Thumb Code   136  radio.o(.text.radio_set_frequency)
    radio_setmodem                           0x08006151   Thumb Code    60  radio.o(.text.radio_setmodem)
    radio_setopmode                          0x0800618d   Thumb Code    34  radio.o(.text.radio_setopmode)
    radio_settings_enter                     0x080061b1   Thumb Code    44  menu.o(.text.radio_settings_enter)
    radio_settings_exit                      0x080061e9   Thumb Code    60  menu.o(.text.radio_settings_exit)
    radio_startscan                          0x0800623d   Thumb Code    72  radio.o(.text.radio_startscan)
    radio_stopscan                           0x08006285   Thumb Code    48  radio.o(.text.radio_stopscan)
    radio_stream                             0x080062b5   Thumb Code   116  radio.o(.text.radio_stream)
    radio_sweeptx                            0x0800632d   Thumb Code   160  radio.o(.text.radio_sweeptx)
    radio_writeregister                      0x080063d1   Thumb Code    24  radio.o(.text.radio_writeregister)
    readconfig                               0x080063e9   Thumb Code    16  flash.o(.text.readconfig)
    scankeys                                 0x080063fd   Thumb Code   104  menu.o(.text.scankeys)
    strtok_r                                 0x08006471   Thumb Code    56  command_interpreter.o(.text.strtok_r)
    subghz_deselect                          0x080064a9   Thumb Code    12  subghz.o(.text.subghz_deselect)
    subghz_interface_init                    0x080064b5   Thumb Code   120  subghz.o(.text.subghz_interface_init)
    subghz_reset                             0x08006541   Thumb Code    44  subghz.o(.text.subghz_reset)
    subghz_rfsw_rx                           0x08006571   Thumb Code    12  subghz.o(.text.subghz_rfsw_rx)
    subghz_rfsw_tx                           0x0800657d   Thumb Code    12  subghz.o(.text.subghz_rfsw_tx)
    subghz_select                            0x0800658d   Thumb Code    12  subghz.o(.text.subghz_select)
    subghz_spi_transfer                      0x0800659d   Thumb Code    28  subghz.o(.text.subghz_spi_transfer)
    ustimer_init                             0x080065bd   Thumb Code   108  ustimer.o(.text.ustimer_init)
    ustimer_setinterval                      0x08006631   Thumb Code    16  ustimer.o(.text.ustimer_setinterval)
    ustimer_start                            0x08006645   Thumb Code    24  ustimer.o(.text.ustimer_start)
    ustimer_stop                             0x0800665d   Thumb Code    36  ustimer.o(.text.ustimer_stop)
    writeconfig                              0x080066dd   Thumb Code    52  flash.o(.text.writeconfig)
    __0printf                                0x08006721   Thumb Code    22  printfa.o(i.__0printf)
    __1printf                                0x08006721   Thumb Code     0  printfa.o(i.__0printf)
    __2printf                                0x08006721   Thumb Code     0  printfa.o(i.__0printf)
    __c89printf                              0x08006721   Thumb Code     0  printfa.o(i.__0printf)
    printf                                   0x08006721   Thumb Code     0  printfa.o(i.__0printf)
    __0sprintf                               0x08006741   Thumb Code    34  printfa.o(i.__0sprintf)
    __1sprintf                               0x08006741   Thumb Code     0  printfa.o(i.__0sprintf)
    __2sprintf                               0x08006741   Thumb Code     0  printfa.o(i.__0sprintf)
    __c89sprintf                             0x08006741   Thumb Code     0  printfa.o(i.__0sprintf)
    sprintf                                  0x08006741   Thumb Code     0  printfa.o(i.__0sprintf)
    __aeabi_errno_addr                       0x08006769   Thumb Code     4  errno.o(i.__aeabi_errno_addr)
    __rt_errno_addr                          0x08006769   Thumb Code     0  errno.o(i.__aeabi_errno_addr)
    __scatterload_copy                       0x08006771   Thumb Code    14  handlers.o(i.__scatterload_copy)
    __scatterload_null                       0x0800677f   Thumb Code     2  handlers.o(i.__scatterload_null)
    __scatterload_zeroinit                   0x08006781   Thumb Code    14  handlers.o(i.__scatterload_zeroinit)
    puts                                     0x0800704d   Thumb Code    30  puts.o(i.puts)
    __ctype_table                            0x08007070   Data         129  ctype_o.o(.constdata)
    AHBPrescTable                            0x08007178   Data          64  system_stm32wlxx.o(.rodata.AHBPrescTable)
    APBPrescTable                            0x080071b8   Data          32  system_stm32wlxx.o(.rodata.APBPrescTable)
    F6x8                                     0x080071d8   Data         760  gui.o(.rodata.F6x8)
    F8X16                                    0x080074d0   Data        1520  gui.o(.rodata.F8X16)
    KEY_PIN                                  0x08007ac0   Data          12  menu.o(.rodata.KEY_PIN)
    MSIRangeTable                            0x08007acc   Data          64  system_stm32wlxx.o(.rodata.MSIRangeTable)
    NULL_MENU                                0x08007b0c   Data          24  micromenu.o(.rodata.NULL_MENU)
    calib_0_600                              0x08007b24   Data          20  lr112x_config.o(.rodata.calib_0_600)
    calib_2000_2700                          0x08007b38   Data          20  lr112x_config.o(.rodata.calib_2000_2700)
    calib_600_2000                           0x08007b4c   Data          20  lr112x_config.o(.rodata.calib_600_2000)
    m1_act                                   0x08007b68   Data          42  menu.o(.rodata.m1_act)
    m1_exit                                  0x08007b94   Data          42  menu.o(.rodata.m1_exit)
    m1_rssi                                  0x08007bc0   Data          42  menu.o(.rodata.m1_rssi)
    m1_start                                 0x08007bec   Data          42  menu.o(.rodata.m1_start)
    m1_step                                  0x08007c18   Data          42  menu.o(.rodata.m1_step)
    m1_stop                                  0x08007c44   Data          42  menu.o(.rodata.m1_stop)
    m2_act                                   0x08007c70   Data          42  menu.o(.rodata.m2_act)
    m2_exit                                  0x08007c9c   Data          42  menu.o(.rodata.m2_exit)
    m2_rssi                                  0x08007cc8   Data          42  menu.o(.rodata.m2_rssi)
    m2_start                                 0x08007cf4   Data          42  menu.o(.rodata.m2_start)
    m2_step                                  0x08007d20   Data          42  menu.o(.rodata.m2_step)
    m2_stop                                  0x08007d4c   Data          42  menu.o(.rodata.m2_stop)
    m_additional                             0x08007d78   Data          42  menu.o(.rodata.m_additional)
    m_band1                                  0x08007da4   Data          42  menu.o(.rodata.m_band1)
    m_band2                                  0x08007dd0   Data          42  menu.o(.rodata.m_band2)
    m_exit                                   0x08007dfc   Data          42  menu.o(.rodata.m_exit)
    m_radioexit                              0x08007e28   Data          42  menu.o(.rodata.m_radioexit)
    m_radiosettings                          0x08007e54   Data          42  menu.o(.rodata.m_radiosettings)
    m_timesettings                           0x08007e80   Data          42  menu.o(.rodata.m_timesettings)
    Region$$Table$$Base                      0x08008794   Number         0  anon$$obj.o(Region$$Table)
    Region$$Table$$Limit                     0x080087c4   Number         0  anon$$obj.o(Region$$Table)
    flashbuffer                              0x20000000   Data        4096  flash.o(.bss.flashbuffer)
    __stdout                                 0x20008000   Data           4  stdout.o(.data)
    Key                                      0x20008008   Data           1  menu.o(.data..L_MergedGlobals)
    KEY_PORT                                 0x2000800c   Data          12  menu.o(.data..L_MergedGlobals)
    CurrentMenuItem                          0x20008018   Data           4  micromenu.o(.data.CurrentMenuItem)
    SystemCoreClock                          0x2000801c   Data           4  system_stm32wlxx.o(.data.SystemCoreClock)
    commands                                 0x20008020   Data         816  app_cli.o(.data.commands)
    radioflags                               0x20008360   Data           2  radio.o(.bss..L_MergedGlobals)
    opmodes                                  0x20008362   Data           2  radio.o(.bss..L_MergedGlobals)
    prevopmodes                              0x20008364   Data           2  radio.o(.bss..L_MergedGlobals)
    txmode                                   0x20008366   Data           2  radio.o(.bss..L_MergedGlobals)
    sweeptx                                  0x20008368   Data           2  radio.o(.bss..L_MergedGlobals)
    sweeprx                                  0x2000836a   Data           2  radio.o(.bss..L_MergedGlobals)
    rssi_tr                                  0x2000836c   Data           8  radio.o(.bss..L_MergedGlobals)
    rssi_peak                                0x20008374   Data           8  radio.o(.bss..L_MergedGlobals)
    currfreq                                 0x2000837c   Data           8  radio.o(.bss..L_MergedGlobals)
    freqstep                                 0x20008384   Data           8  radio.o(.bss..L_MergedGlobals)
    stopfreq                                 0x2000838c   Data           8  radio.o(.bss..L_MergedGlobals)
    startfreq                                0x20008394   Data           8  radio.o(.bss..L_MergedGlobals)
    prevfreq                                 0x2000839c   Data           8  radio.o(.bss..L_MergedGlobals)
    radioevents                              0x200083a4   Data           8  radio.o(.bss..L_MergedGlobals)
    keypress                                 0x200083ac   Data           3  menu.o(.bss..L_MergedGlobals.27)
    key_cnt                                  0x200083b0   Data          12  menu.o(.bss..L_MergedGlobals.27)
    Vcc                                      0x200087c0   Data           4  adc.o(.bss.Vcc)
    ciBuffer                                 0x200087c4   Data         256  app_cli.o(.bss.ciBuffer)
    globalrfconfig                           0x200088c4   Data         148  radio.o(.bss.globalrfconfig)
    menu_mode                                0x20008958   Data           1  menu.o(.bss.menu_mode)
    rxBuffer                                 0x20008959   Data         512  retarget.o(.bss.rxBuffer)
    state                                    0x20008b5c   Data          20  app_cli.o(.bss.state)
    strbuffer                                0x20008b70   Data          64  ssd1306_interface.o(.bss.strbuffer)
    sweepflag                                0x20008bb0   Data           2  ustimer.o(.bss.sweepflag)
    __initial_sp                             0x20008fb8   Data           0  startup_stm32wle5xx.o(STACK)



==============================================================================

Memory Map of the image

  Image Entry point : 0x08000139

  Load Region LR_IROM1 (Base: 0x08000000, Size: 0x00008b18, Max: 0x00040000, ABSOLUTE, COMPRESSED[0x000089b8])

    Execution Region ER_IROM1 (Exec base: 0x08000000, Load base: 0x08000000, Size: 0x000087c4, Max: 0x00040000, ABSOLUTE)

    Exec Addr    Load Addr    Size         Type   Attr      Idx    E Section Name        Object

    0x08000000   0x08000000   0x00000138   Data   RO          352    RESET               startup_stm32wle5xx.o
    0x08000138   0x08000138   0x00000000   Code   RO         1413  * .ARM.Collect$$$$00000000  mc_w.l(entry.o)
    0x08000138   0x08000138   0x00000004   Code   RO         1750    .ARM.Collect$$$$00000001  mc_w.l(entry2.o)
    0x0800013c   0x0800013c   0x00000004   Code   RO         1753    .ARM.Collect$$$$00000004  mc_w.l(entry5.o)
    0x08000140   0x08000140   0x00000000   Code   RO         1755    .ARM.Collect$$$$00000008  mc_w.l(entry7b.o)
    0x08000140   0x08000140   0x00000000   Code   RO         1757    .ARM.Collect$$$$0000000A  mc_w.l(entry8b.o)
    0x08000140   0x08000140   0x00000008   Code   RO         1758    .ARM.Collect$$$$0000000B  mc_w.l(entry9a.o)
    0x08000148   0x08000148   0x00000000   Code   RO         1760    .ARM.Collect$$$$0000000D  mc_w.l(entry10a.o)
    0x08000148   0x08000148   0x00000000   Code   RO         1762    .ARM.Collect$$$$0000000F  mc_w.l(entry11a.o)
    0x08000148   0x08000148   0x00000004   Code   RO         1751    .ARM.Collect$$$$00002712  mc_w.l(entry2.o)
    0x0800014c   0x0800014c   0x00000024   Code   RO          353    .text               startup_stm32wle5xx.o
    0x08000170   0x08000170   0x0000001e   Code   RO         1423    .text               mc_w.l(llshl.o)
    0x0800018e   0x0800018e   0x00000040   Code   RO         1430    .text               mc_w.l(memmovea.o)
    0x080001ce   0x080001ce   0x00000024   Code   RO         1432    .text               mc_w.l(memseta.o)
    0x080001f2   0x080001f2   0x00000014   Code   RO         1434    .text               mc_w.l(strchr.o)
    0x08000206   0x08000206   0x0000000e   Code   RO         1436    .text               mc_w.l(strlen.o)
    0x08000214   0x08000214   0x0000001c   Code   RO         1438    .text               mc_w.l(strspn.o)
    0x08000230   0x08000230   0x00000022   Code   RO         1440    .text               mc_w.l(strcspn.o)
    0x08000252   0x08000252   0x0000002a   Code   RO         1446    .text               mc_w.l(strcasecmp.o)
    0x0800027c   0x0800027c   0x00000070   Code   RO         1716    .text               mc_w.l(strtol.o)
    0x080002ec   0x080002ec   0x00000072   Code   RO         1718    .text               mc_w.l(strtoul.o)
    0x0800035e   0x0800035e   0x00000064   Code   RO         1720    .text               mf_w.l(fmul.o)
    0x080003c2   0x080003c2   0x0000014e   Code   RO         1722    .text               mf_w.l(dadd.o)
    0x08000510   0x08000510   0x000000e4   Code   RO         1724    .text               mf_w.l(dmul.o)
    0x080005f4   0x080005f4   0x000000de   Code   RO         1726    .text               mf_w.l(ddiv.o)
    0x080006d2   0x080006d2   0x0000001c   Code   RO         1728    .text               mf_w.l(fcmple.o)
    0x080006ee   0x080006ee   0x0000001c   Code   RO         1730    .text               mf_w.l(fcmplt.o)
    0x0800070a   0x0800070a   0x00000012   Code   RO         1732    .text               mf_w.l(fflti.o)
    0x0800071c   0x0800071c   0x0000000a   Code   RO         1734    .text               mf_w.l(ffltui.o)
    0x08000726   0x08000726   0x00000022   Code   RO         1736    .text               mf_w.l(dflti.o)
    0x08000748   0x08000748   0x0000001a   Code   RO         1738    .text               mf_w.l(dfltui.o)
    0x08000762   0x08000762   0x00000032   Code   RO         1740    .text               mf_w.l(ffixi.o)
    0x08000794   0x08000794   0x00000028   Code   RO         1742    .text               mf_w.l(ffixui.o)
    0x080007bc   0x080007bc   0x00000032   Code   RO         1744    .text               mf_w.l(dfixui.o)
    0x080007ee   0x080007ee   0x00000026   Code   RO         1746    .text               mf_w.l(f2d.o)
    0x08000814   0x08000814   0x00000038   Code   RO         1748    .text               mf_w.l(d2f.o)
    0x0800084c   0x0800084c   0x0000002c   Code   RO         1773    .text               mc_w.l(uidiv.o)
    0x08000878   0x08000878   0x00000062   Code   RO         1775    .text               mc_w.l(uldiv.o)
    0x080008da   0x080008da   0x00000020   Code   RO         1777    .text               mc_w.l(llushr.o)
    0x080008fa   0x080008fa   0x00000024   Code   RO         1779    .text               mc_w.l(llsshr.o)
    0x0800091e   0x0800091e   0x00000002   PAD
    0x08000920   0x08000920   0x00000008   Code   RO         1781    .text               mc_w.l(ctype_o.o)
    0x08000928   0x08000928   0x0000000c   Code   RO         1809    .text               mc_w.l(tolower.o)
    0x08000934   0x08000934   0x0000009e   Code   RO         1811    .text               mc_w.l(_strtoul.o)
    0x080009d2   0x080009d2   0x00000000   Code   RO         1815    .text               mc_w.l(iusefp.o)
    0x080009d2   0x080009d2   0x0000006e   Code   RO         1816    .text               mf_w.l(fepilogue.o)
    0x08000a40   0x08000a40   0x000000ba   Code   RO         1818    .text               mf_w.l(depilogue.o)
    0x08000afa   0x08000afa   0x00000030   Code   RO         1820    .text               mf_w.l(dfixul.o)
    0x08000b2a   0x08000b2a   0x00000002   PAD
    0x08000b2c   0x08000b2c   0x00000030   Code   RO         1822    .text               mf_w.l(cdrcmple.o)
    0x08000b5c   0x08000b5c   0x00000030   Code   RO         1824    .text               mc_w.l(init.o)
    0x08000b8c   0x08000b8c   0x0000001c   Code   RO         1826    .text               mc_w.l(_chval.o)
    0x08000ba8   0x08000ba8   0x00000056   Code   RO         1851    .text               mc_w.l(__dczerorl2.o)
    0x08000bfe   0x08000bfe   0x00000002   PAD
    0x08000c00   0x08000c00   0x00000014   Code   RO          637    .text.ADC_IRQHandler  adc.o
    0x08000c14   0x08000c14   0x00000002   Code   RO          219    .text.AES_IRQHandler  stm32wlxx_it.o
    0x08000c16   0x08000c16   0x00000002   Code   RO          199    .text.BusFault_Handler  stm32wlxx_it.o
    0x08000c18   0x08000c18   0x00000002   Code   RO          205    .text.DebugMon_Handler  stm32wlxx_it.o
    0x08000c1a   0x08000c1a   0x00000002   PAD
    0x08000c1c   0x08000c1c   0x000000c4   Code   RO         1262    .text.GUI_ShowChar  gui.o
    0x08000ce0   0x08000ce0   0x00000056   Code   RO         1264    .text.GUI_ShowString  gui.o
    0x08000d36   0x08000d36   0x00000002   PAD
    0x08000d38   0x08000d38   0x00000014   Code   RO          267    .text.Generic_Write  menu.o
    0x08000d4c   0x08000d4c   0x00000002   Code   RO          215    .text.HSEM_IRQHandler  stm32wlxx_it.o
    0x08000d4e   0x08000d4e   0x00000002   Code   RO          195    .text.HardFault_Handler  stm32wlxx_it.o
    0x08000d50   0x08000d50   0x0000001c   Code   RO          701    .text.LL_AHB2_GRP1_EnableClock  gpio.o
    0x08000d6c   0x08000d6c   0x0000001c   Code   RO          614    .text.LL_APB2_GRP1_EnableClock  ustimer.o
    0x08000d88   0x08000d88   0x000000c4   Code   RO          402    .text.LL_GPIO_Init  stm32wlxx_ll_gpio.o
    0x08000e4c   0x08000e4c   0x00000084   Code   RO          428    .text.LL_RCC_GetUSARTClockFreq  stm32wlxx_ll_rcc.o
    0x08000ed0   0x08000ed0   0x00000080   Code   RO          468    .text.LL_SPI_Init   stm32wlxx_ll_spi.o
    0x08000f50   0x08000f50   0x0000000c   Code   RO          550    .text.LL_SetSystemCoreClock  stm32wlxx_ll_utils.o
    0x08000f5c   0x08000f5c   0x00000074   Code   RO          492    .text.LL_TIM_Init   stm32wlxx_ll_tim.o
    0x08000fd0   0x08000fd0   0x000000e8   Code   RO          530    .text.LL_USART_Init  stm32wlxx_ll_usart.o
    0x080010b8   0x080010b8   0x00000014   Code   RO          935    .text.LR112X_Calibrate  lr112x.o
    0x080010cc   0x080010cc   0x00000008   Code   RO          959    .text.LR112X_ClearErrors  lr112x.o
    0x080010d4   0x080010d4   0x00000014   Code   RO          969    .text.LR112X_ClearIrq  lr112x.o
    0x080010e8   0x080010e8   0x00000022   Code   RO          981    .text.LR112X_ConfigLfClock  lr112x.o
    0x0800110a   0x0800110a   0x0000001c   Code   RO          999    .text.LR112X_GetRssiInst  lr112x.o
    0x08001126   0x08001126   0x00000040   Code   RO          955    .text.LR112X_GetStatus  lr112x.o
    0x08001166   0x08001166   0x00000002   PAD
    0x08001168   0x08001168   0x00000074   Code   RO          975    .text.LR112X_GetTemp  lr112x.o
    0x080011dc   0x080011dc   0x0000004c   Code   RO          979    .text.LR112X_GetVbat  lr112x.o
    0x08001228   0x08001228   0x0000009c   Code   RO          845    .text.LR112X_ReadReg32  lr112x_interface.o
    0x080012c4   0x080012c4   0x00000040   Code   RO          802    .text.LR112X_RssiCal  lr112x_config.o
    0x08001304   0x08001304   0x0000003a   Code   RO          971    .text.LR112X_SetDioAsRfSwitch  lr112x.o
    0x0800133e   0x0800133e   0x00000012   Code   RO          967    .text.LR112X_SetDioIrqParams  lr112x.o
    0x08001350   0x08001350   0x00000008   Code   RO          941    .text.LR112X_SetFs  lr112x.o
    0x08001358   0x08001358   0x00000044   Code   RO         1033    .text.LR112X_SetFskModulationParams  lr112x.o
    0x0800139c   0x0800139c   0x00000042   Code   RO         1035    .text.LR112X_SetFskPacketParams  lr112x.o
    0x080013de   0x080013de   0x00000012   Code   RO         1041    .text.LR112X_SetGfskCrcParams  lr112x.o
    0x080013f0   0x080013f0   0x0000000c   Code   RO         1037    .text.LR112X_SetGfskSyncWord  lr112x.o
    0x080013fc   0x080013fc   0x00000018   Code   RO         1043    .text.LR112X_SetGfskWhitParams  lr112x.o
    0x08001414   0x08001414   0x00000046   Code   RO         1019    .text.LR112X_SetLoRaModulationParams  lr112x.o
    0x0800145a   0x0800145a   0x0000003e   Code   RO         1021    .text.LR112X_SetLoRaPacketParams  lr112x.o
    0x08001498   0x08001498   0x00000014   Code   RO         1009    .text.LR112X_SetLoRaSyncWord  lr112x.o
    0x080014ac   0x080014ac   0x00000034   Code   RO         1047    .text.LR112X_SetPaConfig  lr112x.o
    0x080014e0   0x080014e0   0x00000014   Code   RO         1039    .text.LR112X_SetPacketAdrs  lr112x.o
    0x080014f4   0x080014f4   0x0000001a   Code   RO         1015    .text.LR112X_SetPacketType  lr112x.o
    0x0800150e   0x0800150e   0x00000014   Code   RO          977    .text.LR112X_SetRegMode  lr112x.o
    0x08001522   0x08001522   0x00000014   Code   RO          985    .text.LR112X_SetRfFrequency  lr112x.o
    0x08001536   0x08001536   0x0000009a   Code   RO         1013    .text.LR112X_SetRssiCalibration  lr112x.o
    0x080015d0   0x080015d0   0x00000022   Code   RO          987    .text.LR112X_SetRx  lr112x.o
    0x080015f2   0x080015f2   0x00000014   Code   RO         1007    .text.LR112X_SetRxBoosted  lr112x.o
    0x08001606   0x08001606   0x0000001a   Code   RO          993    .text.LR112X_SetRxTxFallbackMode  lr112x.o
    0x08001620   0x08001620   0x00000032   Code   RO          937    .text.LR112X_SetSleep  lr112x.o
    0x08001652   0x08001652   0x0000001a   Code   RO          931    .text.LR112X_SetStandby  lr112x.o
    0x0800166c   0x0800166c   0x00000022   Code   RO          989    .text.LR112X_SetTx  lr112x.o
    0x0800168e   0x0800168e   0x00000008   Code   RO         1055    .text.LR112X_SetTxCw  lr112x.o
    0x08001696   0x08001696   0x00000008   Code   RO         1057    .text.LR112X_SetTxInfinitePreamble  lr112x.o
    0x0800169e   0x0800169e   0x00000014   Code   RO         1049    .text.LR112X_SetTxParams  lr112x.o
    0x080016b2   0x080016b2   0x0000003c   Code   RO          843    .text.LR112X_WriteReg32  lr112x_interface.o
    0x080016ee   0x080016ee   0x00000002   PAD
    0x080016f0   0x080016f0   0x00000024   Code   RO          827    .text.LR112X_checkBusy  lr112x_interface.o
    0x08001714   0x08001714   0x0000015c   Code   RO          798    .text.LR112X_config  lr112x_config.o
    0x08001870   0x08001870   0x00000098   Code   RO          800    .text.LR112X_configcommon  lr112x_config.o
    0x08001908   0x08001908   0x0000000c   Code   RO          831    .text.LR112X_deselect  lr112x_interface.o
    0x08001914   0x08001914   0x0000006c   Code   RO          821    .text.LR112X_interface_init  lr112x_interface.o
    0x08001980   0x08001980   0x00000074   Code   RO          837    .text.LR112X_readCmd  lr112x_interface.o
    0x080019f4   0x080019f4   0x00000020   Code   RO          823    .text.LR112X_reset  lr112x_interface.o
    0x08001a14   0x08001a14   0x00000010   Code   RO          829    .text.LR112X_select  lr112x_interface.o
    0x08001a24   0x08001a24   0x00000040   Code   RO          804    .text.LR112X_setopmode  lr112x_config.o
    0x08001a64   0x08001a64   0x0000000c   Code   RO          835    .text.LR112X_spi_transfer  lr112x_interface.o
    0x08001a70   0x08001a70   0x0000005c   Code   RO          833    .text.LR112X_writeCmd  lr112x_interface.o
    0x08001acc   0x08001acc   0x00000052   Code   RO          847    .text.LR112X_writeRegMemMask32  lr112x_interface.o
    0x08001b1e   0x08001b1e   0x00000002   Code   RO          197    .text.MemManage_Handler  stm32wlxx_it.o
    0x08001b20   0x08001b20   0x00000018   Code   RO         1397    .text.Menu_EnterCurrentItem  micromenu.o
    0x08001b38   0x08001b38   0x00000008   Code   RO         1391    .text.Menu_GetCurrentMenu  micromenu.o
    0x08001b40   0x08001b40   0x00000030   Code   RO         1393    .text.Menu_Navigate  micromenu.o
    0x08001b70   0x08001b70   0x00000014   Code   RO         1395    .text.Menu_SetGenericWriteCallback  micromenu.o
    0x08001b84   0x08001b84   0x00000002   Code   RO          193    .text.NMI_Handler   stm32wlxx_it.o
    0x08001b86   0x08001b86   0x00000008   Code   RO          114    .text.OUTLINED_FUNCTION_0  app_cli.o
    0x08001b8e   0x08001b8e   0x0000000e   Code   RO          287    .text.OUTLINED_FUNCTION_0  menu.o
    0x08001b9c   0x08001b9c   0x0000000a   Code   RO          779    .text.OUTLINED_FUNCTION_0  radio.o
    0x08001ba6   0x08001ba6   0x00000008   Code   RO          853    .text.OUTLINED_FUNCTION_0  lr112x_interface.o
    0x08001bae   0x08001bae   0x00000014   Code   RO          919    .text.OUTLINED_FUNCTION_0  sx126x_interface.o
    0x08001bc2   0x08001bc2   0x00000030   Code   RO         1059    .text.OUTLINED_FUNCTION_0  lr112x.o
    0x08001bf2   0x08001bf2   0x00000008   Code   RO          116    .text.OUTLINED_FUNCTION_1  app_cli.o
    0x08001bfa   0x08001bfa   0x00000010   Code   RO          289    .text.OUTLINED_FUNCTION_1  menu.o
    0x08001c0a   0x08001c0a   0x0000000e   Code   RO          446    .text.OUTLINED_FUNCTION_1  stm32wlxx_ll_rcc.o
    0x08001c18   0x08001c18   0x0000000e   Code   RO          781    .text.OUTLINED_FUNCTION_1  radio.o
    0x08001c26   0x08001c26   0x00000006   Code   RO          855    .text.OUTLINED_FUNCTION_1  lr112x_interface.o
    0x08001c2c   0x08001c2c   0x00000006   Code   RO          921    .text.OUTLINED_FUNCTION_1  sx126x_interface.o
    0x08001c32   0x08001c32   0x00000008   Code   RO         1061    .text.OUTLINED_FUNCTION_1  lr112x.o
    0x08001c3a   0x08001c3a   0x0000000c   Code   RO         1272    .text.OUTLINED_FUNCTION_1  gui.o
    0x08001c46   0x08001c46   0x00000010   Code   RO         1079    .text.OUTLINED_FUNCTION_10  lr112x.o
    0x08001c56   0x08001c56   0x0000000a   Code   RO         1083    .text.OUTLINED_FUNCTION_12  lr112x.o
    0x08001c60   0x08001c60   0x00000006   Code   RO         1085    .text.OUTLINED_FUNCTION_13  lr112x.o
    0x08001c66   0x08001c66   0x00000006   Code   RO         1089    .text.OUTLINED_FUNCTION_15  lr112x.o
    0x08001c6c   0x08001c6c   0x00000006   Code   RO          118    .text.OUTLINED_FUNCTION_2  app_cli.o
    0x08001c72   0x08001c72   0x0000000c   Code   RO          291    .text.OUTLINED_FUNCTION_2  menu.o
    0x08001c7e   0x08001c7e   0x0000000a   Code   RO          448    .text.OUTLINED_FUNCTION_2  stm32wlxx_ll_rcc.o
    0x08001c88   0x08001c88   0x0000000e   Code   RO          783    .text.OUTLINED_FUNCTION_2  radio.o
    0x08001c96   0x08001c96   0x00000006   Code   RO          857    .text.OUTLINED_FUNCTION_2  lr112x_interface.o
    0x08001c9c   0x08001c9c   0x00000006   Code   RO         1063    .text.OUTLINED_FUNCTION_2  lr112x.o
    0x08001ca2   0x08001ca2   0x00000016   Code   RO         1193    .text.OUTLINED_FUNCTION_2  sx126x.o
    0x08001cb8   0x08001cb8   0x00000006   Code   RO          120    .text.OUTLINED_FUNCTION_3  app_cli.o
    0x08001cbe   0x08001cbe   0x0000000e   Code   RO          293    .text.OUTLINED_FUNCTION_3  menu.o
    0x08001ccc   0x08001ccc   0x0000000c   Code   RO          859    .text.OUTLINED_FUNCTION_3  lr112x_interface.o
    0x08001cd8   0x08001cd8   0x00000006   Code   RO         1195    .text.OUTLINED_FUNCTION_3  sx126x.o
    0x08001cde   0x08001cde   0x00000006   Code   RO          122    .text.OUTLINED_FUNCTION_4  app_cli.o
    0x08001ce4   0x08001ce4   0x0000000c   Code   RO          295    .text.OUTLINED_FUNCTION_4  menu.o
    0x08001cf0   0x08001cf0   0x0000000a   Code   RO          452    .text.OUTLINED_FUNCTION_4  stm32wlxx_ll_rcc.o
    0x08001cfa   0x08001cfa   0x0000000a   Code   RO          861    .text.OUTLINED_FUNCTION_4  lr112x_interface.o
    0x08001d04   0x08001d04   0x00000006   Code   RO         1067    .text.OUTLINED_FUNCTION_4  lr112x.o
    0x08001d0a   0x08001d0a   0x0000000a   Code   RO         1197    .text.OUTLINED_FUNCTION_4  sx126x.o
    0x08001d14   0x08001d14   0x0000000a   Code   RO          124    .text.OUTLINED_FUNCTION_5  app_cli.o
    0x08001d1e   0x08001d1e   0x00000006   Code   RO          297    .text.OUTLINED_FUNCTION_5  menu.o
    0x08001d24   0x08001d24   0x00000014   Code   RO          863    .text.OUTLINED_FUNCTION_5  lr112x_interface.o
    0x08001d38   0x08001d38   0x0000000a   Code   RO          126    .text.OUTLINED_FUNCTION_6  app_cli.o
    0x08001d42   0x08001d42   0x0000000a   Code   RO          299    .text.OUTLINED_FUNCTION_6  menu.o
    0x08001d4c   0x08001d4c   0x00000008   Code   RO         1071    .text.OUTLINED_FUNCTION_6  lr112x.o
    0x08001d54   0x08001d54   0x0000000a   Code   RO          128    .text.OUTLINED_FUNCTION_7  app_cli.o
    0x08001d5e   0x08001d5e   0x00000006   Code   RO          301    .text.OUTLINED_FUNCTION_7  menu.o
    0x08001d64   0x08001d64   0x0000000a   Code   RO         1073    .text.OUTLINED_FUNCTION_7  lr112x.o
    0x08001d6e   0x08001d6e   0x00000008   Code   RO         1077    .text.OUTLINED_FUNCTION_9  lr112x.o
    0x08001d76   0x08001d76   0x00000002   Code   RO          207    .text.PendSV_Handler  stm32wlxx_it.o
    0x08001d78   0x08001d78   0x000000fc   Code   RO          426    .text.RCC_GetSystemClockFreq  stm32wlxx_ll_rcc.o
    0x08001e74   0x08001e74   0x0000003c   Code   RO          173    .text.RETARGET_ReadChar  retarget.o
    0x08001eb0   0x08001eb0   0x00000028   Code   RO          169    .text.RETARGET_SerialInit  retarget.o
    0x08001ed8   0x08001ed8   0x00000024   Code   RO         1296    .text.SSD1306_Clear  ssd1306.o
    0x08001efc   0x08001efc   0x0000003c   Code   RO         1294    .text.SSD1306_Display  ssd1306.o
    0x08001f38   0x08001f38   0x000000b4   Code   RO         1290    .text.SSD1306_Init  ssd1306.o
    0x08001fec   0x08001fec   0x00000028   Code   RO         1378    .text.SSD1306_Reset  ssd1306_interface.o
    0x08002014   0x08002014   0x00000028   Code   RO         1292    .text.SSD1306_Set_Pixel  ssd1306.o
    0x0800203c   0x0800203c   0x00000028   Code   RO         1380    .text.SSD1306_WR_Byte  ssd1306_interface.o
    0x08002064   0x08002064   0x0000005c   Code   RO         1366    .text.SSD1306_interface_init  ssd1306_interface.o
    0x080020c0   0x080020c0   0x00000078   Code   RO          576    .text.SUBGHZSPI_Init  subghz.o
    0x08002138   0x08002138   0x00000002   Code   RO          217    .text.SUBGHZ_Radio_IRQHandler  stm32wlxx_it.o
    0x0800213a   0x0800213a   0x00000002   Code   RO          203    .text.SVC_Handler   stm32wlxx_it.o
    0x0800213c   0x0800213c   0x00000016   Code   RO         1185    .text.SX126X_ClearDeviceErrors  sx126x.o
    0x08002152   0x08002152   0x00000016   Code   RO         1131    .text.SX126X_ClearIrqStatus  sx126x.o
    0x08002168   0x08002168   0x00000024   Code   RO         1183    .text.SX126X_GetDeviceErrors  sx126x.o
    0x0800218c   0x0800218c   0x00000018   Code   RO         1129    .text.SX126X_GetIrqStatus  sx126x.o
    0x080021a4   0x080021a4   0x00000014   Code   RO         1175    .text.SX126X_GetRssiInst  sx126x.o
    0x080021b8   0x080021b8   0x00000014   Code   RO         1167    .text.SX126X_GetStatus  sx126x.o
    0x080021cc   0x080021cc   0x00000010   Code   RO         1187    .text.SX126X_LNAboost  sx126x.o
    0x080021dc   0x080021dc   0x00000014   Code   RO         1163    .text.SX126X_SetBufferBaseAddress  sx126x.o
    0x080021f0   0x080021f0   0x00000018   Code   RO         1115    .text.SX126X_SetCW  sx126x.o
    0x08002208   0x08002208   0x00000012   Code   RO         1133    .text.SX126X_SetDIO2AsRfSwitchCtrl  sx126x.o
    0x0800221a   0x0800221a   0x00000038   Code   RO         1127    .text.SX126X_SetDioIrqParams  sx126x.o
    0x08002252   0x08002252   0x0000000a   Code   RO         1103    .text.SX126X_SetFs  sx126x.o
    0x0800225c   0x0800225c   0x00000020   Code   RO         1153    .text.SX126X_SetFskAddr  sx126x.o
    0x0800227c   0x0800227c   0x00000068   Code   RO         1157    .text.SX126X_SetFskCrcWhitening  sx126x.o
    0x080022e4   0x080022e4   0x00000074   Code   RO         1147    .text.SX126X_SetFskModParams  sx126x.o
    0x08002358   0x08002358   0x00000062   Code   RO         1151    .text.SX126X_SetFskPacketParams  sx126x.o
    0x080023ba   0x080023ba   0x00000020   Code   RO         1155    .text.SX126X_SetFskSyncWord  sx126x.o
    0x080023da   0x080023da   0x0000005a   Code   RO         1149    .text.SX126X_SetLoRaModParams  sx126x.o
    0x08002434   0x08002434   0x00000056   Code   RO         1159    .text.SX126X_SetLoRaPacketParams  sx126x.o
    0x0800248a   0x0800248a   0x00000026   Code   RO         1145    .text.SX126X_SetPaConfig  sx126x.o
    0x080024b0   0x080024b0   0x00000012   Code   RO         1139    .text.SX126X_SetPacketType  sx126x.o
    0x080024c2   0x080024c2   0x00000012   Code   RO         1137    .text.SX126X_SetRfFrequency  sx126x.o
    0x080024d4   0x080024d4   0x00000024   Code   RO         1107    .text.SX126X_SetRx  sx126x.o
    0x080024f8   0x080024f8   0x00000018   Code   RO         1099    .text.SX126X_SetSleep  sx126x.o
    0x08002510   0x08002510   0x00000018   Code   RO         1101    .text.SX126X_SetStandby  sx126x.o
    0x08002528   0x08002528   0x00000024   Code   RO         1105    .text.SX126X_SetTx  sx126x.o
    0x0800254c   0x0800254c   0x00000018   Code   RO         1117    .text.SX126X_SetTxInfinitePreamble  sx126x.o
    0x08002564   0x08002564   0x0000002e   Code   RO         1143    .text.SX126X_SetTxParams  sx126x.o
    0x08002592   0x08002592   0x00000002   PAD
    0x08002594   0x08002594   0x00000024   Code   RO          897    .text.SX126X_checkBusy  sx126x_interface.o
    0x080025b8   0x080025b8   0x000000d8   Code   RO          873    .text.SX126X_config  sx126x_config.o
    0x08002690   0x08002690   0x00000074   Code   RO          875    .text.SX126X_configcommon  sx126x_config.o
    0x08002704   0x08002704   0x00000008   Code   RO          895    .text.SX126X_deselect  sx126x_interface.o
    0x0800270c   0x0800270c   0x0000003c   Code   RO          901    .text.SX126X_readCmd  sx126x_interface.o
    0x08002748   0x08002748   0x00000012   Code   RO          909    .text.SX126X_readReg  sx126x_interface.o
    0x0800275a   0x0800275a   0x00000002   PAD
    0x0800275c   0x0800275c   0x0000004c   Code   RO          905    .text.SX126X_readRegs  sx126x_interface.o
    0x080027a8   0x080027a8   0x00000008   Code   RO          887    .text.SX126X_reset  sx126x_interface.o
    0x080027b0   0x080027b0   0x00000008   Code   RO          917    .text.SX126X_rfsw_rx  sx126x_interface.o
    0x080027b8   0x080027b8   0x00000008   Code   RO          915    .text.SX126X_rfsw_tx  sx126x_interface.o
    0x080027c0   0x080027c0   0x00000008   Code   RO          891    .text.SX126X_select  sx126x_interface.o
    0x080027c8   0x080027c8   0x00000040   Code   RO          877    .text.SX126X_setopmode  sx126x_config.o
    0x08002808   0x08002808   0x0000000c   Code   RO          893    .text.SX126X_spi_transfer  sx126x_interface.o
    0x08002814   0x08002814   0x00000042   Code   RO          899    .text.SX126X_writeCmd  sx126x_interface.o
    0x08002856   0x08002856   0x00000012   Code   RO          907    .text.SX126X_writeReg  sx126x_interface.o
    0x08002868   0x08002868   0x0000004c   Code   RO          903    .text.SX126X_writeRegs  sx126x_interface.o
    0x080028b4   0x080028b4   0x00000004   Code   RO          209    .text.SysTick_Handler  stm32wlxx_it.o
    0x080028b8   0x080028b8   0x000000a4   Code   RO          337    .text.SystemCoreClockUpdate  system_stm32wlxx.o
    0x0800295c   0x0800295c   0x00000002   Code   RO          335    .text.SystemInit    system_stm32wlxx.o
    0x0800295e   0x0800295e   0x00000002   PAD
    0x08002960   0x08002960   0x0000001c   Code   RO          622    .text.TIM16_IRQHandler  ustimer.o
    0x0800297c   0x0800297c   0x00000020   Code   RO          624    .text.TIM17_IRQHandler  ustimer.o
    0x0800299c   0x0800299c   0x00000002   Code   RO          211    .text.TIM1_UP_IRQHandler  stm32wlxx_it.o
    0x0800299e   0x0800299e   0x00000002   Code   RO          213    .text.TIM2_IRQHandler  stm32wlxx_it.o
    0x080029a0   0x080029a0   0x00000004   Code   RO          602    .text.USART1_IRQHandler  uart.o
    0x080029a4   0x080029a4   0x00000002   Code   RO          201    .text.UsageFault_Handler  stm32wlxx_it.o
    0x080029a6   0x080029a6   0x00000002   PAD
    0x080029a8   0x080029a8   0x00000024   Code   RO          108    .text.__NVIC_SystemReset  app_cli.o
    0x080029cc   0x080029cc   0x00000090   Code   RO          650    .text.auxspi_init   aux_spi.o
    0x08002a5c   0x08002a5c   0x00000020   Code   RO          652    .text.auxspi_transfer  aux_spi.o
    0x08002a7c   0x08002a7c   0x00000068   Code   RO          247    .text.b1_act        menu.o
    0x08002ae4   0x08002ae4   0x0000002c   Code   RO          233    .text.b1_enter      menu.o
    0x08002b10   0x08002b10   0x00000038   Code   RO          249    .text.b1_exit       menu.o
    0x08002b48   0x08002b48   0x00000088   Code   RO          243    .text.b1_freqstep   menu.o
    0x08002bd0   0x08002bd0   0x0000007c   Code   RO          245    .text.b1_rssi       menu.o
    0x08002c4c   0x08002c4c   0x000000a8   Code   RO          239    .text.b1_startfreq  menu.o
    0x08002cf4   0x08002cf4   0x000000d4   Code   RO          241    .text.b1_stopfreq   menu.o
    0x08002dc8   0x08002dc8   0x00000078   Code   RO          259    .text.b2_act        menu.o
    0x08002e40   0x08002e40   0x00000030   Code   RO          235    .text.b2_enter      menu.o
    0x08002e70   0x08002e70   0x0000003c   Code   RO          261    .text.b2_exit       menu.o
    0x08002eac   0x08002eac   0x00000098   Code   RO          255    .text.b2_freqstep   menu.o
    0x08002f44   0x08002f44   0x0000008c   Code   RO          257    .text.b2_rssi       menu.o
    0x08002fd0   0x08002fd0   0x000000b4   Code   RO          251    .text.b2_startfreq  menu.o
    0x08003084   0x08003084   0x000000d8   Code   RO          253    .text.b2_stopfreq   menu.o
    0x0800315c   0x0800315c   0x00000048   Code   RO          181    .text.cbRETARGET_Rx  retarget.o
    0x080031a4   0x080031a4   0x0000001c   Code   RO          106    .text.ciErrorCallback  app_cli.o
    0x080031c0   0x080031c0   0x00000008   Code   RO         1221    .text.ciGetSigned   command_interpreter.o
    0x080031c8   0x080031c8   0x00000008   Code   RO         1219    .text.ciGetUnsigned  command_interpreter.o
    0x080031d0   0x080031d0   0x0000001c   Code   RO         1213    .text.ciInitState   command_interpreter.o
    0x080031ec   0x080031ec   0x0000010c   Code   RO         1211    .text.ciPrintHelp   command_interpreter.o
    0x080032f8   0x080032f8   0x000002b0   Code   RO         1217    .text.ciProcessInput  command_interpreter.o
    0x080035a8   0x080035a8   0x0000016c   Code   RO           34    .text.cli_RSSIcal   app_cli.o
    0x08003714   0x08003714   0x0000004c   Code   RO           92    .text.cli_clearerrors  app_cli.o
    0x08003760   0x08003760   0x00000068   Code   RO           84    .text.cli_dumpregs  app_cli.o
    0x080037c8   0x080037c8   0x00000070   Code   RO           56    .text.cli_fs_getaddr  app_cli.o
    0x08003838   0x08003838   0x00000070   Code   RO           64    .text.cli_fs_getcrcwhite  app_cli.o
    0x080038a8   0x080038a8   0x0000019c   Code   RO           48    .text.cli_fs_getmodparams  app_cli.o
    0x08003a44   0x08003a44   0x00000144   Code   RO           52    .text.cli_fs_getpacketparams  app_cli.o
    0x08003b88   0x08003b88   0x00000090   Code   RO           60    .text.cli_fs_getsync  app_cli.o
    0x08003c18   0x08003c18   0x00000064   Code   RO           58    .text.cli_fs_setaddr  app_cli.o
    0x08003c7c   0x08003c7c   0x000000b0   Code   RO           66    .text.cli_fs_setcrcwhite  app_cli.o
    0x08003d2c   0x08003d2c   0x000002a8   Code   RO           50    .text.cli_fs_setmodparams  app_cli.o
    0x08003fd4   0x08003fd4   0x000001a4   Code   RO           54    .text.cli_fs_setpacketparams  app_cli.o
    0x08004178   0x08004178   0x000000cc   Code   RO           62    .text.cli_fs_setsync  app_cli.o
    0x08004244   0x08004244   0x00000060   Code   RO           32    .text.cli_getRSSI   app_cli.o
    0x080042a4   0x080042a4   0x00000028   Code   RO           24    .text.cli_getactivescans  app_cli.o
    0x080042cc   0x080042cc   0x00000024   Code   RO           28    .text.cli_getctune  app_cli.o
    0x080042f0   0x080042f0   0x0000001c   Code   RO            8    .text.cli_getdevid  app_cli.o
    0x0800430c   0x0800430c   0x00000064   Code   RO           90    .text.cli_geterrors  app_cli.o
    0x08004370   0x08004370   0x0000005c   Code   RO           16    .text.cli_getkfreq  app_cli.o
    0x080043cc   0x080043cc   0x00000054   Code   RO           12    .text.cli_getmodem  app_cli.o
    0x08004420   0x08004420   0x000000ac   Code   RO           20    .text.cli_getscanparams  app_cli.o
    0x080044cc   0x080044cc   0x00000070   Code   RO           86    .text.cli_getstatus  app_cli.o
    0x0800453c   0x0800453c   0x00000058   Code   RO           76    .text.cli_gettemp   app_cli.o
    0x08004594   0x08004594   0x0000002c   Code   RO            4    .text.cli_getuid    app_cli.o
    0x080045c0   0x080045c0   0x00000054   Code   RO           78    .text.cli_getvcc    app_cli.o
    0x08004614   0x08004614   0x0000002c   Code   RO            6    .text.cli_getver    app_cli.o
    0x08004640   0x08004640   0x00000030   Code   RO           74    .text.cli_getvt     app_cli.o
    0x08004670   0x08004670   0x0000001c   Code   RO          102    .text.cli_init      app_cli.o
    0x0800468c   0x0800468c   0x00000024   Code   RO           98    .text.cli_initconfig  app_cli.o
    0x080046b0   0x080046b0   0x00000174   Code   RO           36    .text.cli_lr_getmodparams  app_cli.o
    0x08004824   0x08004824   0x00000104   Code   RO           40    .text.cli_lr_getpacketparams  app_cli.o
    0x08004928   0x08004928   0x00000078   Code   RO           44    .text.cli_lr_getsync  app_cli.o
    0x080049a0   0x080049a0   0x00000240   Code   RO           38    .text.cli_lr_setmodparams  app_cli.o
    0x08004be0   0x08004be0   0x00000164   Code   RO           42    .text.cli_lr_setpacketparams  app_cli.o
    0x08004d44   0x08004d44   0x00000098   Code   RO           46    .text.cli_lr_setsync  app_cli.o
    0x08004ddc   0x08004ddc   0x00000024   Code   RO          104    .text.cli_proc      app_cli.o
    0x08004e00   0x08004e00   0x00000034   Code   RO           80    .text.cli_readreg   app_cli.o
    0x08004e34   0x08004e34   0x0000001c   Code   RO            2    .text.cli_reset     app_cli.o
    0x08004e50   0x08004e50   0x00000002   Code   RO           68    .text.cli_sendburst  app_cli.o
    0x08004e52   0x08004e52   0x00000002   PAD
    0x08004e54   0x08004e54   0x00000044   Code   RO           26    .text.cli_setactivescans  app_cli.o
    0x08004e98   0x08004e98   0x00000024   Code   RO           30    .text.cli_setctune  app_cli.o
    0x08004ebc   0x08004ebc   0x0000001c   Code   RO           10    .text.cli_setdevid  app_cli.o
    0x08004ed8   0x08004ed8   0x0000008c   Code   RO           18    .text.cli_setkfreq  app_cli.o
    0x08004f64   0x08004f64   0x00000054   Code   RO           14    .text.cli_setmodem  app_cli.o
    0x08004fb8   0x08004fb8   0x00000054   Code   RO           88    .text.cli_setopmode  app_cli.o
    0x0800500c   0x0800500c   0x000000f4   Code   RO           22    .text.cli_setscanparams  app_cli.o
    0x08005100   0x08005100   0x00000002   Code   RO           70    .text.cli_stopburst  app_cli.o
    0x08005102   0x08005102   0x00000002   PAD
    0x08005104   0x08005104   0x00000024   Code   RO          100    .text.cli_storeconfig  app_cli.o
    0x08005128   0x08005128   0x00000138   Code   RO           96    .text.cli_sweeprx   app_cli.o
    0x08005260   0x08005260   0x00000138   Code   RO           94    .text.cli_sweeptx   app_cli.o
    0x08005398   0x08005398   0x00000054   Code   RO           72    .text.cli_txstream  app_cli.o
    0x080053ec   0x080053ec   0x00000054   Code   RO           82    .text.cli_writereg  app_cli.o
    0x08005440   0x08005440   0x00000006   Code   RO          265    .text.cls           menu.o
    0x08005446   0x08005446   0x00000002   PAD
    0x08005448   0x08005448   0x00000020   Code   RO          662    .text.delay_init    delay.o
    0x08005468   0x08005468   0x0000000a   Code   RO          666    .text.delay_ms      delay.o
    0x08005472   0x08005472   0x00000002   PAD
    0x08005474   0x08005474   0x0000002c   Code   RO          664    .text.delay_us      delay.o
    0x080054a0   0x080054a0   0x00000048   Code   RO          281    .text.display_activation  menu.o
    0x080054e8   0x080054e8   0x00000024   Code   RO          277    .text.display_freq_step  menu.o
    0x0800550c   0x0800550c   0x00000078   Code   RO          719    .text.display_rssi  radio.o
    0x08005584   0x08005584   0x00000024   Code   RO          279    .text.display_rssi_tr  menu.o
    0x080055a8   0x080055a8   0x00000024   Code   RO          273    .text.display_start_freq  menu.o
    0x080055cc   0x080055cc   0x00000024   Code   RO          275    .text.display_stop_freq  menu.o
    0x080055f0   0x080055f0   0x00000058   Code   RO          682    .text.flash_erase_page  flash.o
    0x08005648   0x08005648   0x0000009c   Code   RO          684    .text.flash_program_bytes  flash.o
    0x080056e4   0x080056e4   0x0000002c   Code   RO          680    .text.flash_unlock  flash.o
    0x08005710   0x08005710   0x00000010   Code   RO          688    .text.flash_wait_ready  flash.o
    0x08005720   0x08005720   0x00000014   Code   RO          171    .text.fputc         retarget.o
    0x08005734   0x08005734   0x00000016   Code   RO          147    .text.init_peripherals  bsp.o
    0x0800574a   0x0800574a   0x00000002   PAD
    0x0800574c   0x0800574c   0x000000dc   Code   RO          145    .text.init_power_clk  bsp.o
    0x08005828   0x08005828   0x00000048   Code   RO          149    .text.init_radio_specific  bsp.o
    0x08005870   0x08005870   0x000000b8   Code   RO          160    .text.main          main.o
    0x08005928   0x08005928   0x00000028   Code   RO          269    .text.menu_display  menu.o
    0x08005950   0x08005950   0x00000014   Code   RO          231    .text.menu_exit     menu.o
    0x08005964   0x08005964   0x0000004c   Code   RO          263    .text.menu_init     menu.o
    0x080059b0   0x080059b0   0x0000007c   Code   RO          271    .text.menu_proc     menu.o
    0x08005a2c   0x08005a2c   0x00000080   Code   RO          699    .text.mygpio_init   gpio.o
    0x08005aac   0x08005aac   0x00000104   Code   RO          600    .text.myuart_init   uart.o
    0x08005bb0   0x08005bb0   0x00000014   Code   RO          775    .text.radio_clearerrors  radio.o
    0x08005bc4   0x08005bc4   0x00000028   Code   RO          743    .text.radio_config  radio.o
    0x08005bec   0x08005bec   0x0000001e   Code   RO          721    .text.radio_fs      radio.o
    0x08005c0a   0x08005c0a   0x00000002   PAD
    0x08005c0c   0x08005c0c   0x00000038   Code   RO          717    .text.radio_get_rssi  radio.o
    0x08005c44   0x08005c44   0x00000014   Code   RO          773    .text.radio_geterrors  radio.o
    0x08005c58   0x08005c58   0x0000002c   Code   RO          713    .text.radio_getevents  radio.o
    0x08005c84   0x08005c84   0x0000002c   Code   RO          747    .text.radio_getmodem  radio.o
    0x08005cb0   0x08005cb0   0x00000044   Code   RO          737    .text.radio_getstatus  radio.o
    0x08005cf4   0x08005cf4   0x0000005c   Code   RO          731    .text.radio_init    radio.o
    0x08005d50   0x08005d50   0x0000015c   Code   RO          727    .text.radio_initconfigs  radio.o
    0x08005eac   0x08005eac   0x00000014   Code   RO          729    .text.radio_interface_init  radio.o
    0x08005ec0   0x08005ec0   0x000000ec   Code   RO          711    .text.radio_proc    radio.o
    0x08005fac   0x08005fac   0x0000001c   Code   RO          769    .text.radio_readregister  radio.o
    0x08005fc8   0x08005fc8   0x00000034   Code   RO          725    .text.radio_rx      radio.o
    0x08005ffc   0x08005ffc   0x000000c0   Code   RO          759    .text.radio_scan    radio.o
    0x080060bc   0x080060bc   0x00000094   Code   RO          723    .text.radio_set_frequency  radio.o
    0x08006150   0x08006150   0x0000003c   Code   RO          745    .text.radio_setmodem  radio.o
    0x0800618c   0x0800618c   0x00000022   Code   RO          767    .text.radio_setopmode  radio.o
    0x080061ae   0x080061ae   0x00000002   PAD
    0x080061b0   0x080061b0   0x00000038   Code   RO          229    .text.radio_settings_enter  menu.o
    0x080061e8   0x080061e8   0x00000054   Code   RO          237    .text.radio_settings_exit  menu.o
    0x0800623c   0x0800623c   0x00000048   Code   RO          761    .text.radio_startscan  radio.o
    0x08006284   0x08006284   0x00000030   Code   RO          763    .text.radio_stopscan  radio.o
    0x080062b4   0x080062b4   0x00000078   Code   RO          755    .text.radio_stream  radio.o
    0x0800632c   0x0800632c   0x000000a4   Code   RO          757    .text.radio_sweeptx  radio.o
    0x080063d0   0x080063d0   0x00000018   Code   RO          771    .text.radio_writeregister  radio.o
    0x080063e8   0x080063e8   0x00000014   Code   RO          676    .text.readconfig    flash.o
    0x080063fc   0x080063fc   0x00000074   Code   RO          285    .text.scankeys      menu.o
    0x08006470   0x08006470   0x00000038   Code   RO         1229    .text.strtok_r      command_interpreter.o
    0x080064a8   0x080064a8   0x0000000c   Code   RO          582    .text.subghz_deselect  subghz.o
    0x080064b4   0x080064b4   0x0000008c   Code   RO          574    .text.subghz_interface_init  subghz.o
    0x08006540   0x08006540   0x00000030   Code   RO          584    .text.subghz_reset  subghz.o
    0x08006570   0x08006570   0x0000000c   Code   RO          588    .text.subghz_rfsw_rx  subghz.o
    0x0800657c   0x0800657c   0x00000010   Code   RO          590    .text.subghz_rfsw_tx  subghz.o
    0x0800658c   0x0800658c   0x00000010   Code   RO          580    .text.subghz_select  subghz.o
    0x0800659c   0x0800659c   0x00000020   Code   RO          578    .text.subghz_spi_transfer  subghz.o
    0x080065bc   0x080065bc   0x00000074   Code   RO          612    .text.ustimer_init  ustimer.o
    0x08006630   0x08006630   0x00000014   Code   RO          620    .text.ustimer_setinterval  ustimer.o
    0x08006644   0x08006644   0x00000018   Code   RO          616    .text.ustimer_start  ustimer.o
    0x0800665c   0x0800665c   0x0000002c   Code   RO          618    .text.ustimer_stop  ustimer.o
    0x08006688   0x08006688   0x00000054   Code   RO         1227    .text.validateInteger  command_interpreter.o
    0x080066dc   0x080066dc   0x00000044   Code   RO          678    .text.writeconfig   flash.o
    0x08006720   0x08006720   0x00000020   Code   RO         1681    i.__0printf         mc_w.l(printfa.o)
    0x08006740   0x08006740   0x00000028   Code   RO         1683    i.__0sprintf        mc_w.l(printfa.o)
    0x08006768   0x08006768   0x00000008   Code   RO         1709    i.__aeabi_errno_addr  mc_w.l(errno.o)
    0x08006770   0x08006770   0x0000000e   Code   RO         1845    i.__scatterload_copy  mc_w.l(handlers.o)
    0x0800677e   0x0800677e   0x00000002   Code   RO         1846    i.__scatterload_null  mc_w.l(handlers.o)
    0x08006780   0x08006780   0x0000000e   Code   RO         1847    i.__scatterload_zeroinit  mc_w.l(handlers.o)
    0x0800678e   0x0800678e   0x00000002   PAD
    0x08006790   0x08006790   0x00000184   Code   RO         1688    i._fp_digits        mc_w.l(printfa.o)
    0x08006914   0x08006914   0x000006dc   Code   RO         1689    i._printf_core      mc_w.l(printfa.o)
    0x08006ff0   0x08006ff0   0x00000024   Code   RO         1690    i._printf_post_padding  mc_w.l(printfa.o)
    0x08007014   0x08007014   0x0000002e   Code   RO         1691    i._printf_pre_padding  mc_w.l(printfa.o)
    0x08007042   0x08007042   0x0000000a   Code   RO         1693    i._sputc            mc_w.l(printfa.o)
    0x0800704c   0x0800704c   0x00000024   Code   RO         1416    i.puts              mc_w.l(puts.o)
    0x08007070   0x08007070   0x00000081   Data   RO         1782    .constdata          mc_w.l(ctype_o.o)
    0x080070f1   0x080070f1   0x00000003   PAD
    0x080070f4   0x080070f4   0x00000004   Data   RO         1783    .constdata          mc_w.l(ctype_o.o)
    0x080070f8   0x080070f8   0x00000044   Data   RO          134    .rodata..L__const.cli_RSSIcal.power  app_cli.o
    0x0800713c   0x0800713c   0x0000001c   Data   RO          136    .rodata..Lswitch.table.cli_fs_setpacketparams  app_cli.o
    0x08007158   0x08007158   0x00000020   Data   RO          135    .rodata..Lswitch.table.cli_lr_setmodparams  app_cli.o
    0x08007178   0x08007178   0x00000040   Data   RO          340    .rodata.AHBPrescTable  system_stm32wlxx.o
    0x080071b8   0x080071b8   0x00000020   Data   RO          341    .rodata.APBPrescTable  system_stm32wlxx.o
    0x080071d8   0x080071d8   0x000002f8   Data   RO         1274    .rodata.F6x8        gui.o
    0x080074d0   0x080074d0   0x000005f0   Data   RO         1275    .rodata.F8X16       gui.o
    0x08007ac0   0x08007ac0   0x0000000c   Data   RO          304    .rodata.KEY_PIN     menu.o
    0x08007acc   0x08007acc   0x00000040   Data   RO          342    .rodata.MSIRangeTable  system_stm32wlxx.o
    0x08007b0c   0x08007b0c   0x00000018   Data   RO         1399    .rodata.NULL_MENU   micromenu.o
    0x08007b24   0x08007b24   0x00000014   Data   RO          810    .rodata.calib_0_600  lr112x_config.o
    0x08007b38   0x08007b38   0x00000014   Data   RO          812    .rodata.calib_2000_2700  lr112x_config.o
    0x08007b4c   0x08007b4c   0x00000014   Data   RO          811    .rodata.calib_600_2000  lr112x_config.o
    0x08007b60   0x08007b60   0x00000008   Data   RO          785    .rodata.cst8        radio.o
    0x08007b68   0x08007b68   0x0000002a   Data   RO          316    .rodata.m1_act      menu.o
    0x08007b92   0x08007b92   0x00000002   PAD
    0x08007b94   0x08007b94   0x0000002a   Data   RO          317    .rodata.m1_exit     menu.o
    0x08007bbe   0x08007bbe   0x00000002   PAD
    0x08007bc0   0x08007bc0   0x0000002a   Data   RO          315    .rodata.m1_rssi     menu.o
    0x08007bea   0x08007bea   0x00000002   PAD
    0x08007bec   0x08007bec   0x0000002a   Data   RO          312    .rodata.m1_start    menu.o
    0x08007c16   0x08007c16   0x00000002   PAD
    0x08007c18   0x08007c18   0x0000002a   Data   RO          314    .rodata.m1_step     menu.o
    0x08007c42   0x08007c42   0x00000002   PAD
    0x08007c44   0x08007c44   0x0000002a   Data   RO          313    .rodata.m1_stop     menu.o
    0x08007c6e   0x08007c6e   0x00000002   PAD
    0x08007c70   0x08007c70   0x0000002a   Data   RO          322    .rodata.m2_act      menu.o
    0x08007c9a   0x08007c9a   0x00000002   PAD
    0x08007c9c   0x08007c9c   0x0000002a   Data   RO          323    .rodata.m2_exit     menu.o
    0x08007cc6   0x08007cc6   0x00000002   PAD
    0x08007cc8   0x08007cc8   0x0000002a   Data   RO          321    .rodata.m2_rssi     menu.o
    0x08007cf2   0x08007cf2   0x00000002   PAD
    0x08007cf4   0x08007cf4   0x0000002a   Data   RO          318    .rodata.m2_start    menu.o
    0x08007d1e   0x08007d1e   0x00000002   PAD
    0x08007d20   0x08007d20   0x0000002a   Data   RO          320    .rodata.m2_step     menu.o
    0x08007d4a   0x08007d4a   0x00000002   PAD
    0x08007d4c   0x08007d4c   0x0000002a   Data   RO          319    .rodata.m2_stop     menu.o
    0x08007d76   0x08007d76   0x00000002   PAD
    0x08007d78   0x08007d78   0x0000002a   Data   RO          307    .rodata.m_additional  menu.o
    0x08007da2   0x08007da2   0x00000002   PAD
    0x08007da4   0x08007da4   0x0000002a   Data   RO          309    .rodata.m_band1     menu.o
    0x08007dce   0x08007dce   0x00000002   PAD
    0x08007dd0   0x08007dd0   0x0000002a   Data   RO          310    .rodata.m_band2     menu.o
    0x08007dfa   0x08007dfa   0x00000002   PAD
    0x08007dfc   0x08007dfc   0x0000002a   Data   RO          308    .rodata.m_exit      menu.o
    0x08007e26   0x08007e26   0x00000002   PAD
    0x08007e28   0x08007e28   0x0000002a   Data   RO          311    .rodata.m_radioexit  menu.o
    0x08007e52   0x08007e52   0x00000002   PAD
    0x08007e54   0x08007e54   0x0000002a   Data   RO          305    .rodata.m_radiosettings  menu.o
    0x08007e7e   0x08007e7e   0x00000002   PAD
    0x08007e80   0x08007e80   0x0000002a   Data   RO          306    .rodata.m_timesettings  menu.o
    0x08007eaa   0x08007eaa   0x00000873   Data   RO          130    .rodata.str1.1      app_cli.o
    0x0800871d   0x0800871d   0x0000001c   Data   RO          324    .rodata.str1.1      menu.o
    0x08008739   0x08008739   0x0000005a   Data   RO         1231    .rodata.str1.1      command_interpreter.o
    0x08008793   0x08008793   0x00000001   PAD
    0x08008794   0x08008794   0x00000030   Data   RO         1844    Region$$Table       anon$$obj.o


    Execution Region RW_IRAM1 (Exec base: 0x20000000, Load base: 0x080087c4, Size: 0x00001000, Max: 0x00008000, ABSOLUTE)

    Exec Addr    Load Addr    Size         Type   Attr      Idx    E Section Name        Object

    0x20000000        -       0x00001000   Zero   RW          690    .bss.flashbuffer    flash.o


    Execution Region RW_IRAM2 (Exec base: 0x20008000, Load base: 0x080087c8, Size: 0x00000fb8, Max: 0x00008000, ABSOLUTE, COMPRESSED[0x000001f0])

    Exec Addr    Load Addr    Size         Type   Attr      Idx    E Section Name        Object

    0x20008000   COMPRESSED   0x00000004   Data   RW         1422    .data               mc_w.l(stdout.o)
    0x20008004   COMPRESSED   0x00000004   Data   RW         1712    .data               mc_w.l(errno.o)
    0x20008008   COMPRESSED   0x00000010   Data   RW          325    .data..L_MergedGlobals  menu.o
    0x20008018   COMPRESSED   0x00000004   Data   RW         1400    .data.CurrentMenuItem  micromenu.o
    0x2000801c   COMPRESSED   0x00000004   Data   RW          339    .data.SystemCoreClock  system_stm32wlxx.o
    0x20008020   COMPRESSED   0x00000330   Data   RW          131    .data.commands      app_cli.o
    0x20008350        -       0x00000010   Zero   RW          184    .bss..L_MergedGlobals  retarget.o
    0x20008360        -       0x0000004c   Zero   RW          789    .bss..L_MergedGlobals  radio.o
    0x200083ac        -       0x00000010   Zero   RW          326    .bss..L_MergedGlobals.27  menu.o
    0x200083bc        -       0x00000004   Zero   RW         1401    .bss.MenuWriteFunc  micromenu.o
    0x200083c0        -       0x00000400   Zero   RW         1298    .bss.SSD1306_buffer  ssd1306.o
    0x200087c0        -       0x00000004   Zero   RW          640    .bss.Vcc            adc.o
    0x200087c4        -       0x00000100   Zero   RW          133    .bss.ciBuffer       app_cli.o
    0x200088c4        -       0x00000094   Zero   RW          786    .bss.globalrfconfig  radio.o
    0x20008958        -       0x00000001   Zero   RW          303    .bss.menu_mode      menu.o
    0x20008959        -       0x00000200   Zero   RW          183    .bss.rxBuffer       retarget.o
    0x20008b59   COMPRESSED   0x00000003   PAD
    0x20008b5c        -       0x00000014   Zero   RW          132    .bss.state          app_cli.o
    0x20008b70        -       0x00000040   Zero   RW         1382    .bss.strbuffer      ssd1306_interface.o
    0x20008bb0        -       0x00000002   Zero   RW          626    .bss.sweepflag      ustimer.o
    0x20008bb2   COMPRESSED   0x00000006   PAD
    0x20008bb8        -       0x00000400   Zero   RW          350    STACK               startup_stm32wle5xx.o


==============================================================================

Image component sizes


      Code (inc. data)   RO Data    RW Data    ZI Data      Debug   Object Name

        20          4          0          0          4       8482   adc.o
      7956       3184       2291        816        276      24666   app_cli.o
       176         16          0          0          0       3930   aux_spi.o
       314         48          0          0          0       6923   bsp.o
      1140         90         90          0          0       8405   command_interpreter.o
        86         12          0          0          0       4173   delay.o
       392         44          0          0       4096       2692   flash.o
       156         16          0          0          0       2687   gpio.o
       294          8       2280          0          0      11892   gui.o
      1440         44          0          0          0      21113   lr112x.o
       628         42         60          0          0       4472   lr112x_config.o
       784         24          0          0          0      10171   lr112x_interface.o
       184         72          0          0          0        558   main.o
      2608        364        838         16         17       8720   menu.o
       100         12         24          4          4       1631   micromenu.o
      2118        148          8          0        224      13473   radio.o
       192         28          0          0        528       3157   retarget.o
       316          8          0          0       1024       1958   ssd1306.o
       172         24          0          0         64       3281   ssd1306_interface.o
        36          8        312          0       1024        820   startup_stm32wle5xx.o
        30          0          0          0          0       1683   stm32wlxx_it.o
       196          0          0          0          0       4348   stm32wlxx_ll_gpio.o
       418         40          0          0          0      12206   stm32wlxx_ll_rcc.o
       128          0          0          0          0       5269   stm32wlxx_ll_spi.o
       116         12          0          0          0      12488   stm32wlxx_ll_tim.o
       232         60          0          0          0       5118   stm32wlxx_ll_usart.o
        12          4          0          0          0       9596   stm32wlxx_ll_utils.o
       396         44          0          0          0       9151   subghz.o
      1148          8          0          0          0      15953   sx126x.o
       396         14          0          0          0       2873   sx126x_config.o
       428         12          0          0          0       6227   sx126x_interface.o
       166         28        160          4          0       2396   system_stm32wlxx.o
       264         16          0          0          0       6447   uart.o
       292         36          0          0          2       6246   ustimer.o

    ----------------------------------------------------------------------
     23364       4470       6148        840       7272     243205   Object Totals
         0          0         48          0          0          0   (incl. Generated)
        30          0         37          0          9          0   (incl. Padding)

    ----------------------------------------------------------------------

      Code (inc. data)   RO Data    RW Data    ZI Data      Debug   Library Member Name

        86          0          0          0          0          0   __dczerorl2.o
        28          0          0          0          0         68   _chval.o
       158          0          0          0          0         92   _strtoul.o
         8          4        133          0          0         68   ctype_o.o
         0          0          0          0          0          0   entry.o
         0          0          0          0          0          0   entry10a.o
         0          0          0          0          0          0   entry11a.o
         8          4          0          0          0          0   entry2.o
         4          0          0          0          0          0   entry5.o
         0          0          0          0          0          0   entry7b.o
         0          0          0          0          0          0   entry8b.o
         8          4          0          0          0          0   entry9a.o
         8          4          0          4          0         68   errno.o
        30          0          0          0          0          0   handlers.o
        48         10          0          0          0         68   init.o
         0          0          0          0          0          0   iusefp.o
        30          0          0          0          0         68   llshl.o
        36          0          0          0          0         68   llsshr.o
        32          0          0          0          0         68   llushr.o
        64          0          0          0          0         76   memmovea.o
        36          0          0          0          0        108   memseta.o
      2308         96          0          0          0        604   printfa.o
        36          6          0          0          0         80   puts.o
         0          0          0          4          0          0   stdout.o
        42          0          0          0          0         84   strcasecmp.o
        20          0          0          0          0         68   strchr.o
        34          0          0          0          0         80   strcspn.o
        14          0          0          0          0         68   strlen.o
        28          0          0          0          0         80   strspn.o
       112          0          0          0          0         88   strtol.o
       114          0          0          0          0         92   strtoul.o
        12          0          0          0          0         68   tolower.o
        44          0          0          0          0         80   uidiv.o
        98          0          0          0          0         92   uldiv.o
        48          0          0          0          0         68   cdrcmple.o
        56          0          0          0          0         88   d2f.o
       334          0          0          0          0        148   dadd.o
       222          0          0          0          0        100   ddiv.o
       186          0          0          0          0        176   depilogue.o
        50          0          0          0          0         76   dfixui.o
        48          0          0          0          0         68   dfixul.o
        34          0          0          0          0         76   dflti.o
        26          0          0          0          0         76   dfltui.o
       228          0          0          0          0         96   dmul.o
        38          0          0          0          0         68   f2d.o
        28          0          0          0          0         68   fcmple.o
        28          0          0          0          0         68   fcmplt.o
       110          0          0          0          0        168   fepilogue.o
        50          0          0          0          0         68   ffixi.o
        40          0          0          0          0         68   ffixui.o
        18          0          0          0          0         68   fflti.o
        10          0          0          0          0         68   ffltui.o
       100          0          0          0          0         76   fmul.o

    ----------------------------------------------------------------------
      5108        128        136          8          0       3928   Library Totals
         8          0          3          0          0          0   (incl. Padding)

    ----------------------------------------------------------------------

      Code (inc. data)   RO Data    RW Data    ZI Data      Debug   Library Name

      3446        128        133          8          0       2236   mc_w.l
      1654          0          0          0          0       1692   mf_w.l

    ----------------------------------------------------------------------
      5108        128        136          8          0       3928   Library Totals

    ----------------------------------------------------------------------

==============================================================================


      Code (inc. data)   RO Data    RW Data    ZI Data      Debug   

     28472       4598       6284        848       7272     244489   Grand Totals
     28472       4598       6284        496       7272     244489   ELF Image Totals (compressed)
     28472       4598       6284        496          0          0   ROM Totals

==============================================================================

    Total RO  Size (Code + RO Data)                34756 (  33.94kB)
    Total RW  Size (RW Data + ZI Data)              8120 (   7.93kB)
    Total ROM Size (Code + RO Data + RW Data)      35252 (  34.43kB)

==============================================================================

