<!doctype html public "-//w3c//dtd html 4.0 transitional//en">
<html><head>
<title>Static Call Graph - [.\Objects\tremo_test.axf]</title></head>
<body><HR>
<H1>Static Call Graph for image .\Objects\tremo_test.axf</H1><HR>
<BR><P>#&#060CALLGRAPH&#062# ARM Linker, 6240002: Last Updated: Wed Oct  1 16:27:03 2025
<BR><P>
<H3>Maximum Stack Usage =        264 bytes + Unknown(Cycles, Untraceable Function Pointers)</H3><H3>
Call chain for Maximum Stack Depth:</H3>
main &rArr; cli_proc &rArr; ciProcessInput &rArr; validateInteger &rArr; strtoul &rArr; _strtoul
<P>
<H3>
Mutually Recursive functions
</H3> <LI><a href="#[4c]">DebugMon_Handler</a>&nbsp;&nbsp;&nbsp;&rArr;&nbsp;&nbsp;&nbsp;<a href="#[4c]">DebugMon_Handler</a><BR>
 <LI><a href="#[60]">AFEC_IRQHandler</a>&nbsp;&nbsp;&nbsp;&rArr;&nbsp;&nbsp;&nbsp;<a href="#[60]">AFEC_IRQHandler</a><BR>
 <LI><a href="#[49]">BusFault_Handler</a>&nbsp;&nbsp;&nbsp;&rArr;&nbsp;&nbsp;&nbsp;<a href="#[49]">BusFault_Handler</a><BR>
 <LI><a href="#[119]">uart_send_data</a>&nbsp;&nbsp;&nbsp;&rArr;&nbsp;&nbsp;&nbsp;<a href="#[119]">uart_send_data</a><BR>
 <LI><a href="#[48]">MemManage_Handler</a>&nbsp;&nbsp;&nbsp;&rArr;&nbsp;&nbsp;&nbsp;<a href="#[48]">MemManage_Handler</a><BR>
 <LI><a href="#[106]">uart_receive_data</a>&nbsp;&nbsp;&nbsp;&rArr;&nbsp;&nbsp;&nbsp;<a href="#[106]">uart_receive_data</a><BR>
 <LI><a href="#[4a]">UsageFault_Handler</a>&nbsp;&nbsp;&nbsp;&rArr;&nbsp;&nbsp;&nbsp;<a href="#[4a]">UsageFault_Handler</a><BR>
</UL>
<P>
<H3>
Function Pointers
</H3><UL>
 <LI><a href="#[5f]">ADC_IRQHandler</a> from adc.o(.text.ADC_IRQHandler) referenced from startup_tremo.o(RESET)
 <LI><a href="#[60]">AFEC_IRQHandler</a> from startup_tremo.o(.text) referenced from startup_tremo.o(RESET)
 <LI><a href="#[6a]">BSTIMER0_IRQHandler</a> from startup_tremo.o(.text) referenced from startup_tremo.o(RESET)
 <LI><a href="#[6b]">BSTIMER1_IRQHandler</a> from startup_tremo.o(.text) referenced from startup_tremo.o(RESET)
 <LI><a href="#[49]">BusFault_Handler</a> from tremo_it.o(.text.BusFault_Handler) referenced from startup_tremo.o(RESET)
 <LI><a href="#[63]">DAC_IRQHandler</a> from startup_tremo.o(.text) referenced from startup_tremo.o(RESET)
 <LI><a href="#[6e]">DMA0_IRQHandler</a> from startup_tremo.o(.text) referenced from startup_tremo.o(RESET)
 <LI><a href="#[62]">DMA1_IRQHandler</a> from startup_tremo.o(.text) referenced from startup_tremo.o(RESET)
 <LI><a href="#[4c]">DebugMon_Handler</a> from startup_tremo.o(.text) referenced from startup_tremo.o(RESET)
 <LI><a href="#[52]">EFC_IRQHandler</a> from startup_tremo.o(.text) referenced from startup_tremo.o(RESET)
 <LI><a href="#[65]">GPIO_IRQHandler</a> from startup_tremo.o(.text) referenced from startup_tremo.o(RESET)
 <LI><a href="#[47]">HardFault_Handler</a> from tremo_it.o(.text.HardFault_Handler) referenced from startup_tremo.o(RESET)
 <LI><a href="#[5c]">I2C0_IRQHandler</a> from startup_tremo.o(.text) referenced from startup_tremo.o(RESET)
 <LI><a href="#[5d]">I2C1_IRQHandler</a> from startup_tremo.o(.text) referenced from startup_tremo.o(RESET)
 <LI><a href="#[54]">I2C2_IRQHandler</a> from startup_tremo.o(.text) referenced from startup_tremo.o(RESET)
 <LI><a href="#[6f]">I2S_IRQHandler</a> from startup_tremo.o(.text) referenced from startup_tremo.o(RESET)
 <LI><a href="#[73]">IWDG_IRQHandler</a> from startup_tremo.o(.text) referenced from startup_tremo.o(RESET)
 <LI><a href="#[70]">LCD_IRQHandler</a> from startup_tremo.o(.text) referenced from startup_tremo.o(RESET)
 <LI><a href="#[64]">LORA_IRQHandler</a> from radio_proc.o(.text.LORA_IRQHandler) referenced from startup_tremo.o(RESET)
 <LI><a href="#[6c]">LPTIMER0_IRQHandler</a> from startup_tremo.o(.text) referenced from startup_tremo.o(RESET)
 <LI><a href="#[72]">LPTIMER1_IRQHandler</a> from startup_tremo.o(.text) referenced from startup_tremo.o(RESET)
 <LI><a href="#[58]">LPUART_IRQHandler</a> from startup_tremo.o(.text) referenced from startup_tremo.o(RESET)
 <LI><a href="#[48]">MemManage_Handler</a> from tremo_it.o(.text.MemManage_Handler) referenced from startup_tremo.o(RESET)
 <LI><a href="#[46]">NMI_Handler</a> from tremo_it.o(.text.NMI_Handler) referenced from startup_tremo.o(RESET)
 <LI><a href="#[71]">PWR_IRQHandler</a> from tremo_it.o(.text.PWR_IRQHandler) referenced from startup_tremo.o(RESET)
 <LI><a href="#[4d]">PendSV_Handler</a> from tremo_it.o(.text.PendSV_Handler) referenced from startup_tremo.o(RESET)
 <LI><a href="#[5b]">QSPI_IRQHandler</a> from startup_tremo.o(.text) referenced from startup_tremo.o(RESET)
 <LI><a href="#[50]">RTC_IRQHandler</a> from startup_tremo.o(.text) referenced from startup_tremo.o(RESET)
 <LI><a href="#[45]">Reset_Handler</a> from startup_tremo.o(.text) referenced from startup_tremo.o(RESET)
 <LI><a href="#[6d]">SAC_IRQHandler</a> from startup_tremo.o(.text) referenced from startup_tremo.o(RESET)
 <LI><a href="#[5e]">SCC_IRQHandler</a> from startup_tremo.o(.text) referenced from startup_tremo.o(RESET)
 <LI><a href="#[4f]">SEC_IRQHandler</a> from startup_tremo.o(.text) referenced from startup_tremo.o(RESET)
 <LI><a href="#[59]">SSP0_IRQHandler</a> from startup_tremo.o(.text) referenced from startup_tremo.o(RESET)
 <LI><a href="#[5a]">SSP1_IRQHandler</a> from startup_tremo.o(.text) referenced from startup_tremo.o(RESET)
 <LI><a href="#[61]">SSP2_IRQHandler</a> from startup_tremo.o(.text) referenced from startup_tremo.o(RESET)
 <LI><a href="#[4b]">SVC_Handler</a> from tremo_it.o(.text.SVC_Handler) referenced from startup_tremo.o(RESET)
 <LI><a href="#[77]">SX126X_writeReg</a> from sx126x_interface.o(.text.SX126X_writeReg) referenced from sx126x.o(.text.SX126X_SetFskCrcWhitening)
 <LI><a href="#[4e]">SysTick_Handler</a> from tremo_it.o(.text.SysTick_Handler) referenced from startup_tremo.o(RESET)
 <LI><a href="#[75]">SystemInit</a> from system_tremo.o(.text.SystemInit) referenced from startup_tremo.o(.text)
 <LI><a href="#[66]">TIMER0_IRQHandler</a> from ustimer.o(.text.TIMER0_IRQHandler) referenced from startup_tremo.o(RESET)
 <LI><a href="#[67]">TIMER1_IRQHandler</a> from startup_tremo.o(.text) referenced from startup_tremo.o(RESET)
 <LI><a href="#[68]">TIMER2_IRQHandler</a> from startup_tremo.o(.text) referenced from startup_tremo.o(RESET)
 <LI><a href="#[69]">TIMER3_IRQHandler</a> from startup_tremo.o(.text) referenced from startup_tremo.o(RESET)
 <LI><a href="#[55]">UART0_IRQHandler</a> from uart.o(.text.UART0_IRQHandler) referenced from startup_tremo.o(RESET)
 <LI><a href="#[56]">UART1_IRQHandler</a> from uart.o(.text.UART1_IRQHandler) referenced from startup_tremo.o(RESET)
 <LI><a href="#[57]">UART2_IRQHandler</a> from startup_tremo.o(.text) referenced from startup_tremo.o(RESET)
 <LI><a href="#[53]">UART3_IRQHandler</a> from startup_tremo.o(.text) referenced from startup_tremo.o(RESET)
 <LI><a href="#[7d]">UC1601CharDisplay</a> from uc1601_drv.o(.text.UC1601CharDisplay) referenced from main.o(.text.main)
 <LI><a href="#[79]">UC1601CmdWrite</a> from uc1601_interface.o(.text.UC1601CmdWrite) referenced from uc1601_drv.o(.text.UC1601Init)
 <LI><a href="#[4a]">UsageFault_Handler</a> from tremo_it.o(.text.UsageFault_Handler) referenced from startup_tremo.o(RESET)
 <LI><a href="#[51]">WDG_IRQHandler</a> from startup_tremo.o(.text) referenced from startup_tremo.o(RESET)
 <LI><a href="#[7c]">__2printf</a> from printfa.o(i.__0printf) referenced from app_cli.o(.text.cli_getaeskey)
 <LI><a href="#[7c]">__2printf</a> from printfa.o(i.__0printf) referenced from app_cli.o(.text.cli_lr_setpacketparams)
 <LI><a href="#[76]">__main</a> from entry.o(.ARM.Collect$$$$00000000) referenced from startup_tremo.o(.text)
 <LI><a href="#[7b]">ciGetUnsigned</a> from command_interpreter.o(.text.ciGetUnsigned) referenced from app_cli.o(.text.cli_fs_setmodparams)
 <LI><a href="#[7b]">ciGetUnsigned</a> from command_interpreter.o(.text.ciGetUnsigned) referenced from app_cli.o(.text.cli_fs_setpacketparams)
 <LI><a href="#[7b]">ciGetUnsigned</a> from command_interpreter.o(.text.ciGetUnsigned) referenced from app_cli.o(.text.cli_lr_setmodparams)
 <LI><a href="#[7b]">ciGetUnsigned</a> from command_interpreter.o(.text.ciGetUnsigned) referenced from app_cli.o(.text.cli_lr_setpacketparams)
 <LI><a href="#[7b]">ciGetUnsigned</a> from command_interpreter.o(.text.ciGetUnsigned) referenced from app_cli.o(.text.cli_sweeprx)
 <LI><a href="#[7b]">ciGetUnsigned</a> from command_interpreter.o(.text.ciGetUnsigned) referenced from app_cli.o(.text.cli_sweeptx)
 <LI><a href="#[5]">cli_aesenable</a> from app_cli.o(.text.cli_aesenable) referenced 2 times from app_cli.o(.data.commands)
 <LI><a href="#[3f]">cli_dumpregs</a> from app_cli.o(.text.cli_dumpregs) referenced 2 times from app_cli.o(.data.commands)
 <LI><a href="#[2c]">cli_fs_getaddr</a> from app_cli.o(.text.cli_fs_getaddr) referenced 2 times from app_cli.o(.data.commands)
 <LI><a href="#[30]">cli_fs_getcrcwhite</a> from app_cli.o(.text.cli_fs_getcrcwhite) referenced 2 times from app_cli.o(.data.commands)
 <LI><a href="#[28]">cli_fs_getmodparams</a> from app_cli.o(.text.cli_fs_getmodparams) referenced 2 times from app_cli.o(.data.commands)
 <LI><a href="#[2a]">cli_fs_getpacketparams</a> from app_cli.o(.text.cli_fs_getpacketparams) referenced 2 times from app_cli.o(.data.commands)
 <LI><a href="#[2e]">cli_fs_getsync</a> from app_cli.o(.text.cli_fs_getsync) referenced 2 times from app_cli.o(.data.commands)
 <LI><a href="#[2d]">cli_fs_setaddr</a> from app_cli.o(.text.cli_fs_setaddr) referenced 2 times from app_cli.o(.data.commands)
 <LI><a href="#[31]">cli_fs_setcrcwhite</a> from app_cli.o(.text.cli_fs_setcrcwhite) referenced 2 times from app_cli.o(.data.commands)
 <LI><a href="#[29]">cli_fs_setmodparams</a> from app_cli.o(.text.cli_fs_setmodparams) referenced 2 times from app_cli.o(.data.commands)
 <LI><a href="#[2b]">cli_fs_setpacketparams</a> from app_cli.o(.text.cli_fs_setpacketparams) referenced 2 times from app_cli.o(.data.commands)
 <LI><a href="#[2f]">cli_fs_setsync</a> from app_cli.o(.text.cli_fs_setsync) referenced 2 times from app_cli.o(.data.commands)
 <LI><a href="#[1a]">cli_getRSSI</a> from app_cli.o(.text.cli_getRSSI) referenced 2 times from app_cli.o(.data.commands)
 <LI><a href="#[6]">cli_getaeskey</a> from app_cli.o(.text.cli_getaeskey) referenced 2 times from app_cli.o(.data.commands)
 <LI><a href="#[34]">cli_getautosendparams</a> from app_cli.o(.text.cli_getautosendparams) referenced 2 times from app_cli.o(.data.commands)
 <LI><a href="#[f]">cli_getchannel</a> from app_cli.o(.text.cli_getchannel) referenced 2 times from app_cli.o(.data.commands)
 <LI><a href="#[18]">cli_getctune</a> from app_cli.o(.text.cli_getctune) referenced 2 times from app_cli.o(.data.commands)
 <LI><a href="#[3]">cli_getdevid</a> from app_cli.o(.text.cli_getdevid) referenced 2 times from app_cli.o(.data.commands)
 <LI><a href="#[d]">cli_getfreq</a> from app_cli.o(.text.cli_getfreq) referenced 2 times from app_cli.o(.data.commands)
 <LI><a href="#[3a]">cli_getgpsdata</a> from app_cli.o(.text.cli_getgpsdata) referenced 2 times from app_cli.o(.data.commands)
 <LI><a href="#[9]">cli_getmodem</a> from app_cli.o(.text.cli_getmodem) referenced 2 times from app_cli.o(.data.commands)
 <LI><a href="#[b]">cli_getopmode</a> from app_cli.o(.text.cli_getopmode) referenced 2 times from app_cli.o(.data.commands)
 <LI><a href="#[12]">cli_getpower</a> from app_cli.o(.text.cli_getpower) referenced 2 times from app_cli.o(.data.commands)
 <LI><a href="#[14]">cli_getramptime</a> from app_cli.o(.text.cli_getramptime) referenced 2 times from app_cli.o(.data.commands)
 <LI><a href="#[39]">cli_getrxcount</a> from app_cli.o(.text.cli_getrxcount) referenced 2 times from app_cli.o(.data.commands)
 <LI><a href="#[1d]">cli_getsleepparams</a> from app_cli.o(.text.cli_getsleepparams) referenced 2 times from app_cli.o(.data.commands)
 <LI><a href="#[1f]">cli_getstatus</a> from app_cli.o(.text.cli_getstatus) referenced 2 times from app_cli.o(.data.commands)
 <LI><a href="#[1b]">cli_gettimeouts</a> from app_cli.o(.text.cli_gettimeouts) referenced 2 times from app_cli.o(.data.commands)
 <LI><a href="#[2]">cli_getver</a> from app_cli.o(.text.cli_getver) referenced 2 times from app_cli.o(.data.commands)
 <LI><a href="#[3b]">cli_getvt</a> from app_cli.o(.text.cli_getvt) referenced 2 times from app_cli.o(.data.commands)
 <LI><a href="#[16]">cli_getxoparams</a> from app_cli.o(.text.cli_getxoparams) referenced 2 times from app_cli.o(.data.commands)
 <LI><a href="#[1]">cli_info</a> from app_cli.o(.text.cli_info) referenced 2 times from app_cli.o(.data.commands)
 <LI><a href="#[42]">cli_initconfig</a> from app_cli.o(.text.cli_initconfig) referenced 2 times from app_cli.o(.data.commands)
 <LI><a href="#[20]">cli_lr_getmodparams</a> from app_cli.o(.text.cli_lr_getmodparams) referenced 2 times from app_cli.o(.data.commands)
 <LI><a href="#[22]">cli_lr_getpacketparams</a> from app_cli.o(.text.cli_lr_getpacketparams) referenced 2 times from app_cli.o(.data.commands)
 <LI><a href="#[26]">cli_lr_getsymboltimeout</a> from app_cli.o(.text.cli_lr_getsymboltimeout) referenced 2 times from app_cli.o(.data.commands)
 <LI><a href="#[24]">cli_lr_getsync</a> from app_cli.o(.text.cli_lr_getsync) referenced 2 times from app_cli.o(.data.commands)
 <LI><a href="#[21]">cli_lr_setmodparams</a> from app_cli.o(.text.cli_lr_setmodparams) referenced 2 times from app_cli.o(.data.commands)
 <LI><a href="#[23]">cli_lr_setpacketparams</a> from app_cli.o(.text.cli_lr_setpacketparams) referenced 2 times from app_cli.o(.data.commands)
 <LI><a href="#[27]">cli_lr_setsymboltimeout</a> from app_cli.o(.text.cli_lr_setsymboltimeout) referenced 2 times from app_cli.o(.data.commands)
 <LI><a href="#[25]">cli_lr_setsync</a> from app_cli.o(.text.cli_lr_setsync) referenced 2 times from app_cli.o(.data.commands)
 <LI><a href="#[3d]">cli_readreg</a> from app_cli.o(.text.cli_readreg) referenced 2 times from app_cli.o(.data.commands)
 <LI><a href="#[0]">cli_reset</a> from app_cli.o(.text.cli_reset) referenced 2 times from app_cli.o(.data.commands)
 <LI><a href="#[32]">cli_sendburst</a> from app_cli.o(.text.cli_sendburst) referenced 2 times from app_cli.o(.data.commands)
 <LI><a href="#[8]">cli_setaesiv</a> from app_cli.o(.text.cli_setaesiv) referenced 2 times from app_cli.o(.data.commands)
 <LI><a href="#[7]">cli_setaeskey</a> from app_cli.o(.text.cli_setaeskey) referenced 2 times from app_cli.o(.data.commands)
 <LI><a href="#[35]">cli_setautosendparams</a> from app_cli.o(.text.cli_setautosendparams) referenced 2 times from app_cli.o(.data.commands)
 <LI><a href="#[10]">cli_setchannel</a> from app_cli.o(.text.cli_setchannel) referenced 2 times from app_cli.o(.data.commands)
 <LI><a href="#[19]">cli_setctune</a> from app_cli.o(.text.cli_setctune) referenced 2 times from app_cli.o(.data.commands)
 <LI><a href="#[4]">cli_setdevid</a> from app_cli.o(.text.cli_setdevid) referenced 2 times from app_cli.o(.data.commands)
 <LI><a href="#[3c]">cli_setem</a> from app_cli.o(.text.cli_setem) referenced 2 times from app_cli.o(.data.commands)
 <LI><a href="#[e]">cli_setfreq</a> from app_cli.o(.text.cli_setfreq) referenced 2 times from app_cli.o(.data.commands)
 <LI><a href="#[a]">cli_setmodem</a> from app_cli.o(.text.cli_setmodem) referenced 2 times from app_cli.o(.data.commands)
 <LI><a href="#[c]">cli_setopmode</a> from app_cli.o(.text.cli_setopmode) referenced 2 times from app_cli.o(.data.commands)
 <LI><a href="#[44]">cli_setpaconfig</a> from app_cli.o(.text.cli_setpaconfig) referenced 2 times from app_cli.o(.data.commands)
 <LI><a href="#[13]">cli_setpower</a> from app_cli.o(.text.cli_setpower) referenced 2 times from app_cli.o(.data.commands)
 <LI><a href="#[15]">cli_setramptime</a> from app_cli.o(.text.cli_setramptime) referenced 2 times from app_cli.o(.data.commands)
 <LI><a href="#[1e]">cli_setsleepparams</a> from app_cli.o(.text.cli_setsleepparams) referenced 2 times from app_cli.o(.data.commands)
 <LI><a href="#[1c]">cli_settimeouts</a> from app_cli.o(.text.cli_settimeouts) referenced 2 times from app_cli.o(.data.commands)
 <LI><a href="#[17]">cli_setxoparams</a> from app_cli.o(.text.cli_setxoparams) referenced 2 times from app_cli.o(.data.commands)
 <LI><a href="#[37]">cli_startrxcount</a> from app_cli.o(.text.cli_startrxcount) referenced 2 times from app_cli.o(.data.commands)
 <LI><a href="#[33]">cli_stopburst</a> from app_cli.o(.text.cli_stopburst) referenced 2 times from app_cli.o(.data.commands)
 <LI><a href="#[38]">cli_stoprxcount</a> from app_cli.o(.text.cli_stoprxcount) referenced 2 times from app_cli.o(.data.commands)
 <LI><a href="#[11]">cli_storechannel</a> from app_cli.o(.text.cli_storechannel) referenced 2 times from app_cli.o(.data.commands)
 <LI><a href="#[43]">cli_storeconfig</a> from app_cli.o(.text.cli_storeconfig) referenced 2 times from app_cli.o(.data.commands)
 <LI><a href="#[41]">cli_sweeprx</a> from app_cli.o(.text.cli_sweeprx) referenced 2 times from app_cli.o(.data.commands)
 <LI><a href="#[40]">cli_sweeptx</a> from app_cli.o(.text.cli_sweeptx) referenced 2 times from app_cli.o(.data.commands)
 <LI><a href="#[36]">cli_txstream</a> from app_cli.o(.text.cli_txstream) referenced 2 times from app_cli.o(.data.commands)
 <LI><a href="#[3e]">cli_writereg</a> from app_cli.o(.text.cli_writereg) referenced 2 times from app_cli.o(.data.commands)
 <LI><a href="#[80]">fputc</a> from retarget.o(.text.fputc) referenced from printfa.o(i.__0printf)
 <LI><a href="#[7f]">gpio_init</a> from tremo_gpio.o(.text.gpio_init) referenced from gpio.o(.text.mygpio_init)
 <LI><a href="#[78]">lorac_transfer</a> from lorac.o(.text.lorac_transfer) referenced from sx126x_interface.o(.text.SX126X_writeRegs)
 <LI><a href="#[74]">main</a> from main.o(.text.main) referenced from entry9a.o(.ARM.Collect$$$$0000000B)
 <LI><a href="#[7a]">puts</a> from puts.o(i.puts) referenced from app_cli.o(.text.cli_fs_getpacketparams)
 <LI><a href="#[7a]">puts</a> from puts.o(i.puts) referenced from app_cli.o(.text.cli_lr_getpacketparams)
 <LI><a href="#[7e]">rcc_enable_peripheral_clk</a> from tremo_rcc.o(.text.rcc_enable_peripheral_clk) referenced from gpio.o(.text.mygpio_init)
</UL>
<P>
<H3>
Global Symbols
</H3>
<P><STRONG><a name="[76]"></a>__main</STRONG> (Thumb, 0 bytes, Stack size unknown bytes, entry.o(.ARM.Collect$$$$00000000))
<BR>[Address Reference Count : 1]<UL><LI> startup_tremo.o(.text)
</UL>
<P><STRONG><a name="[162]"></a>_main_stk</STRONG> (Thumb, 0 bytes, Stack size unknown bytes, entry2.o(.ARM.Collect$$$$00000001))

<P><STRONG><a name="[81]"></a>_main_scatterload</STRONG> (Thumb, 0 bytes, Stack size unknown bytes, entry5.o(.ARM.Collect$$$$00000004))
<BR><BR>[Calls]<UL><LI><a href="#[82]">&gt;&gt;</a>&nbsp;&nbsp;&nbsp;__scatterload
</UL>

<P><STRONG><a name="[9b]"></a>__main_after_scatterload</STRONG> (Thumb, 0 bytes, Stack size unknown bytes, entry5.o(.ARM.Collect$$$$00000004))
<BR><BR>[Called By]<UL><LI><a href="#[82]">&gt;&gt;</a>&nbsp;&nbsp;&nbsp;__scatterload
</UL>

<P><STRONG><a name="[163]"></a>_main_clock</STRONG> (Thumb, 0 bytes, Stack size unknown bytes, entry7b.o(.ARM.Collect$$$$00000008))

<P><STRONG><a name="[164]"></a>_main_cpp_init</STRONG> (Thumb, 0 bytes, Stack size unknown bytes, entry8b.o(.ARM.Collect$$$$0000000A))

<P><STRONG><a name="[165]"></a>_main_init</STRONG> (Thumb, 0 bytes, Stack size unknown bytes, entry9a.o(.ARM.Collect$$$$0000000B))

<P><STRONG><a name="[166]"></a>__rt_final_cpp</STRONG> (Thumb, 0 bytes, Stack size unknown bytes, entry10a.o(.ARM.Collect$$$$0000000D))

<P><STRONG><a name="[167]"></a>__rt_final_exit</STRONG> (Thumb, 0 bytes, Stack size unknown bytes, entry11a.o(.ARM.Collect$$$$0000000F))

<P><STRONG><a name="[45]"></a>Reset_Handler</STRONG> (Thumb, 8 bytes, Stack size 0 bytes, startup_tremo.o(.text))
<BR>[Address Reference Count : 1]<UL><LI> startup_tremo.o(RESET)
</UL>
<P><STRONG><a name="[4c]"></a>DebugMon_Handler</STRONG> (Thumb, 2 bytes, Stack size 0 bytes, startup_tremo.o(.text))
<BR><BR>[Calls]<UL><LI><a href="#[4c]">&gt;&gt;</a>&nbsp;&nbsp;&nbsp;DebugMon_Handler
</UL>
<BR>[Called By]<UL><LI><a href="#[4c]">&gt;&gt;</a>&nbsp;&nbsp;&nbsp;DebugMon_Handler
</UL>
<BR>[Address Reference Count : 1]<UL><LI> startup_tremo.o(RESET)
</UL>
<P><STRONG><a name="[60]"></a>AFEC_IRQHandler</STRONG> (Thumb, 0 bytes, Stack size 0 bytes, startup_tremo.o(.text))
<BR><BR>[Calls]<UL><LI><a href="#[60]">&gt;&gt;</a>&nbsp;&nbsp;&nbsp;AFEC_IRQHandler
</UL>
<BR>[Called By]<UL><LI><a href="#[60]">&gt;&gt;</a>&nbsp;&nbsp;&nbsp;AFEC_IRQHandler
</UL>
<BR>[Address Reference Count : 1]<UL><LI> startup_tremo.o(RESET)
</UL>
<P><STRONG><a name="[6a]"></a>BSTIMER0_IRQHandler</STRONG> (Thumb, 0 bytes, Stack size 0 bytes, startup_tremo.o(.text))
<BR>[Address Reference Count : 1]<UL><LI> startup_tremo.o(RESET)
</UL>
<P><STRONG><a name="[6b]"></a>BSTIMER1_IRQHandler</STRONG> (Thumb, 0 bytes, Stack size 0 bytes, startup_tremo.o(.text))
<BR>[Address Reference Count : 1]<UL><LI> startup_tremo.o(RESET)
</UL>
<P><STRONG><a name="[63]"></a>DAC_IRQHandler</STRONG> (Thumb, 0 bytes, Stack size 0 bytes, startup_tremo.o(.text))
<BR>[Address Reference Count : 1]<UL><LI> startup_tremo.o(RESET)
</UL>
<P><STRONG><a name="[6e]"></a>DMA0_IRQHandler</STRONG> (Thumb, 0 bytes, Stack size 0 bytes, startup_tremo.o(.text))
<BR>[Address Reference Count : 1]<UL><LI> startup_tremo.o(RESET)
</UL>
<P><STRONG><a name="[168]"></a>DMA1IRQHandler</STRONG> (Thumb, 0 bytes, Stack size 0 bytes, startup_tremo.o(.text), UNUSED)

<P><STRONG><a name="[62]"></a>DMA1_IRQHandler</STRONG> (Thumb, 0 bytes, Stack size 0 bytes, startup_tremo.o(.text))
<BR>[Address Reference Count : 1]<UL><LI> startup_tremo.o(RESET)
</UL>
<P><STRONG><a name="[52]"></a>EFC_IRQHandler</STRONG> (Thumb, 0 bytes, Stack size 0 bytes, startup_tremo.o(.text))
<BR>[Address Reference Count : 1]<UL><LI> startup_tremo.o(RESET)
</UL>
<P><STRONG><a name="[65]"></a>GPIO_IRQHandler</STRONG> (Thumb, 0 bytes, Stack size 0 bytes, startup_tremo.o(.text))
<BR>[Address Reference Count : 1]<UL><LI> startup_tremo.o(RESET)
</UL>
<P><STRONG><a name="[5c]"></a>I2C0_IRQHandler</STRONG> (Thumb, 0 bytes, Stack size 0 bytes, startup_tremo.o(.text))
<BR>[Address Reference Count : 1]<UL><LI> startup_tremo.o(RESET)
</UL>
<P><STRONG><a name="[5d]"></a>I2C1_IRQHandler</STRONG> (Thumb, 0 bytes, Stack size 0 bytes, startup_tremo.o(.text))
<BR>[Address Reference Count : 1]<UL><LI> startup_tremo.o(RESET)
</UL>
<P><STRONG><a name="[54]"></a>I2C2_IRQHandler</STRONG> (Thumb, 0 bytes, Stack size 0 bytes, startup_tremo.o(.text))
<BR>[Address Reference Count : 1]<UL><LI> startup_tremo.o(RESET)
</UL>
<P><STRONG><a name="[6f]"></a>I2S_IRQHandler</STRONG> (Thumb, 0 bytes, Stack size 0 bytes, startup_tremo.o(.text))
<BR>[Address Reference Count : 1]<UL><LI> startup_tremo.o(RESET)
</UL>
<P><STRONG><a name="[73]"></a>IWDG_IRQHandler</STRONG> (Thumb, 0 bytes, Stack size 0 bytes, startup_tremo.o(.text))
<BR>[Address Reference Count : 1]<UL><LI> startup_tremo.o(RESET)
</UL>
<P><STRONG><a name="[70]"></a>LCD_IRQHandler</STRONG> (Thumb, 0 bytes, Stack size 0 bytes, startup_tremo.o(.text))
<BR>[Address Reference Count : 1]<UL><LI> startup_tremo.o(RESET)
</UL>
<P><STRONG><a name="[6c]"></a>LPTIMER0_IRQHandler</STRONG> (Thumb, 0 bytes, Stack size 0 bytes, startup_tremo.o(.text))
<BR>[Address Reference Count : 1]<UL><LI> startup_tremo.o(RESET)
</UL>
<P><STRONG><a name="[72]"></a>LPTIMER1_IRQHandler</STRONG> (Thumb, 0 bytes, Stack size 0 bytes, startup_tremo.o(.text))
<BR>[Address Reference Count : 1]<UL><LI> startup_tremo.o(RESET)
</UL>
<P><STRONG><a name="[58]"></a>LPUART_IRQHandler</STRONG> (Thumb, 0 bytes, Stack size 0 bytes, startup_tremo.o(.text))
<BR>[Address Reference Count : 1]<UL><LI> startup_tremo.o(RESET)
</UL>
<P><STRONG><a name="[5b]"></a>QSPI_IRQHandler</STRONG> (Thumb, 0 bytes, Stack size 0 bytes, startup_tremo.o(.text))
<BR>[Address Reference Count : 1]<UL><LI> startup_tremo.o(RESET)
</UL>
<P><STRONG><a name="[50]"></a>RTC_IRQHandler</STRONG> (Thumb, 0 bytes, Stack size 0 bytes, startup_tremo.o(.text))
<BR>[Address Reference Count : 1]<UL><LI> startup_tremo.o(RESET)
</UL>
<P><STRONG><a name="[6d]"></a>SAC_IRQHandler</STRONG> (Thumb, 0 bytes, Stack size 0 bytes, startup_tremo.o(.text))
<BR>[Address Reference Count : 1]<UL><LI> startup_tremo.o(RESET)
</UL>
<P><STRONG><a name="[5e]"></a>SCC_IRQHandler</STRONG> (Thumb, 0 bytes, Stack size 0 bytes, startup_tremo.o(.text))
<BR>[Address Reference Count : 1]<UL><LI> startup_tremo.o(RESET)
</UL>
<P><STRONG><a name="[4f]"></a>SEC_IRQHandler</STRONG> (Thumb, 0 bytes, Stack size 0 bytes, startup_tremo.o(.text))
<BR>[Address Reference Count : 1]<UL><LI> startup_tremo.o(RESET)
</UL>
<P><STRONG><a name="[59]"></a>SSP0_IRQHandler</STRONG> (Thumb, 0 bytes, Stack size 0 bytes, startup_tremo.o(.text))
<BR>[Address Reference Count : 1]<UL><LI> startup_tremo.o(RESET)
</UL>
<P><STRONG><a name="[5a]"></a>SSP1_IRQHandler</STRONG> (Thumb, 0 bytes, Stack size 0 bytes, startup_tremo.o(.text))
<BR>[Address Reference Count : 1]<UL><LI> startup_tremo.o(RESET)
</UL>
<P><STRONG><a name="[61]"></a>SSP2_IRQHandler</STRONG> (Thumb, 0 bytes, Stack size 0 bytes, startup_tremo.o(.text))
<BR>[Address Reference Count : 1]<UL><LI> startup_tremo.o(RESET)
</UL>
<P><STRONG><a name="[67]"></a>TIMER1_IRQHandler</STRONG> (Thumb, 0 bytes, Stack size 0 bytes, startup_tremo.o(.text))
<BR>[Address Reference Count : 1]<UL><LI> startup_tremo.o(RESET)
</UL>
<P><STRONG><a name="[68]"></a>TIMER2_IRQHandler</STRONG> (Thumb, 0 bytes, Stack size 0 bytes, startup_tremo.o(.text))
<BR>[Address Reference Count : 1]<UL><LI> startup_tremo.o(RESET)
</UL>
<P><STRONG><a name="[69]"></a>TIMER3_IRQHandler</STRONG> (Thumb, 0 bytes, Stack size 0 bytes, startup_tremo.o(.text))
<BR>[Address Reference Count : 1]<UL><LI> startup_tremo.o(RESET)
</UL>
<P><STRONG><a name="[57]"></a>UART2_IRQHandler</STRONG> (Thumb, 0 bytes, Stack size 0 bytes, startup_tremo.o(.text))
<BR>[Address Reference Count : 1]<UL><LI> startup_tremo.o(RESET)
</UL>
<P><STRONG><a name="[53]"></a>UART3_IRQHandler</STRONG> (Thumb, 0 bytes, Stack size 0 bytes, startup_tremo.o(.text))
<BR>[Address Reference Count : 1]<UL><LI> startup_tremo.o(RESET)
</UL>
<P><STRONG><a name="[51]"></a>WDG_IRQHandler</STRONG> (Thumb, 0 bytes, Stack size 0 bytes, startup_tremo.o(.text))
<BR>[Address Reference Count : 1]<UL><LI> startup_tremo.o(RESET)
</UL>
<P><STRONG><a name="[169]"></a>___aeabi_memcpy8$move</STRONG> (Thumb, 0 bytes, Stack size 8 bytes, memmovea.o(.text), UNUSED)

<P><STRONG><a name="[100]"></a>__aeabi_memcpy</STRONG> (Thumb, 64 bytes, Stack size 8 bytes, memmovea.o(.text))
<BR><BR>[Stack]<UL><LI>Max Depth = 8<LI>Call Chain = __aeabi_memcpy
</UL>
<BR>[Called By]<UL><LI><a href="#[10b]">&gt;&gt;</a>&nbsp;&nbsp;&nbsp;ciProcessInput
<LI><a href="#[139]">&gt;&gt;</a>&nbsp;&nbsp;&nbsp;radio_proc
<LI><a href="#[148]">&gt;&gt;</a>&nbsp;&nbsp;&nbsp;preparepacketcommon
<LI><a href="#[ff]">&gt;&gt;</a>&nbsp;&nbsp;&nbsp;aes_crypto
<LI><a href="#[103]">&gt;&gt;</a>&nbsp;&nbsp;&nbsp;aes_init
</UL>

<P><STRONG><a name="[14e]"></a>__aeabi_memcpy4</STRONG> (Thumb, 0 bytes, Stack size 8 bytes, memmovea.o(.text))
<BR><BR>[Stack]<UL><LI>Max Depth = 8<LI>Call Chain = __aeabi_memcpy4
</UL>
<BR>[Called By]<UL><LI><a href="#[e3]">&gt;&gt;</a>&nbsp;&nbsp;&nbsp;writeconfig
<LI><a href="#[14b]">&gt;&gt;</a>&nbsp;&nbsp;&nbsp;readconfig
</UL>

<P><STRONG><a name="[10f]"></a>__aeabi_memmove</STRONG> (Thumb, 0 bytes, Stack size 8 bytes, memmovea.o(.text))
<BR><BR>[Stack]<UL><LI>Max Depth = 8<LI>Call Chain = __aeabi_memmove
</UL>
<BR>[Called By]<UL><LI><a href="#[10b]">&gt;&gt;</a>&nbsp;&nbsp;&nbsp;ciProcessInput
</UL>

<P><STRONG><a name="[16a]"></a>__aeabi_memmove4</STRONG> (Thumb, 0 bytes, Stack size 8 bytes, memmovea.o(.text), UNUSED)

<P><STRONG><a name="[16b]"></a>__aeabi_memmove8</STRONG> (Thumb, 0 bytes, Stack size 8 bytes, memmovea.o(.text), UNUSED)

<P><STRONG><a name="[10d]"></a>strchr</STRONG> (Thumb, 20 bytes, Stack size 0 bytes, strchr.o(.text))
<BR><BR>[Called By]<UL><LI><a href="#[10b]">&gt;&gt;</a>&nbsp;&nbsp;&nbsp;ciProcessInput
</UL>

<P><STRONG><a name="[10a]"></a>strlen</STRONG> (Thumb, 14 bytes, Stack size 0 bytes, strlen.o(.text))
<BR><BR>[Called By]<UL><LI><a href="#[10b]">&gt;&gt;</a>&nbsp;&nbsp;&nbsp;ciProcessInput
<LI><a href="#[109]">&gt;&gt;</a>&nbsp;&nbsp;&nbsp;ciPrintHelp
<LI><a href="#[10e]">&gt;&gt;</a>&nbsp;&nbsp;&nbsp;validateInteger
</UL>

<P><STRONG><a name="[14f]"></a>strspn</STRONG> (Thumb, 28 bytes, Stack size 12 bytes, strspn.o(.text))
<BR><BR>[Stack]<UL><LI>Max Depth = 12<LI>Call Chain = strspn
</UL>
<BR>[Called By]<UL><LI><a href="#[10c]">&gt;&gt;</a>&nbsp;&nbsp;&nbsp;strtok_r
</UL>

<P><STRONG><a name="[150]"></a>strcspn</STRONG> (Thumb, 34 bytes, Stack size 12 bytes, strcspn.o(.text))
<BR><BR>[Stack]<UL><LI>Max Depth = 12<LI>Call Chain = strcspn
</UL>
<BR>[Called By]<UL><LI><a href="#[10c]">&gt;&gt;</a>&nbsp;&nbsp;&nbsp;strtok_r
</UL>

<P><STRONG><a name="[83]"></a>strcasecmp</STRONG> (Thumb, 42 bytes, Stack size 24 bytes, strcasecmp.o(.text))
<BR><BR>[Stack]<UL><LI>Max Depth = 24<LI>Call Chain = strcasecmp
</UL>
<BR>[Calls]<UL><LI><a href="#[84]">&gt;&gt;</a>&nbsp;&nbsp;&nbsp;tolower
</UL>
<BR>[Called By]<UL><LI><a href="#[10b]">&gt;&gt;</a>&nbsp;&nbsp;&nbsp;ciProcessInput
</UL>

<P><STRONG><a name="[85]"></a>strtol</STRONG> (Thumb, 112 bytes, Stack size 32 bytes, strtol.o(.text))
<BR><BR>[Stack]<UL><LI>Max Depth = 72<LI>Call Chain = strtol &rArr; _strtoul
</UL>
<BR>[Calls]<UL><LI><a href="#[87]">&gt;&gt;</a>&nbsp;&nbsp;&nbsp;_strtoul
<LI><a href="#[86]">&gt;&gt;</a>&nbsp;&nbsp;&nbsp;__rt_ctype_table
<LI><a href="#[88]">&gt;&gt;</a>&nbsp;&nbsp;&nbsp;__aeabi_errno_addr
</UL>
<BR>[Called By]<UL><LI><a href="#[108]">&gt;&gt;</a>&nbsp;&nbsp;&nbsp;ciGetSigned
<LI><a href="#[10e]">&gt;&gt;</a>&nbsp;&nbsp;&nbsp;validateInteger
</UL>

<P><STRONG><a name="[89]"></a>strtoul</STRONG> (Thumb, 114 bytes, Stack size 40 bytes, strtoul.o(.text))
<BR><BR>[Stack]<UL><LI>Max Depth = 80<LI>Call Chain = strtoul &rArr; _strtoul
</UL>
<BR>[Calls]<UL><LI><a href="#[87]">&gt;&gt;</a>&nbsp;&nbsp;&nbsp;_strtoul
<LI><a href="#[86]">&gt;&gt;</a>&nbsp;&nbsp;&nbsp;__rt_ctype_table
<LI><a href="#[88]">&gt;&gt;</a>&nbsp;&nbsp;&nbsp;__aeabi_errno_addr
</UL>
<BR>[Called By]<UL><LI><a href="#[7b]">&gt;&gt;</a>&nbsp;&nbsp;&nbsp;ciGetUnsigned
<LI><a href="#[10e]">&gt;&gt;</a>&nbsp;&nbsp;&nbsp;validateInteger
</UL>

<P><STRONG><a name="[8a]"></a>__aeabi_dadd</STRONG> (Thumb, 322 bytes, Stack size 48 bytes, dadd.o(.text))
<BR><BR>[Stack]<UL><LI>Max Depth = 88<LI>Call Chain = __aeabi_dadd &rArr; _double_epilogue &rArr; _double_round
</UL>
<BR>[Calls]<UL><LI><a href="#[8c]">&gt;&gt;</a>&nbsp;&nbsp;&nbsp;__aeabi_lasr
<LI><a href="#[8b]">&gt;&gt;</a>&nbsp;&nbsp;&nbsp;__aeabi_llsl
<LI><a href="#[8e]">&gt;&gt;</a>&nbsp;&nbsp;&nbsp;_double_round
<LI><a href="#[8d]">&gt;&gt;</a>&nbsp;&nbsp;&nbsp;_double_epilogue
</UL>
<BR>[Called By]<UL><LI><a href="#[fc]">&gt;&gt;</a>&nbsp;&nbsp;&nbsp;adc_get_calibration_value
<LI><a href="#[8f]">&gt;&gt;</a>&nbsp;&nbsp;&nbsp;__aeabi_dsub
<LI><a href="#[15d]">&gt;&gt;</a>&nbsp;&nbsp;&nbsp;_fp_digits
<LI><a href="#[90]">&gt;&gt;</a>&nbsp;&nbsp;&nbsp;__aeabi_drsub
</UL>

<P><STRONG><a name="[8f]"></a>__aeabi_dsub</STRONG> (Thumb, 6 bytes, Stack size 0 bytes, dadd.o(.text))
<BR><BR>[Stack]<UL><LI>Max Depth = 88<LI>Call Chain = __aeabi_dsub &rArr; __aeabi_dadd &rArr; _double_epilogue &rArr; _double_round
</UL>
<BR>[Calls]<UL><LI><a href="#[8a]">&gt;&gt;</a>&nbsp;&nbsp;&nbsp;__aeabi_dadd
</UL>
<BR>[Called By]<UL><LI><a href="#[5f]">&gt;&gt;</a>&nbsp;&nbsp;&nbsp;ADC_IRQHandler
</UL>

<P><STRONG><a name="[90]"></a>__aeabi_drsub</STRONG> (Thumb, 6 bytes, Stack size 0 bytes, dadd.o(.text), UNUSED)
<BR><BR>[Calls]<UL><LI><a href="#[8a]">&gt;&gt;</a>&nbsp;&nbsp;&nbsp;__aeabi_dadd
</UL>

<P><STRONG><a name="[91]"></a>__aeabi_dmul</STRONG> (Thumb, 228 bytes, Stack size 48 bytes, dmul.o(.text))
<BR><BR>[Stack]<UL><LI>Max Depth = 88<LI>Call Chain = __aeabi_dmul &rArr; _double_epilogue &rArr; _double_round
</UL>
<BR>[Calls]<UL><LI><a href="#[8d]">&gt;&gt;</a>&nbsp;&nbsp;&nbsp;_double_epilogue
</UL>
<BR>[Called By]<UL><LI><a href="#[fc]">&gt;&gt;</a>&nbsp;&nbsp;&nbsp;adc_get_calibration_value
<LI><a href="#[5f]">&gt;&gt;</a>&nbsp;&nbsp;&nbsp;ADC_IRQHandler
<LI><a href="#[15d]">&gt;&gt;</a>&nbsp;&nbsp;&nbsp;_fp_digits
</UL>

<P><STRONG><a name="[92]"></a>__aeabi_ddiv</STRONG> (Thumb, 222 bytes, Stack size 32 bytes, ddiv.o(.text))
<BR><BR>[Stack]<UL><LI>Max Depth = 40<LI>Call Chain = __aeabi_ddiv &rArr; _double_round
</UL>
<BR>[Calls]<UL><LI><a href="#[8e]">&gt;&gt;</a>&nbsp;&nbsp;&nbsp;_double_round
</UL>
<BR>[Called By]<UL><LI><a href="#[b2]">&gt;&gt;</a>&nbsp;&nbsp;&nbsp;RADIO_SetAbsoluteFrequency
<LI><a href="#[ce]">&gt;&gt;</a>&nbsp;&nbsp;&nbsp;SX126X_SetChannel
<LI><a href="#[5f]">&gt;&gt;</a>&nbsp;&nbsp;&nbsp;ADC_IRQHandler
<LI><a href="#[15d]">&gt;&gt;</a>&nbsp;&nbsp;&nbsp;_fp_digits
</UL>

<P><STRONG><a name="[93]"></a>__aeabi_ui2d</STRONG> (Thumb, 26 bytes, Stack size 16 bytes, dfltui.o(.text))
<BR><BR>[Stack]<UL><LI>Max Depth = 56<LI>Call Chain = __aeabi_ui2d &rArr; _double_epilogue &rArr; _double_round
</UL>
<BR>[Calls]<UL><LI><a href="#[8d]">&gt;&gt;</a>&nbsp;&nbsp;&nbsp;_double_epilogue
</UL>
<BR>[Called By]<UL><LI><a href="#[fc]">&gt;&gt;</a>&nbsp;&nbsp;&nbsp;adc_get_calibration_value
<LI><a href="#[b2]">&gt;&gt;</a>&nbsp;&nbsp;&nbsp;RADIO_SetAbsoluteFrequency
<LI><a href="#[ce]">&gt;&gt;</a>&nbsp;&nbsp;&nbsp;SX126X_SetChannel
<LI><a href="#[5f]">&gt;&gt;</a>&nbsp;&nbsp;&nbsp;ADC_IRQHandler
</UL>

<P><STRONG><a name="[94]"></a>__aeabi_d2uiz</STRONG> (Thumb, 50 bytes, Stack size 8 bytes, dfixui.o(.text))
<BR><BR>[Stack]<UL><LI>Max Depth = 8<LI>Call Chain = __aeabi_d2uiz
</UL>
<BR>[Calls]<UL><LI><a href="#[95]">&gt;&gt;</a>&nbsp;&nbsp;&nbsp;__aeabi_llsr
</UL>
<BR>[Called By]<UL><LI><a href="#[b2]">&gt;&gt;</a>&nbsp;&nbsp;&nbsp;RADIO_SetAbsoluteFrequency
<LI><a href="#[ce]">&gt;&gt;</a>&nbsp;&nbsp;&nbsp;SX126X_SetChannel
</UL>

<P><STRONG><a name="[9f]"></a>__aeabi_f2d</STRONG> (Thumb, 38 bytes, Stack size 0 bytes, f2d.o(.text))
<BR><BR>[Called By]<UL><LI><a href="#[3b]">&gt;&gt;</a>&nbsp;&nbsp;&nbsp;cli_getvt
<LI><a href="#[1a]">&gt;&gt;</a>&nbsp;&nbsp;&nbsp;cli_getRSSI
<LI><a href="#[139]">&gt;&gt;</a>&nbsp;&nbsp;&nbsp;radio_proc
<LI><a href="#[149]">&gt;&gt;</a>&nbsp;&nbsp;&nbsp;printRxPacket
<LI><a href="#[5f]">&gt;&gt;</a>&nbsp;&nbsp;&nbsp;ADC_IRQHandler
</UL>

<P><STRONG><a name="[96]"></a>__aeabi_d2f</STRONG> (Thumb, 56 bytes, Stack size 8 bytes, d2f.o(.text))
<BR><BR>[Stack]<UL><LI>Max Depth = 8<LI>Call Chain = __aeabi_d2f
</UL>
<BR>[Calls]<UL><LI><a href="#[97]">&gt;&gt;</a>&nbsp;&nbsp;&nbsp;_float_round
</UL>
<BR>[Called By]<UL><LI><a href="#[fc]">&gt;&gt;</a>&nbsp;&nbsp;&nbsp;adc_get_calibration_value
<LI><a href="#[5f]">&gt;&gt;</a>&nbsp;&nbsp;&nbsp;ADC_IRQHandler
</UL>

<P><STRONG><a name="[16c]"></a>__aeabi_uidiv</STRONG> (Thumb, 0 bytes, Stack size 12 bytes, uidiv.o(.text), UNUSED)

<P><STRONG><a name="[161]"></a>__aeabi_uidivmod</STRONG> (Thumb, 44 bytes, Stack size 12 bytes, uidiv.o(.text), UNUSED)
<BR><BR>[Called By]<UL><LI><a href="#[15c]">&gt;&gt;</a>&nbsp;&nbsp;&nbsp;_printf_core
</UL>

<P><STRONG><a name="[98]"></a>__aeabi_uldivmod</STRONG> (Thumb, 98 bytes, Stack size 40 bytes, uldiv.o(.text), UNUSED)
<BR><BR>[Calls]<UL><LI><a href="#[95]">&gt;&gt;</a>&nbsp;&nbsp;&nbsp;__aeabi_llsr
<LI><a href="#[8b]">&gt;&gt;</a>&nbsp;&nbsp;&nbsp;__aeabi_llsl
</UL>
<BR>[Called By]<UL><LI><a href="#[15c]">&gt;&gt;</a>&nbsp;&nbsp;&nbsp;_printf_core
<LI><a href="#[15d]">&gt;&gt;</a>&nbsp;&nbsp;&nbsp;_fp_digits
</UL>

<P><STRONG><a name="[8b]"></a>__aeabi_llsl</STRONG> (Thumb, 30 bytes, Stack size 0 bytes, llshl.o(.text))
<BR><BR>[Called By]<UL><LI><a href="#[8a]">&gt;&gt;</a>&nbsp;&nbsp;&nbsp;__aeabi_dadd
<LI><a href="#[9a]">&gt;&gt;</a>&nbsp;&nbsp;&nbsp;__aeabi_d2ulz
<LI><a href="#[98]">&gt;&gt;</a>&nbsp;&nbsp;&nbsp;__aeabi_uldivmod
<LI><a href="#[8d]">&gt;&gt;</a>&nbsp;&nbsp;&nbsp;_double_epilogue
</UL>

<P><STRONG><a name="[16d]"></a>_ll_shift_l</STRONG> (Thumb, 0 bytes, Stack size 0 bytes, llshl.o(.text), UNUSED)

<P><STRONG><a name="[95]"></a>__aeabi_llsr</STRONG> (Thumb, 32 bytes, Stack size 0 bytes, llushr.o(.text))
<BR><BR>[Called By]<UL><LI><a href="#[94]">&gt;&gt;</a>&nbsp;&nbsp;&nbsp;__aeabi_d2uiz
<LI><a href="#[9a]">&gt;&gt;</a>&nbsp;&nbsp;&nbsp;__aeabi_d2ulz
<LI><a href="#[98]">&gt;&gt;</a>&nbsp;&nbsp;&nbsp;__aeabi_uldivmod
<LI><a href="#[8d]">&gt;&gt;</a>&nbsp;&nbsp;&nbsp;_double_epilogue
</UL>

<P><STRONG><a name="[16e]"></a>_ll_ushift_r</STRONG> (Thumb, 0 bytes, Stack size 0 bytes, llushr.o(.text), UNUSED)

<P><STRONG><a name="[8c]"></a>__aeabi_lasr</STRONG> (Thumb, 36 bytes, Stack size 0 bytes, llsshr.o(.text))
<BR><BR>[Called By]<UL><LI><a href="#[8a]">&gt;&gt;</a>&nbsp;&nbsp;&nbsp;__aeabi_dadd
</UL>

<P><STRONG><a name="[16f]"></a>_ll_sshift_r</STRONG> (Thumb, 0 bytes, Stack size 0 bytes, llsshr.o(.text), UNUSED)

<P><STRONG><a name="[86]"></a>__rt_ctype_table</STRONG> (Thumb, 4 bytes, Stack size 0 bytes, ctype_o.o(.text))
<BR><BR>[Called By]<UL><LI><a href="#[89]">&gt;&gt;</a>&nbsp;&nbsp;&nbsp;strtoul
<LI><a href="#[85]">&gt;&gt;</a>&nbsp;&nbsp;&nbsp;strtol
</UL>

<P><STRONG><a name="[84]"></a>tolower</STRONG> (Thumb, 12 bytes, Stack size 0 bytes, tolower.o(.text))
<BR><BR>[Called By]<UL><LI><a href="#[83]">&gt;&gt;</a>&nbsp;&nbsp;&nbsp;strcasecmp
</UL>

<P><STRONG><a name="[87]"></a>_strtoul</STRONG> (Thumb, 158 bytes, Stack size 40 bytes, _strtoul.o(.text))
<BR><BR>[Stack]<UL><LI>Max Depth = 40<LI>Call Chain = _strtoul
</UL>
<BR>[Calls]<UL><LI><a href="#[99]">&gt;&gt;</a>&nbsp;&nbsp;&nbsp;_chval
<LI><a href="#[88]">&gt;&gt;</a>&nbsp;&nbsp;&nbsp;__aeabi_errno_addr
</UL>
<BR>[Called By]<UL><LI><a href="#[89]">&gt;&gt;</a>&nbsp;&nbsp;&nbsp;strtoul
<LI><a href="#[85]">&gt;&gt;</a>&nbsp;&nbsp;&nbsp;strtol
</UL>

<P><STRONG><a name="[170]"></a>__I$use$fp</STRONG> (Thumb, 0 bytes, Stack size 0 bytes, iusefp.o(.text), UNUSED)

<P><STRONG><a name="[97]"></a>_float_round</STRONG> (Thumb, 18 bytes, Stack size 0 bytes, fepilogue.o(.text))
<BR><BR>[Called By]<UL><LI><a href="#[96]">&gt;&gt;</a>&nbsp;&nbsp;&nbsp;__aeabi_d2f
</UL>

<P><STRONG><a name="[171]"></a>_float_epilogue</STRONG> (Thumb, 92 bytes, Stack size 4 bytes, fepilogue.o(.text), UNUSED)

<P><STRONG><a name="[8e]"></a>_double_round</STRONG> (Thumb, 30 bytes, Stack size 8 bytes, depilogue.o(.text))
<BR><BR>[Stack]<UL><LI>Max Depth = 8<LI>Call Chain = _double_round
</UL>
<BR>[Called By]<UL><LI><a href="#[8a]">&gt;&gt;</a>&nbsp;&nbsp;&nbsp;__aeabi_dadd
<LI><a href="#[92]">&gt;&gt;</a>&nbsp;&nbsp;&nbsp;__aeabi_ddiv
<LI><a href="#[8d]">&gt;&gt;</a>&nbsp;&nbsp;&nbsp;_double_epilogue
</UL>

<P><STRONG><a name="[8d]"></a>_double_epilogue</STRONG> (Thumb, 156 bytes, Stack size 32 bytes, depilogue.o(.text))
<BR><BR>[Stack]<UL><LI>Max Depth = 40<LI>Call Chain = _double_epilogue &rArr; _double_round
</UL>
<BR>[Calls]<UL><LI><a href="#[95]">&gt;&gt;</a>&nbsp;&nbsp;&nbsp;__aeabi_llsr
<LI><a href="#[8b]">&gt;&gt;</a>&nbsp;&nbsp;&nbsp;__aeabi_llsl
<LI><a href="#[8e]">&gt;&gt;</a>&nbsp;&nbsp;&nbsp;_double_round
</UL>
<BR>[Called By]<UL><LI><a href="#[8a]">&gt;&gt;</a>&nbsp;&nbsp;&nbsp;__aeabi_dadd
<LI><a href="#[91]">&gt;&gt;</a>&nbsp;&nbsp;&nbsp;__aeabi_dmul
<LI><a href="#[93]">&gt;&gt;</a>&nbsp;&nbsp;&nbsp;__aeabi_ui2d
</UL>

<P><STRONG><a name="[9a]"></a>__aeabi_d2ulz</STRONG> (Thumb, 48 bytes, Stack size 0 bytes, dfixul.o(.text), UNUSED)
<BR><BR>[Calls]<UL><LI><a href="#[95]">&gt;&gt;</a>&nbsp;&nbsp;&nbsp;__aeabi_llsr
<LI><a href="#[8b]">&gt;&gt;</a>&nbsp;&nbsp;&nbsp;__aeabi_llsl
</UL>
<BR>[Called By]<UL><LI><a href="#[15d]">&gt;&gt;</a>&nbsp;&nbsp;&nbsp;_fp_digits
</UL>

<P><STRONG><a name="[15e]"></a>__aeabi_cdrcmple</STRONG> (Thumb, 48 bytes, Stack size 0 bytes, cdrcmple.o(.text), UNUSED)
<BR><BR>[Called By]<UL><LI><a href="#[15d]">&gt;&gt;</a>&nbsp;&nbsp;&nbsp;_fp_digits
</UL>

<P><STRONG><a name="[82]"></a>__scatterload</STRONG> (Thumb, 38 bytes, Stack size 0 bytes, init.o(.text))
<BR><BR>[Calls]<UL><LI><a href="#[9b]">&gt;&gt;</a>&nbsp;&nbsp;&nbsp;__main_after_scatterload
</UL>
<BR>[Called By]<UL><LI><a href="#[81]">&gt;&gt;</a>&nbsp;&nbsp;&nbsp;_main_scatterload
</UL>

<P><STRONG><a name="[172]"></a>__scatterload_rt2</STRONG> (Thumb, 0 bytes, Stack size 0 bytes, init.o(.text), UNUSED)

<P><STRONG><a name="[99]"></a>_chval</STRONG> (Thumb, 28 bytes, Stack size 0 bytes, _chval.o(.text))
<BR><BR>[Called By]<UL><LI><a href="#[87]">&gt;&gt;</a>&nbsp;&nbsp;&nbsp;_strtoul
</UL>

<P><STRONG><a name="[173]"></a>__decompress</STRONG> (Thumb, 0 bytes, Stack size unknown bytes, __dczerorl2.o(.text), UNUSED)

<P><STRONG><a name="[174]"></a>__decompress1</STRONG> (Thumb, 86 bytes, Stack size unknown bytes, __dczerorl2.o(.text), UNUSED)

<P><STRONG><a name="[5f]"></a>ADC_IRQHandler</STRONG> (Thumb, 96 bytes, Stack size 24 bytes, adc.o(.text.ADC_IRQHandler))
<BR><BR>[Stack]<UL><LI>Max Depth = 112<LI>Call Chain = ADC_IRQHandler &rArr; __aeabi_dmul &rArr; _double_epilogue &rArr; _double_round
</UL>
<BR>[Calls]<UL><LI><a href="#[96]">&gt;&gt;</a>&nbsp;&nbsp;&nbsp;__aeabi_d2f
<LI><a href="#[91]">&gt;&gt;</a>&nbsp;&nbsp;&nbsp;__aeabi_dmul
<LI><a href="#[93]">&gt;&gt;</a>&nbsp;&nbsp;&nbsp;__aeabi_ui2d
<LI><a href="#[9e]">&gt;&gt;</a>&nbsp;&nbsp;&nbsp;adc_get_data
<LI><a href="#[9d]">&gt;&gt;</a>&nbsp;&nbsp;&nbsp;adc_clear_interrupt_status
<LI><a href="#[9c]">&gt;&gt;</a>&nbsp;&nbsp;&nbsp;adc_get_interrupt_status
<LI><a href="#[9f]">&gt;&gt;</a>&nbsp;&nbsp;&nbsp;__aeabi_f2d
<LI><a href="#[92]">&gt;&gt;</a>&nbsp;&nbsp;&nbsp;__aeabi_ddiv
<LI><a href="#[8f]">&gt;&gt;</a>&nbsp;&nbsp;&nbsp;__aeabi_dsub
</UL>
<BR>[Address Reference Count : 1]<UL><LI> startup_tremo.o(RESET)
</UL>
<P><STRONG><a name="[49]"></a>BusFault_Handler</STRONG> (Thumb, 2 bytes, Stack size 0 bytes, tremo_it.o(.text.BusFault_Handler))
<BR><BR>[Calls]<UL><LI><a href="#[49]">&gt;&gt;</a>&nbsp;&nbsp;&nbsp;BusFault_Handler
</UL>
<BR>[Called By]<UL><LI><a href="#[49]">&gt;&gt;</a>&nbsp;&nbsp;&nbsp;BusFault_Handler
</UL>
<BR>[Address Reference Count : 1]<UL><LI> startup_tremo.o(RESET)
</UL>
<P><STRONG><a name="[47]"></a>HardFault_Handler</STRONG> (Thumb, 16 bytes, Stack size 0 bytes, tremo_it.o(.text.HardFault_Handler))
<BR><BR>[Stack]<UL><LI>Max Depth = 24<LI>Call Chain = HardFault_Handler &rArr; puts &rArr; fputc
</UL>
<BR>[Calls]<UL><LI><a href="#[a1]">&gt;&gt;</a>&nbsp;&nbsp;&nbsp;__NVIC_SystemReset
<LI><a href="#[a0]">&gt;&gt;</a>&nbsp;&nbsp;&nbsp;delay_ms
<LI><a href="#[7a]">&gt;&gt;</a>&nbsp;&nbsp;&nbsp;puts
</UL>
<BR>[Address Reference Count : 1]<UL><LI> startup_tremo.o(RESET)
</UL>
<P><STRONG><a name="[64]"></a>LORA_IRQHandler</STRONG> (Thumb, 48 bytes, Stack size 8 bytes, radio_proc.o(.text.LORA_IRQHandler))
<BR><BR>[Stack]<UL><LI>Max Depth = 48<LI>Call Chain = LORA_IRQHandler &rArr; SX126X_ClearIrqStatus &rArr; SX126X_writeCmd
</UL>
<BR>[Calls]<UL><LI><a href="#[a3]">&gt;&gt;</a>&nbsp;&nbsp;&nbsp;SX126X_ClearIrqStatus
<LI><a href="#[a2]">&gt;&gt;</a>&nbsp;&nbsp;&nbsp;SX126X_GetIrqStatus
</UL>
<BR>[Address Reference Count : 1]<UL><LI> startup_tremo.o(RESET)
</UL>
<P><STRONG><a name="[48]"></a>MemManage_Handler</STRONG> (Thumb, 2 bytes, Stack size 0 bytes, tremo_it.o(.text.MemManage_Handler))
<BR><BR>[Calls]<UL><LI><a href="#[48]">&gt;&gt;</a>&nbsp;&nbsp;&nbsp;MemManage_Handler
</UL>
<BR>[Called By]<UL><LI><a href="#[48]">&gt;&gt;</a>&nbsp;&nbsp;&nbsp;MemManage_Handler
</UL>
<BR>[Address Reference Count : 1]<UL><LI> startup_tremo.o(RESET)
</UL>
<P><STRONG><a name="[46]"></a>NMI_Handler</STRONG> (Thumb, 2 bytes, Stack size 0 bytes, tremo_it.o(.text.NMI_Handler))
<BR>[Address Reference Count : 1]<UL><LI> startup_tremo.o(RESET)
</UL>
<P><STRONG><a name="[71]"></a>PWR_IRQHandler</STRONG> (Thumb, 2 bytes, Stack size 0 bytes, tremo_it.o(.text.PWR_IRQHandler))
<BR>[Address Reference Count : 1]<UL><LI> startup_tremo.o(RESET)
</UL>
<P><STRONG><a name="[4d]"></a>PendSV_Handler</STRONG> (Thumb, 2 bytes, Stack size 0 bytes, tremo_it.o(.text.PendSV_Handler))
<BR>[Address Reference Count : 1]<UL><LI> startup_tremo.o(RESET)
</UL>
<P><STRONG><a name="[b2]"></a>RADIO_SetAbsoluteFrequency</STRONG> (Thumb, 40 bytes, Stack size 8 bytes, radio_proc.o(.text.RADIO_SetAbsoluteFrequency))
<BR><BR>[Stack]<UL><LI>Max Depth = 64<LI>Call Chain = RADIO_SetAbsoluteFrequency &rArr; __aeabi_ui2d &rArr; _double_epilogue &rArr; _double_round
</UL>
<BR>[Calls]<UL><LI><a href="#[93]">&gt;&gt;</a>&nbsp;&nbsp;&nbsp;__aeabi_ui2d
<LI><a href="#[b3]">&gt;&gt;</a>&nbsp;&nbsp;&nbsp;SX126X_SetRfFrequency
<LI><a href="#[94]">&gt;&gt;</a>&nbsp;&nbsp;&nbsp;__aeabi_d2uiz
<LI><a href="#[92]">&gt;&gt;</a>&nbsp;&nbsp;&nbsp;__aeabi_ddiv
</UL>
<BR>[Called By]<UL><LI><a href="#[41]">&gt;&gt;</a>&nbsp;&nbsp;&nbsp;cli_sweeprx
<LI><a href="#[40]">&gt;&gt;</a>&nbsp;&nbsp;&nbsp;cli_sweeptx
<LI><a href="#[139]">&gt;&gt;</a>&nbsp;&nbsp;&nbsp;radio_proc
</UL>

<P><STRONG><a name="[b4]"></a>RADIO_setctune</STRONG> (Thumb, 64 bytes, Stack size 16 bytes, radio_proc.o(.text.RADIO_setctune))
<BR><BR>[Stack]<UL><LI>Max Depth = 64<LI>Call Chain = RADIO_setctune &rArr; SX126X_writeReg &rArr; SX126X_writeRegs
</UL>
<BR>[Calls]<UL><LI><a href="#[77]">&gt;&gt;</a>&nbsp;&nbsp;&nbsp;SX126X_writeReg
<LI><a href="#[b5]">&gt;&gt;</a>&nbsp;&nbsp;&nbsp;SX126X_setopmode
</UL>
<BR>[Called By]<UL><LI><a href="#[19]">&gt;&gt;</a>&nbsp;&nbsp;&nbsp;cli_setctune
</UL>

<P><STRONG><a name="[b6]"></a>RETARGET_ReadChar</STRONG> (Thumb, 56 bytes, Stack size 8 bytes, retarget.o(.text.RETARGET_ReadChar))
<BR><BR>[Stack]<UL><LI>Max Depth = 64<LI>Call Chain = RETARGET_ReadChar &rArr; RETARGET_SerialInit &rArr; myuart_init &rArr; gpio_set_iomux
</UL>
<BR>[Calls]<UL><LI><a href="#[b7]">&gt;&gt;</a>&nbsp;&nbsp;&nbsp;RETARGET_SerialInit
</UL>
<BR>[Called By]<UL><LI><a href="#[112]">&gt;&gt;</a>&nbsp;&nbsp;&nbsp;cli_proc
</UL>

<P><STRONG><a name="[b7]"></a>RETARGET_SerialInit</STRONG> (Thumb, 32 bytes, Stack size 8 bytes, retarget.o(.text.RETARGET_SerialInit))
<BR><BR>[Stack]<UL><LI>Max Depth = 56<LI>Call Chain = RETARGET_SerialInit &rArr; myuart_init &rArr; gpio_set_iomux
</UL>
<BR>[Calls]<UL><LI><a href="#[b8]">&gt;&gt;</a>&nbsp;&nbsp;&nbsp;myuart_init
</UL>
<BR>[Called By]<UL><LI><a href="#[b6]">&gt;&gt;</a>&nbsp;&nbsp;&nbsp;RETARGET_ReadChar
<LI><a href="#[12b]">&gt;&gt;</a>&nbsp;&nbsp;&nbsp;init_peripherals
</UL>

<P><STRONG><a name="[4b]"></a>SVC_Handler</STRONG> (Thumb, 2 bytes, Stack size 0 bytes, tremo_it.o(.text.SVC_Handler))
<BR>[Address Reference Count : 1]<UL><LI> startup_tremo.o(RESET)
</UL>
<P><STRONG><a name="[b9]"></a>SX126X_CalibrateIR</STRONG> (Thumb, 44 bytes, Stack size 0 bytes, sx126x_proc.o(.text.SX126X_CalibrateIR))
<BR><BR>[Stack]<UL><LI>Max Depth = 40<LI>Call Chain = SX126X_CalibrateIR &rArr; SX126X_CalibrateImage &rArr; SX126X_writeCmd
</UL>
<BR>[Calls]<UL><LI><a href="#[ba]">&gt;&gt;</a>&nbsp;&nbsp;&nbsp;SX126X_CalibrateImage
</UL>
<BR>[Called By]<UL><LI><a href="#[e0]">&gt;&gt;</a>&nbsp;&nbsp;&nbsp;SX126X_config
</UL>

<P><STRONG><a name="[ba]"></a>SX126X_CalibrateImage</STRONG> (Thumb, 24 bytes, Stack size 16 bytes, sx126x.o(.text.SX126X_CalibrateImage))
<BR><BR>[Stack]<UL><LI>Max Depth = 40<LI>Call Chain = SX126X_CalibrateImage &rArr; SX126X_writeCmd
</UL>
<BR>[Calls]<UL><LI><a href="#[af]">&gt;&gt;</a>&nbsp;&nbsp;&nbsp;SX126X_writeCmd
</UL>
<BR>[Called By]<UL><LI><a href="#[b9]">&gt;&gt;</a>&nbsp;&nbsp;&nbsp;SX126X_CalibrateIR
</UL>

<P><STRONG><a name="[a3]"></a>SX126X_ClearIrqStatus</STRONG> (Thumb, 22 bytes, Stack size 16 bytes, sx126x.o(.text.SX126X_ClearIrqStatus))
<BR><BR>[Stack]<UL><LI>Max Depth = 40<LI>Call Chain = SX126X_ClearIrqStatus &rArr; SX126X_writeCmd
</UL>
<BR>[Calls]<UL><LI><a href="#[af]">&gt;&gt;</a>&nbsp;&nbsp;&nbsp;SX126X_writeCmd
</UL>
<BR>[Called By]<UL><LI><a href="#[64]">&gt;&gt;</a>&nbsp;&nbsp;&nbsp;LORA_IRQHandler
</UL>

<P><STRONG><a name="[bb]"></a>SX126X_FskConfig</STRONG> (Thumb, 136 bytes, Stack size 48 bytes, sx126x_proc.o(.text.SX126X_FskConfig))
<BR><BR>[Stack]<UL><LI>Max Depth = 112<LI>Call Chain = SX126X_FskConfig &rArr; SX126X_SetFskCrcWhitening &rArr; SX126X_readReg &rArr; SX126X_readRegs
</UL>
<BR>[Calls]<UL><LI><a href="#[bd]">&gt;&gt;</a>&nbsp;&nbsp;&nbsp;SX126X_SetBufferBaseAddress
<LI><a href="#[c2]">&gt;&gt;</a>&nbsp;&nbsp;&nbsp;SX126X_SetFskCrcWhitening
<LI><a href="#[c0]">&gt;&gt;</a>&nbsp;&nbsp;&nbsp;SX126X_SetFskSyncWord
<LI><a href="#[c1]">&gt;&gt;</a>&nbsp;&nbsp;&nbsp;SX126X_SetFskAddr
<LI><a href="#[bf]">&gt;&gt;</a>&nbsp;&nbsp;&nbsp;SX126X_SetFskPacketParams
<LI><a href="#[be]">&gt;&gt;</a>&nbsp;&nbsp;&nbsp;SX126X_SetFskModParams
<LI><a href="#[bc]">&gt;&gt;</a>&nbsp;&nbsp;&nbsp;SX126X_SetPacketType
</UL>
<BR>[Called By]<UL><LI><a href="#[36]">&gt;&gt;</a>&nbsp;&nbsp;&nbsp;cli_txstream
<LI><a href="#[e0]">&gt;&gt;</a>&nbsp;&nbsp;&nbsp;SX126X_config
</UL>

<P><STRONG><a name="[c3]"></a>SX126X_GetFskPacketStatus</STRONG> (Thumb, 24 bytes, Stack size 24 bytes, sx126x.o(.text.SX126X_GetFskPacketStatus))
<BR><BR>[Stack]<UL><LI>Max Depth = 48<LI>Call Chain = SX126X_GetFskPacketStatus &rArr; OUTLINED_FUNCTION_4 &rArr; SX126X_readCmd
</UL>
<BR>[Calls]<UL><LI><a href="#[c4]">&gt;&gt;</a>&nbsp;&nbsp;&nbsp;OUTLINED_FUNCTION_1
<LI><a href="#[b0]">&gt;&gt;</a>&nbsp;&nbsp;&nbsp;OUTLINED_FUNCTION_4
</UL>
<BR>[Called By]<UL><LI><a href="#[139]">&gt;&gt;</a>&nbsp;&nbsp;&nbsp;radio_proc
</UL>

<P><STRONG><a name="[a2]"></a>SX126X_GetIrqStatus</STRONG> (Thumb, 24 bytes, Stack size 16 bytes, sx126x.o(.text.SX126X_GetIrqStatus))
<BR><BR>[Stack]<UL><LI>Max Depth = 40<LI>Call Chain = SX126X_GetIrqStatus &rArr; SX126X_readCmd
</UL>
<BR>[Calls]<UL><LI><a href="#[b1]">&gt;&gt;</a>&nbsp;&nbsp;&nbsp;SX126X_readCmd
</UL>
<BR>[Called By]<UL><LI><a href="#[64]">&gt;&gt;</a>&nbsp;&nbsp;&nbsp;LORA_IRQHandler
</UL>

<P><STRONG><a name="[c5]"></a>SX126X_GetLoRaPacketStatus</STRONG> (Thumb, 24 bytes, Stack size 24 bytes, sx126x.o(.text.SX126X_GetLoRaPacketStatus))
<BR><BR>[Stack]<UL><LI>Max Depth = 48<LI>Call Chain = SX126X_GetLoRaPacketStatus &rArr; OUTLINED_FUNCTION_4 &rArr; SX126X_readCmd
</UL>
<BR>[Calls]<UL><LI><a href="#[c4]">&gt;&gt;</a>&nbsp;&nbsp;&nbsp;OUTLINED_FUNCTION_1
<LI><a href="#[b0]">&gt;&gt;</a>&nbsp;&nbsp;&nbsp;OUTLINED_FUNCTION_4
</UL>
<BR>[Called By]<UL><LI><a href="#[139]">&gt;&gt;</a>&nbsp;&nbsp;&nbsp;radio_proc
</UL>

<P><STRONG><a name="[c6]"></a>SX126X_GetRssiInst</STRONG> (Thumb, 20 bytes, Stack size 16 bytes, sx126x.o(.text.SX126X_GetRssiInst))
<BR><BR>[Stack]<UL><LI>Max Depth = 40<LI>Call Chain = SX126X_GetRssiInst &rArr; SX126X_readCmd
</UL>
<BR>[Calls]<UL><LI><a href="#[b1]">&gt;&gt;</a>&nbsp;&nbsp;&nbsp;SX126X_readCmd
</UL>
<BR>[Called By]<UL><LI><a href="#[1a]">&gt;&gt;</a>&nbsp;&nbsp;&nbsp;cli_getRSSI
<LI><a href="#[139]">&gt;&gt;</a>&nbsp;&nbsp;&nbsp;radio_proc
</UL>

<P><STRONG><a name="[c7]"></a>SX126X_GetStatus</STRONG> (Thumb, 20 bytes, Stack size 16 bytes, sx126x.o(.text.SX126X_GetStatus))
<BR><BR>[Stack]<UL><LI>Max Depth = 40<LI>Call Chain = SX126X_GetStatus &rArr; SX126X_readCmd
</UL>
<BR>[Calls]<UL><LI><a href="#[b1]">&gt;&gt;</a>&nbsp;&nbsp;&nbsp;SX126X_readCmd
</UL>
<BR>[Called By]<UL><LI><a href="#[1f]">&gt;&gt;</a>&nbsp;&nbsp;&nbsp;cli_getstatus
</UL>

<P><STRONG><a name="[c8]"></a>SX126X_LNAboost</STRONG> (Thumb, 16 bytes, Stack size 0 bytes, sx126x_proc.o(.text.SX126X_LNAboost))
<BR><BR>[Stack]<UL><LI>Max Depth = 48<LI>Call Chain = SX126X_LNAboost &rArr; SX126X_writeReg &rArr; SX126X_writeRegs
</UL>
<BR>[Calls]<UL><LI><a href="#[77]">&gt;&gt;</a>&nbsp;&nbsp;&nbsp;SX126X_writeReg
</UL>
<BR>[Called By]<UL><LI><a href="#[e0]">&gt;&gt;</a>&nbsp;&nbsp;&nbsp;SX126X_config
</UL>

<P><STRONG><a name="[c9]"></a>SX126X_LoRaConfig</STRONG> (Thumb, 80 bytes, Stack size 24 bytes, sx126x_proc.o(.text.SX126X_LoRaConfig))
<BR><BR>[Stack]<UL><LI>Max Depth = 88<LI>Call Chain = SX126X_LoRaConfig &rArr; SX126X_SetLoRaPacketParams &rArr; SX126X_writeReg &rArr; SX126X_writeRegs
</UL>
<BR>[Calls]<UL><LI><a href="#[77]">&gt;&gt;</a>&nbsp;&nbsp;&nbsp;SX126X_writeReg
<LI><a href="#[bd]">&gt;&gt;</a>&nbsp;&nbsp;&nbsp;SX126X_SetBufferBaseAddress
<LI><a href="#[cb]">&gt;&gt;</a>&nbsp;&nbsp;&nbsp;SX126X_SetLoRaPacketParams
<LI><a href="#[ca]">&gt;&gt;</a>&nbsp;&nbsp;&nbsp;SX126X_SetLoRaModParams
<LI><a href="#[bc]">&gt;&gt;</a>&nbsp;&nbsp;&nbsp;SX126X_SetPacketType
</UL>
<BR>[Called By]<UL><LI><a href="#[e0]">&gt;&gt;</a>&nbsp;&nbsp;&nbsp;SX126X_config
</UL>

<P><STRONG><a name="[bd]"></a>SX126X_SetBufferBaseAddress</STRONG> (Thumb, 24 bytes, Stack size 16 bytes, sx126x.o(.text.SX126X_SetBufferBaseAddress))
<BR><BR>[Stack]<UL><LI>Max Depth = 40<LI>Call Chain = SX126X_SetBufferBaseAddress &rArr; SX126X_writeCmd
</UL>
<BR>[Calls]<UL><LI><a href="#[af]">&gt;&gt;</a>&nbsp;&nbsp;&nbsp;SX126X_writeCmd
</UL>
<BR>[Called By]<UL><LI><a href="#[bb]">&gt;&gt;</a>&nbsp;&nbsp;&nbsp;SX126X_FskConfig
<LI><a href="#[c9]">&gt;&gt;</a>&nbsp;&nbsp;&nbsp;SX126X_LoRaConfig
</UL>

<P><STRONG><a name="[cc]"></a>SX126X_SetCW</STRONG> (Thumb, 20 bytes, Stack size 8 bytes, sx126x.o(.text.SX126X_SetCW))
<BR><BR>[Stack]<UL><LI>Max Depth = 32<LI>Call Chain = SX126X_SetCW &rArr; SX126X_writeCmd
</UL>
<BR>[Calls]<UL><LI><a href="#[cd]">&gt;&gt;</a>&nbsp;&nbsp;&nbsp;SX126X_rfsw_tx
<LI><a href="#[af]">&gt;&gt;</a>&nbsp;&nbsp;&nbsp;SX126X_writeCmd
</UL>
<BR>[Called By]<UL><LI><a href="#[b5]">&gt;&gt;</a>&nbsp;&nbsp;&nbsp;SX126X_setopmode
</UL>

<P><STRONG><a name="[ce]"></a>SX126X_SetChannel</STRONG> (Thumb, 64 bytes, Stack size 8 bytes, sx126x_proc.o(.text.SX126X_SetChannel))
<BR><BR>[Stack]<UL><LI>Max Depth = 64<LI>Call Chain = SX126X_SetChannel &rArr; __aeabi_ui2d &rArr; _double_epilogue &rArr; _double_round
</UL>
<BR>[Calls]<UL><LI><a href="#[93]">&gt;&gt;</a>&nbsp;&nbsp;&nbsp;__aeabi_ui2d
<LI><a href="#[b3]">&gt;&gt;</a>&nbsp;&nbsp;&nbsp;SX126X_SetRfFrequency
<LI><a href="#[94]">&gt;&gt;</a>&nbsp;&nbsp;&nbsp;__aeabi_d2uiz
<LI><a href="#[92]">&gt;&gt;</a>&nbsp;&nbsp;&nbsp;__aeabi_ddiv
</UL>
<BR>[Called By]<UL><LI><a href="#[10]">&gt;&gt;</a>&nbsp;&nbsp;&nbsp;cli_setchannel
<LI><a href="#[e]">&gt;&gt;</a>&nbsp;&nbsp;&nbsp;cli_setfreq
<LI><a href="#[e0]">&gt;&gt;</a>&nbsp;&nbsp;&nbsp;SX126X_config
</UL>

<P><STRONG><a name="[cf]"></a>SX126X_SetDIO2AsRfSwitchCtrl</STRONG> (Thumb, 18 bytes, Stack size 16 bytes, sx126x.o(.text.SX126X_SetDIO2AsRfSwitchCtrl))
<BR><BR>[Stack]<UL><LI>Max Depth = 40<LI>Call Chain = SX126X_SetDIO2AsRfSwitchCtrl &rArr; OUTLINED_FUNCTION_3 &rArr; SX126X_writeCmd
</UL>
<BR>[Calls]<UL><LI><a href="#[ae]">&gt;&gt;</a>&nbsp;&nbsp;&nbsp;OUTLINED_FUNCTION_3
</UL>
<BR>[Called By]<UL><LI><a href="#[e0]">&gt;&gt;</a>&nbsp;&nbsp;&nbsp;SX126X_config
</UL>

<P><STRONG><a name="[d0]"></a>SX126X_SetDioIrqParams</STRONG> (Thumb, 54 bytes, Stack size 16 bytes, sx126x.o(.text.SX126X_SetDioIrqParams))
<BR><BR>[Stack]<UL><LI>Max Depth = 40<LI>Call Chain = SX126X_SetDioIrqParams &rArr; SX126X_writeCmd
</UL>
<BR>[Calls]<UL><LI><a href="#[af]">&gt;&gt;</a>&nbsp;&nbsp;&nbsp;SX126X_writeCmd
</UL>
<BR>[Called By]<UL><LI><a href="#[e0]">&gt;&gt;</a>&nbsp;&nbsp;&nbsp;SX126X_config
</UL>

<P><STRONG><a name="[d1]"></a>SX126X_SetFs</STRONG> (Thumb, 10 bytes, Stack size 0 bytes, sx126x.o(.text.SX126X_SetFs))
<BR><BR>[Stack]<UL><LI>Max Depth = 24<LI>Call Chain = SX126X_SetFs &rArr; SX126X_writeCmd
</UL>
<BR>[Calls]<UL><LI><a href="#[af]">&gt;&gt;</a>&nbsp;&nbsp;&nbsp;SX126X_writeCmd
</UL>
<BR>[Called By]<UL><LI><a href="#[b5]">&gt;&gt;</a>&nbsp;&nbsp;&nbsp;SX126X_setopmode
</UL>

<P><STRONG><a name="[c1]"></a>SX126X_SetFskAddr</STRONG> (Thumb, 28 bytes, Stack size 8 bytes, sx126x.o(.text.SX126X_SetFskAddr))
<BR><BR>[Stack]<UL><LI>Max Depth = 56<LI>Call Chain = SX126X_SetFskAddr &rArr; SX126X_writeReg &rArr; SX126X_writeRegs
</UL>
<BR>[Calls]<UL><LI><a href="#[77]">&gt;&gt;</a>&nbsp;&nbsp;&nbsp;SX126X_writeReg
</UL>
<BR>[Called By]<UL><LI><a href="#[bb]">&gt;&gt;</a>&nbsp;&nbsp;&nbsp;SX126X_FskConfig
</UL>

<P><STRONG><a name="[c2]"></a>SX126X_SetFskCrcWhitening</STRONG> (Thumb, 80 bytes, Stack size 24 bytes, sx126x.o(.text.SX126X_SetFskCrcWhitening))
<BR><BR>[Stack]<UL><LI>Max Depth = 64<LI>Call Chain = SX126X_SetFskCrcWhitening &rArr; SX126X_readReg &rArr; SX126X_readRegs
</UL>
<BR>[Calls]<UL><LI><a href="#[d2]">&gt;&gt;</a>&nbsp;&nbsp;&nbsp;SX126X_readReg
</UL>
<BR>[Called By]<UL><LI><a href="#[bb]">&gt;&gt;</a>&nbsp;&nbsp;&nbsp;SX126X_FskConfig
</UL>

<P><STRONG><a name="[be]"></a>SX126X_SetFskModParams</STRONG> (Thumb, 104 bytes, Stack size 16 bytes, sx126x.o(.text.SX126X_SetFskModParams))
<BR><BR>[Stack]<UL><LI>Max Depth = 40<LI>Call Chain = SX126X_SetFskModParams &rArr; SX126X_writeCmd
</UL>
<BR>[Calls]<UL><LI><a href="#[d3]">&gt;&gt;</a>&nbsp;&nbsp;&nbsp;OUTLINED_FUNCTION_2
<LI><a href="#[af]">&gt;&gt;</a>&nbsp;&nbsp;&nbsp;SX126X_writeCmd
</UL>
<BR>[Called By]<UL><LI><a href="#[bb]">&gt;&gt;</a>&nbsp;&nbsp;&nbsp;SX126X_FskConfig
</UL>

<P><STRONG><a name="[bf]"></a>SX126X_SetFskPacketParams</STRONG> (Thumb, 96 bytes, Stack size 24 bytes, sx126x.o(.text.SX126X_SetFskPacketParams))
<BR><BR>[Stack]<UL><LI>Max Depth = 48<LI>Call Chain = SX126X_SetFskPacketParams &rArr; SX126X_writeCmd
</UL>
<BR>[Calls]<UL><LI><a href="#[af]">&gt;&gt;</a>&nbsp;&nbsp;&nbsp;SX126X_writeCmd
</UL>
<BR>[Called By]<UL><LI><a href="#[bb]">&gt;&gt;</a>&nbsp;&nbsp;&nbsp;SX126X_FskConfig
</UL>

<P><STRONG><a name="[c0]"></a>SX126X_SetFskSyncWord</STRONG> (Thumb, 28 bytes, Stack size 16 bytes, sx126x.o(.text.SX126X_SetFskSyncWord))
<BR><BR>[Stack]<UL><LI>Max Depth = 64<LI>Call Chain = SX126X_SetFskSyncWord &rArr; SX126X_writeReg &rArr; SX126X_writeRegs
</UL>
<BR>[Calls]<UL><LI><a href="#[77]">&gt;&gt;</a>&nbsp;&nbsp;&nbsp;SX126X_writeReg
</UL>
<BR>[Called By]<UL><LI><a href="#[bb]">&gt;&gt;</a>&nbsp;&nbsp;&nbsp;SX126X_FskConfig
</UL>

<P><STRONG><a name="[ca]"></a>SX126X_SetLoRaModParams</STRONG> (Thumb, 82 bytes, Stack size 16 bytes, sx126x.o(.text.SX126X_SetLoRaModParams))
<BR><BR>[Stack]<UL><LI>Max Depth = 64<LI>Call Chain = SX126X_SetLoRaModParams &rArr; SX126X_writeReg &rArr; SX126X_writeRegs
</UL>
<BR>[Calls]<UL><LI><a href="#[77]">&gt;&gt;</a>&nbsp;&nbsp;&nbsp;SX126X_writeReg
<LI><a href="#[d2]">&gt;&gt;</a>&nbsp;&nbsp;&nbsp;SX126X_readReg
<LI><a href="#[af]">&gt;&gt;</a>&nbsp;&nbsp;&nbsp;SX126X_writeCmd
</UL>
<BR>[Called By]<UL><LI><a href="#[c9]">&gt;&gt;</a>&nbsp;&nbsp;&nbsp;SX126X_LoRaConfig
</UL>

<P><STRONG><a name="[cb]"></a>SX126X_SetLoRaPacketParams</STRONG> (Thumb, 76 bytes, Stack size 16 bytes, sx126x.o(.text.SX126X_SetLoRaPacketParams))
<BR><BR>[Stack]<UL><LI>Max Depth = 64<LI>Call Chain = SX126X_SetLoRaPacketParams &rArr; SX126X_writeReg &rArr; SX126X_writeRegs
</UL>
<BR>[Calls]<UL><LI><a href="#[77]">&gt;&gt;</a>&nbsp;&nbsp;&nbsp;SX126X_writeReg
<LI><a href="#[d2]">&gt;&gt;</a>&nbsp;&nbsp;&nbsp;SX126X_readReg
<LI><a href="#[af]">&gt;&gt;</a>&nbsp;&nbsp;&nbsp;SX126X_writeCmd
</UL>
<BR>[Called By]<UL><LI><a href="#[c9]">&gt;&gt;</a>&nbsp;&nbsp;&nbsp;SX126X_LoRaConfig
</UL>

<P><STRONG><a name="[d4]"></a>SX126X_SetPaConfig</STRONG> (Thumb, 38 bytes, Stack size 16 bytes, sx126x.o(.text.SX126X_SetPaConfig))
<BR><BR>[Stack]<UL><LI>Max Depth = 40<LI>Call Chain = SX126X_SetPaConfig &rArr; SX126X_writeCmd
</UL>
<BR>[Calls]<UL><LI><a href="#[af]">&gt;&gt;</a>&nbsp;&nbsp;&nbsp;SX126X_writeCmd
</UL>
<BR>[Called By]<UL><LI><a href="#[44]">&gt;&gt;</a>&nbsp;&nbsp;&nbsp;cli_setpaconfig
<LI><a href="#[dc]">&gt;&gt;</a>&nbsp;&nbsp;&nbsp;SX126X_SetTxParams
</UL>

<P><STRONG><a name="[bc]"></a>SX126X_SetPacketType</STRONG> (Thumb, 18 bytes, Stack size 16 bytes, sx126x.o(.text.SX126X_SetPacketType))
<BR><BR>[Stack]<UL><LI>Max Depth = 40<LI>Call Chain = SX126X_SetPacketType &rArr; OUTLINED_FUNCTION_3 &rArr; SX126X_writeCmd
</UL>
<BR>[Calls]<UL><LI><a href="#[ae]">&gt;&gt;</a>&nbsp;&nbsp;&nbsp;OUTLINED_FUNCTION_3
</UL>
<BR>[Called By]<UL><LI><a href="#[bb]">&gt;&gt;</a>&nbsp;&nbsp;&nbsp;SX126X_FskConfig
<LI><a href="#[c9]">&gt;&gt;</a>&nbsp;&nbsp;&nbsp;SX126X_LoRaConfig
</UL>

<P><STRONG><a name="[d5]"></a>SX126X_SetRegulatorMode</STRONG> (Thumb, 24 bytes, Stack size 16 bytes, sx126x.o(.text.SX126X_SetRegulatorMode))
<BR><BR>[Stack]<UL><LI>Max Depth = 40<LI>Call Chain = SX126X_SetRegulatorMode &rArr; OUTLINED_FUNCTION_3 &rArr; SX126X_writeCmd
</UL>
<BR>[Calls]<UL><LI><a href="#[ae]">&gt;&gt;</a>&nbsp;&nbsp;&nbsp;OUTLINED_FUNCTION_3
</UL>
<BR>[Called By]<UL><LI><a href="#[e0]">&gt;&gt;</a>&nbsp;&nbsp;&nbsp;SX126X_config
</UL>

<P><STRONG><a name="[b3]"></a>SX126X_SetRfFrequency</STRONG> (Thumb, 18 bytes, Stack size 16 bytes, sx126x.o(.text.SX126X_SetRfFrequency))
<BR><BR>[Stack]<UL><LI>Max Depth = 40<LI>Call Chain = SX126X_SetRfFrequency &rArr; SX126X_writeCmd
</UL>
<BR>[Calls]<UL><LI><a href="#[af]">&gt;&gt;</a>&nbsp;&nbsp;&nbsp;SX126X_writeCmd
</UL>
<BR>[Called By]<UL><LI><a href="#[b2]">&gt;&gt;</a>&nbsp;&nbsp;&nbsp;RADIO_SetAbsoluteFrequency
<LI><a href="#[ce]">&gt;&gt;</a>&nbsp;&nbsp;&nbsp;SX126X_SetChannel
</UL>

<P><STRONG><a name="[d6]"></a>SX126X_SetRx</STRONG> (Thumb, 40 bytes, Stack size 16 bytes, sx126x.o(.text.SX126X_SetRx))
<BR><BR>[Stack]<UL><LI>Max Depth = 40<LI>Call Chain = SX126X_SetRx &rArr; SX126X_writeCmd
</UL>
<BR>[Calls]<UL><LI><a href="#[d3]">&gt;&gt;</a>&nbsp;&nbsp;&nbsp;OUTLINED_FUNCTION_2
<LI><a href="#[d7]">&gt;&gt;</a>&nbsp;&nbsp;&nbsp;SX126X_rfsw_rx
<LI><a href="#[af]">&gt;&gt;</a>&nbsp;&nbsp;&nbsp;SX126X_writeCmd
</UL>
<BR>[Called By]<UL><LI><a href="#[b5]">&gt;&gt;</a>&nbsp;&nbsp;&nbsp;SX126X_setopmode
<LI><a href="#[e0]">&gt;&gt;</a>&nbsp;&nbsp;&nbsp;SX126X_config
</UL>

<P><STRONG><a name="[d8]"></a>SX126X_SetSleep</STRONG> (Thumb, 24 bytes, Stack size 16 bytes, sx126x.o(.text.SX126X_SetSleep))
<BR><BR>[Stack]<UL><LI>Max Depth = 40<LI>Call Chain = SX126X_SetSleep &rArr; SX126X_writeCmd
</UL>
<BR>[Calls]<UL><LI><a href="#[af]">&gt;&gt;</a>&nbsp;&nbsp;&nbsp;SX126X_writeCmd
</UL>
<BR>[Called By]<UL><LI><a href="#[b5]">&gt;&gt;</a>&nbsp;&nbsp;&nbsp;SX126X_setopmode
</UL>

<P><STRONG><a name="[d9]"></a>SX126X_SetStandby</STRONG> (Thumb, 24 bytes, Stack size 16 bytes, sx126x.o(.text.SX126X_SetStandby))
<BR><BR>[Stack]<UL><LI>Max Depth = 40<LI>Call Chain = SX126X_SetStandby &rArr; OUTLINED_FUNCTION_3 &rArr; SX126X_writeCmd
</UL>
<BR>[Calls]<UL><LI><a href="#[ae]">&gt;&gt;</a>&nbsp;&nbsp;&nbsp;OUTLINED_FUNCTION_3
</UL>
<BR>[Called By]<UL><LI><a href="#[b5]">&gt;&gt;</a>&nbsp;&nbsp;&nbsp;SX126X_setopmode
</UL>

<P><STRONG><a name="[da]"></a>SX126X_SetTx</STRONG> (Thumb, 40 bytes, Stack size 16 bytes, sx126x.o(.text.SX126X_SetTx))
<BR><BR>[Stack]<UL><LI>Max Depth = 40<LI>Call Chain = SX126X_SetTx &rArr; SX126X_writeCmd
</UL>
<BR>[Calls]<UL><LI><a href="#[d3]">&gt;&gt;</a>&nbsp;&nbsp;&nbsp;OUTLINED_FUNCTION_2
<LI><a href="#[cd]">&gt;&gt;</a>&nbsp;&nbsp;&nbsp;SX126X_rfsw_tx
<LI><a href="#[af]">&gt;&gt;</a>&nbsp;&nbsp;&nbsp;SX126X_writeCmd
</UL>
<BR>[Called By]<UL><LI><a href="#[b5]">&gt;&gt;</a>&nbsp;&nbsp;&nbsp;SX126X_setopmode
</UL>

<P><STRONG><a name="[db]"></a>SX126X_SetTxInfinitePreamble</STRONG> (Thumb, 20 bytes, Stack size 8 bytes, sx126x.o(.text.SX126X_SetTxInfinitePreamble))
<BR><BR>[Stack]<UL><LI>Max Depth = 32<LI>Call Chain = SX126X_SetTxInfinitePreamble &rArr; SX126X_writeCmd
</UL>
<BR>[Calls]<UL><LI><a href="#[cd]">&gt;&gt;</a>&nbsp;&nbsp;&nbsp;SX126X_rfsw_tx
<LI><a href="#[af]">&gt;&gt;</a>&nbsp;&nbsp;&nbsp;SX126X_writeCmd
</UL>
<BR>[Called By]<UL><LI><a href="#[b5]">&gt;&gt;</a>&nbsp;&nbsp;&nbsp;SX126X_setopmode
</UL>

<P><STRONG><a name="[dc]"></a>SX126X_SetTxParams</STRONG> (Thumb, 80 bytes, Stack size 16 bytes, sx126x.o(.text.SX126X_SetTxParams))
<BR><BR>[Stack]<UL><LI>Max Depth = 64<LI>Call Chain = SX126X_SetTxParams &rArr; SX126X_writeReg &rArr; SX126X_writeRegs
</UL>
<BR>[Calls]<UL><LI><a href="#[d4]">&gt;&gt;</a>&nbsp;&nbsp;&nbsp;SX126X_SetPaConfig
<LI><a href="#[77]">&gt;&gt;</a>&nbsp;&nbsp;&nbsp;SX126X_writeReg
<LI><a href="#[d2]">&gt;&gt;</a>&nbsp;&nbsp;&nbsp;SX126X_readReg
<LI><a href="#[af]">&gt;&gt;</a>&nbsp;&nbsp;&nbsp;SX126X_writeCmd
</UL>
<BR>[Called By]<UL><LI><a href="#[15]">&gt;&gt;</a>&nbsp;&nbsp;&nbsp;cli_setramptime
<LI><a href="#[13]">&gt;&gt;</a>&nbsp;&nbsp;&nbsp;cli_setpower
<LI><a href="#[e0]">&gt;&gt;</a>&nbsp;&nbsp;&nbsp;SX126X_config
</UL>

<P><STRONG><a name="[dd]"></a>SX126X_Wakeup</STRONG> (Thumb, 40 bytes, Stack size 8 bytes, sx126x_interface.o(.text.SX126X_Wakeup))
<BR><BR>[Stack]<UL><LI>Max Depth = 32<LI>Call Chain = SX126X_Wakeup &rArr; lorac_wait_on_busy &rArr; delay_us
</UL>
<BR>[Calls]<UL><LI><a href="#[de]">&gt;&gt;</a>&nbsp;&nbsp;&nbsp;delay_us
<LI><a href="#[df]">&gt;&gt;</a>&nbsp;&nbsp;&nbsp;lorac_wait_on_busy
<LI><a href="#[78]">&gt;&gt;</a>&nbsp;&nbsp;&nbsp;lorac_transfer
</UL>
<BR>[Called By]<UL><LI><a href="#[e0]">&gt;&gt;</a>&nbsp;&nbsp;&nbsp;SX126X_config
</UL>

<P><STRONG><a name="[a8]"></a>SX126X_checkBusy</STRONG> (Thumb, 24 bytes, Stack size 0 bytes, sx126x_interface.o(.text.SX126X_checkBusy))
<BR><BR>[Called By]<UL><LI><a href="#[e8]">&gt;&gt;</a>&nbsp;&nbsp;&nbsp;SX126X_writeBuffer
<LI><a href="#[e4]">&gt;&gt;</a>&nbsp;&nbsp;&nbsp;SX126X_readBuffer
<LI><a href="#[e5]">&gt;&gt;</a>&nbsp;&nbsp;&nbsp;SX126X_readRegs
<LI><a href="#[e9]">&gt;&gt;</a>&nbsp;&nbsp;&nbsp;SX126X_writeRegs
<LI><a href="#[a7]">&gt;&gt;</a>&nbsp;&nbsp;&nbsp;OUTLINED_FUNCTION_0
<LI><a href="#[b1]">&gt;&gt;</a>&nbsp;&nbsp;&nbsp;SX126X_readCmd
<LI><a href="#[af]">&gt;&gt;</a>&nbsp;&nbsp;&nbsp;SX126X_writeCmd
</UL>

<P><STRONG><a name="[e0]"></a>SX126X_config</STRONG> (Thumb, 140 bytes, Stack size 16 bytes, sx126x_proc.o(.text.SX126X_config))
<BR><BR>[Stack]<UL><LI>Max Depth = 128<LI>Call Chain = SX126X_config &rArr; SX126X_FskConfig &rArr; SX126X_SetFskCrcWhitening &rArr; SX126X_readReg &rArr; SX126X_readRegs
</UL>
<BR>[Calls]<UL><LI><a href="#[77]">&gt;&gt;</a>&nbsp;&nbsp;&nbsp;SX126X_writeReg
<LI><a href="#[bb]">&gt;&gt;</a>&nbsp;&nbsp;&nbsp;SX126X_FskConfig
<LI><a href="#[dc]">&gt;&gt;</a>&nbsp;&nbsp;&nbsp;SX126X_SetTxParams
<LI><a href="#[ce]">&gt;&gt;</a>&nbsp;&nbsp;&nbsp;SX126X_SetChannel
<LI><a href="#[b5]">&gt;&gt;</a>&nbsp;&nbsp;&nbsp;SX126X_setopmode
<LI><a href="#[a0]">&gt;&gt;</a>&nbsp;&nbsp;&nbsp;delay_ms
<LI><a href="#[e1]">&gt;&gt;</a>&nbsp;&nbsp;&nbsp;lorac_reset
<LI><a href="#[c8]">&gt;&gt;</a>&nbsp;&nbsp;&nbsp;SX126X_LNAboost
<LI><a href="#[b9]">&gt;&gt;</a>&nbsp;&nbsp;&nbsp;SX126X_CalibrateIR
<LI><a href="#[c9]">&gt;&gt;</a>&nbsp;&nbsp;&nbsp;SX126X_LoRaConfig
<LI><a href="#[dd]">&gt;&gt;</a>&nbsp;&nbsp;&nbsp;SX126X_Wakeup
<LI><a href="#[cf]">&gt;&gt;</a>&nbsp;&nbsp;&nbsp;SX126X_SetDIO2AsRfSwitchCtrl
<LI><a href="#[d0]">&gt;&gt;</a>&nbsp;&nbsp;&nbsp;SX126X_SetDioIrqParams
<LI><a href="#[d5]">&gt;&gt;</a>&nbsp;&nbsp;&nbsp;SX126X_SetRegulatorMode
<LI><a href="#[d6]">&gt;&gt;</a>&nbsp;&nbsp;&nbsp;SX126X_SetRx
</UL>
<BR>[Called By]<UL><LI><a href="#[31]">&gt;&gt;</a>&nbsp;&nbsp;&nbsp;cli_fs_setcrcwhite
<LI><a href="#[2f]">&gt;&gt;</a>&nbsp;&nbsp;&nbsp;cli_fs_setsync
<LI><a href="#[2d]">&gt;&gt;</a>&nbsp;&nbsp;&nbsp;cli_fs_setaddr
<LI><a href="#[2b]">&gt;&gt;</a>&nbsp;&nbsp;&nbsp;cli_fs_setpacketparams
<LI><a href="#[29]">&gt;&gt;</a>&nbsp;&nbsp;&nbsp;cli_fs_setmodparams
<LI><a href="#[23]">&gt;&gt;</a>&nbsp;&nbsp;&nbsp;cli_lr_setpacketparams
<LI><a href="#[21]">&gt;&gt;</a>&nbsp;&nbsp;&nbsp;cli_lr_setmodparams
<LI><a href="#[1c]">&gt;&gt;</a>&nbsp;&nbsp;&nbsp;cli_settimeouts
<LI><a href="#[a]">&gt;&gt;</a>&nbsp;&nbsp;&nbsp;cli_setmodem
<LI><a href="#[138]">&gt;&gt;</a>&nbsp;&nbsp;&nbsp;radio_init
</UL>

<P><STRONG><a name="[e2]"></a>SX126X_initconfigstructure</STRONG> (Thumb, 172 bytes, Stack size 16 bytes, sx126x_proc.o(.text.SX126X_initconfigstructure))
<BR><BR>[Stack]<UL><LI>Max Depth = 72<LI>Call Chain = SX126X_initconfigstructure &rArr; writeconfig &rArr; flash_program_bytes
</UL>
<BR>[Calls]<UL><LI><a href="#[e3]">&gt;&gt;</a>&nbsp;&nbsp;&nbsp;writeconfig
<LI><a href="#[7a]">&gt;&gt;</a>&nbsp;&nbsp;&nbsp;puts
</UL>
<BR>[Called By]<UL><LI><a href="#[42]">&gt;&gt;</a>&nbsp;&nbsp;&nbsp;cli_initconfig
<LI><a href="#[138]">&gt;&gt;</a>&nbsp;&nbsp;&nbsp;radio_init
</UL>

<P><STRONG><a name="[e4]"></a>SX126X_readBuffer</STRONG> (Thumb, 60 bytes, Stack size 24 bytes, sx126x_interface.o(.text.SX126X_readBuffer))
<BR><BR>[Stack]<UL><LI>Max Depth = 24<LI>Call Chain = SX126X_readBuffer
</UL>
<BR>[Calls]<UL><LI><a href="#[78]">&gt;&gt;</a>&nbsp;&nbsp;&nbsp;lorac_transfer
<LI><a href="#[a8]">&gt;&gt;</a>&nbsp;&nbsp;&nbsp;SX126X_checkBusy
<LI><a href="#[a7]">&gt;&gt;</a>&nbsp;&nbsp;&nbsp;OUTLINED_FUNCTION_0
</UL>
<BR>[Called By]<UL><LI><a href="#[139]">&gt;&gt;</a>&nbsp;&nbsp;&nbsp;radio_proc
</UL>

<P><STRONG><a name="[b1]"></a>SX126X_readCmd</STRONG> (Thumb, 56 bytes, Stack size 24 bytes, sx126x_interface.o(.text.SX126X_readCmd))
<BR><BR>[Stack]<UL><LI>Max Depth = 24<LI>Call Chain = SX126X_readCmd
</UL>
<BR>[Calls]<UL><LI><a href="#[78]">&gt;&gt;</a>&nbsp;&nbsp;&nbsp;lorac_transfer
<LI><a href="#[a8]">&gt;&gt;</a>&nbsp;&nbsp;&nbsp;SX126X_checkBusy
<LI><a href="#[a7]">&gt;&gt;</a>&nbsp;&nbsp;&nbsp;OUTLINED_FUNCTION_0
</UL>
<BR>[Called By]<UL><LI><a href="#[c7]">&gt;&gt;</a>&nbsp;&nbsp;&nbsp;SX126X_GetStatus
<LI><a href="#[c6]">&gt;&gt;</a>&nbsp;&nbsp;&nbsp;SX126X_GetRssiInst
<LI><a href="#[b0]">&gt;&gt;</a>&nbsp;&nbsp;&nbsp;OUTLINED_FUNCTION_4
<LI><a href="#[a2]">&gt;&gt;</a>&nbsp;&nbsp;&nbsp;SX126X_GetIrqStatus
</UL>

<P><STRONG><a name="[d2]"></a>SX126X_readReg</STRONG> (Thumb, 18 bytes, Stack size 16 bytes, sx126x_interface.o(.text.SX126X_readReg))
<BR><BR>[Stack]<UL><LI>Max Depth = 40<LI>Call Chain = SX126X_readReg &rArr; SX126X_readRegs
</UL>
<BR>[Calls]<UL><LI><a href="#[e5]">&gt;&gt;</a>&nbsp;&nbsp;&nbsp;SX126X_readRegs
</UL>
<BR>[Called By]<UL><LI><a href="#[3f]">&gt;&gt;</a>&nbsp;&nbsp;&nbsp;cli_dumpregs
<LI><a href="#[3d]">&gt;&gt;</a>&nbsp;&nbsp;&nbsp;cli_readreg
<LI><a href="#[18]">&gt;&gt;</a>&nbsp;&nbsp;&nbsp;cli_getctune
<LI><a href="#[dc]">&gt;&gt;</a>&nbsp;&nbsp;&nbsp;SX126X_SetTxParams
<LI><a href="#[cb]">&gt;&gt;</a>&nbsp;&nbsp;&nbsp;SX126X_SetLoRaPacketParams
<LI><a href="#[c2]">&gt;&gt;</a>&nbsp;&nbsp;&nbsp;SX126X_SetFskCrcWhitening
<LI><a href="#[ca]">&gt;&gt;</a>&nbsp;&nbsp;&nbsp;SX126X_SetLoRaModParams
</UL>

<P><STRONG><a name="[e5]"></a>SX126X_readRegs</STRONG> (Thumb, 64 bytes, Stack size 24 bytes, sx126x_interface.o(.text.SX126X_readRegs))
<BR><BR>[Stack]<UL><LI>Max Depth = 24<LI>Call Chain = SX126X_readRegs
</UL>
<BR>[Calls]<UL><LI><a href="#[78]">&gt;&gt;</a>&nbsp;&nbsp;&nbsp;lorac_transfer
<LI><a href="#[a8]">&gt;&gt;</a>&nbsp;&nbsp;&nbsp;SX126X_checkBusy
<LI><a href="#[a7]">&gt;&gt;</a>&nbsp;&nbsp;&nbsp;OUTLINED_FUNCTION_0
</UL>
<BR>[Called By]<UL><LI><a href="#[d2]">&gt;&gt;</a>&nbsp;&nbsp;&nbsp;SX126X_readReg
</UL>

<P><STRONG><a name="[d7]"></a>SX126X_rfsw_rx</STRONG> (Thumb, 4 bytes, Stack size 0 bytes, sx126x_interface.o(.text.SX126X_rfsw_rx))
<BR><BR>[Stack]<UL><LI>Max Depth = 8<LI>Call Chain = SX126X_rfsw_rx &rArr; lorac_rfsw_rx &rArr; gpio_write
</UL>
<BR>[Calls]<UL><LI><a href="#[e6]">&gt;&gt;</a>&nbsp;&nbsp;&nbsp;lorac_rfsw_rx
</UL>
<BR>[Called By]<UL><LI><a href="#[d6]">&gt;&gt;</a>&nbsp;&nbsp;&nbsp;SX126X_SetRx
</UL>

<P><STRONG><a name="[cd]"></a>SX126X_rfsw_tx</STRONG> (Thumb, 4 bytes, Stack size 0 bytes, sx126x_interface.o(.text.SX126X_rfsw_tx))
<BR><BR>[Stack]<UL><LI>Max Depth = 8<LI>Call Chain = SX126X_rfsw_tx &rArr; lorac_rfsw_tx &rArr; gpio_write
</UL>
<BR>[Calls]<UL><LI><a href="#[e7]">&gt;&gt;</a>&nbsp;&nbsp;&nbsp;lorac_rfsw_tx
</UL>
<BR>[Called By]<UL><LI><a href="#[db]">&gt;&gt;</a>&nbsp;&nbsp;&nbsp;SX126X_SetTxInfinitePreamble
<LI><a href="#[cc]">&gt;&gt;</a>&nbsp;&nbsp;&nbsp;SX126X_SetCW
<LI><a href="#[da]">&gt;&gt;</a>&nbsp;&nbsp;&nbsp;SX126X_SetTx
</UL>

<P><STRONG><a name="[b5]"></a>SX126X_setopmode</STRONG> (Thumb, 112 bytes, Stack size 0 bytes, sx126x_proc.o(.text.SX126X_setopmode))
<BR><BR>[Stack]<UL><LI>Max Depth = 40<LI>Call Chain = SX126X_setopmode &rArr; SX126X_SetRx &rArr; SX126X_writeCmd
</UL>
<BR>[Calls]<UL><LI><a href="#[db]">&gt;&gt;</a>&nbsp;&nbsp;&nbsp;SX126X_SetTxInfinitePreamble
<LI><a href="#[cc]">&gt;&gt;</a>&nbsp;&nbsp;&nbsp;SX126X_SetCW
<LI><a href="#[d6]">&gt;&gt;</a>&nbsp;&nbsp;&nbsp;SX126X_SetRx
<LI><a href="#[da]">&gt;&gt;</a>&nbsp;&nbsp;&nbsp;SX126X_SetTx
<LI><a href="#[d1]">&gt;&gt;</a>&nbsp;&nbsp;&nbsp;SX126X_SetFs
<LI><a href="#[d9]">&gt;&gt;</a>&nbsp;&nbsp;&nbsp;SX126X_SetStandby
<LI><a href="#[d8]">&gt;&gt;</a>&nbsp;&nbsp;&nbsp;SX126X_SetSleep
</UL>
<BR>[Called By]<UL><LI><a href="#[40]">&gt;&gt;</a>&nbsp;&nbsp;&nbsp;cli_sweeptx
<LI><a href="#[36]">&gt;&gt;</a>&nbsp;&nbsp;&nbsp;cli_txstream
<LI><a href="#[b4]">&gt;&gt;</a>&nbsp;&nbsp;&nbsp;RADIO_setctune
<LI><a href="#[c]">&gt;&gt;</a>&nbsp;&nbsp;&nbsp;cli_setopmode
<LI><a href="#[e0]">&gt;&gt;</a>&nbsp;&nbsp;&nbsp;SX126X_config
<LI><a href="#[139]">&gt;&gt;</a>&nbsp;&nbsp;&nbsp;radio_proc
</UL>

<P><STRONG><a name="[e8]"></a>SX126X_writeBuffer</STRONG> (Thumb, 52 bytes, Stack size 24 bytes, sx126x_interface.o(.text.SX126X_writeBuffer))
<BR><BR>[Stack]<UL><LI>Max Depth = 24<LI>Call Chain = SX126X_writeBuffer
</UL>
<BR>[Calls]<UL><LI><a href="#[78]">&gt;&gt;</a>&nbsp;&nbsp;&nbsp;lorac_transfer
<LI><a href="#[a8]">&gt;&gt;</a>&nbsp;&nbsp;&nbsp;SX126X_checkBusy
<LI><a href="#[a7]">&gt;&gt;</a>&nbsp;&nbsp;&nbsp;OUTLINED_FUNCTION_0
</UL>
<BR>[Called By]<UL><LI><a href="#[148]">&gt;&gt;</a>&nbsp;&nbsp;&nbsp;preparepacketcommon
</UL>

<P><STRONG><a name="[af]"></a>SX126X_writeCmd</STRONG> (Thumb, 68 bytes, Stack size 24 bytes, sx126x_interface.o(.text.SX126X_writeCmd))
<BR><BR>[Stack]<UL><LI>Max Depth = 24<LI>Call Chain = SX126X_writeCmd
</UL>
<BR>[Calls]<UL><LI><a href="#[78]">&gt;&gt;</a>&nbsp;&nbsp;&nbsp;lorac_transfer
<LI><a href="#[a8]">&gt;&gt;</a>&nbsp;&nbsp;&nbsp;SX126X_checkBusy
</UL>
<BR>[Called By]<UL><LI><a href="#[d4]">&gt;&gt;</a>&nbsp;&nbsp;&nbsp;SX126X_SetPaConfig
<LI><a href="#[dc]">&gt;&gt;</a>&nbsp;&nbsp;&nbsp;SX126X_SetTxParams
<LI><a href="#[ae]">&gt;&gt;</a>&nbsp;&nbsp;&nbsp;OUTLINED_FUNCTION_3
<LI><a href="#[a3]">&gt;&gt;</a>&nbsp;&nbsp;&nbsp;SX126X_ClearIrqStatus
<LI><a href="#[b3]">&gt;&gt;</a>&nbsp;&nbsp;&nbsp;SX126X_SetRfFrequency
<LI><a href="#[bd]">&gt;&gt;</a>&nbsp;&nbsp;&nbsp;SX126X_SetBufferBaseAddress
<LI><a href="#[cb]">&gt;&gt;</a>&nbsp;&nbsp;&nbsp;SX126X_SetLoRaPacketParams
<LI><a href="#[bf]">&gt;&gt;</a>&nbsp;&nbsp;&nbsp;SX126X_SetFskPacketParams
<LI><a href="#[ca]">&gt;&gt;</a>&nbsp;&nbsp;&nbsp;SX126X_SetLoRaModParams
<LI><a href="#[be]">&gt;&gt;</a>&nbsp;&nbsp;&nbsp;SX126X_SetFskModParams
<LI><a href="#[d0]">&gt;&gt;</a>&nbsp;&nbsp;&nbsp;SX126X_SetDioIrqParams
<LI><a href="#[ba]">&gt;&gt;</a>&nbsp;&nbsp;&nbsp;SX126X_CalibrateImage
<LI><a href="#[db]">&gt;&gt;</a>&nbsp;&nbsp;&nbsp;SX126X_SetTxInfinitePreamble
<LI><a href="#[cc]">&gt;&gt;</a>&nbsp;&nbsp;&nbsp;SX126X_SetCW
<LI><a href="#[d6]">&gt;&gt;</a>&nbsp;&nbsp;&nbsp;SX126X_SetRx
<LI><a href="#[da]">&gt;&gt;</a>&nbsp;&nbsp;&nbsp;SX126X_SetTx
<LI><a href="#[d1]">&gt;&gt;</a>&nbsp;&nbsp;&nbsp;SX126X_SetFs
<LI><a href="#[d8]">&gt;&gt;</a>&nbsp;&nbsp;&nbsp;SX126X_SetSleep
</UL>

<P><STRONG><a name="[77]"></a>SX126X_writeReg</STRONG> (Thumb, 18 bytes, Stack size 16 bytes, sx126x_interface.o(.text.SX126X_writeReg))
<BR><BR>[Stack]<UL><LI>Max Depth = 48<LI>Call Chain = SX126X_writeReg &rArr; SX126X_writeRegs
</UL>
<BR>[Calls]<UL><LI><a href="#[e9]">&gt;&gt;</a>&nbsp;&nbsp;&nbsp;SX126X_writeRegs
</UL>
<BR>[Called By]<UL><LI><a href="#[3e]">&gt;&gt;</a>&nbsp;&nbsp;&nbsp;cli_writereg
<LI><a href="#[b4]">&gt;&gt;</a>&nbsp;&nbsp;&nbsp;RADIO_setctune
<LI><a href="#[dc]">&gt;&gt;</a>&nbsp;&nbsp;&nbsp;SX126X_SetTxParams
<LI><a href="#[e0]">&gt;&gt;</a>&nbsp;&nbsp;&nbsp;SX126X_config
<LI><a href="#[c8]">&gt;&gt;</a>&nbsp;&nbsp;&nbsp;SX126X_LNAboost
<LI><a href="#[c9]">&gt;&gt;</a>&nbsp;&nbsp;&nbsp;SX126X_LoRaConfig
<LI><a href="#[cb]">&gt;&gt;</a>&nbsp;&nbsp;&nbsp;SX126X_SetLoRaPacketParams
<LI><a href="#[c0]">&gt;&gt;</a>&nbsp;&nbsp;&nbsp;SX126X_SetFskSyncWord
<LI><a href="#[c1]">&gt;&gt;</a>&nbsp;&nbsp;&nbsp;SX126X_SetFskAddr
<LI><a href="#[ca]">&gt;&gt;</a>&nbsp;&nbsp;&nbsp;SX126X_SetLoRaModParams
</UL>
<BR>[Address Reference Count : 1]<UL><LI> sx126x.o(.text.SX126X_SetFskCrcWhitening)
</UL>
<P><STRONG><a name="[e9]"></a>SX126X_writeRegs</STRONG> (Thumb, 64 bytes, Stack size 32 bytes, sx126x_interface.o(.text.SX126X_writeRegs))
<BR><BR>[Stack]<UL><LI>Max Depth = 32<LI>Call Chain = SX126X_writeRegs
</UL>
<BR>[Calls]<UL><LI><a href="#[78]">&gt;&gt;</a>&nbsp;&nbsp;&nbsp;lorac_transfer
<LI><a href="#[a8]">&gt;&gt;</a>&nbsp;&nbsp;&nbsp;SX126X_checkBusy
<LI><a href="#[a7]">&gt;&gt;</a>&nbsp;&nbsp;&nbsp;OUTLINED_FUNCTION_0
</UL>
<BR>[Called By]<UL><LI><a href="#[77]">&gt;&gt;</a>&nbsp;&nbsp;&nbsp;SX126X_writeReg
</UL>

<P><STRONG><a name="[4e]"></a>SysTick_Handler</STRONG> (Thumb, 96 bytes, Stack size 8 bytes, tremo_it.o(.text.SysTick_Handler))
<BR><BR>[Stack]<UL><LI>Max Depth = 32<LI>Call Chain = SysTick_Handler &rArr; puts &rArr; fputc
</UL>
<BR>[Calls]<UL><LI><a href="#[ea]">&gt;&gt;</a>&nbsp;&nbsp;&nbsp;adc_start
<LI><a href="#[7a]">&gt;&gt;</a>&nbsp;&nbsp;&nbsp;puts
</UL>
<BR>[Address Reference Count : 1]<UL><LI> startup_tremo.o(RESET)
</UL>
<P><STRONG><a name="[75]"></a>SystemInit</STRONG> (Thumb, 52 bytes, Stack size 8 bytes, system_tremo.o(.text.SystemInit))
<BR><BR>[Stack]<UL><LI>Max Depth = 16<LI>Call Chain = SystemInit &rArr; delay_init
</UL>
<BR>[Calls]<UL><LI><a href="#[eb]">&gt;&gt;</a>&nbsp;&nbsp;&nbsp;nvic_init
<LI><a href="#[ec]">&gt;&gt;</a>&nbsp;&nbsp;&nbsp;delay_init
</UL>
<BR>[Address Reference Count : 1]<UL><LI> startup_tremo.o(.text)
</UL>
<P><STRONG><a name="[66]"></a>TIMER0_IRQHandler</STRONG> (Thumb, 40 bytes, Stack size 24 bytes, ustimer.o(.text.TIMER0_IRQHandler))
<BR><BR>[Stack]<UL><LI>Max Depth = 24<LI>Call Chain = TIMER0_IRQHandler
</UL>
<BR>[Calls]<UL><LI><a href="#[ee]">&gt;&gt;</a>&nbsp;&nbsp;&nbsp;timer_clear_status
<LI><a href="#[ed]">&gt;&gt;</a>&nbsp;&nbsp;&nbsp;timer_get_status
</UL>
<BR>[Address Reference Count : 1]<UL><LI> startup_tremo.o(RESET)
</UL>
<P><STRONG><a name="[55]"></a>UART0_IRQHandler</STRONG> (Thumb, 4 bytes, Stack size 0 bytes, uart.o(.text.UART0_IRQHandler))
<BR><BR>[Stack]<UL><LI>Max Depth = 8<LI>Call Chain = UART0_IRQHandler &rArr; cbRETARGET_Rx
</UL>
<BR>[Calls]<UL><LI><a href="#[ef]">&gt;&gt;</a>&nbsp;&nbsp;&nbsp;cbRETARGET_Rx
</UL>
<BR>[Address Reference Count : 1]<UL><LI> startup_tremo.o(RESET)
</UL>
<P><STRONG><a name="[56]"></a>UART1_IRQHandler</STRONG> (Thumb, 2 bytes, Stack size 0 bytes, uart.o(.text.UART1_IRQHandler))
<BR>[Address Reference Count : 1]<UL><LI> startup_tremo.o(RESET)
</UL>
<P><STRONG><a name="[ac]"></a>UC1601AddressSet</STRONG> (Thumb, 36 bytes, Stack size 16 bytes, uc1601_drv.o(.text.UC1601AddressSet))
<BR><BR>[Stack]<UL><LI>Max Depth = 16<LI>Call Chain = UC1601AddressSet
</UL>
<BR>[Called By]<UL><LI><a href="#[f1]">&gt;&gt;</a>&nbsp;&nbsp;&nbsp;UC1601Clear
<LI><a href="#[ab]">&gt;&gt;</a>&nbsp;&nbsp;&nbsp;OUTLINED_FUNCTION_2
</UL>

<P><STRONG><a name="[7d]"></a>UC1601CharDisplay</STRONG> (Thumb, 62 bytes, Stack size 16 bytes, uc1601_drv.o(.text.UC1601CharDisplay))
<BR><BR>[Stack]<UL><LI>Max Depth = 104<LI>Call Chain = UC1601CharDisplay &rArr; UC1601Display &rArr; UC1601DataWrite &rArr; i2c0_write &rArr; i2c0_waitforflag
</UL>
<BR>[Calls]<UL><LI><a href="#[f0]">&gt;&gt;</a>&nbsp;&nbsp;&nbsp;UC1601Display
</UL>
<BR>[Address Reference Count : 1]<UL><LI> main.o(.text.main)
</UL>
<P><STRONG><a name="[f1]"></a>UC1601Clear</STRONG> (Thumb, 36 bytes, Stack size 8 bytes, uc1601_drv.o(.text.UC1601Clear))
<BR><BR>[Stack]<UL><LI>Max Depth = 56<LI>Call Chain = UC1601Clear &rArr; UC1601DataWrite &rArr; i2c0_write &rArr; i2c0_waitforflag
</UL>
<BR>[Calls]<UL><LI><a href="#[f2]">&gt;&gt;</a>&nbsp;&nbsp;&nbsp;UC1601DataWrite
<LI><a href="#[ac]">&gt;&gt;</a>&nbsp;&nbsp;&nbsp;UC1601AddressSet
</UL>
<BR>[Called By]<UL><LI><a href="#[74]">&gt;&gt;</a>&nbsp;&nbsp;&nbsp;main
</UL>

<P><STRONG><a name="[79]"></a>UC1601CmdWrite</STRONG> (Thumb, 20 bytes, Stack size 16 bytes, uc1601_interface.o(.text.UC1601CmdWrite))
<BR><BR>[Stack]<UL><LI>Max Depth = 48<LI>Call Chain = UC1601CmdWrite &rArr; i2c0_write &rArr; i2c0_waitforflag
</UL>
<BR>[Calls]<UL><LI><a href="#[f3]">&gt;&gt;</a>&nbsp;&nbsp;&nbsp;i2c0_write
</UL>
<BR>[Address Reference Count : 1]<UL><LI> uc1601_drv.o(.text.UC1601Init)
</UL>
[...]
</UL>

<P><STRONG><a name="[175]"></a>__1printf</STRONG> (Thumb, 0 bytes, Stack size 24 bytes, printfa.o(i.__0printf), UNUSED)

<P><STRONG><a name="[7c]"></a>__2printf</STRONG> (Thumb, 0 bytes, Stack size 24 bytes, printfa.o(i.__0printf))
<BR><BR>[Stack]<UL><LI>Max Depth = 24<LI>Call Chain = __2printf
</UL>
<BR>[Called By]<UL><LI><a href="#[44]">&gt;&gt;</a>&nbsp;&nbsp;&nbsp;cli_setpaconfig
<LI><a href="#[42]">&gt;&gt;</a>&nbsp;&nbsp;&nbsp;cli_initconfig
<LI><a href="#[3f]">&gt;&gt;</a>&nbsp;&nbsp;&nbsp;cli_dumpregs
<LI><a href="#[3e]">&gt;&gt;</a>&nbsp;&nbsp;&nbsp;cli_writereg
<LI><a href="#[3d]">&gt;&gt;</a>&nbsp;&nbsp;&nbsp;cli_readreg
<LI><a href="#[3b]">&gt;&gt;</a>&nbsp;&nbsp;&nbsp;cli_getvt
<LI><a href="#[35]">&gt;&gt;</a>&nbsp;&nbsp;&nbsp;cli_setautosendparams
<LI><a href="#[34]">&gt;&gt;</a>&nbsp;&nbsp;&nbsp;cli_getautosendparams
<LI><a href="#[32]">&gt;&gt;</a>&nbsp;&nbsp;&nbsp;cli_sendburst
<LI><a href="#[31]">&gt;&gt;</a>&nbsp;&nbsp;&nbsp;cli_fs_setcrcwhite
<LI><a href="#[30]">&gt;&gt;</a>&nbsp;&nbsp;&nbsp;cli_fs_getcrcwhite
<LI><a href="#[2f]">&gt;&gt;</a>&nbsp;&nbsp;&nbsp;cli_fs_setsync
<LI><a href="#[2e]">&gt;&gt;</a>&nbsp;&nbsp;&nbsp;cli_fs_getsync
<LI><a href="#[2d]">&gt;&gt;</a>&nbsp;&nbsp;&nbsp;cli_fs_setaddr
<LI><a href="#[2c]">&gt;&gt;</a>&nbsp;&nbsp;&nbsp;cli_fs_getaddr
<LI><a href="#[2b]">&gt;&gt;</a>&nbsp;&nbsp;&nbsp;cli_fs_setpacketparams
<LI><a href="#[2a]">&gt;&gt;</a>&nbsp;&nbsp;&nbsp;cli_fs_getpacketparams
<LI><a href="#[29]">&gt;&gt;</a>&nbsp;&nbsp;&nbsp;cli_fs_setmodparams
<LI><a href="#[28]">&gt;&gt;</a>&nbsp;&nbsp;&nbsp;cli_fs_getmodparams
<LI><a href="#[25]">&gt;&gt;</a>&nbsp;&nbsp;&nbsp;cli_lr_setsync
<LI><a href="#[24]">&gt;&gt;</a>&nbsp;&nbsp;&nbsp;cli_lr_getsync
<LI><a href="#[21]">&gt;&gt;</a>&nbsp;&nbsp;&nbsp;cli_lr_setmodparams
<LI><a href="#[20]">&gt;&gt;</a>&nbsp;&nbsp;&nbsp;cli_lr_getmodparams
<LI><a href="#[1f]">&gt;&gt;</a>&nbsp;&nbsp;&nbsp;cli_getstatus
<LI><a href="#[1c]">&gt;&gt;</a>&nbsp;&nbsp;&nbsp;cli_settimeouts
<LI><a href="#[1b]">&gt;&gt;</a>&nbsp;&nbsp;&nbsp;cli_gettimeouts
<LI><a href="#[1a]">&gt;&gt;</a>&nbsp;&nbsp;&nbsp;cli_getRSSI
<LI><a href="#[19]">&gt;&gt;</a>&nbsp;&nbsp;&nbsp;cli_setctune
<LI><a href="#[18]">&gt;&gt;</a>&nbsp;&nbsp;&nbsp;cli_getctune
<LI><a href="#[17]">&gt;&gt;</a>&nbsp;&nbsp;&nbsp;cli_setxoparams
<LI><a href="#[16]">&gt;&gt;</a>&nbsp;&nbsp;&nbsp;cli_getxoparams
<LI><a href="#[15]">&gt;&gt;</a>&nbsp;&nbsp;&nbsp;cli_setramptime
<LI><a href="#[14]">&gt;&gt;</a>&nbsp;&nbsp;&nbsp;cli_getramptime
<LI><a href="#[13]">&gt;&gt;</a>&nbsp;&nbsp;&nbsp;cli_setpower
<LI><a href="#[12]">&gt;&gt;</a>&nbsp;&nbsp;&nbsp;cli_getpower
<LI><a href="#[11]">&gt;&gt;</a>&nbsp;&nbsp;&nbsp;cli_storechannel
<LI><a href="#[10]">&gt;&gt;</a>&nbsp;&nbsp;&nbsp;cli_setchannel
<LI><a href="#[f]">&gt;&gt;</a>&nbsp;&nbsp;&nbsp;cli_getchannel
<LI><a href="#[e]">&gt;&gt;</a>&nbsp;&nbsp;&nbsp;cli_setfreq
<LI><a href="#[d]">&gt;&gt;</a>&nbsp;&nbsp;&nbsp;cli_getfreq
<LI><a href="#[6]">&gt;&gt;</a>&nbsp;&nbsp;&nbsp;cli_getaeskey
<LI><a href="#[4]">&gt;&gt;</a>&nbsp;&nbsp;&nbsp;cli_setdevid
<LI><a href="#[3]">&gt;&gt;</a>&nbsp;&nbsp;&nbsp;cli_getdevid
<LI><a href="#[2]">&gt;&gt;</a>&nbsp;&nbsp;&nbsp;cli_getver
<LI><a href="#[1]">&gt;&gt;</a>&nbsp;&nbsp;&nbsp;cli_info
<LI><a href="#[ad]">&gt;&gt;</a>&nbsp;&nbsp;&nbsp;OUTLINED_FUNCTION_3
<LI><a href="#[139]">&gt;&gt;</a>&nbsp;&nbsp;&nbsp;radio_proc
<LI><a href="#[149]">&gt;&gt;</a>&nbsp;&nbsp;&nbsp;printRxPacket
<LI><a href="#[109]">&gt;&gt;</a>&nbsp;&nbsp;&nbsp;ciPrintHelp
</UL>
<BR>[Address Reference Count : 2]<UL><LI> app_cli.o(.text.cli_getaeskey)
<LI> app_cli.o(.text.cli_lr_setpacketparams)
</UL>
<P><STRONG><a name="[176]"></a>__c89printf</STRONG> (Thumb, 0 bytes, Stack size 24 bytes, printfa.o(i.__0printf), UNUSED)

<P><STRONG><a name="[177]"></a>printf</STRONG> (Thumb, 0 bytes, Stack size 24 bytes, printfa.o(i.__0printf), UNUSED)

<P><STRONG><a name="[88]"></a>__aeabi_errno_addr</STRONG> (Thumb, 4 bytes, Stack size 0 bytes, errno.o(i.__aeabi_errno_addr))
<BR><BR>[Called By]<UL><LI><a href="#[10e]">&gt;&gt;</a>&nbsp;&nbsp;&nbsp;validateInteger
<LI><a href="#[87]">&gt;&gt;</a>&nbsp;&nbsp;&nbsp;_strtoul
<LI><a href="#[89]">&gt;&gt;</a>&nbsp;&nbsp;&nbsp;strtoul
<LI><a href="#[85]">&gt;&gt;</a>&nbsp;&nbsp;&nbsp;strtol
</UL>

<P><STRONG><a name="[178]"></a>__rt_errno_addr</STRONG> (Thumb, 0 bytes, Stack size 0 bytes, errno.o(i.__aeabi_errno_addr), UNUSED)

<P><STRONG><a name="[179]"></a>__scatterload_copy</STRONG> (Thumb, 14 bytes, Stack size unknown bytes, handlers.o(i.__scatterload_copy), UNUSED)

<P><STRONG><a name="[17a]"></a>__scatterload_null</STRONG> (Thumb, 2 bytes, Stack size unknown bytes, handlers.o(i.__scatterload_null), UNUSED)

<P><STRONG><a name="[17b]"></a>__scatterload_zeroinit</STRONG> (Thumb, 14 bytes, Stack size unknown bytes, handlers.o(i.__scatterload_zeroinit), UNUSED)

<P><STRONG><a name="[7a]"></a>puts</STRONG> (Thumb, 30 bytes, Stack size 8 bytes, puts.o(i.puts))
<BR><BR>[Stack]<UL><LI>Max Depth = 24<LI>Call Chain = puts &rArr; fputc
</UL>
<BR>[Calls]<UL><LI><a href="#[80]">&gt;&gt;</a>&nbsp;&nbsp;&nbsp;fputc
</UL>
<BR>[Called By]<UL><LI><a href="#[107]">&gt;&gt;</a>&nbsp;&nbsp;&nbsp;ciErrorCallback
<LI><a href="#[43]">&gt;&gt;</a>&nbsp;&nbsp;&nbsp;cli_storeconfig
<LI><a href="#[e2]">&gt;&gt;</a>&nbsp;&nbsp;&nbsp;SX126X_initconfigstructure
<LI><a href="#[42]">&gt;&gt;</a>&nbsp;&nbsp;&nbsp;cli_initconfig
<LI><a href="#[41]">&gt;&gt;</a>&nbsp;&nbsp;&nbsp;cli_sweeprx
<LI><a href="#[40]">&gt;&gt;</a>&nbsp;&nbsp;&nbsp;cli_sweeptx
<LI><a href="#[3f]">&gt;&gt;</a>&nbsp;&nbsp;&nbsp;cli_dumpregs
<LI><a href="#[3c]">&gt;&gt;</a>&nbsp;&nbsp;&nbsp;cli_setem
<LI><a href="#[3a]">&gt;&gt;</a>&nbsp;&nbsp;&nbsp;cli_getgpsdata
<LI><a href="#[39]">&gt;&gt;</a>&nbsp;&nbsp;&nbsp;cli_getrxcount
<LI><a href="#[38]">&gt;&gt;</a>&nbsp;&nbsp;&nbsp;cli_stoprxcount
<LI><a href="#[37]">&gt;&gt;</a>&nbsp;&nbsp;&nbsp;cli_startrxcount
<LI><a href="#[36]">&gt;&gt;</a>&nbsp;&nbsp;&nbsp;cli_txstream
<LI><a href="#[33]">&gt;&gt;</a>&nbsp;&nbsp;&nbsp;cli_stopburst
<LI><a href="#[31]">&gt;&gt;</a>&nbsp;&nbsp;&nbsp;cli_fs_setcrcwhite
<LI><a href="#[2f]">&gt;&gt;</a>&nbsp;&nbsp;&nbsp;cli_fs_setsync
<LI><a href="#[2d]">&gt;&gt;</a>&nbsp;&nbsp;&nbsp;cli_fs_setaddr
<LI><a href="#[2b]">&gt;&gt;</a>&nbsp;&nbsp;&nbsp;cli_fs_setpacketparams
<LI><a href="#[2a]">&gt;&gt;</a>&nbsp;&nbsp;&nbsp;cli_fs_getpacketparams
<LI><a href="#[29]">&gt;&gt;</a>&nbsp;&nbsp;&nbsp;cli_fs_setmodparams
<LI><a href="#[27]">&gt;&gt;</a>&nbsp;&nbsp;&nbsp;cli_lr_setsymboltimeout
<LI><a href="#[26]">&gt;&gt;</a>&nbsp;&nbsp;&nbsp;cli_lr_getsymboltimeout
<LI><a href="#[25]">&gt;&gt;</a>&nbsp;&nbsp;&nbsp;cli_lr_setsync
<LI><a href="#[23]">&gt;&gt;</a>&nbsp;&nbsp;&nbsp;cli_lr_setpacketparams
<LI><a href="#[21]">&gt;&gt;</a>&nbsp;&nbsp;&nbsp;cli_lr_setmodparams
<LI><a href="#[20]">&gt;&gt;</a>&nbsp;&nbsp;&nbsp;cli_lr_getmodparams
<LI><a href="#[1e]">&gt;&gt;</a>&nbsp;&nbsp;&nbsp;cli_setsleepparams
<LI><a href="#[1d]">&gt;&gt;</a>&nbsp;&nbsp;&nbsp;cli_getsleepparams
<LI><a href="#[c]">&gt;&gt;</a>&nbsp;&nbsp;&nbsp;cli_setopmode
<LI><a href="#[b]">&gt;&gt;</a>&nbsp;&nbsp;&nbsp;cli_getopmode
<LI><a href="#[a]">&gt;&gt;</a>&nbsp;&nbsp;&nbsp;cli_setmodem
<LI><a href="#[9]">&gt;&gt;</a>&nbsp;&nbsp;&nbsp;cli_getmodem
<LI><a href="#[8]">&gt;&gt;</a>&nbsp;&nbsp;&nbsp;cli_setaesiv
<LI><a href="#[7]">&gt;&gt;</a>&nbsp;&nbsp;&nbsp;cli_setaeskey
<LI><a href="#[5]">&gt;&gt;</a>&nbsp;&nbsp;&nbsp;cli_aesenable
<LI><a href="#[0]">&gt;&gt;</a>&nbsp;&nbsp;&nbsp;cli_reset
<LI><a href="#[4e]">&gt;&gt;</a>&nbsp;&nbsp;&nbsp;SysTick_Handler
<LI><a href="#[47]">&gt;&gt;</a>&nbsp;&nbsp;&nbsp;HardFault_Handler
<LI><a href="#[138]">&gt;&gt;</a>&nbsp;&nbsp;&nbsp;radio_init
<LI><a href="#[74]">&gt;&gt;</a>&nbsp;&nbsp;&nbsp;main
<LI><a href="#[14a]">&gt;&gt;</a>&nbsp;&nbsp;&nbsp;printcrcerror
<LI><a href="#[109]">&gt;&gt;</a>&nbsp;&nbsp;&nbsp;ciPrintHelp
</UL>
<BR>[Address Reference Count : 2]<UL><LI> app_cli.o(.text.cli_lr_getpacketparams)
<LI> app_cli.o(.text.cli_fs_getpacketparams)
</UL><P>
<H3>
Local Symbols
</H3>
<P><STRONG><a name="[a1]"></a>__NVIC_SystemReset</STRONG> (Thumb, 28 bytes, Stack size 0 bytes, tremo_it.o(.text.__NVIC_SystemReset))
<BR><BR>[Called By]<UL><LI><a href="#[47]">&gt;&gt;</a>&nbsp;&nbsp;&nbsp;HardFault_Handler
</UL>

<P><STRONG><a name="[113]"></a>__NVIC_SystemReset</STRONG> (Thumb, 28 bytes, Stack size 0 bytes, app_cli.o(.text.__NVIC_SystemReset))
<BR><BR>[Called By]<UL><LI><a href="#[0]">&gt;&gt;</a>&nbsp;&nbsp;&nbsp;cli_reset
</UL>

<P><STRONG><a name="[aa]"></a>OUTLINED_FUNCTION_2</STRONG> (Thumb, 6 bytes, Stack size 0 bytes, app_cli.o(.text.OUTLINED_FUNCTION_2))
<BR><BR>[Stack]<UL><LI>Max Depth = 80<LI>Call Chain = OUTLINED_FUNCTION_2 &rArr; ciGetUnsigned &rArr; strtoul &rArr; _strtoul
</UL>
<BR>[Calls]<UL><LI><a href="#[7b]">&gt;&gt;</a>&nbsp;&nbsp;&nbsp;ciGetUnsigned
</UL>
<BR>[Called By]<UL><LI><a href="#[3d]">&gt;&gt;</a>&nbsp;&nbsp;&nbsp;cli_readreg
<LI><a href="#[36]">&gt;&gt;</a>&nbsp;&nbsp;&nbsp;cli_txstream
<LI><a href="#[25]">&gt;&gt;</a>&nbsp;&nbsp;&nbsp;cli_lr_setsync
<LI><a href="#[19]">&gt;&gt;</a>&nbsp;&nbsp;&nbsp;cli_setctune
<LI><a href="#[15]">&gt;&gt;</a>&nbsp;&nbsp;&nbsp;cli_setramptime
<LI><a href="#[c]">&gt;&gt;</a>&nbsp;&nbsp;&nbsp;cli_setopmode
<LI><a href="#[a]">&gt;&gt;</a>&nbsp;&nbsp;&nbsp;cli_setmodem
<LI><a href="#[5]">&gt;&gt;</a>&nbsp;&nbsp;&nbsp;cli_aesenable
<LI><a href="#[4]">&gt;&gt;</a>&nbsp;&nbsp;&nbsp;cli_setdevid
</UL>

<P><STRONG><a name="[a4]"></a>OUTLINED_FUNCTION_0</STRONG> (Thumb, 8 bytes, Stack size 0 bytes, app_cli.o(.text.OUTLINED_FUNCTION_0))
<BR><BR>[Stack]<UL><LI>Max Depth = 80<LI>Call Chain = OUTLINED_FUNCTION_0 &rArr; ciGetUnsigned &rArr; strtoul &rArr; _strtoul
</UL>
<BR>[Calls]<UL><LI><a href="#[7b]">&gt;&gt;</a>&nbsp;&nbsp;&nbsp;ciGetUnsigned
</UL>
<BR>[Called By]<UL><LI><a href="#[44]">&gt;&gt;</a>&nbsp;&nbsp;&nbsp;cli_setpaconfig
<LI><a href="#[3e]">&gt;&gt;</a>&nbsp;&nbsp;&nbsp;cli_writereg
<LI><a href="#[35]">&gt;&gt;</a>&nbsp;&nbsp;&nbsp;cli_setautosendparams
<LI><a href="#[32]">&gt;&gt;</a>&nbsp;&nbsp;&nbsp;cli_sendburst
<LI><a href="#[2d]">&gt;&gt;</a>&nbsp;&nbsp;&nbsp;cli_fs_setaddr
<LI><a href="#[21]">&gt;&gt;</a>&nbsp;&nbsp;&nbsp;cli_lr_setmodparams
<LI><a href="#[1c]">&gt;&gt;</a>&nbsp;&nbsp;&nbsp;cli_settimeouts
<LI><a href="#[e]">&gt;&gt;</a>&nbsp;&nbsp;&nbsp;cli_setfreq
</UL>

<P><STRONG><a name="[a9]"></a>OUTLINED_FUNCTION_1</STRONG> (Thumb, 8 bytes, Stack size 0 bytes, app_cli.o(.text.OUTLINED_FUNCTION_1))
<BR><BR>[Stack]<UL><LI>Max Depth = 80<LI>Call Chain = OUTLINED_FUNCTION_1 &rArr; ciGetUnsigned &rArr; strtoul &rArr; _strtoul
</UL>
<BR>[Calls]<UL><LI><a href="#[7b]">&gt;&gt;</a>&nbsp;&nbsp;&nbsp;ciGetUnsigned
</UL>
<BR>[Called By]<UL><LI><a href="#[3e]">&gt;&gt;</a>&nbsp;&nbsp;&nbsp;cli_writereg
<LI><a href="#[35]">&gt;&gt;</a>&nbsp;&nbsp;&nbsp;cli_setautosendparams
<LI><a href="#[2d]">&gt;&gt;</a>&nbsp;&nbsp;&nbsp;cli_fs_setaddr
<LI><a href="#[1c]">&gt;&gt;</a>&nbsp;&nbsp;&nbsp;cli_settimeouts
</UL>

<P><STRONG><a name="[ad]"></a>OUTLINED_FUNCTION_3</STRONG> (Thumb, 10 bytes, Stack size 0 bytes, app_cli.o(.text.OUTLINED_FUNCTION_3))
<BR><BR>[Stack]<UL><LI>Max Depth = 24<LI>Call Chain = OUTLINED_FUNCTION_3 &rArr; __2printf
</UL>
<BR>[Calls]<UL><LI><a href="#[7c]">&gt;&gt;</a>&nbsp;&nbsp;&nbsp;__2printf
</UL>
<BR>[Called By]<UL><LI><a href="#[2f]">&gt;&gt;</a>&nbsp;&nbsp;&nbsp;cli_fs_setsync
<LI><a href="#[2e]">&gt;&gt;</a>&nbsp;&nbsp;&nbsp;cli_fs_getsync
</UL>

<P><STRONG><a name="[fb]"></a>OUTLINED_FUNCTION_0</STRONG> (Thumb, 10 bytes, Stack size 0 bytes, tremo_adc.o(.text.OUTLINED_FUNCTION_0))
<BR><BR>[Called By]<UL><LI><a href="#[fa]">&gt;&gt;</a>&nbsp;&nbsp;&nbsp;adc_config_conv_mode
</UL>

<P><STRONG><a name="[11a]"></a>OUTLINED_FUNCTION_0</STRONG> (Thumb, 16 bytes, Stack size 0 bytes, tremo_gpio.o(.text.OUTLINED_FUNCTION_0))
<BR><BR>[Called By]<UL><LI><a href="#[7f]">&gt;&gt;</a>&nbsp;&nbsp;&nbsp;gpio_init
</UL>

<P><STRONG><a name="[11b]"></a>OUTLINED_FUNCTION_1</STRONG> (Thumb, 28 bytes, Stack size 0 bytes, tremo_gpio.o(.text.OUTLINED_FUNCTION_1))
<BR><BR>[Called By]<UL><LI><a href="#[7f]">&gt;&gt;</a>&nbsp;&nbsp;&nbsp;gpio_init
</UL>

<P><STRONG><a name="[11c]"></a>OUTLINED_FUNCTION_3</STRONG> (Thumb, 14 bytes, Stack size 0 bytes, tremo_gpio.o(.text.OUTLINED_FUNCTION_3))
<BR><BR>[Called By]<UL><LI><a href="#[7f]">&gt;&gt;</a>&nbsp;&nbsp;&nbsp;gpio_init
</UL>

<P><STRONG><a name="[11e]"></a>OUTLINED_FUNCTION_2</STRONG> (Thumb, 16 bytes, Stack size 0 bytes, tremo_gpio.o(.text.OUTLINED_FUNCTION_2))
<BR><BR>[Called By]<UL><LI><a href="#[11d]">&gt;&gt;</a>&nbsp;&nbsp;&nbsp;gpio_write
</UL>

<P><STRONG><a name="[128]"></a>OUTLINED_FUNCTION_2</STRONG> (Thumb, 10 bytes, Stack size 0 bytes, tremo_i2c.o(.text.OUTLINED_FUNCTION_2))
<BR><BR>[Called By]<UL><LI><a href="#[a6]">&gt;&gt;</a>&nbsp;&nbsp;&nbsp;i2c_clear_flag_status
</UL>

<P><STRONG><a name="[12a]"></a>OUTLINED_FUNCTION_0</STRONG> (Thumb, 18 bytes, Stack size 0 bytes, tremo_i2c.o(.text.OUTLINED_FUNCTION_0))
<BR><BR>[Called By]<UL><LI><a href="#[126]">&gt;&gt;</a>&nbsp;&nbsp;&nbsp;i2c_send_data
</UL>

<P><STRONG><a name="[129]"></a>OUTLINED_FUNCTION_1</STRONG> (Thumb, 10 bytes, Stack size 0 bytes, tremo_i2c.o(.text.OUTLINED_FUNCTION_1))
<BR><BR>[Called By]<UL><LI><a href="#[124]">&gt;&gt;</a>&nbsp;&nbsp;&nbsp;i2c_get_flag_status
</UL>

<P><STRONG><a name="[14d]"></a>OUTLINED_FUNCTION_0</STRONG> (Thumb, 6 bytes, Stack size 0 bytes, tremo_rcc.o(.text.OUTLINED_FUNCTION_0))
<BR><BR>[Called By]<UL><LI><a href="#[134]">&gt;&gt;</a>&nbsp;&nbsp;&nbsp;rcc_set_systick_source
<LI><a href="#[133]">&gt;&gt;</a>&nbsp;&nbsp;&nbsp;rcc_set_pclk_div
<LI><a href="#[132]">&gt;&gt;</a>&nbsp;&nbsp;&nbsp;rcc_set_hclk_div
<LI><a href="#[131]">&gt;&gt;</a>&nbsp;&nbsp;&nbsp;rcc_set_sys_clk_source
<LI><a href="#[13a]">&gt;&gt;</a>&nbsp;&nbsp;&nbsp;rcc_set_adc_clk_source
<LI><a href="#[142]">&gt;&gt;</a>&nbsp;&nbsp;&nbsp;rcc_set_uart0_clk_source
</UL>

<P><STRONG><a name="[a5]"></a>OUTLINED_FUNCTION_0</STRONG> (Thumb, 8 bytes, Stack size 0 bytes, i2c.o(.text.OUTLINED_FUNCTION_0))
<BR><BR>[Calls]<UL><LI><a href="#[a6]">&gt;&gt;</a>&nbsp;&nbsp;&nbsp;i2c_clear_flag_status
</UL>
<BR>[Called By]<UL><LI><a href="#[f3]">&gt;&gt;</a>&nbsp;&nbsp;&nbsp;i2c0_write
</UL>

<P><STRONG><a name="[ae]"></a>OUTLINED_FUNCTION_3</STRONG> (Thumb, 6 bytes, Stack size 0 bytes, sx126x.o(.text.OUTLINED_FUNCTION_3))
<BR><BR>[Stack]<UL><LI>Max Depth = 24<LI>Call Chain = OUTLINED_FUNCTION_3 &rArr; SX126X_writeCmd
</UL>
<BR>[Calls]<UL><LI><a href="#[af]">&gt;&gt;</a>&nbsp;&nbsp;&nbsp;SX126X_writeCmd
</UL>
<BR>[Called By]<UL><LI><a href="#[bc]">&gt;&gt;</a>&nbsp;&nbsp;&nbsp;SX126X_SetPacketType
<LI><a href="#[cf]">&gt;&gt;</a>&nbsp;&nbsp;&nbsp;SX126X_SetDIO2AsRfSwitchCtrl
<LI><a href="#[d5]">&gt;&gt;</a>&nbsp;&nbsp;&nbsp;SX126X_SetRegulatorMode
<LI><a href="#[d9]">&gt;&gt;</a>&nbsp;&nbsp;&nbsp;SX126X_SetStandby
</UL>

<P><STRONG><a name="[d3]"></a>OUTLINED_FUNCTION_2</STRONG> (Thumb, 12 bytes, Stack size 0 bytes, sx126x.o(.text.OUTLINED_FUNCTION_2))
<BR><BR>[Called By]<UL><LI><a href="#[be]">&gt;&gt;</a>&nbsp;&nbsp;&nbsp;SX126X_SetFskModParams
<LI><a href="#[d6]">&gt;&gt;</a>&nbsp;&nbsp;&nbsp;SX126X_SetRx
<LI><a href="#[da]">&gt;&gt;</a>&nbsp;&nbsp;&nbsp;SX126X_SetTx
</UL>

<P><STRONG><a name="[b0]"></a>OUTLINED_FUNCTION_4</STRONG> (Thumb, 10 bytes, Stack size 0 bytes, sx126x.o(.text.OUTLINED_FUNCTION_4))
<BR><BR>[Stack]<UL><LI>Max Depth = 24<LI>Call Chain = OUTLINED_FUNCTION_4 &rArr; SX126X_readCmd
</UL>
<BR>[Calls]<UL><LI><a href="#[b1]">&gt;&gt;</a>&nbsp;&nbsp;&nbsp;SX126X_readCmd
</UL>
<BR>[Called By]<UL><LI><a href="#[c3]">&gt;&gt;</a>&nbsp;&nbsp;&nbsp;SX126X_GetFskPacketStatus
<LI><a href="#[c5]">&gt;&gt;</a>&nbsp;&nbsp;&nbsp;SX126X_GetLoRaPacketStatus
</UL>

<P><STRONG><a name="[c4]"></a>OUTLINED_FUNCTION_1</STRONG> (Thumb, 22 bytes, Stack size 0 bytes, sx126x.o(.text.OUTLINED_FUNCTION_1))
<BR><BR>[Called By]<UL><LI><a href="#[c3]">&gt;&gt;</a>&nbsp;&nbsp;&nbsp;SX126X_GetFskPacketStatus
<LI><a href="#[c5]">&gt;&gt;</a>&nbsp;&nbsp;&nbsp;SX126X_GetLoRaPacketStatus
</UL>

<P><STRONG><a name="[a7]"></a>OUTLINED_FUNCTION_0</STRONG> (Thumb, 10 bytes, Stack size 0 bytes, sx126x_interface.o(.text.OUTLINED_FUNCTION_0))
<BR><BR>[Calls]<UL><LI><a href="#[a8]">&gt;&gt;</a>&nbsp;&nbsp;&nbsp;SX126X_checkBusy
</UL>
<BR>[Called By]<UL><LI><a href="#[e8]">&gt;&gt;</a>&nbsp;&nbsp;&nbsp;SX126X_writeBuffer
<LI><a href="#[e4]">&gt;&gt;</a>&nbsp;&nbsp;&nbsp;SX126X_readBuffer
<LI><a href="#[e5]">&gt;&gt;</a>&nbsp;&nbsp;&nbsp;SX126X_readRegs
<LI><a href="#[e9]">&gt;&gt;</a>&nbsp;&nbsp;&nbsp;SX126X_writeRegs
<LI><a href="#[b1]">&gt;&gt;</a>&nbsp;&nbsp;&nbsp;SX126X_readCmd
</UL>

<P><STRONG><a name="[10e]"></a>validateInteger</STRONG> (Thumb, 84 bytes, Stack size 24 bytes, command_interpreter.o(.text.validateInteger))
<BR><BR>[Stack]<UL><LI>Max Depth = 104<LI>Call Chain = validateInteger &rArr; strtoul &rArr; _strtoul
</UL>
<BR>[Calls]<UL><LI><a href="#[10a]">&gt;&gt;</a>&nbsp;&nbsp;&nbsp;strlen
<LI><a href="#[89]">&gt;&gt;</a>&nbsp;&nbsp;&nbsp;strtoul
<LI><a href="#[85]">&gt;&gt;</a>&nbsp;&nbsp;&nbsp;strtol
<LI><a href="#[88]">&gt;&gt;</a>&nbsp;&nbsp;&nbsp;__aeabi_errno_addr
</UL>
<BR>[Called By]<UL><LI><a href="#[10b]">&gt;&gt;</a>&nbsp;&nbsp;&nbsp;ciProcessInput
</UL>

<P><STRONG><a name="[f4]"></a>OUTLINED_FUNCTION_0</STRONG> (Thumb, 30 bytes, Stack size 0 bytes, uc1601_drv.o(.text.OUTLINED_FUNCTION_0))
<BR><BR>[Called By]<UL><LI><a href="#[f0]">&gt;&gt;</a>&nbsp;&nbsp;&nbsp;UC1601Display
</UL>

<P><STRONG><a name="[ab]"></a>OUTLINED_FUNCTION_2</STRONG> (Thumb, 8 bytes, Stack size 0 bytes, uc1601_drv.o(.text.OUTLINED_FUNCTION_2))
<BR><BR>[Stack]<UL><LI>Max Depth = 16<LI>Call Chain = OUTLINED_FUNCTION_2 &rArr; UC1601AddressSet
</UL>
<BR>[Calls]<UL><LI><a href="#[ac]">&gt;&gt;</a>&nbsp;&nbsp;&nbsp;UC1601AddressSet
</UL>
<BR>[Called By]<UL><LI><a href="#[f0]">&gt;&gt;</a>&nbsp;&nbsp;&nbsp;UC1601Display
</UL>

<P><STRONG><a name="[f5]"></a>OUTLINED_FUNCTION_1</STRONG> (Thumb, 22 bytes, Stack size 0 bytes, uc1601_drv.o(.text.OUTLINED_FUNCTION_1))
<BR><BR>[Called By]<UL><LI><a href="#[f0]">&gt;&gt;</a>&nbsp;&nbsp;&nbsp;UC1601Display
</UL>

<P><STRONG><a name="[15d]"></a>_fp_digits</STRONG> (Thumb, 366 bytes, Stack size 64 bytes, printfa.o(i._fp_digits), UNUSED)
<BR><BR>[Calls]<UL><LI><a href="#[8a]">&gt;&gt;</a>&nbsp;&nbsp;&nbsp;__aeabi_dadd
<LI><a href="#[91]">&gt;&gt;</a>&nbsp;&nbsp;&nbsp;__aeabi_dmul
<LI><a href="#[92]">&gt;&gt;</a>&nbsp;&nbsp;&nbsp;__aeabi_ddiv
<LI><a href="#[9a]">&gt;&gt;</a>&nbsp;&nbsp;&nbsp;__aeabi_d2ulz
<LI><a href="#[15e]">&gt;&gt;</a>&nbsp;&nbsp;&nbsp;__aeabi_cdrcmple
<LI><a href="#[98]">&gt;&gt;</a>&nbsp;&nbsp;&nbsp;__aeabi_uldivmod
</UL>
<BR>[Called By]<UL><LI><a href="#[15c]">&gt;&gt;</a>&nbsp;&nbsp;&nbsp;_printf_core
</UL>

<P><STRONG><a name="[15c]"></a>_printf_core</STRONG> (Thumb, 1744 bytes, Stack size 136 bytes, printfa.o(i._printf_core), UNUSED)
<BR><BR>[Calls]<UL><LI><a href="#[15f]">&gt;&gt;</a>&nbsp;&nbsp;&nbsp;_printf_pre_padding
<LI><a href="#[160]">&gt;&gt;</a>&nbsp;&nbsp;&nbsp;_printf_post_padding
<LI><a href="#[15d]">&gt;&gt;</a>&nbsp;&nbsp;&nbsp;_fp_digits
<LI><a href="#[98]">&gt;&gt;</a>&nbsp;&nbsp;&nbsp;__aeabi_uldivmod
<LI><a href="#[161]">&gt;&gt;</a>&nbsp;&nbsp;&nbsp;__aeabi_uidivmod
</UL>
<BR>[Called By]<UL><LI><a href="#[15b]">&gt;&gt;</a>&nbsp;&nbsp;&nbsp;__0printf
</UL>

<P><STRONG><a name="[160]"></a>_printf_post_padding</STRONG> (Thumb, 36 bytes, Stack size 24 bytes, printfa.o(i._printf_post_padding), UNUSED)
<BR><BR>[Called By]<UL><LI><a href="#[15c]">&gt;&gt;</a>&nbsp;&nbsp;&nbsp;_printf_core
</UL>

<P><STRONG><a name="[15f]"></a>_printf_pre_padding</STRONG> (Thumb, 46 bytes, Stack size 24 bytes, printfa.o(i._printf_pre_padding), UNUSED)
<BR><BR>[Called By]<UL><LI><a href="#[15c]">&gt;&gt;</a>&nbsp;&nbsp;&nbsp;_printf_core
</UL>
<P>
<H3>
Undefined Global Symbols
</H3><HR></body></html>
