Component: Arm Compiler for Embedded 6.24 Tool: armlink [5f371500]

==============================================================================

Section Cross References

    main.o(.text.main) refers to bsp.o(.text.init_power_clk) for init_power_clk
    main.o(.text.main) refers to bsp.o(.text.init_peripherals) for init_peripherals
    main.o(.text.main) refers to tremo_delay.o(.text.delay_ms) for delay_ms
    main.o(.text.main) refers to puts.o(i.puts) for puts
    main.o(.text.main) refers to bsp.o(.text.led_on) for led_on
    main.o(.text.main) refers to ssd1306.o(.text.SSD1306_Init) for SSD1306_Init
    main.o(.text.main) refers to ssd1306.o(.text.SSD1306_Clear) for SSD1306_Clear
    main.o(.text.main) refers to radio_proc.o(.text.radio_init) for radio_init
    main.o(.text.main) refers to bsp.o(.text.led_off) for led_off
    main.o(.text.main) refers to app_cli.o(.text.cli_init) for cli_init
    main.o(.text.main) refers to app_cli.o(.text.updatescreen) for updatescreen
    main.o(.text.main) refers to radio_proc.o(.text.radio_proc) for radio_proc
    main.o(.text.main) refers to app_cli.o(.text.cli_proc) for cli_proc
    main.o(.ARM.exidx.text.main) refers to main.o(.text.main) for [Anonymous Symbol]
    bsp.o(.text.init_power_clk) refers to tremo_rcc.o(.text.rcc_enable_oscillator) for rcc_enable_oscillator
    bsp.o(.text.init_power_clk) refers to tremo_rcc.o(.text.rcc_set_sys_clk_source) for rcc_set_sys_clk_source
    bsp.o(.text.init_power_clk) refers to tremo_rcc.o(.text.rcc_set_hclk_div) for rcc_set_hclk_div
    bsp.o(.text.init_power_clk) refers to tremo_rcc.o(.text.rcc_set_pclk_div) for rcc_set_pclk_div
    bsp.o(.text.init_power_clk) refers to tremo_rcc.o(.text.rcc_set_systick_source) for rcc_set_systick_source
    bsp.o(.text.init_power_clk) refers to tremo_rcc.o(.text.rcc_enable_peripheral_clk) for rcc_enable_peripheral_clk
    bsp.o(.text.init_power_clk) refers to tremo_delay.o(.text.delay_init) for delay_init
    bsp.o(.ARM.exidx.text.init_power_clk) refers to bsp.o(.text.init_power_clk) for [Anonymous Symbol]
    bsp.o(.text.init_peripherals) refers to gpio.o(.text.mygpio_init) for mygpio_init
    bsp.o(.text.init_peripherals) refers to adc.o(.text.myadc_init) for myadc_init
    bsp.o(.text.init_peripherals) refers to retarget.o(.text.RETARGET_SerialInit) for RETARGET_SerialInit
    bsp.o(.text.init_peripherals) refers to ustimer.o(.text.ustimer_init) for ustimer_init
    bsp.o(.ARM.exidx.text.init_peripherals) refers to bsp.o(.text.init_peripherals) for [Anonymous Symbol]
    bsp.o(.text.led_on) refers to tremo_gpio.o(.text.gpio_write) for gpio_write
    bsp.o(.ARM.exidx.text.led_on) refers to bsp.o(.text.led_on) for [Anonymous Symbol]
    bsp.o(.text.led_off) refers to tremo_gpio.o(.text.gpio_write) for gpio_write
    bsp.o(.ARM.exidx.text.led_off) refers to bsp.o(.text.led_off) for [Anonymous Symbol]
    bsp.o(.text.oled_test) refers to tremo_delay.o(.text.delay_ms) for delay_ms
    bsp.o(.text.oled_test) refers to test.o(.text.TEST_MainPage) for TEST_MainPage
    bsp.o(.text.oled_test) refers to ssd1306.o(.text.SSD1306_Clear) for SSD1306_Clear
    bsp.o(.text.oled_test) refers to test.o(.text.Test_Color) for Test_Color
    bsp.o(.text.oled_test) refers to test.o(.text.Test_Rectangular) for Test_Rectangular
    bsp.o(.text.oled_test) refers to test.o(.text.Test_Circle) for Test_Circle
    bsp.o(.text.oled_test) refers to test.o(.text.Test_Triangle) for Test_Triangle
    bsp.o(.text.oled_test) refers to test.o(.text.TEST_English) for TEST_English
    bsp.o(.text.oled_test) refers to test.o(.text.TEST_Number_Character) for TEST_Number_Character
    bsp.o(.text.oled_test) refers to test.o(.text.TEST_BMP) for TEST_BMP
    bsp.o(.text.oled_test) refers to test.o(.text.TEST_Menu1) for TEST_Menu1
    bsp.o(.text.oled_test) refers to test.o(.text.TEST_Menu2) for TEST_Menu2
    bsp.o(.text.oled_test) refers to puts.o(i.puts) for puts
    bsp.o(.ARM.exidx.text.oled_test) refers to bsp.o(.text.oled_test) for [Anonymous Symbol]
    tremo_it.o(.ARM.exidx.text.NMI_Handler) refers to tremo_it.o(.text.NMI_Handler) for [Anonymous Symbol]
    tremo_it.o(.text.HardFault_Handler) refers to puts.o(i.puts) for puts
    tremo_it.o(.text.HardFault_Handler) refers to tremo_delay.o(.text.delay_ms) for delay_ms
    tremo_it.o(.text.HardFault_Handler) refers to tremo_it.o(.text.__NVIC_SystemReset) for __NVIC_SystemReset
    tremo_it.o(.ARM.exidx.text.HardFault_Handler) refers to tremo_it.o(.text.HardFault_Handler) for [Anonymous Symbol]
    tremo_it.o(.ARM.exidx.text.__NVIC_SystemReset) refers to tremo_it.o(.text.__NVIC_SystemReset) for [Anonymous Symbol]
    tremo_it.o(.ARM.exidx.text.MemManage_Handler) refers to tremo_it.o(.text.MemManage_Handler) for [Anonymous Symbol]
    tremo_it.o(.ARM.exidx.text.BusFault_Handler) refers to tremo_it.o(.text.BusFault_Handler) for [Anonymous Symbol]
    tremo_it.o(.ARM.exidx.text.UsageFault_Handler) refers to tremo_it.o(.text.UsageFault_Handler) for [Anonymous Symbol]
[...]
    .data                                    0x20000000   Section        4  stdout.o(.data)
    _errno                                   0x20000004   Data           4  errno.o(.data)
    .data                                    0x20000004   Section        4  errno.o(.data)
    .L_MergedGlobals                         0x20000470   Data          16  retarget.o(.bss..L_MergedGlobals)
    initialized                              0x20000470   Data           1  retarget.o(.bss..L_MergedGlobals)
    [Anonymous Symbol]                       0x20000470   Section        0  retarget.o(.bss..L_MergedGlobals)
    rxCount                                  0x20000474   Data           4  retarget.o(.bss..L_MergedGlobals)
    rxReadIndex                              0x20000478   Data           4  retarget.o(.bss..L_MergedGlobals)
    rxWriteIndex                             0x2000047c   Data           4  retarget.o(.bss..L_MergedGlobals)
    .L_MergedGlobals                         0x20000480   Data          12  adc.o(.bss..L_MergedGlobals)
    [Anonymous Symbol]                       0x20000480   Section        0  adc.o(.bss..L_MergedGlobals)
    .L_MergedGlobals                         0x2000048c   Data         116  radio_proc.o(.bss..L_MergedGlobals)
    [Anonymous Symbol]                       0x2000048c   Section        0  radio_proc.o(.bss..L_MergedGlobals)
    SSD1306_buffer                           0x20000580   Data        1024  ssd1306.o(.bss.SSD1306_buffer)
    [Anonymous Symbol]                       0x20000580   Section        0  ssd1306.o(.bss.SSD1306_buffer)
    fac_us                                   0x20000a88   Data           1  tremo_delay.o(.bss.fac_us)
    [Anonymous Symbol]                       0x20000a88   Section        0  tremo_delay.o(.bss.fac_us)
    STACK                                    0x20001d88   Section     2048  startup_tremo.o(STACK)

    Global Symbols

    Symbol Name                              Value     Ov Type        Size  Object(Section)

    BuildAttributes$$THM_ISAv4$E$P$D$K$B$S$7EM$VFPi3$EXTD16$VFPS$VFMA$PE$A:L22UL41UL21$X:L11$S22US41US21$IEEE1$IW$~IW$USESV6$~STKCKD$USESV7$~SHL$OTIME$ROPI$EBA8$MICROLIB$REQ8$PRES8$EABIv2 0x00000000   Number         0  anon$$obj.o ABSOLUTE
    _printf_a                                0x00000000   Number         0  printfstubs.o ABSOLUTE
    _printf_c                                0x00000000   Number         0  printfstubs.o ABSOLUTE
    _printf_charcount                        0x00000000   Number         0  printfstubs.o ABSOLUTE
    _printf_d                                0x00000000   Number         0  printfstubs.o ABSOLUTE
    _printf_e                                0x00000000   Number         0  printfstubs.o ABSOLUTE
    _printf_f                                0x00000000   Number         0  printfstubs.o ABSOLUTE
    _printf_flags                            0x00000000   Number         0  printfstubs.o ABSOLUTE
    _printf_fp_dec                           0x00000000   Number         0  printfstubs.o ABSOLUTE
    _printf_fp_hex                           0x00000000   Number         0  printfstubs.o ABSOLUTE
    _printf_g                                0x00000000   Number         0  printfstubs.o ABSOLUTE
    _printf_i                                0x00000000   Number         0  printfstubs.o ABSOLUTE
    _printf_int_dec                          0x00000000   Number         0  printfstubs.o ABSOLUTE
    _printf_l                                0x00000000   Number         0  printfstubs.o ABSOLUTE
    _printf_lc                               0x00000000   Number         0  printfstubs.o ABSOLUTE
    _printf_ll                               0x00000000   Number         0  printfstubs.o ABSOLUTE
    _printf_lld                              0x00000000   Number         0  printfstubs.o ABSOLUTE
    _printf_lli                              0x00000000   Number         0  printfstubs.o ABSOLUTE
    _printf_llo                              0x00000000   Number         0  printfstubs.o ABSOLUTE
    _printf_llu                              0x00000000   Number         0  printfstubs.o ABSOLUTE
    _printf_llx                              0x00000000   Number         0  printfstubs.o ABSOLUTE
    _printf_longlong_dec                     0x00000000   Number         0  printfstubs.o ABSOLUTE
    _printf_longlong_hex                     0x00000000   Number         0  printfstubs.o ABSOLUTE
    _printf_longlong_oct                     0x00000000   Number         0  printfstubs.o ABSOLUTE
    _printf_ls                               0x00000000   Number         0  printfstubs.o ABSOLUTE
    _printf_mbtowc                           0x00000000   Number         0  printfstubs.o ABSOLUTE
    _printf_n                                0x00000000   Number         0  printfstubs.o ABSOLUTE
    _printf_o                                0x00000000   Number         0  printfstubs.o ABSOLUTE
    _printf_p                                0x00000000   Number         0  printfstubs.o ABSOLUTE
    _printf_percent                          0x00000000   Number         0  printfstubs.o ABSOLUTE
    _printf_pre_padding                      0x00000000   Number         0  printfstubs.o ABSOLUTE
    _printf_return_value                     0x00000000   Number         0  printfstubs.o ABSOLUTE
    _printf_s                                0x00000000   Number         0  printfstubs.o ABSOLUTE
    _printf_sizespec                         0x00000000   Number         0  printfstubs.o ABSOLUTE
    _printf_str                              0x00000000   Number         0  printfstubs.o ABSOLUTE
    _printf_truncate_signed                  0x00000000   Number         0  printfstubs.o ABSOLUTE
    _printf_truncate_unsigned                0x00000000   Number         0  printfstubs.o ABSOLUTE
    _printf_u                                0x00000000   Number         0  printfstubs.o ABSOLUTE
    _printf_wc                               0x00000000   Number         0  printfstubs.o ABSOLUTE
    _printf_wctomb                           0x00000000   Number         0  printfstubs.o ABSOLUTE
    _printf_widthprec                        0x00000000   Number         0  printfstubs.o ABSOLUTE
    _printf_x                                0x00000000   Number         0  printfstubs.o ABSOLUTE
    __cpp_initialize__aeabi_                  - Undefined Weak Reference
    __cxa_finalize                            - Undefined Weak Reference
    _clock_init                               - Undefined Weak Reference
    _microlib_exit                            - Undefined Weak Reference
    __Vectors_Size                           0x000000d4   Number         0  startup_tremo.o ABSOLUTE
    __Vectors                                0x08000000   Data           4  startup_tremo.o(RESET)
    __Vectors_End                            0x080000d4   Data           0  startup_tremo.o(RESET)
    __main                                   0x080000d5   Thumb Code     0  entry.o(.ARM.Collect$$$$00000000)
    _main_stk                                0x080000d5   Thumb Code     0  entry2.o(.ARM.Collect$$$$00000001)
    _main_scatterload                        0x080000d9   Thumb Code     0  entry5.o(.ARM.Collect$$$$00000004)
    __main_after_scatterload                 0x080000dd   Thumb Code     0  entry5.o(.ARM.Collect$$$$00000004)
    _main_clock                              0x080000dd   Thumb Code     0  entry7b.o(.ARM.Collect$$$$00000008)
    _main_cpp_init                           0x080000dd   Thumb Code     0  entry8b.o(.ARM.Collect$$$$0000000A)
    _main_init                               0x080000dd   Thumb Code     0  entry9a.o(.ARM.Collect$$$$0000000B)
    __rt_final_cpp                           0x080000e5   Thumb Code     0  entry10a.o(.ARM.Collect$$$$0000000D)
    __rt_final_exit                          0x080000e5   Thumb Code     0  entry11a.o(.ARM.Collect$$$$0000000F)
    Reset_Handler                            0x080000e9   Thumb Code     8  startup_tremo.o(.text)
    DebugMon_Handler                         0x080000fd   Thumb Code     2  startup_tremo.o(.text)
    AFEC_IRQHandler                          0x08000103   Thumb Code     0  startup_tremo.o(.text)
    BSTIMER0_IRQHandler                      0x08000103   Thumb Code     0  startup_tremo.o(.text)
    BSTIMER1_IRQHandler                      0x08000103   Thumb Code     0  startup_tremo.o(.text)
    DAC_IRQHandler                           0x08000103   Thumb Code     0  startup_tremo.o(.text)
    DMA0_IRQHandler                          0x08000103   Thumb Code     0  startup_tremo.o(.text)
    DMA1IRQHandler                           0x08000103   Thumb Code     0  startup_tremo.o(.text)
    DMA1_IRQHandler                          0x08000103   Thumb Code     0  startup_tremo.o(.text)
    EFC_IRQHandler                           0x08000103   Thumb Code     0  startup_tremo.o(.text)
    GPIO_IRQHandler                          0x08000103   Thumb Code     0  startup_tremo.o(.text)
    I2C0_IRQHandler                          0x08000103   Thumb Code     0  startup_tremo.o(.text)
    I2C1_IRQHandler                          0x08000103   Thumb Code     0  startup_tremo.o(.text)
    I2C2_IRQHandler                          0x08000103   Thumb Code     0  startup_tremo.o(.text)
    I2S_IRQHandler                           0x08000103   Thumb Code     0  startup_tremo.o(.text)
    IWDG_IRQHandler                          0x08000103   Thumb Code     0  startup_tremo.o(.text)
    LCD_IRQHandler                           0x08000103   Thumb Code     0  startup_tremo.o(.text)
    LPTIMER0_IRQHandler                      0x08000103   Thumb Code     0  startup_tremo.o(.text)
    LPTIMER1_IRQHandler                      0x08000103   Thumb Code     0  startup_tremo.o(.text)
    LPUART_IRQHandler                        0x08000103   Thumb Code     0  startup_tremo.o(.text)
    QSPI_IRQHandler                          0x08000103   Thumb Code     0  startup_tremo.o(.text)
    RTC_IRQHandler                           0x08000103   Thumb Code     0  startup_tremo.o(.text)
    SAC_IRQHandler                           0x08000103   Thumb Code     0  startup_tremo.o(.text)
    SCC_IRQHandler                           0x08000103   Thumb Code     0  startup_tremo.o(.text)
    SEC_IRQHandler                           0x08000103   Thumb Code     0  startup_tremo.o(.text)
    SSP0_IRQHandler                          0x08000103   Thumb Code     0  startup_tremo.o(.text)
    SSP1_IRQHandler                          0x08000103   Thumb Code     0  startup_tremo.o(.text)
    SSP2_IRQHandler                          0x08000103   Thumb Code     0  startup_tremo.o(.text)
    TIMER1_IRQHandler                        0x08000103   Thumb Code     0  startup_tremo.o(.text)
    TIMER2_IRQHandler                        0x08000103   Thumb Code     0  startup_tremo.o(.text)
    TIMER3_IRQHandler                        0x08000103   Thumb Code     0  startup_tremo.o(.text)
    UART2_IRQHandler                         0x08000103   Thumb Code     0  startup_tremo.o(.text)
    UART3_IRQHandler                         0x08000103   Thumb Code     0  startup_tremo.o(.text)
    WDG_IRQHandler                           0x08000103   Thumb Code     0  startup_tremo.o(.text)
    ___aeabi_memcpy8$move                    0x0800010d   Thumb Code     0  memmovea.o(.text)
    __aeabi_memcpy                           0x0800010d   Thumb Code    64  memmovea.o(.text)
    __aeabi_memcpy4                          0x0800010d   Thumb Code     0  memmovea.o(.text)
    __aeabi_memmove                          0x0800010d   Thumb Code     0  memmovea.o(.text)
    __aeabi_memmove4                         0x0800010d   Thumb Code     0  memmovea.o(.text)
    __aeabi_memmove8                         0x0800010d   Thumb Code     0  memmovea.o(.text)
    __aeabi_memset                           0x0800014d   Thumb Code    14  memseta.o(.text)
    __aeabi_memset4                          0x0800014d   Thumb Code     0  memseta.o(.text)
    __aeabi_memset8                          0x0800014d   Thumb Code     0  memseta.o(.text)
    __aeabi_memclr                           0x0800015b   Thumb Code     4  memseta.o(.text)
    __aeabi_memclr4                          0x0800015b   Thumb Code     0  memseta.o(.text)
    __aeabi_memclr8                          0x0800015b   Thumb Code     0  memseta.o(.text)
    _memset$wrapper                          0x0800015f   Thumb Code    18  memseta.o(.text)
    strchr                                   0x08000171   Thumb Code    20  strchr.o(.text)
    strlen                                   0x08000185   Thumb Code    14  strlen.o(.text)
    strspn                                   0x08000193   Thumb Code    28  strspn.o(.text)
    strcspn                                  0x080001af   Thumb Code    34  strcspn.o(.text)
    strcasecmp                               0x080001d1   Thumb Code    42  strcasecmp.o(.text)
    strtol                                   0x080001fb   Thumb Code   112  strtol.o(.text)
    strtoul                                  0x0800026b   Thumb Code   114  strtoul.o(.text)
    __aeabi_dadd                             0x080002dd   Thumb Code   322  dadd.o(.text)
    __aeabi_dsub                             0x0800041f   Thumb Code     6  dadd.o(.text)
    __aeabi_drsub                            0x08000425   Thumb Code     6  dadd.o(.text)
    __aeabi_dmul                             0x0800042b   Thumb Code   228  dmul.o(.text)
    __aeabi_ddiv                             0x0800050f   Thumb Code   222  ddiv.o(.text)
    __aeabi_ui2d                             0x080005ed   Thumb Code    26  dfltui.o(.text)
    __aeabi_d2uiz                            0x08000607   Thumb Code    50  dfixui.o(.text)
    __aeabi_f2d                              0x08000639   Thumb Code    38  f2d.o(.text)
    __aeabi_d2f                              0x0800065f   Thumb Code    56  d2f.o(.text)
    __aeabi_uidiv                            0x08000697   Thumb Code     0  uidiv.o(.text)
    __aeabi_uidivmod                         0x08000697   Thumb Code    44  uidiv.o(.text)
    __aeabi_uldivmod                         0x080006c3   Thumb Code    98  uldiv.o(.text)
    __aeabi_llsl                             0x08000725   Thumb Code    30  llshl.o(.text)
    _ll_shift_l                              0x08000725   Thumb Code     0  llshl.o(.text)
    __aeabi_llsr                             0x08000743   Thumb Code    32  llushr.o(.text)
    _ll_ushift_r                             0x08000743   Thumb Code     0  llushr.o(.text)
    __aeabi_lasr                             0x08000763   Thumb Code    36  llsshr.o(.text)
    _ll_sshift_r                             0x08000763   Thumb Code     0  llsshr.o(.text)
    __rt_ctype_table                         0x08000789   Thumb Code     4  ctype_o.o(.text)
    tolower                                  0x08000791   Thumb Code    12  tolower.o(.text)
    _strtoul                                 0x0800079d   Thumb Code   158  _strtoul.o(.text)
    __I$use$fp                               0x0800083b   Thumb Code     0  iusefp.o(.text)
    _float_round                             0x0800083b   Thumb Code    18  fepilogue.o(.text)
    _float_epilogue                          0x0800084d   Thumb Code    92  fepilogue.o(.text)
    _double_round                            0x080008a9   Thumb Code    30  depilogue.o(.text)
    _double_epilogue                         0x080008c7   Thumb Code   156  depilogue.o(.text)
    __aeabi_d2ulz                            0x08000963   Thumb Code    48  dfixul.o(.text)
    __aeabi_cdrcmple                         0x08000995   Thumb Code    48  cdrcmple.o(.text)
    __scatterload                            0x080009c5   Thumb Code    38  init.o(.text)
    __scatterload_rt2                        0x080009c5   Thumb Code     0  init.o(.text)
    _chval                                   0x080009f5   Thumb Code    28  _chval.o(.text)
    __decompress                             0x08000a11   Thumb Code     0  __dclz77c.o(.text)
    __decompress2                            0x08000a11   Thumb Code    94  __dclz77c.o(.text)
    ADC_IRQHandler                           0x08000a71   Thumb Code   112  adc.o(.text.ADC_IRQHandler)
    BusFault_Handler                         0x08000ae9   Thumb Code     2  tremo_it.o(.text.BusFault_Handler)
    GUI_ShowChar                             0x08000aed   Thumb Code   812  gui.o(.text.GUI_ShowChar)
    GUI_ShowString                           0x08000e19   Thumb Code   110  gui.o(.text.GUI_ShowString)
    HardFault_Handler                        0x08000e89   Thumb Code    16  tremo_it.o(.text.HardFault_Handler)
    LORA_IRQHandler                          0x08000ead   Thumb Code    50  radio_proc.o(.text.LORA_IRQHandler)
    MemManage_Handler                        0x08000ee1   Thumb Code     2  tremo_it.o(.text.MemManage_Handler)
    NMI_Handler                              0x08000ee5   Thumb Code     2  tremo_it.o(.text.NMI_Handler)
    PWR_IRQHandler                           0x08000ee9   Thumb Code     2  tremo_it.o(.text.PWR_IRQHandler)
    PendSV_Handler                           0x08000eed   Thumb Code     2  tremo_it.o(.text.PendSV_Handler)
    RADIO_setctune                           0x08000ef1   Thumb Code    82  radio_proc.o(.text.RADIO_setctune)
    RETARGET_ReadChar                        0x08000f45   Thumb Code    98  retarget.o(.text.RETARGET_ReadChar)
    RETARGET_SerialInit                      0x08000fa9   Thumb Code    44  retarget.o(.text.RETARGET_SerialInit)
    SSD1306_Clear                            0x08000fd5   Thumb Code    56  ssd1306.o(.text.SSD1306_Clear)
    SSD1306_Display                          0x0800100d   Thumb Code   368  ssd1306.o(.text.SSD1306_Display)
    SSD1306_Init                             0x0800117d   Thumb Code   220  ssd1306.o(.text.SSD1306_Init)
    SSD1306_Reset                            0x08001259   Thumb Code    56  ssd1306_interface.o(.text.SSD1306_Reset)
    SSD1306_Set_Pixel                        0x08001291   Thumb Code    44  ssd1306.o(.text.SSD1306_Set_Pixel)
    SSD1306_WR_Byte                          0x080012bd   Thumb Code    62  ssd1306_interface.o(.text.SSD1306_WR_Byte)
    SSD1306_WriteByte                        0x080012fd   Thumb Code   270  ssd1306_interface.o(.text.SSD1306_WriteByte)
    SSD1306_interface_init                   0x0800140d   Thumb Code    66  ssd1306_interface.o(.text.SSD1306_interface_init)
    SVC_Handler                              0x08001451   Thumb Code     2  tremo_it.o(.text.SVC_Handler)
    SX126X_CalibrateImage                    0x08001455   Thumb Code    28  sx126x.o(.text.SX126X_CalibrateImage)
    SX126X_ClearIrqStatus                    0x08001471   Thumb Code    26  sx126x.o(.text.SX126X_ClearIrqStatus)
    SX126X_FskConfig                         0x08001491   Thumb Code   176  sx126x_proc.o(.text.SX126X_FskConfig)
    SX126X_GetFskPacketStatus                0x08001549   Thumb Code    50  sx126x.o(.text.SX126X_GetFskPacketStatus)
    SX126X_GetIrqStatus                      0x0800157d   Thumb Code    28  sx126x.o(.text.SX126X_GetIrqStatus)
    SX126X_GetLoRaPacketStatus               0x08001599   Thumb Code    50  sx126x.o(.text.SX126X_GetLoRaPacketStatus)
    SX126X_GetRssiInst                       0x080015cd   Thumb Code    24  sx126x.o(.text.SX126X_GetRssiInst)
    SX126X_GetStatus                         0x080015e5   Thumb Code    24  sx126x.o(.text.SX126X_GetStatus)
    SX126X_LoRaConfig                        0x08001601   Thumb Code   136  sx126x_proc.o(.text.SX126X_LoRaConfig)
    SX126X_SetBufferBaseAddress              0x08001691   Thumb Code    28  sx126x.o(.text.SX126X_SetBufferBaseAddress)
    SX126X_SetCW                             0x080016ad   Thumb Code    20  sx126x.o(.text.SX126X_SetCW)
    SX126X_SetChannel                        0x080016c1   Thumb Code    64  sx126x_proc.o(.text.SX126X_SetChannel)
    SX126X_SetDIO2AsRfSwitchCtrl             0x08001709   Thumb Code    24  sx126x.o(.text.SX126X_SetDIO2AsRfSwitchCtrl)
    SX126X_SetDioIrqParams                   0x08001721   Thumb Code    60  sx126x.o(.text.SX126X_SetDioIrqParams)
    SX126X_SetFs                             0x0800175d   Thumb Code    10  sx126x.o(.text.SX126X_SetFs)
    SX126X_SetFskAddr                        0x08001769   Thumb Code    28  sx126x.o(.text.SX126X_SetFskAddr)
    SX126X_SetFskCrcWhitening                0x08001785   Thumb Code    88  sx126x.o(.text.SX126X_SetFskCrcWhitening)
    SX126X_SetFskModParams                   0x080017dd   Thumb Code   136  sx126x.o(.text.SX126X_SetFskModParams)
    SX126X_SetFskPacketParams                0x08001865   Thumb Code   100  sx126x.o(.text.SX126X_SetFskPacketParams)
    SX126X_SetFskSyncWord                    0x080018c9   Thumb Code    88  sx126x.o(.text.SX126X_SetFskSyncWord)
    SX126X_SetLoRaModParams                  0x08001921   Thumb Code    86  sx126x.o(.text.SX126X_SetLoRaModParams)
    SX126X_SetLoRaPacketParams               0x08001979   Thumb Code    80  sx126x.o(.text.SX126X_SetLoRaPacketParams)
    SX126X_SetPaConfig                       0x080019c9   Thumb Code    42  sx126x.o(.text.SX126X_SetPaConfig)
    SX126X_SetPacketType                     0x080019f5   Thumb Code    24  sx126x.o(.text.SX126X_SetPacketType)
    SX126X_SetRegulatorMode                  0x08001a0d   Thumb Code    30  sx126x.o(.text.SX126X_SetRegulatorMode)
    SX126X_SetRfFrequency                    0x08001a2d   Thumb Code    22  sx126x.o(.text.SX126X_SetRfFrequency)
    SX126X_SetRx                             0x08001a45   Thumb Code    52  sx126x.o(.text.SX126X_SetRx)
    SX126X_SetSleep                          0x08001a79   Thumb Code    28  sx126x.o(.text.SX126X_SetSleep)
    SX126X_SetStandby                        0x08001a95   Thumb Code    30  sx126x.o(.text.SX126X_SetStandby)
    SX126X_SetTx                             0x08001ab5   Thumb Code    52  sx126x.o(.text.SX126X_SetTx)
    SX126X_SetTxInfinitePreamble             0x08001ae9   Thumb Code    20  sx126x.o(.text.SX126X_SetTxInfinitePreamble)
    SX126X_SetTxParams                       0x08001afd   Thumb Code   100  sx126x.o(.text.SX126X_SetTxParams)
    SX126X_Wakeup                            0x08001b61   Thumb Code    44  sx126x_interface.o(.text.SX126X_Wakeup)
    SX126X_config                            0x08001b8d   Thumb Code   210  sx126x_proc.o(.text.SX126X_config)
    SX126X_initconfigstructure               0x08001c61   Thumb Code   312  sx126x_proc.o(.text.SX126X_initconfigstructure)
    SX126X_readBuffer                        0x08001dad   Thumb Code   144  sx126x_interface.o(.text.SX126X_readBuffer)
    SX126X_readCmd                           0x08001e3d   Thumb Code   150  sx126x_interface.o(.text.SX126X_readCmd)
    SX126X_readReg                           0x08001ed5   Thumb Code   128  sx126x_interface.o(.text.SX126X_readReg)
    SX126X_rfsw_rx                           0x08001f55   Thumb Code     4  sx126x_interface.o(.text.SX126X_rfsw_rx)
    SX126X_rfsw_tx                           0x08001f59   Thumb Code     4  sx126x_interface.o(.text.SX126X_rfsw_tx)
    SX126X_setopmode                         0x08001f5d   Thumb Code   178  sx126x_proc.o(.text.SX126X_setopmode)
    SX126X_writeBuffer                       0x08002011   Thumb Code   134  sx126x_interface.o(.text.SX126X_writeBuffer)
    SX126X_writeCmd                          0x08002099   Thumb Code   160  sx126x_interface.o(.text.SX126X_writeCmd)
    SX126X_writeReg                          0x08002139   Thumb Code   128  sx126x_interface.o(.text.SX126X_writeReg)
    SysTick_Handler                          0x080021b9   Thumb Code   200  tremo_it.o(.text.SysTick_Handler)
    SystemInit                               0x08002295   Thumb Code   176  system_tremo.o(.text.SystemInit)
    TIMER0_IRQHandler                        0x08002345   Thumb Code    56  ustimer.o(.text.TIMER0_IRQHandler)
    UART0_IRQHandler                         0x0800237d   Thumb Code     4  uart.o(.text.UART0_IRQHandler)
    UART1_IRQHandler                         0x08002381   Thumb Code     2  uart.o(.text.UART1_IRQHandler)
    UsageFault_Handler                       0x08002385   Thumb Code     2  tremo_it.o(.text.UsageFault_Handler)
    adc_clear_interrupt_status               0x080023e1   Thumb Code    26  tremo_adc.o(.text.adc_clear_interrupt_status)
    adc_config_clock_division                0x080023fd   Thumb Code    36  tremo_adc.o(.text.adc_config_clock_division)
    adc_config_conv_mode                     0x08002421   Thumb Code    24  tremo_adc.o(.text.adc_config_conv_mode)
    adc_config_interrupt                     0x08002439   Thumb Code    24  tremo_adc.o(.text.adc_config_interrupt)
    adc_config_ref_voltage                   0x08002451   Thumb Code    38  tremo_adc.o(.text.adc_config_ref_voltage)
    adc_config_sample_sequence               0x08002479   Thumb Code    60  tremo_adc.o(.text.adc_config_sample_sequence)
    adc_enable                               0x080024b5   Thumb Code    50  tremo_adc.o(.text.adc_enable)
    adc_enable_vbat31                        0x080024e9   Thumb Code    22  tremo_adc.o(.text.adc_enable_vbat31)
    adc_get_calibration_value                0x08002501   Thumb Code   152  tremo_adc.o(.text.adc_get_calibration_value)
    adc_get_data                             0x080025b9   Thumb Code    16  tremo_adc.o(.text.adc_get_data)
    adc_get_interrupt_status                 0x080025c9   Thumb Code    22  tremo_adc.o(.text.adc_get_interrupt_status)
    adc_init                                 0x080025e1   Thumb Code    22  tremo_adc.o(.text.adc_init)
    adc_start                                0x080025f9   Thumb Code    44  tremo_adc.o(.text.adc_start)
    aes_crypto                               0x08002625   Thumb Code   222  aes.o(.text.aes_crypto)
    aes_decrypt                              0x08002705   Thumb Code     8  aes_proc.o(.text.aes_decrypt)
    aes_encrypt                              0x0800270d   Thumb Code     8  aes_proc.o(.text.aes_encrypt)
    aes_init                                 0x08002715   Thumb Code   278  aes.o(.text.aes_init)
    aes_proc_init                            0x0800282d   Thumb Code    34  aes_proc.o(.text.aes_proc_init)
    cbRETARGET_Rx                            0x08002851   Thumb Code    94  retarget.o(.text.cbRETARGET_Rx)
    ciErrorCallback                          0x080028b1   Thumb Code    16  app_cli.o(.text.ciErrorCallback)
    ciGetSigned                              0x080028cd   Thumb Code     8  command_interpreter.o(.text.ciGetSigned)
    ciGetUnsigned                            0x080028d5   Thumb Code     8  command_interpreter.o(.text.ciGetUnsigned)
    ciInitState                              0x080028dd   Thumb Code    34  command_interpreter.o(.text.ciInitState)
    ciPrintHelp                              0x08002901   Thumb Code   256  command_interpreter.o(.text.ciPrintHelp)
    ciProcessInput                           0x08002a3d   Thumb Code  1856  command_interpreter.o(.text.ciProcessInput)
    cli_aesenable                            0x08003185   Thumb Code    48  app_cli.o(.text.cli_aesenable)
    cli_dumpregs                             0x080031d1   Thumb Code    68  app_cli.o(.text.cli_dumpregs)
    cli_fs_getaddr                           0x08003231   Thumb Code    24  app_cli.o(.text.cli_fs_getaddr)
    cli_fs_getcrcwhite                       0x08003269   Thumb Code    32  app_cli.o(.text.cli_fs_getcrcwhite)
    cli_fs_getmodparams                      0x08003289   Thumb Code    72  app_cli.o(.text.cli_fs_getmodparams)
    cli_fs_getpacketparams                   0x0800330d   Thumb Code   192  app_cli.o(.text.cli_fs_getpacketparams)
    cli_fs_getsync                           0x08003425   Thumb Code   116  app_cli.o(.text.cli_fs_getsync)
    cli_fs_setaddr                           0x080034a9   Thumb Code    72  app_cli.o(.text.cli_fs_setaddr)
    cli_fs_setcrcwhite                       0x08003525   Thumb Code    96  app_cli.o(.text.cli_fs_setcrcwhite)
    cli_fs_setmodparams                      0x080035a1   Thumb Code   496  app_cli.o(.text.cli_fs_setmodparams)
    cli_fs_setpacketparams                   0x080038a1   Thumb Code   332  app_cli.o(.text.cli_fs_setpacketparams)
    cli_fs_setsync                           0x08003a61   Thumb Code   252  app_cli.o(.text.cli_fs_setsync)
    cli_getRSSI                              0x08003b81   Thumb Code    44  app_cli.o(.text.cli_getRSSI)
    cli_getaeskey                            0x08003bc5   Thumb Code   544  app_cli.o(.text.cli_getaeskey)
    cli_getautosendparams                    0x08003e19   Thumb Code    24  app_cli.o(.text.cli_getautosendparams)
    cli_getchannel                           0x08003e4d   Thumb Code    20  app_cli.o(.text.cli_getchannel)
    cli_getctune                             0x08003e75   Thumb Code    32  app_cli.o(.text.cli_getctune)
    cli_getdevid                             0x08003ea5   Thumb Code    16  app_cli.o(.text.cli_getdevid)
    cli_getfreq                              0x08003ec9   Thumb Code    40  app_cli.o(.text.cli_getfreq)
    cli_getgpsdata                           0x08003f05   Thumb Code     8  app_cli.o(.text.cli_getgpsdata)
    cli_getmodem                             0x08003f1d   Thumb Code    24  app_cli.o(.text.cli_getmodem)
    cli_getopmode                            0x08003f59   Thumb Code    32  app_cli.o(.text.cli_getopmode)
    cli_getpower                             0x08003f99   Thumb Code    20  app_cli.o(.text.cli_getpower)
    cli_getramptime                          0x08003fc1   Thumb Code    16  app_cli.o(.text.cli_getramptime)
    cli_getrxcount                           0x08003fe9   Thumb Code     8  app_cli.o(.text.cli_getrxcount)
    cli_getsleepparams                       0x08004005   Thumb Code     8  app_cli.o(.text.cli_getsleepparams)
    cli_getstatus                            0x08004025   Thumb Code    20  app_cli.o(.text.cli_getstatus)
    cli_gettimeouts                          0x08004051   Thumb Code    44  app_cli.o(.text.cli_gettimeouts)
    cli_getver                               0x08004095   Thumb Code    12  app_cli.o(.text.cli_getver)
    cli_getvt                                0x080040c1   Thumb Code    60  app_cli.o(.text.cli_getvt)
    cli_getxoparams                          0x08004115   Thumb Code    24  app_cli.o(.text.cli_getxoparams)
    cli_info                                 0x08004145   Thumb Code    24  app_cli.o(.text.cli_info)
    cli_init                                 0x08004171   Thumb Code    32  app_cli.o(.text.cli_init)
    cli_initconfig                           0x08004191   Thumb Code    32  app_cli.o(.text.cli_initconfig)
    cli_lr_getmodparams                      0x080041e1   Thumb Code   152  app_cli.o(.text.cli_lr_getmodparams)
    cli_lr_getpacketparams                   0x080042a5   Thumb Code   128  app_cli.o(.text.cli_lr_getpacketparams)
    cli_lr_getsymboltimeout                  0x0800435d   Thumb Code     8  app_cli.o(.text.cli_lr_getsymboltimeout)
    cli_lr_getsync                           0x08004385   Thumb Code    16  app_cli.o(.text.cli_lr_getsync)
    cli_lr_setmodparams                      0x080043b1   Thumb Code   376  app_cli.o(.text.cli_lr_setmodparams)
    cli_lr_setpacketparams                   0x080045b9   Thumb Code   232  app_cli.o(.text.cli_lr_setpacketparams)
    cli_lr_setsymboltimeout                  0x080046f5   Thumb Code    24  app_cli.o(.text.cli_lr_setsymboltimeout)
    cli_lr_setsync                           0x08004745   Thumb Code    52  app_cli.o(.text.cli_lr_setsync)
    cli_proc                                 0x080047a5   Thumb Code    42  app_cli.o(.text.cli_proc)
    cli_readreg                              0x080047d1   Thumb Code    28  app_cli.o(.text.cli_readreg)
    cli_reset                                0x08004801   Thumb Code    16  app_cli.o(.text.cli_reset)
    cli_sendburst                            0x0800481d   Thumb Code    96  app_cli.o(.text.cli_sendburst)
    cli_setaesiv                             0x08004895   Thumb Code   148  app_cli.o(.text.cli_setaesiv)
    cli_setaeskey                            0x08004939   Thumb Code   308  app_cli.o(.text.cli_setaeskey)
    cli_setautosendparams                    0x08004a7d   Thumb Code    72  app_cli.o(.text.cli_setautosendparams)
    cli_setchannel                           0x08004ae1   Thumb Code    40  app_cli.o(.text.cli_setchannel)
    cli_setctune                             0x08004b1d   Thumb Code    36  app_cli.o(.text.cli_setctune)
    cli_setdevid                             0x08004b51   Thumb Code    36  app_cli.o(.text.cli_setdevid)
    cli_setem                                0x08004b89   Thumb Code     8  app_cli.o(.text.cli_setem)
    cli_setfreq                              0x08004ba1   Thumb Code    80  app_cli.o(.text.cli_setfreq)
    cli_setmodem                             0x08004c05   Thumb Code    60  app_cli.o(.text.cli_setmodem)
    cli_setopmode                            0x08004c79   Thumb Code    84  app_cli.o(.text.cli_setopmode)
    cli_setpaconfig                          0x08004ced   Thumb Code    56  app_cli.o(.text.cli_setpaconfig)
    cli_setpower                             0x08004d3d   Thumb Code    60  app_cli.o(.text.cli_setpower)
    cli_setramptime                          0x08004d8d   Thumb Code   108  app_cli.o(.text.cli_setramptime)
    cli_setsleepparams                       0x08004e11   Thumb Code     8  app_cli.o(.text.cli_setsleepparams)
    cli_settimeouts                          0x08004e31   Thumb Code    72  app_cli.o(.text.cli_settimeouts)
    cli_setxoparams                          0x08004e91   Thumb Code    52  app_cli.o(.text.cli_setxoparams)
    cli_startrxcount                         0x08004edd   Thumb Code     8  app_cli.o(.text.cli_startrxcount)
    cli_stopburst                            0x08004efd   Thumb Code    60  app_cli.o(.text.cli_stopburst)
    cli_stoprxcount                          0x08004f59   Thumb Code     8  app_cli.o(.text.cli_stoprxcount)
    cli_storechannel                         0x08004f75   Thumb Code    40  app_cli.o(.text.cli_storechannel)
    cli_storeconfig                          0x08004fb1   Thumb Code    16  app_cli.o(.text.cli_storeconfig)
    cli_sweeprx                              0x08004fd5   Thumb Code   232  app_cli.o(.text.cli_sweeprx)
    cli_sweeptx                              0x080050e1   Thumb Code   340  app_cli.o(.text.cli_sweeptx)
    cli_txstream                             0x08005259   Thumb Code   152  app_cli.o(.text.cli_txstream)
    cli_writereg                             0x080052f1   Thumb Code    48  app_cli.o(.text.cli_writereg)
    delay_init                               0x0800533d   Thumb Code    98  tremo_delay.o(.text.delay_init)
    delay_ms                                 0x080053a1   Thumb Code    94  tremo_delay.o(.text.delay_ms)
    delay_us                                 0x08005401   Thumb Code    86  tremo_delay.o(.text.delay_us)
    flash_erase_page                         0x08005459   Thumb Code   134  tremo_flash.o(.text.flash_erase_page)
    flash_program_bytes                      0x080054e1   Thumb Code   234  tremo_flash.o(.text.flash_program_bytes)
    fputc                                    0x080055cd   Thumb Code    36  retarget.o(.text.fputc)
    gpio_config_drive_capability             0x080055f1   Thumb Code    22  tremo_gpio.o(.text.gpio_config_drive_capability)
    gpio_init                                0x08005609   Thumb Code   392  tremo_gpio.o(.text.gpio_init)
    gpio_set_iomux                           0x08005791   Thumb Code    70  tremo_gpio.o(.text.gpio_set_iomux)
    gpio_write                               0x080057d9   Thumb Code   190  tremo_gpio.o(.text.gpio_write)
    init_peripherals                         0x08005899   Thumb Code    22  bsp.o(.text.init_peripherals)
    init_power_clk                           0x080058b1   Thumb Code    58  bsp.o(.text.init_power_clk)
    led_off                                  0x080058ed   Thumb Code    16  bsp.o(.text.led_off)
    led_on                                   0x080058fd   Thumb Code    16  bsp.o(.text.led_on)
    lorac_init                               0x0800590d   Thumb Code   124  lorac.o(.text.lorac_init)
    lorac_reset                              0x08005989   Thumb Code    94  lorac.o(.text.lorac_reset)
    lorac_rfsw_rx                            0x080059e9   Thumb Code    16  lorac.o(.text.lorac_rfsw_rx)
    lorac_rfsw_tx                            0x080059f9   Thumb Code    16  lorac.o(.text.lorac_rfsw_tx)
    lorac_transfer                           0x08005a09   Thumb Code    60  lorac.o(.text.lorac_transfer)
    lorac_wait_on_busy                       0x08005a45   Thumb Code    50  lorac.o(.text.lorac_wait_on_busy)
    main                                     0x08005a79   Thumb Code    68  main.o(.text.main)
    myadc_init                               0x08005acd   Thumb Code   152  adc.o(.text.myadc_init)
    mygpio_init                              0x08005b69   Thumb Code    86  gpio.o(.text.mygpio_init)
    myuart_init                              0x08005bc1   Thumb Code   108  uart.o(.text.myuart_init)
    radio_init                               0x08005c2d   Thumb Code    92  radio_proc.o(.text.radio_init)
    radio_proc                               0x08005cd1   Thumb Code  1036  radio_proc.o(.text.radio_proc)
    radio_startburst                         0x080060f1   Thumb Code    24  radio_proc.o(.text.radio_startburst)
    rcc_enable_oscillator                    0x08006109   Thumb Code   438  tremo_rcc.o(.text.rcc_enable_oscillator)
    rcc_enable_peripheral_clk                0x080062c1   Thumb Code  1796  tremo_rcc.o(.text.rcc_enable_peripheral_clk)
    rcc_get_clk_freq                         0x080069c5   Thumb Code    96  tremo_rcc.o(.text.rcc_get_clk_freq)
    rcc_get_uart0_clk_source                 0x08006a41   Thumb Code    14  tremo_rcc.o(.text.rcc_get_uart0_clk_source)
    rcc_get_uart1_clk_source                 0x08006a51   Thumb Code    14  tremo_rcc.o(.text.rcc_get_uart1_clk_source)
    rcc_get_uart2_clk_source                 0x08006a61   Thumb Code    14  tremo_rcc.o(.text.rcc_get_uart2_clk_source)
    rcc_get_uart3_clk_source                 0x08006a71   Thumb Code    14  tremo_rcc.o(.text.rcc_get_uart3_clk_source)
    rcc_set_adc_clk_source                   0x08006a81   Thumb Code    68  tremo_rcc.o(.text.rcc_set_adc_clk_source)
    rcc_set_hclk_div                         0x08006ac5   Thumb Code    16  tremo_rcc.o(.text.rcc_set_hclk_div)
    rcc_set_pclk_div                         0x08006ad5   Thumb Code    28  tremo_rcc.o(.text.rcc_set_pclk_div)
    rcc_set_sys_clk_source                   0x08006af1   Thumb Code    16  tremo_rcc.o(.text.rcc_set_sys_clk_source)
    rcc_set_systick_source                   0x08006b01   Thumb Code    44  tremo_rcc.o(.text.rcc_set_systick_source)
    rcc_set_uart0_clk_source                 0x08006b2d   Thumb Code    68  tremo_rcc.o(.text.rcc_set_uart0_clk_source)
    readconfig                               0x08006b71   Thumb Code    26  flash.o(.text.readconfig)
    timer_clear_status                       0x08006b8d   Thumb Code    10  tremo_timer.o(.text.timer_clear_status)
    timer_cmd                                0x08006b99   Thumb Code    12  tremo_timer.o(.text.timer_cmd)
    timer_config_interrupt                   0x08006ba5   Thumb Code    16  tremo_timer.o(.text.timer_config_interrupt)
    timer_generate_event                     0x08006bb5   Thumb Code    16  tremo_timer.o(.text.timer_generate_event)
    timer_get_status                         0x08006bc5   Thumb Code    16  tremo_timer.o(.text.timer_get_status)
    timer_init                               0x08006bd5   Thumb Code    66  tremo_timer.o(.text.timer_init)
    uart_cmd                                 0x08006c19   Thumb Code    12  tremo_uart.o(.text.uart_cmd)
    uart_config_init                         0x08006c25   Thumb Code    24  tremo_uart.o(.text.uart_config_init)
    uart_config_interrupt                    0x08006c3d   Thumb Code    16  tremo_uart.o(.text.uart_config_interrupt)
    uart_get_flag_status                     0x08006c4d   Thumb Code    10  tremo_uart.o(.text.uart_get_flag_status)
    uart_init                                0x08006c59   Thumb Code   332  tremo_uart.o(.text.uart_init)
    uart_receive_data                        0x08006db1   Thumb Code    32  tremo_uart.o(.text.uart_receive_data)
    uart_send_data                           0x08006dd1   Thumb Code    30  tremo_uart.o(.text.uart_send_data)
    updatescreen                             0x08006df1   Thumb Code   328  app_cli.o(.text.updatescreen)
    ustimer_init                             0x08006f5d   Thumb Code   126  ustimer.o(.text.ustimer_init)
    ustimer_setinterval                      0x08006fdd   Thumb Code    12  ustimer.o(.text.ustimer_setinterval)
    ustimer_start                            0x08006fe9   Thumb Code    14  ustimer.o(.text.ustimer_start)
    ustimer_stop                             0x08006ff9   Thumb Code    14  ustimer.o(.text.ustimer_stop)
    writeconfig                              0x08007009   Thumb Code    56  flash.o(.text.writeconfig)
    __0printf                                0x08007041   Thumb Code    22  printfa.o(i.__0printf)
    __1printf                                0x08007041   Thumb Code     0  printfa.o(i.__0printf)
    __2printf                                0x08007041   Thumb Code     0  printfa.o(i.__0printf)
    __c89printf                              0x08007041   Thumb Code     0  printfa.o(i.__0printf)
    printf                                   0x08007041   Thumb Code     0  printfa.o(i.__0printf)
    __0sprintf                               0x08007061   Thumb Code    34  printfa.o(i.__0sprintf)
    __1sprintf                               0x08007061   Thumb Code     0  printfa.o(i.__0sprintf)
    __2sprintf                               0x08007061   Thumb Code     0  printfa.o(i.__0sprintf)
    __c89sprintf                             0x08007061   Thumb Code     0  printfa.o(i.__0sprintf)
    sprintf                                  0x08007061   Thumb Code     0  printfa.o(i.__0sprintf)
    __aeabi_errno_addr                       0x08007089   Thumb Code     4  errno.o(i.__aeabi_errno_addr)
    __rt_errno_addr                          0x08007089   Thumb Code     0  errno.o(i.__aeabi_errno_addr)
    __scatterload_copy                       0x08007091   Thumb Code    14  handlers.o(i.__scatterload_copy)
    __scatterload_null                       0x0800709f   Thumb Code     2  handlers.o(i.__scatterload_null)
    __scatterload_zeroinit                   0x080070a1   Thumb Code    14  handlers.o(i.__scatterload_zeroinit)
    puts                                     0x0800796d   Thumb Code    30  puts.o(i.puts)
    __ctype_table                            0x08007990   Data         129  ctype_o.o(.constdata)
    F6x8                                     0x08007b5c   Data         760  gui.o(.rodata.F6x8)
    F8X16                                    0x08007e54   Data        1520  gui.o(.rodata.F8X16)
    Region$$Table$$Base                      0x08008f0c   Number         0  anon$$obj.o(Region$$Table)
    Region$$Table$$Limit                     0x08008f2c   Number         0  anon$$obj.o(Region$$Table)
    __stdout                                 0x20000000   Data           4  stdout.o(.data)
    commands                                 0x20000008   Data        1120  app_cli.o(.data.commands)
    inter_packet_delay                       0x20000468   Data           2  radio_proc.o(.data.inter_packet_delay)
    gain_value                               0x20000480   Data           4  adc.o(.bss..L_MergedGlobals)
    dco_value                                0x20000484   Data           4  adc.o(.bss..L_MergedGlobals)
    Vcc                                      0x20000488   Data           4  adc.o(.bss..L_MergedGlobals)
    master                                   0x2000048c   Data           1  radio_proc.o(.bss..L_MergedGlobals)
    tx_needed                                0x2000048d   Data           1  radio_proc.o(.bss..L_MergedGlobals)
    answer_needed                            0x2000048e   Data           1  radio_proc.o(.bss..L_MergedGlobals)
    packet_received                          0x2000048f   Data           1  radio_proc.o(.bss..L_MergedGlobals)
    crc_error                                0x20000490   Data           1  radio_proc.o(.bss..L_MergedGlobals)
    packet_sent                              0x20000491   Data           1  radio_proc.o(.bss..L_MergedGlobals)
    sweeptx                                  0x20000492   Data           1  radio_proc.o(.bss..L_MergedGlobals)
    sweeprx                                  0x20000493   Data           1  radio_proc.o(.bss..L_MergedGlobals)
    sweepflag                                0x20000494   Data           1  radio_proc.o(.bss..L_MergedGlobals)
    txpacketnumber                           0x20000496   Data           2  radio_proc.o(.bss..L_MergedGlobals)
    rxpacketnumber                           0x20000498   Data           2  radio_proc.o(.bss..L_MergedGlobals)
    Channel                                  0x2000049a   Data           2  radio_proc.o(.bss..L_MergedGlobals)
    maxchan                                  0x2000049c   Data           2  radio_proc.o(.bss..L_MergedGlobals)
    minchan                                  0x2000049e   Data           2  radio_proc.o(.bss..L_MergedGlobals)
    slaveID                                  0x200004a0   Data           2  radio_proc.o(.bss..L_MergedGlobals)
    tx_ticks                                 0x200004a4   Data           4  radio_proc.o(.bss..L_MergedGlobals)
    RssiPkt                                  0x200004a8   Data           4  radio_proc.o(.bss..L_MergedGlobals)
    SnrPkt                                   0x200004ac   Data           4  radio_proc.o(.bss..L_MergedGlobals)
    SignalRssiPkt                            0x200004b0   Data           4  radio_proc.o(.bss..L_MergedGlobals)
    rssitr                                   0x200004b4   Data           4  radio_proc.o(.bss..L_MergedGlobals)
    rxpacket                                 0x200004b8   Data          36  radio_proc.o(.bss..L_MergedGlobals)
    txpacket                                 0x200004dc   Data          36  radio_proc.o(.bss..L_MergedGlobals)
    RADIO_rxBuffer                           0x20000500   Data          64  radio_proc.o(.bss.RADIO_rxBuffer)
    RADIO_txBuffer                           0x20000540   Data          64  radio_proc.o(.bss.RADIO_txBuffer)
    T                                        0x20000980   Data           4  adc.o(.bss.T)
    adc_ticks                                0x20000984   Data           4  tremo_it.o(.bss.adc_ticks)
    ciBuffer                                 0x20000988   Data         256  app_cli.o(.bss.ciBuffer)
    flashbuffer                              0x20000a8c   Data        4096  flash.o(.bss.flashbuffer)
    opmode                                   0x20001a8c   Data           1  sx126x_proc.o(.bss.opmode)
    prevopmode                               0x20001a8d   Data           1  sx126x_proc.o(.bss.prevopmode)
    radioConfig                              0x20001a90   Data         152  radio_proc.o(.bss.radioConfig)
    rxBuffer                                 0x20001b28   Data         512  retarget.o(.bss.rxBuffer)
    state                                    0x20001d28   Data          20  app_cli.o(.bss.state)
    strbuffer                                0x20001d3c   Data          64  ssd1306_interface.o(.bss.strbuffer)
    sweepcnt                                 0x20001d7c   Data           4  radio_proc.o(.bss.sweepcnt)
    sweepdelay                               0x20001d80   Data           4  radio_proc.o(.bss.sweepdelay)
    txmode                                   0x20001d84   Data           1  app_cli.o(.bss.txmode)
    txpacketcount                            0x20001d86   Data           2  radio_proc.o(.bss.txpacketcount)
    __initial_sp                             0x20002588   Data           0  startup_tremo.o(STACK)



==============================================================================

Memory Map of the image

  Image Entry point : 0x080000d5

  Load Region LR_IROM1 (Base: 0x08000000, Size: 0x000093a0, Max: 0x00020000, ABSOLUTE, COMPRESSED[0x000091c0])

    Execution Region ER_IROM1 (Exec base: 0x08000000, Load base: 0x08000000, Size: 0x00008f2c, Max: 0x00020000, ABSOLUTE)

    Exec Addr    Load Addr    Size         Type   Attr      Idx    E Section Name        Object

    0x08000000   0x08000000   0x000000d4   Data   RO          251    RESET               startup_tremo.o
    0x080000d4   0x080000d4   0x00000000   Code   RO         1588  * .ARM.Collect$$$$00000000  mc_w.l(entry.o)
    0x080000d4   0x080000d4   0x00000004   Code   RO         1907    .ARM.Collect$$$$00000001  mc_w.l(entry2.o)
    0x080000d8   0x080000d8   0x00000004   Code   RO         1910    .ARM.Collect$$$$00000004  mc_w.l(entry5.o)
    0x080000dc   0x080000dc   0x00000000   Code   RO         1912    .ARM.Collect$$$$00000008  mc_w.l(entry7b.o)
    0x080000dc   0x080000dc   0x00000000   Code   RO         1914    .ARM.Collect$$$$0000000A  mc_w.l(entry8b.o)
    0x080000dc   0x080000dc   0x00000008   Code   RO         1915    .ARM.Collect$$$$0000000B  mc_w.l(entry9a.o)
    0x080000e4   0x080000e4   0x00000000   Code   RO         1917    .ARM.Collect$$$$0000000D  mc_w.l(entry10a.o)
    0x080000e4   0x080000e4   0x00000000   Code   RO         1919    .ARM.Collect$$$$0000000F  mc_w.l(entry11a.o)
    0x080000e4   0x080000e4   0x00000004   Code   RO         1908    .ARM.Collect$$$$00002712  mc_w.l(entry2.o)
    0x080000e8   0x080000e8   0x00000024   Code   RO          252    .text               startup_tremo.o
    0x0800010c   0x0800010c   0x00000040   Code   RO         1603    .text               mc_w.l(memmovea.o)
    0x0800014c   0x0800014c   0x00000024   Code   RO         1605    .text               mc_w.l(memseta.o)
    0x08000170   0x08000170   0x00000014   Code   RO         1607    .text               mc_w.l(strchr.o)
    0x08000184   0x08000184   0x0000000e   Code   RO         1609    .text               mc_w.l(strlen.o)
    0x08000192   0x08000192   0x0000001c   Code   RO         1611    .text               mc_w.l(strspn.o)
    0x080001ae   0x080001ae   0x00000022   Code   RO         1613    .text               mc_w.l(strcspn.o)
    0x080001d0   0x080001d0   0x0000002a   Code   RO         1619    .text               mc_w.l(strcasecmp.o)
    0x080001fa   0x080001fa   0x00000070   Code   RO         1889    .text               mc_w.l(strtol.o)
    0x0800026a   0x0800026a   0x00000072   Code   RO         1891    .text               mc_w.l(strtoul.o)
    0x080002dc   0x080002dc   0x0000014e   Code   RO         1893    .text               mf_w.l(dadd.o)
    0x0800042a   0x0800042a   0x000000e4   Code   RO         1895    .text               mf_w.l(dmul.o)
    0x0800050e   0x0800050e   0x000000de   Code   RO         1897    .text               mf_w.l(ddiv.o)
    0x080005ec   0x080005ec   0x0000001a   Code   RO         1899    .text               mf_w.l(dfltui.o)
    0x08000606   0x08000606   0x00000032   Code   RO         1901    .text               mf_w.l(dfixui.o)
    0x08000638   0x08000638   0x00000026   Code   RO         1903    .text               mf_w.l(f2d.o)
    0x0800065e   0x0800065e   0x00000038   Code   RO         1905    .text               mf_w.l(d2f.o)
    0x08000696   0x08000696   0x0000002c   Code   RO         1930    .text               mc_w.l(uidiv.o)
    0x080006c2   0x080006c2   0x00000062   Code   RO         1932    .text               mc_w.l(uldiv.o)
    0x08000724   0x08000724   0x0000001e   Code   RO         1934    .text               mc_w.l(llshl.o)
    0x08000742   0x08000742   0x00000020   Code   RO         1936    .text               mc_w.l(llushr.o)
    0x08000762   0x08000762   0x00000024   Code   RO         1938    .text               mc_w.l(llsshr.o)
    0x08000786   0x08000786   0x00000002   PAD
    0x08000788   0x08000788   0x00000008   Code   RO         1940    .text               mc_w.l(ctype_o.o)
    0x08000790   0x08000790   0x0000000c   Code   RO         1968    .text               mc_w.l(tolower.o)
    0x0800079c   0x0800079c   0x0000009e   Code   RO         1970    .text               mc_w.l(_strtoul.o)
    0x0800083a   0x0800083a   0x00000000   Code   RO         1972    .text               mc_w.l(iusefp.o)
    0x0800083a   0x0800083a   0x0000006e   Code   RO         1973    .text               mf_w.l(fepilogue.o)
    0x080008a8   0x080008a8   0x000000ba   Code   RO         1975    .text               mf_w.l(depilogue.o)
    0x08000962   0x08000962   0x00000030   Code   RO         1977    .text               mf_w.l(dfixul.o)
    0x08000992   0x08000992   0x00000002   PAD
    0x08000994   0x08000994   0x00000030   Code   RO         1979    .text               mf_w.l(cdrcmple.o)
    0x080009c4   0x080009c4   0x00000030   Code   RO         1981    .text               mc_w.l(init.o)
    0x080009f4   0x080009f4   0x0000001c   Code   RO         1983    .text               mc_w.l(_chval.o)
    0x08000a10   0x08000a10   0x0000005e   Code   RO         1993    .text               mc_w.l(__dclz77c.o)
    0x08000a6e   0x08000a6e   0x00000002   PAD
    0x08000a70   0x08000a70   0x00000078   Code   RO         1184    .text.ADC_IRQHandler  adc.o
    0x08000ae8   0x08000ae8   0x00000002   Code   RO           36    .text.BusFault_Handler  tremo_it.o
    0x08000aea   0x08000aea   0x00000002   PAD
    0x08000aec   0x08000aec   0x0000032c   Code   RO         1488    .text.GUI_ShowChar  gui.o
    0x08000e18   0x08000e18   0x0000006e   Code   RO         1490    .text.GUI_ShowString  gui.o
    0x08000e86   0x08000e86   0x00000002   PAD
    0x08000e88   0x08000e88   0x00000024   Code   RO           30    .text.HardFault_Handler  tremo_it.o
    0x08000eac   0x08000eac   0x00000032   Code   RO         1234    .text.LORA_IRQHandler  radio_proc.o
    0x08000ede   0x08000ede   0x00000002   PAD
    0x08000ee0   0x08000ee0   0x00000002   Code   RO           34    .text.MemManage_Handler  tremo_it.o
    0x08000ee2   0x08000ee2   0x00000002   PAD
    0x08000ee4   0x08000ee4   0x00000002   Code   RO           28    .text.NMI_Handler   tremo_it.o
    0x08000ee6   0x08000ee6   0x00000002   PAD
    0x08000ee8   0x08000ee8   0x00000002   Code   RO           46    .text.PWR_IRQHandler  tremo_it.o
    0x08000eea   0x08000eea   0x00000002   PAD
    0x08000eec   0x08000eec   0x00000002   Code   RO           42    .text.PendSV_Handler  tremo_it.o
    0x08000eee   0x08000eee   0x00000002   PAD
    0x08000ef0   0x08000ef0   0x00000052   Code   RO         1230    .text.RADIO_setctune  radio_proc.o
    0x08000f42   0x08000f42   0x00000002   PAD
    0x08000f44   0x08000f44   0x00000062   Code   RO           60    .text.RETARGET_ReadChar  retarget.o
    0x08000fa6   0x08000fa6   0x00000002   PAD
    0x08000fa8   0x08000fa8   0x0000002c   Code   RO           56    .text.RETARGET_SerialInit  retarget.o
    0x08000fd4   0x08000fd4   0x00000038   Code   RO         1459    .text.SSD1306_Clear  ssd1306.o
    0x0800100c   0x0800100c   0x00000170   Code   RO         1457    .text.SSD1306_Display  ssd1306.o
    0x0800117c   0x0800117c   0x000000dc   Code   RO         1453    .text.SSD1306_Init  ssd1306.o
    0x08001258   0x08001258   0x00000038   Code   RO         1549    .text.SSD1306_Reset  ssd1306_interface.o
    0x08001290   0x08001290   0x0000002c   Code   RO         1455    .text.SSD1306_Set_Pixel  ssd1306.o
    0x080012bc   0x080012bc   0x0000003e   Code   RO         1551    .text.SSD1306_WR_Byte  ssd1306_interface.o
    0x080012fa   0x080012fa   0x00000002   PAD
    0x080012fc   0x080012fc   0x0000010e   Code   RO         1545    .text.SSD1306_WriteByte  ssd1306_interface.o
    0x0800140a   0x0800140a   0x00000002   PAD
    0x0800140c   0x0800140c   0x00000042   Code   RO         1539    .text.SSD1306_interface_init  ssd1306_interface.o
    0x0800144e   0x0800144e   0x00000002   PAD
    0x08001450   0x08001450   0x00000002   Code   RO           40    .text.SVC_Handler   tremo_it.o
    0x08001452   0x08001452   0x00000002   PAD
    0x08001454   0x08001454   0x0000001c   Code   RO         1282    .text.SX126X_CalibrateImage  sx126x.o
    0x08001470   0x08001470   0x0000001a   Code   RO         1290    .text.SX126X_ClearIrqStatus  sx126x.o
    0x0800148a   0x0800148a   0x00000006   PAD
    0x08001490   0x08001490   0x000000b8   Code   RO         1398    .text.SX126X_FskConfig  sx126x_proc.o
    0x08001548   0x08001548   0x00000032   Code   RO         1330    .text.SX126X_GetFskPacketStatus  sx126x.o
    0x0800157a   0x0800157a   0x00000002   PAD
    0x0800157c   0x0800157c   0x0000001c   Code   RO         1288    .text.SX126X_GetIrqStatus  sx126x.o
    0x08001598   0x08001598   0x00000032   Code   RO         1332    .text.SX126X_GetLoRaPacketStatus  sx126x.o
    0x080015ca   0x080015ca   0x00000002   PAD
    0x080015cc   0x080015cc   0x00000018   Code   RO         1334    .text.SX126X_GetRssiInst  sx126x.o
    0x080015e4   0x080015e4   0x00000018   Code   RO         1326    .text.SX126X_GetStatus  sx126x.o
    0x080015fc   0x080015fc   0x00000004   PAD
    0x08001600   0x08001600   0x00000090   Code   RO         1396    .text.SX126X_LoRaConfig  sx126x_proc.o
    0x08001690   0x08001690   0x0000001c   Code   RO         1322    .text.SX126X_SetBufferBaseAddress  sx126x.o
    0x080016ac   0x080016ac   0x00000014   Code   RO         1274    .text.SX126X_SetCW  sx126x.o
    0x080016c0   0x080016c0   0x00000048   Code   RO         1404    .text.SX126X_SetChannel  sx126x_proc.o
    0x08001708   0x08001708   0x00000018   Code   RO         1292    .text.SX126X_SetDIO2AsRfSwitchCtrl  sx126x.o
    0x08001720   0x08001720   0x0000003c   Code   RO         1286    .text.SX126X_SetDioIrqParams  sx126x.o
    0x0800175c   0x0800175c   0x0000000a   Code   RO         1262    .text.SX126X_SetFs  sx126x.o
    0x08001766   0x08001766   0x00000002   PAD
    0x08001768   0x08001768   0x0000001c   Code   RO         1312    .text.SX126X_SetFskAddr  sx126x.o
    0x08001784   0x08001784   0x00000058   Code   RO         1316    .text.SX126X_SetFskCrcWhitening  sx126x.o
    0x080017dc   0x080017dc   0x00000088   Code   RO         1306    .text.SX126X_SetFskModParams  sx126x.o
    0x08001864   0x08001864   0x00000064   Code   RO         1310    .text.SX126X_SetFskPacketParams  sx126x.o
    0x080018c8   0x080018c8   0x00000058   Code   RO         1314    .text.SX126X_SetFskSyncWord  sx126x.o
    0x08001920   0x08001920   0x00000056   Code   RO         1308    .text.SX126X_SetLoRaModParams  sx126x.o
    0x08001976   0x08001976   0x00000002   PAD
    0x08001978   0x08001978   0x00000050   Code   RO         1318    .text.SX126X_SetLoRaPacketParams  sx126x.o
    0x080019c8   0x080019c8   0x0000002a   Code   RO         1304    .text.SX126X_SetPaConfig  sx126x.o
    0x080019f2   0x080019f2   0x00000002   PAD
    0x080019f4   0x080019f4   0x00000018   Code   RO         1298    .text.SX126X_SetPacketType  sx126x.o
    0x08001a0c   0x08001a0c   0x0000001e   Code   RO         1278    .text.SX126X_SetRegulatorMode  sx126x.o
    0x08001a2a   0x08001a2a   0x00000002   PAD
    0x08001a2c   0x08001a2c   0x00000016   Code   RO         1296    .text.SX126X_SetRfFrequency  sx126x.o
    0x08001a42   0x08001a42   0x00000002   PAD
    0x08001a44   0x08001a44   0x00000034   Code   RO         1266    .text.SX126X_SetRx  sx126x.o
    0x08001a78   0x08001a78   0x0000001c   Code   RO         1258    .text.SX126X_SetSleep  sx126x.o
    0x08001a94   0x08001a94   0x0000001e   Code   RO         1260    .text.SX126X_SetStandby  sx126x.o
    0x08001ab2   0x08001ab2   0x00000002   PAD
    0x08001ab4   0x08001ab4   0x00000034   Code   RO         1264    .text.SX126X_SetTx  sx126x.o
    0x08001ae8   0x08001ae8   0x00000014   Code   RO         1276    .text.SX126X_SetTxInfinitePreamble  sx126x.o
    0x08001afc   0x08001afc   0x00000064   Code   RO         1302    .text.SX126X_SetTxParams  sx126x.o
    0x08001b60   0x08001b60   0x0000002c   Code   RO         1356    .text.SX126X_Wakeup  sx126x_interface.o
    0x08001b8c   0x08001b8c   0x000000d2   Code   RO         1392    .text.SX126X_config  sx126x_proc.o
    0x08001c5e   0x08001c5e   0x00000002   PAD
    0x08001c60   0x08001c60   0x0000014c   Code   RO         1406    .text.SX126X_initconfigstructure  sx126x_proc.o
    0x08001dac   0x08001dac   0x00000090   Code   RO         1378    .text.SX126X_readBuffer  sx126x_interface.o
    0x08001e3c   0x08001e3c   0x00000096   Code   RO         1366    .text.SX126X_readCmd  sx126x_interface.o
    0x08001ed2   0x08001ed2   0x00000002   PAD
    0x08001ed4   0x08001ed4   0x00000080   Code   RO         1374    .text.SX126X_readReg  sx126x_interface.o
    0x08001f54   0x08001f54   0x00000004   Code   RO         1382    .text.SX126X_rfsw_rx  sx126x_interface.o
    0x08001f58   0x08001f58   0x00000004   Code   RO         1380    .text.SX126X_rfsw_tx  sx126x_interface.o
    0x08001f5c   0x08001f5c   0x000000b2   Code   RO         1394    .text.SX126X_setopmode  sx126x_proc.o
    0x0800200e   0x0800200e   0x00000002   PAD
    0x08002010   0x08002010   0x00000086   Code   RO         1376    .text.SX126X_writeBuffer  sx126x_interface.o
    0x08002096   0x08002096   0x00000002   PAD
    0x08002098   0x08002098   0x000000a0   Code   RO         1364    .text.SX126X_writeCmd  sx126x_interface.o
    0x08002138   0x08002138   0x00000080   Code   RO         1372    .text.SX126X_writeReg  sx126x_interface.o
    0x080021b8   0x080021b8   0x000000dc   Code   RO           44    .text.SysTick_Handler  tremo_it.o
    0x08002294   0x08002294   0x000000b0   Code   RO          261    .text.SystemInit    system_tremo.o
    0x08002344   0x08002344   0x00000038   Code   RO         1173    .text.TIMER0_IRQHandler  ustimer.o
    0x0800237c   0x0800237c   0x00000004   Code   RO         1121    .text.UART0_IRQHandler  uart.o
    0x08002380   0x08002380   0x00000002   Code   RO         1123    .text.UART1_IRQHandler  uart.o
    0x08002382   0x08002382   0x00000002   PAD
    0x08002384   0x08002384   0x00000002   Code   RO           38    .text.UsageFault_Handler  tremo_it.o
    0x08002386   0x08002386   0x00000002   PAD
    0x08002388   0x08002388   0x0000002a   Code   RO           32    .text.__NVIC_SystemReset  tremo_it.o
    0x080023b2   0x080023b2   0x00000002   PAD
    0x080023b4   0x080023b4   0x0000002a   Code   RO          224    .text.__NVIC_SystemReset  app_cli.o
    0x080023de   0x080023de   0x00000002   PAD
    0x080023e0   0x080023e0   0x0000001a   Code   RO          299    .text.adc_clear_interrupt_status  tremo_adc.o
    0x080023fa   0x080023fa   0x00000002   PAD
    0x080023fc   0x080023fc   0x00000024   Code   RO          285    .text.adc_config_clock_division  tremo_adc.o
    0x08002420   0x08002420   0x00000018   Code   RO          291    .text.adc_config_conv_mode  tremo_adc.o
    0x08002438   0x08002438   0x00000018   Code   RO          301    .text.adc_config_interrupt  tremo_adc.o
    0x08002450   0x08002450   0x00000026   Code   RO          309    .text.adc_config_ref_voltage  tremo_adc.o
    0x08002476   0x08002476   0x00000002   PAD
    0x08002478   0x08002478   0x0000003c   Code   RO          293    .text.adc_config_sample_sequence  tremo_adc.o
    0x080024b4   0x080024b4   0x00000032   Code   RO          277    .text.adc_enable    tremo_adc.o
    0x080024e6   0x080024e6   0x00000002   PAD
    0x080024e8   0x080024e8   0x00000016   Code   RO          307    .text.adc_enable_vbat31  tremo_adc.o
    0x080024fe   0x080024fe   0x00000002   PAD
    0x08002500   0x08002500   0x000000b8   Code   RO          305    .text.adc_get_calibration_value  tremo_adc.o
    0x080025b8   0x080025b8   0x00000010   Code   RO          303    .text.adc_get_data  tremo_adc.o
    0x080025c8   0x080025c8   0x00000016   Code   RO          297    .text.adc_get_interrupt_status  tremo_adc.o
    0x080025de   0x080025de   0x00000002   PAD
    0x080025e0   0x080025e0   0x00000016   Code   RO          273    .text.adc_init      tremo_adc.o
    0x080025f6   0x080025f6   0x00000002   PAD
    0x080025f8   0x080025f8   0x0000002c   Code   RO          275    .text.adc_start     tremo_adc.o
    0x08002624   0x08002624   0x000000de   Code   RO         1577    .text.aes_crypto    aes.o
    0x08002702   0x08002702   0x00000002   PAD
    0x08002704   0x08002704   0x00000008   Code   RO         1566    .text.aes_decrypt   aes_proc.o
    0x0800270c   0x0800270c   0x00000008   Code   RO         1564    .text.aes_encrypt   aes_proc.o
    0x08002714   0x08002714   0x00000116   Code   RO         1575    .text.aes_init      aes.o
    0x0800282a   0x0800282a   0x00000002   PAD
    0x0800282c   0x0800282c   0x00000022   Code   RO         1562    .text.aes_proc_init  aes_proc.o
    0x0800284e   0x0800284e   0x00000002   PAD
    0x08002850   0x08002850   0x0000005e   Code   RO           68    .text.cbRETARGET_Rx  retarget.o
    0x080028ae   0x080028ae   0x00000002   PAD
    0x080028b0   0x080028b0   0x0000001c   Code   RO          222    .text.ciErrorCallback  app_cli.o
    0x080028cc   0x080028cc   0x00000008   Code   RO         1432    .text.ciGetSigned   command_interpreter.o
    0x080028d4   0x080028d4   0x00000008   Code   RO         1430    .text.ciGetUnsigned  command_interpreter.o
    0x080028dc   0x080028dc   0x00000022   Code   RO         1424    .text.ciInitState   command_interpreter.o
    0x080028fe   0x080028fe   0x00000002   PAD
    0x08002900   0x08002900   0x0000013c   Code   RO         1422    .text.ciPrintHelp   command_interpreter.o
    0x08002a3c   0x08002a3c   0x00000748   Code   RO         1428    .text.ciProcessInput  command_interpreter.o
    0x08003184   0x08003184   0x0000004c   Code   RO           90    .text.cli_aesenable  app_cli.o
    0x080031d0   0x080031d0   0x00000060   Code   RO          206    .text.cli_dumpregs  app_cli.o
    0x08003230   0x08003230   0x00000038   Code   RO          168    .text.cli_fs_getaddr  app_cli.o
    0x08003268   0x08003268   0x00000020   Code   RO          176    .text.cli_fs_getcrcwhite  app_cli.o
    0x08003288   0x08003288   0x00000084   Code   RO          160    .text.cli_fs_getmodparams  app_cli.o
    0x0800330c   0x0800330c   0x00000118   Code   RO          164    .text.cli_fs_getpacketparams  app_cli.o
    0x08003424   0x08003424   0x00000084   Code   RO          172    .text.cli_fs_getsync  app_cli.o
    0x080034a8   0x080034a8   0x0000007c   Code   RO          170    .text.cli_fs_setaddr  app_cli.o
    0x08003524   0x08003524   0x00000078   Code   RO          178    .text.cli_fs_setcrcwhite  app_cli.o
    0x0800359c   0x0800359c   0x00000004   PAD
    0x080035a0   0x080035a0   0x00000300   Code   RO          162    .text.cli_fs_setmodparams  app_cli.o
    0x080038a0   0x080038a0   0x000001c0   Code   RO          166    .text.cli_fs_setpacketparams  app_cli.o
    0x08003a60   0x08003a60   0x00000120   Code   RO          174    .text.cli_fs_setsync  app_cli.o
    0x08003b80   0x08003b80   0x00000044   Code   RO          132    .text.cli_getRSSI   app_cli.o
    0x08003bc4   0x08003bc4   0x00000254   Code   RO           92    .text.cli_getaeskey  app_cli.o
    0x08003e18   0x08003e18   0x00000034   Code   RO          184    .text.cli_getautosendparams  app_cli.o
    0x08003e4c   0x08003e4c   0x00000028   Code   RO          110    .text.cli_getchannel  app_cli.o
    0x08003e74   0x08003e74   0x00000030   Code   RO          128    .text.cli_getctune  app_cli.o
    0x08003ea4   0x08003ea4   0x00000024   Code   RO           86    .text.cli_getdevid  app_cli.o
    0x08003ec8   0x08003ec8   0x0000003c   Code   RO          106    .text.cli_getfreq   app_cli.o
    0x08003f04   0x08003f04   0x00000018   Code   RO          196    .text.cli_getgpsdata  app_cli.o
    0x08003f1c   0x08003f1c   0x0000003c   Code   RO           98    .text.cli_getmodem  app_cli.o
    0x08003f58   0x08003f58   0x00000040   Code   RO          102    .text.cli_getopmode  app_cli.o
    0x08003f98   0x08003f98   0x00000028   Code   RO          116    .text.cli_getpower  app_cli.o
    0x08003fc0   0x08003fc0   0x00000028   Code   RO          120    .text.cli_getramptime  app_cli.o
    0x08003fe8   0x08003fe8   0x0000001c   Code   RO          194    .text.cli_getrxcount  app_cli.o
    0x08004004   0x08004004   0x00000020   Code   RO          138    .text.cli_getsleepparams  app_cli.o
    0x08004024   0x08004024   0x0000002c   Code   RO          142    .text.cli_getstatus  app_cli.o
    0x08004050   0x08004050   0x00000044   Code   RO          134    .text.cli_gettimeouts  app_cli.o
    0x08004094   0x08004094   0x0000002c   Code   RO           84    .text.cli_getver    app_cli.o
    0x080040c0   0x080040c0   0x00000054   Code   RO          198    .text.cli_getvt     app_cli.o
    0x08004114   0x08004114   0x00000030   Code   RO          124    .text.cli_getxoparams  app_cli.o
    0x08004144   0x08004144   0x0000002c   Code   RO           82    .text.cli_info      app_cli.o
    0x08004170   0x08004170   0x00000020   Code   RO          218    .text.cli_init      app_cli.o
    0x08004190   0x08004190   0x0000004c   Code   RO          212    .text.cli_initconfig  app_cli.o
    0x080041dc   0x080041dc   0x00000004   PAD
    0x080041e0   0x080041e0   0x000000c4   Code   RO          144    .text.cli_lr_getmodparams  app_cli.o
    0x080042a4   0x080042a4   0x000000b8   Code   RO          148    .text.cli_lr_getpacketparams  app_cli.o
    0x0800435c   0x0800435c   0x00000028   Code   RO          156    .text.cli_lr_getsymboltimeout  app_cli.o
    0x08004384   0x08004384   0x00000028   Code   RO          152    .text.cli_lr_getsync  app_cli.o
    0x080043ac   0x080043ac   0x00000004   PAD
    0x080043b0   0x080043b0   0x00000208   Code   RO          146    .text.cli_lr_setmodparams  app_cli.o
    0x080045b8   0x080045b8   0x0000013c   Code   RO          150    .text.cli_lr_setpacketparams  app_cli.o
    0x080046f4   0x080046f4   0x00000050   Code   RO          158    .text.cli_lr_setsymboltimeout  app_cli.o
    0x08004744   0x08004744   0x00000060   Code   RO          154    .text.cli_lr_setsync  app_cli.o
    0x080047a4   0x080047a4   0x0000002a   Code   RO          220    .text.cli_proc      app_cli.o
    0x080047ce   0x080047ce   0x00000002   PAD
    0x080047d0   0x080047d0   0x00000030   Code   RO          202    .text.cli_readreg   app_cli.o
    0x08004800   0x08004800   0x0000001c   Code   RO           80    .text.cli_reset     app_cli.o
    0x0800481c   0x0800481c   0x00000078   Code   RO          180    .text.cli_sendburst  app_cli.o
    0x08004894   0x08004894   0x000000a4   Code   RO           96    .text.cli_setaesiv  app_cli.o
    0x08004938   0x08004938   0x00000144   Code   RO           94    .text.cli_setaeskey  app_cli.o
    0x08004a7c   0x08004a7c   0x00000064   Code   RO          186    .text.cli_setautosendparams  app_cli.o
    0x08004ae0   0x08004ae0   0x0000003c   Code   RO          112    .text.cli_setchannel  app_cli.o
    0x08004b1c   0x08004b1c   0x00000034   Code   RO          130    .text.cli_setctune  app_cli.o
    0x08004b50   0x08004b50   0x00000038   Code   RO           88    .text.cli_setdevid  app_cli.o
    0x08004b88   0x08004b88   0x00000018   Code   RO          200    .text.cli_setem     app_cli.o
    0x08004ba0   0x08004ba0   0x00000064   Code   RO          108    .text.cli_setfreq   app_cli.o
    0x08004c04   0x08004c04   0x00000074   Code   RO          100    .text.cli_setmodem  app_cli.o
    0x08004c78   0x08004c78   0x00000074   Code   RO          104    .text.cli_setopmode  app_cli.o
    0x08004cec   0x08004cec   0x00000050   Code   RO          216    .text.cli_setpaconfig  app_cli.o
    0x08004d3c   0x08004d3c   0x00000050   Code   RO          118    .text.cli_setpower  app_cli.o
    0x08004d8c   0x08004d8c   0x00000084   Code   RO          122    .text.cli_setramptime  app_cli.o
    0x08004e10   0x08004e10   0x00000020   Code   RO          140    .text.cli_setsleepparams  app_cli.o
    0x08004e30   0x08004e30   0x00000060   Code   RO          136    .text.cli_settimeouts  app_cli.o
    0x08004e90   0x08004e90   0x0000004c   Code   RO          126    .text.cli_setxoparams  app_cli.o
    0x08004edc   0x08004edc   0x00000020   Code   RO          190    .text.cli_startrxcount  app_cli.o
    0x08004efc   0x08004efc   0x0000005c   Code   RO          182    .text.cli_stopburst  app_cli.o
    0x08004f58   0x08004f58   0x0000001c   Code   RO          192    .text.cli_stoprxcount  app_cli.o
    0x08004f74   0x08004f74   0x0000003c   Code   RO          114    .text.cli_storechannel  app_cli.o
    0x08004fb0   0x08004fb0   0x00000024   Code   RO          214    .text.cli_storeconfig  app_cli.o
    0x08004fd4   0x08004fd4   0x0000010c   Code   RO          210    .text.cli_sweeprx   app_cli.o
    0x080050e0   0x080050e0   0x00000178   Code   RO          208    .text.cli_sweeptx   app_cli.o
    0x08005258   0x08005258   0x00000098   Code   RO          188    .text.cli_txstream  app_cli.o
    0x080052f0   0x080052f0   0x0000004c   Code   RO          204    .text.cli_writereg  app_cli.o
    0x0800533c   0x0800533c   0x00000062   Code   RO          393    .text.delay_init    tremo_delay.o
    0x0800539e   0x0800539e   0x00000002   PAD
    0x080053a0   0x080053a0   0x0000005e   Code   RO          397    .text.delay_ms      tremo_delay.o
    0x080053fe   0x080053fe   0x00000002   PAD
    0x08005400   0x08005400   0x00000056   Code   RO          395    .text.delay_us      tremo_delay.o
    0x08005456   0x08005456   0x00000002   PAD
    0x08005458   0x08005458   0x00000086   Code   RO          442    .text.flash_erase_page  tremo_flash.o
    0x080054de   0x080054de   0x00000002   PAD
    0x080054e0   0x080054e0   0x000000ea   Code   RO          444    .text.flash_program_bytes  tremo_flash.o
    0x080055ca   0x080055ca   0x00000002   PAD
    0x080055cc   0x080055cc   0x00000024   Code   RO           58    .text.fputc         retarget.o
    0x080055f0   0x080055f0   0x00000016   Code   RO          468    .text.gpio_config_drive_capability  tremo_gpio.o
    0x08005606   0x08005606   0x00000002   PAD
    0x08005608   0x08005608   0x00000188   Code   RO          460    .text.gpio_init     tremo_gpio.o
    0x08005790   0x08005790   0x00000046   Code   RO          480    .text.gpio_set_iomux  tremo_gpio.o
    0x080057d6   0x080057d6   0x00000002   PAD
    0x080057d8   0x080057d8   0x000000be   Code   RO          462    .text.gpio_write    tremo_gpio.o
    0x08005896   0x08005896   0x00000002   PAD
    0x08005898   0x08005898   0x00000016   Code   RO           13    .text.init_peripherals  bsp.o
    0x080058ae   0x080058ae   0x00000002   PAD
    0x080058b0   0x080058b0   0x0000003a   Code   RO           11    .text.init_power_clk  bsp.o
    0x080058ea   0x080058ea   0x00000002   PAD
    0x080058ec   0x080058ec   0x00000010   Code   RO           17    .text.led_off       bsp.o
    0x080058fc   0x080058fc   0x00000010   Code   RO           15    .text.led_on        bsp.o
    0x0800590c   0x0800590c   0x0000007c   Code   RO         1133    .text.lorac_init    lorac.o
    0x08005988   0x08005988   0x0000005e   Code   RO         1137    .text.lorac_reset   lorac.o
    0x080059e6   0x080059e6   0x00000002   PAD
    0x080059e8   0x080059e8   0x00000010   Code   RO         1141    .text.lorac_rfsw_rx  lorac.o
    0x080059f8   0x080059f8   0x00000010   Code   RO         1143    .text.lorac_rfsw_tx  lorac.o
    0x08005a08   0x08005a08   0x0000003c   Code   RO         1135    .text.lorac_transfer  lorac.o
    0x08005a44   0x08005a44   0x00000032   Code   RO         1139    .text.lorac_wait_on_busy  lorac.o
    0x08005a76   0x08005a76   0x00000002   PAD
    0x08005a78   0x08005a78   0x00000054   Code   RO            2    .text.main          main.o
    0x08005acc   0x08005acc   0x0000009c   Code   RO         1182    .text.myadc_init    adc.o
    0x08005b68   0x08005b68   0x00000056   Code   RO         1111    .text.mygpio_init   gpio.o
    0x08005bbe   0x08005bbe   0x00000002   PAD
    0x08005bc0   0x08005bc0   0x0000006c   Code   RO         1119    .text.myuart_init   uart.o
    0x08005c2c   0x08005c2c   0x000000a4   Code   RO         1214    .text.radio_init    radio_proc.o
    0x08005cd0   0x08005cd0   0x00000420   Code   RO         1216    .text.radio_proc    radio_proc.o
    0x080060f0   0x080060f0   0x00000018   Code   RO         1226    .text.radio_startburst  radio_proc.o
    0x08006108   0x08006108   0x000001b6   Code   RO          766    .text.rcc_enable_oscillator  tremo_rcc.o
    0x080062be   0x080062be   0x00000002   PAD
    0x080062c0   0x080062c0   0x00000704   Code   RO          768    .text.rcc_enable_peripheral_clk  tremo_rcc.o
    0x080069c4   0x080069c4   0x0000007c   Code   RO          764    .text.rcc_get_clk_freq  tremo_rcc.o
    0x08006a40   0x08006a40   0x0000000e   Code   RO          808    .text.rcc_get_uart0_clk_source  tremo_rcc.o
    0x08006a4e   0x08006a4e   0x00000002   PAD
    0x08006a50   0x08006a50   0x0000000e   Code   RO          810    .text.rcc_get_uart1_clk_source  tremo_rcc.o
    0x08006a5e   0x08006a5e   0x00000002   PAD
    0x08006a60   0x08006a60   0x0000000e   Code   RO          812    .text.rcc_get_uart2_clk_source  tremo_rcc.o
    0x08006a6e   0x08006a6e   0x00000002   PAD
    0x08006a70   0x08006a70   0x0000000e   Code   RO          814    .text.rcc_get_uart3_clk_source  tremo_rcc.o
    0x08006a7e   0x08006a7e   0x00000002   PAD
    0x08006a80   0x08006a80   0x00000044   Code   RO          796    .text.rcc_set_adc_clk_source  tremo_rcc.o
    0x08006ac4   0x08006ac4   0x00000010   Code   RO          834    .text.rcc_set_hclk_div  tremo_rcc.o
    0x08006ad4   0x08006ad4   0x0000001c   Code   RO          836    .text.rcc_set_pclk_div  tremo_rcc.o
    0x08006af0   0x08006af0   0x00000010   Code   RO          770    .text.rcc_set_sys_clk_source  tremo_rcc.o
    0x08006b00   0x08006b00   0x0000002c   Code   RO          772    .text.rcc_set_systick_source  tremo_rcc.o
    0x08006b2c   0x08006b2c   0x00000044   Code   RO          776    .text.rcc_set_uart0_clk_source  tremo_rcc.o
    0x08006b70   0x08006b70   0x0000001a   Code   RO         1153    .text.readconfig    flash.o
    0x08006b8a   0x08006b8a   0x00000002   PAD
    0x08006b8c   0x08006b8c   0x0000000a   Code   RO         1018    .text.timer_clear_status  tremo_timer.o
    0x08006b96   0x08006b96   0x00000002   PAD
    0x08006b98   0x08006b98   0x0000000c   Code   RO          974    .text.timer_cmd     tremo_timer.o
    0x08006ba4   0x08006ba4   0x00000010   Code   RO         1014    .text.timer_config_interrupt  tremo_timer.o
    0x08006bb4   0x08006bb4   0x00000010   Code   RO         1020    .text.timer_generate_event  tremo_timer.o
    0x08006bc4   0x08006bc4   0x00000010   Code   RO         1016    .text.timer_get_status  tremo_timer.o
    0x08006bd4   0x08006bd4   0x00000042   Code   RO          970    .text.timer_init    tremo_timer.o
    0x08006c16   0x08006c16   0x00000002   PAD
    0x08006c18   0x08006c18   0x0000000c   Code   RO         1087    .text.uart_cmd      tremo_uart.o
    0x08006c24   0x08006c24   0x00000018   Code   RO         1081    .text.uart_config_init  tremo_uart.o
    0x08006c3c   0x08006c3c   0x00000010   Code   RO         1077    .text.uart_config_interrupt  tremo_uart.o
    0x08006c4c   0x08006c4c   0x0000000a   Code   RO         1071    .text.uart_get_flag_status  tremo_uart.o
    0x08006c56   0x08006c56   0x00000002   PAD
    0x08006c58   0x08006c58   0x00000158   Code   RO         1093    .text.uart_init     tremo_uart.o
    0x08006db0   0x08006db0   0x00000020   Code   RO         1075    .text.uart_receive_data  tremo_uart.o
    0x08006dd0   0x08006dd0   0x0000001e   Code   RO         1073    .text.uart_send_data  tremo_uart.o
    0x08006dee   0x08006dee   0x00000002   PAD
    0x08006df0   0x08006df0   0x0000016c   Code   RO          226    .text.updatescreen  app_cli.o
    0x08006f5c   0x08006f5c   0x0000007e   Code   RO         1165    .text.ustimer_init  ustimer.o
    0x08006fda   0x08006fda   0x00000002   PAD
    0x08006fdc   0x08006fdc   0x0000000c   Code   RO         1171    .text.ustimer_setinterval  ustimer.o
    0x08006fe8   0x08006fe8   0x0000000e   Code   RO         1167    .text.ustimer_start  ustimer.o
    0x08006ff6   0x08006ff6   0x00000002   PAD
    0x08006ff8   0x08006ff8   0x0000000e   Code   RO         1169    .text.ustimer_stop  ustimer.o
    0x08007006   0x08007006   0x00000002   PAD
    0x08007008   0x08007008   0x00000038   Code   RO         1155    .text.writeconfig   flash.o
    0x08007040   0x08007040   0x00000020   Code   RO         1854    i.__0printf         mc_w.l(printfa.o)
    0x08007060   0x08007060   0x00000028   Code   RO         1856    i.__0sprintf        mc_w.l(printfa.o)
    0x08007088   0x08007088   0x00000008   Code   RO         1882    i.__aeabi_errno_addr  mc_w.l(errno.o)
    0x08007090   0x08007090   0x0000000e   Code   RO         1987    i.__scatterload_copy  mc_w.l(handlers.o)
    0x0800709e   0x0800709e   0x00000002   Code   RO         1988    i.__scatterload_null  mc_w.l(handlers.o)
    0x080070a0   0x080070a0   0x0000000e   Code   RO         1989    i.__scatterload_zeroinit  mc_w.l(handlers.o)
    0x080070ae   0x080070ae   0x00000002   PAD
    0x080070b0   0x080070b0   0x00000184   Code   RO         1861    i._fp_digits        mc_w.l(printfa.o)
    0x08007234   0x08007234   0x000006dc   Code   RO         1862    i._printf_core      mc_w.l(printfa.o)
    0x08007910   0x08007910   0x00000024   Code   RO         1863    i._printf_post_padding  mc_w.l(printfa.o)
    0x08007934   0x08007934   0x0000002e   Code   RO         1864    i._printf_pre_padding  mc_w.l(printfa.o)
    0x08007962   0x08007962   0x0000000a   Code   RO         1866    i._sputc            mc_w.l(printfa.o)
    0x0800796c   0x0800796c   0x00000024   Code   RO         1591    i.puts              mc_w.l(puts.o)
    0x08007990   0x08007990   0x00000081   Data   RO         1941    .constdata          mc_w.l(ctype_o.o)
    0x08007a11   0x08007a11   0x00000003   PAD
    0x08007a14   0x08007a14   0x00000004   Data   RO         1942    .constdata          mc_w.l(ctype_o.o)
    0x08007a18   0x08007a18   0x000000b8   Data   RO          240    .rodata..Lswitch.table.cli_fs_getmodparams  app_cli.o
    0x08007ad0   0x08007ad0   0x0000001c   Data   RO          241    .rodata..Lswitch.table.cli_fs_setpacketparams  app_cli.o
    0x08007aec   0x08007aec   0x00000004   PAD
    0x08007af0   0x08007af0   0x00000058   Data   RO          238    .rodata..Lswitch.table.cli_lr_getmodparams  app_cli.o
    0x08007b48   0x08007b48   0x00000014   Data   RO          239    .rodata..Lswitch.table.cli_lr_setmodparams  app_cli.o
    0x08007b5c   0x08007b5c   0x000002f8   Data   RO         1496    .rodata.F6x8        gui.o
    0x08007e54   0x08007e54   0x000005f0   Data   RO         1497    .rodata.F8X16       gui.o
    0x08008444   0x08008444   0x00000a29   Data   RO          233    .rodata.str1.1      app_cli.o
    0x08008e6d   0x08008e6d   0x00000045   Data   RO         1244    .rodata.str1.1      radio_proc.o
    0x08008eb2   0x08008eb2   0x0000005a   Data   RO         1438    .rodata.str1.1      command_interpreter.o
    0x08008f0c   0x08008f0c   0x00000020   Data   RO         1986    Region$$Table       anon$$obj.o


    Execution Region RW_IRAM1 (Exec base: 0x20000000, Load base: 0x08008f30, Size: 0x00002588, Max: 0x00004000, ABSOLUTE, COMPRESSED[0x00000290])

    Exec Addr    Load Addr    Size         Type   Attr      Idx    E Section Name        Object

    0x20000000   COMPRESSED   0x00000004   Data   RW         1597    .data               mc_w.l(stdout.o)
    0x20000004   COMPRESSED   0x00000004   Data   RW         1885    .data               mc_w.l(errno.o)
    0x20000008   COMPRESSED   0x00000460   Data   RW          234    .data.commands      app_cli.o
    0x20000468   COMPRESSED   0x00000002   Data   RW         1238    .data.inter_packet_delay  radio_proc.o
    0x2000046a   COMPRESSED   0x00000006   PAD
    0x20000470        -       0x00000010   Zero   RW           71    .bss..L_MergedGlobals  retarget.o
    0x20000480        -       0x0000000c   Zero   RW         1188    .bss..L_MergedGlobals  adc.o
    0x2000048c        -       0x00000074   Zero   RW         1249    .bss..L_MergedGlobals  radio_proc.o
    0x20000500        -       0x00000040   Zero   RW         1242    .bss.RADIO_rxBuffer  radio_proc.o
    0x20000540        -       0x00000040   Zero   RW         1243    .bss.RADIO_txBuffer  radio_proc.o
    0x20000580        -       0x00000400   Zero   RW         1461    .bss.SSD1306_buffer  ssd1306.o
    0x20000980        -       0x00000004   Zero   RW         1187    .bss.T              adc.o
    0x20000984        -       0x00000004   Zero   RW           48    .bss.adc_ticks      tremo_it.o
    0x20000988        -       0x00000100   Zero   RW          236    .bss.ciBuffer       app_cli.o
    0x20000a88        -       0x00000001   Zero   RW          399    .bss.fac_us         tremo_delay.o
    0x20000a89   COMPRESSED   0x00000003   PAD
    0x20000a8c        -       0x00001000   Zero   RW         1157    .bss.flashbuffer    flash.o
    0x20001a8c        -       0x00000001   Zero   RW         1408    .bss.opmode         sx126x_proc.o
    0x20001a8d        -       0x00000001   Zero   RW         1409    .bss.prevopmode     sx126x_proc.o
    0x20001a8e   COMPRESSED   0x00000002   PAD
    0x20001a90        -       0x00000098   Zero   RW         1241    .bss.radioConfig    radio_proc.o
    0x20001b28        -       0x00000200   Zero   RW           70    .bss.rxBuffer       retarget.o
    0x20001d28        -       0x00000014   Zero   RW          235    .bss.state          app_cli.o
    0x20001d3c        -       0x00000040   Zero   RW         1553    .bss.strbuffer      ssd1306_interface.o
    0x20001d7c        -       0x00000004   Zero   RW         1248    .bss.sweepcnt       radio_proc.o
    0x20001d80        -       0x00000004   Zero   RW         1247    .bss.sweepdelay     radio_proc.o
    0x20001d84        -       0x00000001   Zero   RW          232    .bss.txmode         app_cli.o
    0x20001d85   COMPRESSED   0x00000001   PAD
    0x20001d86        -       0x00000002   Zero   RW         1236    .bss.txpacketcount  radio_proc.o
    0x20001d88        -       0x00000800   Zero   RW          249    STACK               startup_tremo.o


==============================================================================

Image component sizes


      Code (inc. data)   RO Data    RW Data    ZI Data      Debug   Object Name

       276         12          0          0         16       5803   adc.o
       500          0          0          0          0       2526   aes.o
        50          0          0          0          0       2283   aes_proc.o
      9052       2488       2921       1120        277      25019   app_cli.o
       112          0          0          0          0       3843   bsp.o
      2230         90         90          0          0      13472   command_interpreter.o
        82          0          0          0       4096        929   flash.o
        86          0          0          0          0       2568   gpio.o
       922          0       2280          0          0      18515   gui.o
       360          0          0          0          0       4372   lorac.o
        84         16          0          0          0        471   main.o
      1376         92         69          2        406       7065   radio_proc.o
       272          0          0          0        528       3434   retarget.o
       688          0          0          0       1024       2566   ssd1306.o
       454          0          0          0         64       3028   ssd1306_interface.o
        36          8        212          0       2048        820   startup_tremo.o
      1378          0          0          0          0      13798   sx126x.o
       896          0          0          0          0       8546   sx126x_interface.o
      1120         52          0          0          2       4315   sx126x_proc.o
       176          0          0          0          0       5805   system_tremo.o
       568         32          0          0          0       8086   tremo_adc.o
       278          0          0          0          1       4419   tremo_delay.o
       368          0          0          0          0       4840   tremo_flash.o
       674          8          0          0          0       7157   tremo_gpio.o
       312         40          0          0          4       2186   tremo_it.o
      2654        168          0          0          0      18096   tremo_rcc.o
       136          0          0          0          0      23163   tremo_timer.o
       468         12          0          0          0       8902   tremo_uart.o
       114          0          0          0          0       5505   uart.o
       222          0          0          0          0       5524   ustimer.o

    ----------------------------------------------------------------------
     26100       3030       5608       1124       8476     217056   Object Totals
         0          0         32          0          0          0   (incl. Generated)
       156         12          4          2         10          0   (incl. Padding)

    ----------------------------------------------------------------------

      Code (inc. data)   RO Data    RW Data    ZI Data      Debug   Library Member Name

        94          0          0          0          0          0   __dclz77c.o
        28          0          0          0          0         68   _chval.o
       158          0          0          0          0         92   _strtoul.o
         8          4        133          0          0         68   ctype_o.o
         0          0          0          0          0          0   entry.o
         0          0          0          0          0          0   entry10a.o
         0          0          0          0          0          0   entry11a.o
         8          4          0          0          0          0   entry2.o
         4          0          0          0          0          0   entry5.o
         0          0          0          0          0          0   entry7b.o
         0          0          0          0          0          0   entry8b.o
         8          4          0          0          0          0   entry9a.o
         8          4          0          4          0         68   errno.o
        30          0          0          0          0          0   handlers.o
        48         10          0          0          0         68   init.o
         0          0          0          0          0          0   iusefp.o
        30          0          0          0          0         68   llshl.o
        36          0          0          0          0         68   llsshr.o
        32          0          0          0          0         68   llushr.o
        64          0          0          0          0         76   memmovea.o
        36          0          0          0          0        108   memseta.o
      2308         96          0          0          0        604   printfa.o
        36          6          0          0          0         80   puts.o
         0          0          0          4          0          0   stdout.o
        42          0          0          0          0         84   strcasecmp.o
        20          0          0          0          0         68   strchr.o
        34          0          0          0          0         80   strcspn.o
        14          0          0          0          0         68   strlen.o
        28          0          0          0          0         80   strspn.o
       112          0          0          0          0         88   strtol.o
       114          0          0          0          0         92   strtoul.o
        12          0          0          0          0         68   tolower.o
        44          0          0          0          0         80   uidiv.o
        98          0          0          0          0         92   uldiv.o
        48          0          0          0          0         68   cdrcmple.o
        56          0          0          0          0         88   d2f.o
       334          0          0          0          0        148   dadd.o
       222          0          0          0          0        100   ddiv.o
       186          0          0          0          0        176   depilogue.o
        50          0          0          0          0         76   dfixui.o
        48          0          0          0          0         68   dfixul.o
        26          0          0          0          0         76   dfltui.o
       228          0          0          0          0         96   dmul.o
        38          0          0          0          0         68   f2d.o
       110          0          0          0          0        168   fepilogue.o

    ----------------------------------------------------------------------
      4808        128        136          8          0       3368   Library Totals
         8          0          3          0          0          0   (incl. Padding)

    ----------------------------------------------------------------------

      Code (inc. data)   RO Data    RW Data    ZI Data      Debug   Library Name

      3454        128        133          8          0       2236   mc_w.l
      1346          0          0          0          0       1132   mf_w.l

    ----------------------------------------------------------------------
      4808        128        136          8          0       3368   Library Totals

    ----------------------------------------------------------------------

==============================================================================


      Code (inc. data)   RO Data    RW Data    ZI Data      Debug   

     30908       3158       5744       1132       8476     218328   Grand Totals
     30908       3158       5744        656       8476     218328   ELF Image Totals (compressed)
     30908       3158       5744        656          0          0   ROM Totals

==============================================================================

    Total RO  Size (Code + RO Data)                36652 (  35.79kB)
    Total RW  Size (RW Data + ZI Data)              9608 (   9.38kB)
    Total ROM Size (Code + RO Data + RW Data)      37308 (  36.43kB)

==============================================================================

