<!doctype html public "-//w3c//dtd html 4.0 transitional//en">
<html><head>
<title>Static Call Graph - [.\Objects\lr_evm_test.axf]</title></head>
<body><HR>
<H1>Static Call Graph for image .\Objects\lr_evm_test.axf</H1><HR>
<BR><P>#&#060CALLGRAPH&#062# ARM Linker, 6240002: Last Updated: Tue Nov  4 16:51:53 2025
<BR><P>
<H3>Maximum Stack Usage =        248 bytes + Unknown(Cycles, Untraceable Function Pointers)</H3><H3>
Call chain for Maximum Stack Depth:</H3>
main &rArr; cli_proc &rArr; ciProcessInput &rArr; strtoul &rArr; _strtoul
<P>
<H3>
Mutually Recursive functions
</H3> <LI><a href="#[39]">DebugMon_Handler</a>&nbsp;&nbsp;&nbsp;&rArr;&nbsp;&nbsp;&nbsp;<a href="#[39]">DebugMon_Handler</a><BR>
 <LI><a href="#[4d]">AFEC_IRQHandler</a>&nbsp;&nbsp;&nbsp;&rArr;&nbsp;&nbsp;&nbsp;<a href="#[4d]">AFEC_IRQHandler</a><BR>
 <LI><a href="#[36]">BusFault_Handler</a>&nbsp;&nbsp;&nbsp;&rArr;&nbsp;&nbsp;&nbsp;<a href="#[36]">BusFault_Handler</a><BR>
 <LI><a href="#[138]">uart_send_data</a>&nbsp;&nbsp;&nbsp;&rArr;&nbsp;&nbsp;&nbsp;<a href="#[138]">uart_send_data</a><BR>
 <LI><a href="#[35]">MemManage_Handler</a>&nbsp;&nbsp;&nbsp;&rArr;&nbsp;&nbsp;&nbsp;<a href="#[35]">MemManage_Handler</a><BR>
 <LI><a href="#[114]">uart_receive_data</a>&nbsp;&nbsp;&nbsp;&rArr;&nbsp;&nbsp;&nbsp;<a href="#[114]">uart_receive_data</a><BR>
 <LI><a href="#[37]">UsageFault_Handler</a>&nbsp;&nbsp;&nbsp;&rArr;&nbsp;&nbsp;&nbsp;<a href="#[37]">UsageFault_Handler</a><BR>
</UL>
<P>
<H3>
Function Pointers
</H3><UL>
 <LI><a href="#[4c]">ADC_IRQHandler</a> from adc.o(.text.ADC_IRQHandler) referenced from startup_tremo.o(RESET)
 <LI><a href="#[4d]">AFEC_IRQHandler</a> from startup_tremo.o(.text) referenced from startup_tremo.o(RESET)
 <LI><a href="#[57]">BSTIMER0_IRQHandler</a> from beeper.o(.text.BSTIMER0_IRQHandler) referenced from startup_tremo.o(RESET)
 <LI><a href="#[58]">BSTIMER1_IRQHandler</a> from startup_tremo.o(.text) referenced from startup_tremo.o(RESET)
 <LI><a href="#[36]">BusFault_Handler</a> from tremo_it.o(.text.BusFault_Handler) referenced from startup_tremo.o(RESET)
 <LI><a href="#[50]">DAC_IRQHandler</a> from startup_tremo.o(.text) referenced from startup_tremo.o(RESET)
 <LI><a href="#[5b]">DMA0_IRQHandler</a> from startup_tremo.o(.text) referenced from startup_tremo.o(RESET)
 <LI><a href="#[4f]">DMA1_IRQHandler</a> from startup_tremo.o(.text) referenced from startup_tremo.o(RESET)
 <LI><a href="#[39]">DebugMon_Handler</a> from startup_tremo.o(.text) referenced from startup_tremo.o(RESET)
 <LI><a href="#[3f]">EFC_IRQHandler</a> from startup_tremo.o(.text) referenced from startup_tremo.o(RESET)
 <LI><a href="#[52]">GPIO_IRQHandler</a> from radio.o(.text.GPIO_IRQHandler) referenced from startup_tremo.o(RESET)
 <LI><a href="#[34]">HardFault_Handler</a> from tremo_it.o(.text.HardFault_Handler) referenced from startup_tremo.o(RESET)
 <LI><a href="#[49]">I2C0_IRQHandler</a> from startup_tremo.o(.text) referenced from startup_tremo.o(RESET)
 <LI><a href="#[4a]">I2C1_IRQHandler</a> from startup_tremo.o(.text) referenced from startup_tremo.o(RESET)
 <LI><a href="#[41]">I2C2_IRQHandler</a> from startup_tremo.o(.text) referenced from startup_tremo.o(RESET)
 <LI><a href="#[5c]">I2S_IRQHandler</a> from startup_tremo.o(.text) referenced from startup_tremo.o(RESET)
 <LI><a href="#[60]">IWDG_IRQHandler</a> from startup_tremo.o(.text) referenced from startup_tremo.o(RESET)
 <LI><a href="#[5d]">LCD_IRQHandler</a> from startup_tremo.o(.text) referenced from startup_tremo.o(RESET)
 <LI><a href="#[51]">LORA_IRQHandler</a> from startup_tremo.o(.text) referenced from startup_tremo.o(RESET)
 <LI><a href="#[59]">LPTIMER0_IRQHandler</a> from startup_tremo.o(.text) referenced from startup_tremo.o(RESET)
 <LI><a href="#[5f]">LPTIMER1_IRQHandler</a> from startup_tremo.o(.text) referenced from startup_tremo.o(RESET)
 <LI><a href="#[45]">LPUART_IRQHandler</a> from startup_tremo.o(.text) referenced from startup_tremo.o(RESET)
 <LI><a href="#[35]">MemManage_Handler</a> from tremo_it.o(.text.MemManage_Handler) referenced from startup_tremo.o(RESET)
 <LI><a href="#[33]">NMI_Handler</a> from tremo_it.o(.text.NMI_Handler) referenced from startup_tremo.o(RESET)
 <LI><a href="#[5e]">PWR_IRQHandler</a> from tremo_it.o(.text.PWR_IRQHandler) referenced from startup_tremo.o(RESET)
 <LI><a href="#[3a]">PendSV_Handler</a> from tremo_it.o(.text.PendSV_Handler) referenced from startup_tremo.o(RESET)
 <LI><a href="#[48]">QSPI_IRQHandler</a> from startup_tremo.o(.text) referenced from startup_tremo.o(RESET)
 <LI><a href="#[3d]">RTC_IRQHandler</a> from rtc.o(.text.RTC_IRQHandler) referenced from startup_tremo.o(RESET)
 <LI><a href="#[32]">Reset_Handler</a> from startup_tremo.o(.text) referenced from startup_tremo.o(RESET)
 <LI><a href="#[5a]">SAC_IRQHandler</a> from startup_tremo.o(.text) referenced from startup_tremo.o(RESET)
 <LI><a href="#[4b]">SCC_IRQHandler</a> from startup_tremo.o(.text) referenced from startup_tremo.o(RESET)
 <LI><a href="#[3c]">SEC_IRQHandler</a> from startup_tremo.o(.text) referenced from startup_tremo.o(RESET)
 <LI><a href="#[46]">SSP0_IRQHandler</a> from startup_tremo.o(.text) referenced from startup_tremo.o(RESET)
 <LI><a href="#[47]">SSP1_IRQHandler</a> from startup_tremo.o(.text) referenced from startup_tremo.o(RESET)
 <LI><a href="#[4e]">SSP2_IRQHandler</a> from startup_tremo.o(.text) referenced from startup_tremo.o(RESET)
 <LI><a href="#[38]">SVC_Handler</a> from tremo_it.o(.text.SVC_Handler) referenced from startup_tremo.o(RESET)
 <LI><a href="#[3b]">SysTick_Handler</a> from tremo_it.o(.text.SysTick_Handler) referenced from startup_tremo.o(RESET)
 <LI><a href="#[62]">SystemInit</a> from system_tremo.o(.text.SystemInit) referenced from startup_tremo.o(.text)
 <LI><a href="#[53]">TIMER0_IRQHandler</a> from ustimer.o(.text.TIMER0_IRQHandler) referenced from startup_tremo.o(RESET)
 <LI><a href="#[54]">TIMER1_IRQHandler</a> from ustimer.o(.text.TIMER1_IRQHandler) referenced from startup_tremo.o(RESET)
 <LI><a href="#[55]">TIMER2_IRQHandler</a> from startup_tremo.o(.text) referenced from startup_tremo.o(RESET)
 <LI><a href="#[56]">TIMER3_IRQHandler</a> from startup_tremo.o(.text) referenced from startup_tremo.o(RESET)
 <LI><a href="#[42]">UART0_IRQHandler</a> from uart.o(.text.UART0_IRQHandler) referenced from startup_tremo.o(RESET)
 <LI><a href="#[43]">UART1_IRQHandler</a> from uart.o(.text.UART1_IRQHandler) referenced from startup_tremo.o(RESET)
 <LI><a href="#[44]">UART2_IRQHandler</a> from startup_tremo.o(.text) referenced from startup_tremo.o(RESET)
 <LI><a href="#[40]">UART3_IRQHandler</a> from startup_tremo.o(.text) referenced from startup_tremo.o(RESET)
 <LI><a href="#[37]">UsageFault_Handler</a> from tremo_it.o(.text.UsageFault_Handler) referenced from startup_tremo.o(RESET)
 <LI><a href="#[3e]">WDG_IRQHandler</a> from startup_tremo.o(.text) referenced from startup_tremo.o(RESET)
 <LI><a href="#[63]">__main</a> from entry.o(.ARM.Collect$$$$00000000) referenced from startup_tremo.o(.text)
 <LI><a href="#[65]">_sputc</a> from printfa.o(i._sputc) referenced from printfa.o(i.__0sprintf)
 <LI><a href="#[2c]">cli_clearerrors</a> from app_cli.o(.text.cli_clearerrors) referenced 2 times from app_cli.o(.data.commands)
 <LI><a href="#[28]">cli_dumpregs</a> from app_cli.o(.text.cli_dumpregs) referenced 2 times from app_cli.o(.data.commands)
 <LI><a href="#[1a]">cli_fs_getaddr</a> from app_cli.o(.text.cli_fs_getaddr) referenced 2 times from app_cli.o(.data.commands)
 <LI><a href="#[1e]">cli_fs_getcrcwhite</a> from app_cli.o(.text.cli_fs_getcrcwhite) referenced 2 times from app_cli.o(.data.commands)
 <LI><a href="#[16]">cli_fs_getmodparams</a> from app_cli.o(.text.cli_fs_getmodparams) referenced 2 times from app_cli.o(.data.commands)
 <LI><a href="#[18]">cli_fs_getpacketparams</a> from app_cli.o(.text.cli_fs_getpacketparams) referenced 2 times from app_cli.o(.data.commands)
 <LI><a href="#[1c]">cli_fs_getsync</a> from app_cli.o(.text.cli_fs_getsync) referenced 2 times from app_cli.o(.data.commands)
 <LI><a href="#[1b]">cli_fs_setaddr</a> from app_cli.o(.text.cli_fs_setaddr) referenced 2 times from app_cli.o(.data.commands)
 <LI><a href="#[1f]">cli_fs_setcrcwhite</a> from app_cli.o(.text.cli_fs_setcrcwhite) referenced 2 times from app_cli.o(.data.commands)
 <LI><a href="#[17]">cli_fs_setmodparams</a> from app_cli.o(.text.cli_fs_setmodparams) referenced 2 times from app_cli.o(.data.commands)
 <LI><a href="#[19]">cli_fs_setpacketparams</a> from app_cli.o(.text.cli_fs_setpacketparams) referenced 2 times from app_cli.o(.data.commands)
 <LI><a href="#[1d]">cli_fs_setsync</a> from app_cli.o(.text.cli_fs_setsync) referenced 2 times from app_cli.o(.data.commands)
 <LI><a href="#[f]">cli_getRSSI</a> from app_cli.o(.text.cli_getRSSI) referenced 2 times from app_cli.o(.data.commands)
 <LI><a href="#[d]">cli_getctune</a> from app_cli.o(.text.cli_getctune) referenced 2 times from app_cli.o(.data.commands)
 <LI><a href="#[3]">cli_getdevid</a> from app_cli.o(.text.cli_getdevid) referenced 2 times from app_cli.o(.data.commands)
 <LI><a href="#[2b]">cli_geterrors</a> from app_cli.o(.text.cli_geterrors) referenced 2 times from app_cli.o(.data.commands)
 <LI><a href="#[9]">cli_getfreq</a> from app_cli.o(.text.cli_getfreq) referenced 2 times from app_cli.o(.data.commands)
 <LI><a href="#[7]">cli_getkfreq</a> from app_cli.o(.text.cli_getkfreq) referenced 2 times from app_cli.o(.data.commands)
 <LI><a href="#[5]">cli_getmodem</a> from app_cli.o(.text.cli_getmodem) referenced 2 times from app_cli.o(.data.commands)
 <LI><a href="#[b]">cli_getpower</a> from app_cli.o(.text.cli_getpower) referenced 2 times from app_cli.o(.data.commands)
 <LI><a href="#[29]">cli_getstatus</a> from app_cli.o(.text.cli_getstatus) referenced 2 times from app_cli.o(.data.commands)
 <LI><a href="#[24]">cli_gettemp</a> from app_cli.o(.text.cli_gettemp) referenced 2 times from app_cli.o(.data.commands)
 <LI><a href="#[31]">cli_gettime</a> from app_cli.o(.text.cli_gettime) referenced 2 times from app_cli.o(.data.commands)
 <LI><a href="#[1]">cli_getuid</a> from app_cli.o(.text.cli_getuid) referenced 2 times from app_cli.o(.data.commands)
 <LI><a href="#[25]">cli_getvcc</a> from app_cli.o(.text.cli_getvcc) referenced 2 times from app_cli.o(.data.commands)
 <LI><a href="#[2]">cli_getver</a> from app_cli.o(.text.cli_getver) referenced 2 times from app_cli.o(.data.commands)
 <LI><a href="#[23]">cli_getvt</a> from app_cli.o(.text.cli_getvt) referenced 2 times from app_cli.o(.data.commands)
 <LI><a href="#[2f]">cli_initconfig</a> from app_cli.o(.text.cli_initconfig) referenced 2 times from app_cli.o(.data.commands)
 <LI><a href="#[10]">cli_lr_getmodparams</a> from app_cli.o(.text.cli_lr_getmodparams) referenced 2 times from app_cli.o(.data.commands)
 <LI><a href="#[12]">cli_lr_getpacketparams</a> from app_cli.o(.text.cli_lr_getpacketparams) referenced 2 times from app_cli.o(.data.commands)
 <LI><a href="#[14]">cli_lr_getsync</a> from app_cli.o(.text.cli_lr_getsync) referenced 2 times from app_cli.o(.data.commands)
 <LI><a href="#[11]">cli_lr_setmodparams</a> from app_cli.o(.text.cli_lr_setmodparams) referenced 2 times from app_cli.o(.data.commands)
 <LI><a href="#[13]">cli_lr_setpacketparams</a> from app_cli.o(.text.cli_lr_setpacketparams) referenced 2 times from app_cli.o(.data.commands)
 <LI><a href="#[15]">cli_lr_setsync</a> from app_cli.o(.text.cli_lr_setsync) referenced 2 times from app_cli.o(.data.commands)
 <LI><a href="#[26]">cli_readreg</a> from app_cli.o(.text.cli_readreg) referenced 2 times from app_cli.o(.data.commands)
 <LI><a href="#[0]">cli_reset</a> from app_cli.o(.text.cli_reset) referenced 2 times from app_cli.o(.data.commands)
 <LI><a href="#[20]">cli_sendburst</a> from app_cli.o(.text.cli_sendburst) referenced 2 times from app_cli.o(.data.commands)
 <LI><a href="#[e]">cli_setctune</a> from app_cli.o(.text.cli_setctune) referenced 2 times from app_cli.o(.data.commands)
 <LI><a href="#[4]">cli_setdevid</a> from app_cli.o(.text.cli_setdevid) referenced 2 times from app_cli.o(.data.commands)
 <LI><a href="#[a]">cli_setfreq</a> from app_cli.o(.text.cli_setfreq) referenced 2 times from app_cli.o(.data.commands)
 <LI><a href="#[8]">cli_setkfreq</a> from app_cli.o(.text.cli_setkfreq) referenced 2 times from app_cli.o(.data.commands)
 <LI><a href="#[6]">cli_setmodem</a> from app_cli.o(.text.cli_setmodem) referenced 2 times from app_cli.o(.data.commands)
 <LI><a href="#[2a]">cli_setopmode</a> from app_cli.o(.text.cli_setopmode) referenced 2 times from app_cli.o(.data.commands)
 <LI><a href="#[c]">cli_setpower</a> from app_cli.o(.text.cli_setpower) referenced 2 times from app_cli.o(.data.commands)
 <LI><a href="#[21]">cli_stopburst</a> from app_cli.o(.text.cli_stopburst) referenced 2 times from app_cli.o(.data.commands)
 <LI><a href="#[30]">cli_storeconfig</a> from app_cli.o(.text.cli_storeconfig) referenced 2 times from app_cli.o(.data.commands)
 <LI><a href="#[2e]">cli_sweeprx</a> from app_cli.o(.text.cli_sweeprx) referenced 2 times from app_cli.o(.data.commands)
 <LI><a href="#[2d]">cli_sweeptx</a> from app_cli.o(.text.cli_sweeptx) referenced 2 times from app_cli.o(.data.commands)
 <LI><a href="#[22]">cli_txstream</a> from app_cli.o(.text.cli_txstream) referenced 2 times from app_cli.o(.data.commands)
 <LI><a href="#[27]">cli_writereg</a> from app_cli.o(.text.cli_writereg) referenced 2 times from app_cli.o(.data.commands)
 <LI><a href="#[64]">fputc</a> from retarget.o(.text.fputc) referenced from printfa.o(i.__0printf)
 <LI><a href="#[61]">main</a> from main.o(.text.main) referenced from entry9a.o(.ARM.Collect$$$$0000000B)
</UL>
<P>
<H3>
Global Symbols
</H3>
<P><STRONG><a name="[63]"></a>__main</STRONG> (Thumb, 0 bytes, Stack size unknown bytes, entry.o(.ARM.Collect$$$$00000000))
<BR>[Address Reference Count : 1]<UL><LI> startup_tremo.o(.text)
</UL>
<P><STRONG><a name="[171]"></a>_main_stk</STRONG> (Thumb, 0 bytes, Stack size unknown bytes, entry2.o(.ARM.Collect$$$$00000001))

<P><STRONG><a name="[66]"></a>_main_scatterload</STRONG> (Thumb, 0 bytes, Stack size unknown bytes, entry5.o(.ARM.Collect$$$$00000004))
<BR><BR>[Calls]<UL><LI><a href="#[67]">&gt;&gt;</a>&nbsp;&nbsp;&nbsp;__scatterload
</UL>

<P><STRONG><a name="[84]"></a>__main_after_scatterload</STRONG> (Thumb, 0 bytes, Stack size unknown bytes, entry5.o(.ARM.Collect$$$$00000004))
<BR><BR>[Called By]<UL><LI><a href="#[67]">&gt;&gt;</a>&nbsp;&nbsp;&nbsp;__scatterload
</UL>

<P><STRONG><a name="[172]"></a>_main_clock</STRONG> (Thumb, 0 bytes, Stack size unknown bytes, entry7b.o(.ARM.Collect$$$$00000008))

<P><STRONG><a name="[173]"></a>_main_cpp_init</STRONG> (Thumb, 0 bytes, Stack size unknown bytes, entry8b.o(.ARM.Collect$$$$0000000A))

<P><STRONG><a name="[174]"></a>_main_init</STRONG> (Thumb, 0 bytes, Stack size unknown bytes, entry9a.o(.ARM.Collect$$$$0000000B))

<P><STRONG><a name="[175]"></a>__rt_final_cpp</STRONG> (Thumb, 0 bytes, Stack size unknown bytes, entry10a.o(.ARM.Collect$$$$0000000D))

<P><STRONG><a name="[176]"></a>__rt_final_exit</STRONG> (Thumb, 0 bytes, Stack size unknown bytes, entry11a.o(.ARM.Collect$$$$0000000F))

<P><STRONG><a name="[32]"></a>Reset_Handler</STRONG> (Thumb, 8 bytes, Stack size 0 bytes, startup_tremo.o(.text))
<BR>[Address Reference Count : 1]<UL><LI> startup_tremo.o(RESET)
</UL>
<P><STRONG><a name="[39]"></a>DebugMon_Handler</STRONG> (Thumb, 2 bytes, Stack size 0 bytes, startup_tremo.o(.text))
<BR><BR>[Calls]<UL><LI><a href="#[39]">&gt;&gt;</a>&nbsp;&nbsp;&nbsp;DebugMon_Handler
</UL>
<BR>[Called By]<UL><LI><a href="#[39]">&gt;&gt;</a>&nbsp;&nbsp;&nbsp;DebugMon_Handler
</UL>
<BR>[Address Reference Count : 1]<UL><LI> startup_tremo.o(RESET)
</UL>
<P><STRONG><a name="[4d]"></a>AFEC_IRQHandler</STRONG> (Thumb, 0 bytes, Stack size 0 bytes, startup_tremo.o(.text))
<BR><BR>[Calls]<UL><LI><a href="#[4d]">&gt;&gt;</a>&nbsp;&nbsp;&nbsp;AFEC_IRQHandler
</UL>
<BR>[Called By]<UL><LI><a href="#[4d]">&gt;&gt;</a>&nbsp;&nbsp;&nbsp;AFEC_IRQHandler
</UL>
<BR>[Address Reference Count : 1]<UL><LI> startup_tremo.o(RESET)
</UL>
<P><STRONG><a name="[58]"></a>BSTIMER1_IRQHandler</STRONG> (Thumb, 0 bytes, Stack size 0 bytes, startup_tremo.o(.text))
<BR>[Address Reference Count : 1]<UL><LI> startup_tremo.o(RESET)
</UL>
<P><STRONG><a name="[50]"></a>DAC_IRQHandler</STRONG> (Thumb, 0 bytes, Stack size 0 bytes, startup_tremo.o(.text))
<BR>[Address Reference Count : 1]<UL><LI> startup_tremo.o(RESET)
</UL>
<P><STRONG><a name="[5b]"></a>DMA0_IRQHandler</STRONG> (Thumb, 0 bytes, Stack size 0 bytes, startup_tremo.o(.text))
<BR>[Address Reference Count : 1]<UL><LI> startup_tremo.o(RESET)
</UL>
<P><STRONG><a name="[177]"></a>DMA1IRQHandler</STRONG> (Thumb, 0 bytes, Stack size 0 bytes, startup_tremo.o(.text), UNUSED)

<P><STRONG><a name="[4f]"></a>DMA1_IRQHandler</STRONG> (Thumb, 0 bytes, Stack size 0 bytes, startup_tremo.o(.text))
<BR>[Address Reference Count : 1]<UL><LI> startup_tremo.o(RESET)
</UL>
<P><STRONG><a name="[3f]"></a>EFC_IRQHandler</STRONG> (Thumb, 0 bytes, Stack size 0 bytes, startup_tremo.o(.text))
<BR>[Address Reference Count : 1]<UL><LI> startup_tremo.o(RESET)
</UL>
<P><STRONG><a name="[49]"></a>I2C0_IRQHandler</STRONG> (Thumb, 0 bytes, Stack size 0 bytes, startup_tremo.o(.text))
<BR>[Address Reference Count : 1]<UL><LI> startup_tremo.o(RESET)
</UL>
<P><STRONG><a name="[4a]"></a>I2C1_IRQHandler</STRONG> (Thumb, 0 bytes, Stack size 0 bytes, startup_tremo.o(.text))
<BR>[Address Reference Count : 1]<UL><LI> startup_tremo.o(RESET)
</UL>
<P><STRONG><a name="[41]"></a>I2C2_IRQHandler</STRONG> (Thumb, 0 bytes, Stack size 0 bytes, startup_tremo.o(.text))
<BR>[Address Reference Count : 1]<UL><LI> startup_tremo.o(RESET)
</UL>
<P><STRONG><a name="[5c]"></a>I2S_IRQHandler</STRONG> (Thumb, 0 bytes, Stack size 0 bytes, startup_tremo.o(.text))
<BR>[Address Reference Count : 1]<UL><LI> startup_tremo.o(RESET)
</UL>
<P><STRONG><a name="[60]"></a>IWDG_IRQHandler</STRONG> (Thumb, 0 bytes, Stack size 0 bytes, startup_tremo.o(.text))
<BR>[Address Reference Count : 1]<UL><LI> startup_tremo.o(RESET)
</UL>
<P><STRONG><a name="[5d]"></a>LCD_IRQHandler</STRONG> (Thumb, 0 bytes, Stack size 0 bytes, startup_tremo.o(.text))
<BR>[Address Reference Count : 1]<UL><LI> startup_tremo.o(RESET)
</UL>
<P><STRONG><a name="[51]"></a>LORA_IRQHandler</STRONG> (Thumb, 0 bytes, Stack size 0 bytes, startup_tremo.o(.text))
<BR>[Address Reference Count : 1]<UL><LI> startup_tremo.o(RESET)
</UL>
<P><STRONG><a name="[59]"></a>LPTIMER0_IRQHandler</STRONG> (Thumb, 0 bytes, Stack size 0 bytes, startup_tremo.o(.text))
<BR>[Address Reference Count : 1]<UL><LI> startup_tremo.o(RESET)
</UL>
<P><STRONG><a name="[5f]"></a>LPTIMER1_IRQHandler</STRONG> (Thumb, 0 bytes, Stack size 0 bytes, startup_tremo.o(.text))
<BR>[Address Reference Count : 1]<UL><LI> startup_tremo.o(RESET)
</UL>
<P><STRONG><a name="[45]"></a>LPUART_IRQHandler</STRONG> (Thumb, 0 bytes, Stack size 0 bytes, startup_tremo.o(.text))
<BR>[Address Reference Count : 1]<UL><LI> startup_tremo.o(RESET)
</UL>
<P><STRONG><a name="[48]"></a>QSPI_IRQHandler</STRONG> (Thumb, 0 bytes, Stack size 0 bytes, startup_tremo.o(.text))
<BR>[Address Reference Count : 1]<UL><LI> startup_tremo.o(RESET)
</UL>
<P><STRONG><a name="[5a]"></a>SAC_IRQHandler</STRONG> (Thumb, 0 bytes, Stack size 0 bytes, startup_tremo.o(.text))
<BR>[Address Reference Count : 1]<UL><LI> startup_tremo.o(RESET)
</UL>
<P><STRONG><a name="[4b]"></a>SCC_IRQHandler</STRONG> (Thumb, 0 bytes, Stack size 0 bytes, startup_tremo.o(.text))
<BR>[Address Reference Count : 1]<UL><LI> startup_tremo.o(RESET)
</UL>
<P><STRONG><a name="[3c]"></a>SEC_IRQHandler</STRONG> (Thumb, 0 bytes, Stack size 0 bytes, startup_tremo.o(.text))
<BR>[Address Reference Count : 1]<UL><LI> startup_tremo.o(RESET)
</UL>
<P><STRONG><a name="[46]"></a>SSP0_IRQHandler</STRONG> (Thumb, 0 bytes, Stack size 0 bytes, startup_tremo.o(.text))
<BR>[Address Reference Count : 1]<UL><LI> startup_tremo.o(RESET)
</UL>
<P><STRONG><a name="[47]"></a>SSP1_IRQHandler</STRONG> (Thumb, 0 bytes, Stack size 0 bytes, startup_tremo.o(.text))
<BR>[Address Reference Count : 1]<UL><LI> startup_tremo.o(RESET)
</UL>
<P><STRONG><a name="[4e]"></a>SSP2_IRQHandler</STRONG> (Thumb, 0 bytes, Stack size 0 bytes, startup_tremo.o(.text))
<BR>[Address Reference Count : 1]<UL><LI> startup_tremo.o(RESET)
</UL>
<P><STRONG><a name="[55]"></a>TIMER2_IRQHandler</STRONG> (Thumb, 0 bytes, Stack size 0 bytes, startup_tremo.o(.text))
<BR>[Address Reference Count : 1]<UL><LI> startup_tremo.o(RESET)
</UL>
<P><STRONG><a name="[56]"></a>TIMER3_IRQHandler</STRONG> (Thumb, 0 bytes, Stack size 0 bytes, startup_tremo.o(.text))
<BR>[Address Reference Count : 1]<UL><LI> startup_tremo.o(RESET)
</UL>
<P><STRONG><a name="[44]"></a>UART2_IRQHandler</STRONG> (Thumb, 0 bytes, Stack size 0 bytes, startup_tremo.o(.text))
<BR>[Address Reference Count : 1]<UL><LI> startup_tremo.o(RESET)
</UL>
<P><STRONG><a name="[40]"></a>UART3_IRQHandler</STRONG> (Thumb, 0 bytes, Stack size 0 bytes, startup_tremo.o(.text))
<BR>[Address Reference Count : 1]<UL><LI> startup_tremo.o(RESET)
</UL>
<P><STRONG><a name="[3e]"></a>WDG_IRQHandler</STRONG> (Thumb, 0 bytes, Stack size 0 bytes, startup_tremo.o(.text))
<BR>[Address Reference Count : 1]<UL><LI> startup_tremo.o(RESET)
</UL>
<P><STRONG><a name="[178]"></a>___aeabi_memcpy8$move</STRONG> (Thumb, 0 bytes, Stack size 8 bytes, memmovea.o(.text), UNUSED)

<P><STRONG><a name="[11c]"></a>__aeabi_memcpy</STRONG> (Thumb, 64 bytes, Stack size 8 bytes, memmovea.o(.text))
<BR><BR>[Stack]<UL><LI>Max Depth = 8<LI>Call Chain = __aeabi_memcpy
</UL>
<BR>[Called By]<UL><LI><a href="#[137]">&gt;&gt;</a>&nbsp;&nbsp;&nbsp;flash_program_bytes
<LI><a href="#[11b]">&gt;&gt;</a>&nbsp;&nbsp;&nbsp;ciProcessInput
</UL>

<P><STRONG><a name="[15c]"></a>__aeabi_memcpy4</STRONG> (Thumb, 0 bytes, Stack size 8 bytes, memmovea.o(.text))
<BR><BR>[Stack]<UL><LI>Max Depth = 8<LI>Call Chain = __aeabi_memcpy4
</UL>
<BR>[Called By]<UL><LI><a href="#[146]">&gt;&gt;</a>&nbsp;&nbsp;&nbsp;readconfig
<LI><a href="#[131]">&gt;&gt;</a>&nbsp;&nbsp;&nbsp;writeconfig
</UL>

<P><STRONG><a name="[120]"></a>__aeabi_memmove</STRONG> (Thumb, 0 bytes, Stack size 8 bytes, memmovea.o(.text))
<BR><BR>[Stack]<UL><LI>Max Depth = 8<LI>Call Chain = __aeabi_memmove
</UL>
<BR>[Called By]<UL><LI><a href="#[11b]">&gt;&gt;</a>&nbsp;&nbsp;&nbsp;ciProcessInput
</UL>

<P><STRONG><a name="[179]"></a>__aeabi_memmove4</STRONG> (Thumb, 0 bytes, Stack size 8 bytes, memmovea.o(.text), UNUSED)

<P><STRONG><a name="[17a]"></a>__aeabi_memmove8</STRONG> (Thumb, 0 bytes, Stack size 8 bytes, memmovea.o(.text), UNUSED)

<P><STRONG><a name="[69]"></a>__aeabi_memset</STRONG> (Thumb, 14 bytes, Stack size 0 bytes, memseta.o(.text))
<BR><BR>[Called By]<UL><LI><a href="#[68]">&gt;&gt;</a>&nbsp;&nbsp;&nbsp;__aeabi_memclr
<LI><a href="#[6a]">&gt;&gt;</a>&nbsp;&nbsp;&nbsp;_memset$wrapper
</UL>

<P><STRONG><a name="[cc]"></a>__aeabi_memset4</STRONG> (Thumb, 0 bytes, Stack size 0 bytes, memseta.o(.text))
<BR><BR>[Called By]<UL><LI><a href="#[cb]">&gt;&gt;</a>&nbsp;&nbsp;&nbsp;SSD1306_Clear
</UL>

<P><STRONG><a name="[17b]"></a>__aeabi_memset8</STRONG> (Thumb, 0 bytes, Stack size 0 bytes, memseta.o(.text), UNUSED)

<P><STRONG><a name="[68]"></a>__aeabi_memclr</STRONG> (Thumb, 4 bytes, Stack size 0 bytes, memseta.o(.text))
<BR><BR>[Calls]<UL><LI><a href="#[69]">&gt;&gt;</a>&nbsp;&nbsp;&nbsp;__aeabi_memset
</UL>
<BR>[Called By]<UL><LI><a href="#[fd]">&gt;&gt;</a>&nbsp;&nbsp;&nbsp;SX126X_readRegs
</UL>

<P><STRONG><a name="[cd]"></a>__aeabi_memclr4</STRONG> (Thumb, 0 bytes, Stack size 0 bytes, memseta.o(.text))
<BR><BR>[Called By]<UL><LI><a href="#[cb]">&gt;&gt;</a>&nbsp;&nbsp;&nbsp;SSD1306_Clear
</UL>

<P><STRONG><a name="[17c]"></a>__aeabi_memclr8</STRONG> (Thumb, 0 bytes, Stack size 0 bytes, memseta.o(.text), UNUSED)

<P><STRONG><a name="[6a]"></a>_memset$wrapper</STRONG> (Thumb, 18 bytes, Stack size 8 bytes, memseta.o(.text), UNUSED)
<BR><BR>[Calls]<UL><LI><a href="#[69]">&gt;&gt;</a>&nbsp;&nbsp;&nbsp;__aeabi_memset
</UL>

<P><STRONG><a name="[11f]"></a>strchr</STRONG> (Thumb, 20 bytes, Stack size 0 bytes, strchr.o(.text))
<BR><BR>[Called By]<UL><LI><a href="#[11b]">&gt;&gt;</a>&nbsp;&nbsp;&nbsp;ciProcessInput
</UL>

<P><STRONG><a name="[119]"></a>strlen</STRONG> (Thumb, 14 bytes, Stack size 0 bytes, strlen.o(.text))
<BR><BR>[Called By]<UL><LI><a href="#[11b]">&gt;&gt;</a>&nbsp;&nbsp;&nbsp;ciProcessInput
<LI><a href="#[118]">&gt;&gt;</a>&nbsp;&nbsp;&nbsp;ciPrintHelp
</UL>

<P><STRONG><a name="[11d]"></a>strspn</STRONG> (Thumb, 28 bytes, Stack size 12 bytes, strspn.o(.text))
<BR><BR>[Stack]<UL><LI>Max Depth = 12<LI>Call Chain = strspn
</UL>
<BR>[Called By]<UL><LI><a href="#[11b]">&gt;&gt;</a>&nbsp;&nbsp;&nbsp;ciProcessInput
</UL>

<P><STRONG><a name="[11e]"></a>strcspn</STRONG> (Thumb, 34 bytes, Stack size 12 bytes, strcspn.o(.text))
<BR><BR>[Stack]<UL><LI>Max Depth = 12<LI>Call Chain = strcspn
</UL>
<BR>[Called By]<UL><LI><a href="#[11b]">&gt;&gt;</a>&nbsp;&nbsp;&nbsp;ciProcessInput
</UL>

<P><STRONG><a name="[6b]"></a>strcasecmp</STRONG> (Thumb, 42 bytes, Stack size 24 bytes, strcasecmp.o(.text))
<BR><BR>[Stack]<UL><LI>Max Depth = 24<LI>Call Chain = strcasecmp
</UL>
<BR>[Calls]<UL><LI><a href="#[6c]">&gt;&gt;</a>&nbsp;&nbsp;&nbsp;tolower
</UL>
<BR>[Called By]<UL><LI><a href="#[11b]">&gt;&gt;</a>&nbsp;&nbsp;&nbsp;ciProcessInput
</UL>

<P><STRONG><a name="[6d]"></a>strtol</STRONG> (Thumb, 112 bytes, Stack size 32 bytes, strtol.o(.text))
<BR><BR>[Stack]<UL><LI>Max Depth = 72<LI>Call Chain = strtol &rArr; _strtoul
</UL>
<BR>[Calls]<UL><LI><a href="#[6f]">&gt;&gt;</a>&nbsp;&nbsp;&nbsp;_strtoul
<LI><a href="#[6e]">&gt;&gt;</a>&nbsp;&nbsp;&nbsp;__rt_ctype_table
<LI><a href="#[70]">&gt;&gt;</a>&nbsp;&nbsp;&nbsp;__aeabi_errno_addr
</UL>
<BR>[Called By]<UL><LI><a href="#[11b]">&gt;&gt;</a>&nbsp;&nbsp;&nbsp;ciProcessInput
<LI><a href="#[116]">&gt;&gt;</a>&nbsp;&nbsp;&nbsp;ciGetSigned
</UL>

<P><STRONG><a name="[71]"></a>strtoul</STRONG> (Thumb, 114 bytes, Stack size 40 bytes, strtoul.o(.text))
<BR><BR>[Stack]<UL><LI>Max Depth = 80<LI>Call Chain = strtoul &rArr; _strtoul
</UL>
<BR>[Calls]<UL><LI><a href="#[6f]">&gt;&gt;</a>&nbsp;&nbsp;&nbsp;_strtoul
<LI><a href="#[6e]">&gt;&gt;</a>&nbsp;&nbsp;&nbsp;__rt_ctype_table
<LI><a href="#[70]">&gt;&gt;</a>&nbsp;&nbsp;&nbsp;__aeabi_errno_addr
</UL>
<BR>[Called By]<UL><LI><a href="#[11b]">&gt;&gt;</a>&nbsp;&nbsp;&nbsp;ciProcessInput
<LI><a href="#[117]">&gt;&gt;</a>&nbsp;&nbsp;&nbsp;ciGetUnsigned
</UL>

<P><STRONG><a name="[72]"></a>__aeabi_dadd</STRONG> (Thumb, 322 bytes, Stack size 48 bytes, dadd.o(.text))
<BR><BR>[Stack]<UL><LI>Max Depth = 88<LI>Call Chain = __aeabi_dadd &rArr; _double_epilogue &rArr; _double_round
</UL>
<BR>[Calls]<UL><LI><a href="#[74]">&gt;&gt;</a>&nbsp;&nbsp;&nbsp;__aeabi_lasr
<LI><a href="#[73]">&gt;&gt;</a>&nbsp;&nbsp;&nbsp;__aeabi_llsl
<LI><a href="#[76]">&gt;&gt;</a>&nbsp;&nbsp;&nbsp;_double_round
<LI><a href="#[75]">&gt;&gt;</a>&nbsp;&nbsp;&nbsp;_double_epilogue
</UL>
<BR>[Called By]<UL><LI><a href="#[10a]">&gt;&gt;</a>&nbsp;&nbsp;&nbsp;adc_get_calibration_value
<LI><a href="#[a2]">&gt;&gt;</a>&nbsp;&nbsp;&nbsp;LR112X_GetVbat
<LI><a href="#[a1]">&gt;&gt;</a>&nbsp;&nbsp;&nbsp;LR112X_GetTemp
<LI><a href="#[8]">&gt;&gt;</a>&nbsp;&nbsp;&nbsp;cli_setkfreq
<LI><a href="#[4c]">&gt;&gt;</a>&nbsp;&nbsp;&nbsp;ADC_IRQHandler
<LI><a href="#[78]">&gt;&gt;</a>&nbsp;&nbsp;&nbsp;__aeabi_drsub
<LI><a href="#[77]">&gt;&gt;</a>&nbsp;&nbsp;&nbsp;__aeabi_dsub
<LI><a href="#[16c]">&gt;&gt;</a>&nbsp;&nbsp;&nbsp;_fp_digits
</UL>

<P><STRONG><a name="[77]"></a>__aeabi_dsub</STRONG> (Thumb, 6 bytes, Stack size 0 bytes, dadd.o(.text), UNUSED)
<BR><BR>[Calls]<UL><LI><a href="#[72]">&gt;&gt;</a>&nbsp;&nbsp;&nbsp;__aeabi_dadd
</UL>

<P><STRONG><a name="[78]"></a>__aeabi_drsub</STRONG> (Thumb, 6 bytes, Stack size 0 bytes, dadd.o(.text), UNUSED)
<BR><BR>[Calls]<UL><LI><a href="#[72]">&gt;&gt;</a>&nbsp;&nbsp;&nbsp;__aeabi_dadd
</UL>

<P><STRONG><a name="[79]"></a>__aeabi_dmul</STRONG> (Thumb, 228 bytes, Stack size 48 bytes, dmul.o(.text))
<BR><BR>[Stack]<UL><LI>Max Depth = 88<LI>Call Chain = __aeabi_dmul &rArr; _double_epilogue &rArr; _double_round
</UL>
<BR>[Calls]<UL><LI><a href="#[75]">&gt;&gt;</a>&nbsp;&nbsp;&nbsp;_double_epilogue
</UL>
<BR>[Called By]<UL><LI><a href="#[10a]">&gt;&gt;</a>&nbsp;&nbsp;&nbsp;adc_get_calibration_value
<LI><a href="#[a2]">&gt;&gt;</a>&nbsp;&nbsp;&nbsp;LR112X_GetVbat
<LI><a href="#[a1]">&gt;&gt;</a>&nbsp;&nbsp;&nbsp;LR112X_GetTemp
<LI><a href="#[4c]">&gt;&gt;</a>&nbsp;&nbsp;&nbsp;ADC_IRQHandler
<LI><a href="#[16c]">&gt;&gt;</a>&nbsp;&nbsp;&nbsp;_fp_digits
</UL>

<P><STRONG><a name="[7a]"></a>__aeabi_ddiv</STRONG> (Thumb, 222 bytes, Stack size 32 bytes, ddiv.o(.text))
<BR><BR>[Stack]<UL><LI>Max Depth = 40<LI>Call Chain = __aeabi_ddiv &rArr; _double_round
</UL>
<BR>[Calls]<UL><LI><a href="#[76]">&gt;&gt;</a>&nbsp;&nbsp;&nbsp;_double_round
</UL>
<BR>[Called By]<UL><LI><a href="#[12c]">&gt;&gt;</a>&nbsp;&nbsp;&nbsp;radio_set_frequency
<LI><a href="#[8]">&gt;&gt;</a>&nbsp;&nbsp;&nbsp;cli_setkfreq
<LI><a href="#[fb]">&gt;&gt;</a>&nbsp;&nbsp;&nbsp;SX126X_configcommon
<LI><a href="#[4c]">&gt;&gt;</a>&nbsp;&nbsp;&nbsp;ADC_IRQHandler
<LI><a href="#[16c]">&gt;&gt;</a>&nbsp;&nbsp;&nbsp;_fp_digits
</UL>

<P><STRONG><a name="[7b]"></a>__aeabi_i2d</STRONG> (Thumb, 34 bytes, Stack size 16 bytes, dflti.o(.text))
<BR><BR>[Stack]<UL><LI>Max Depth = 56<LI>Call Chain = __aeabi_i2d &rArr; _double_epilogue &rArr; _double_round
</UL>
<BR>[Calls]<UL><LI><a href="#[75]">&gt;&gt;</a>&nbsp;&nbsp;&nbsp;_double_epilogue
</UL>
<BR>[Called By]<UL><LI><a href="#[8]">&gt;&gt;</a>&nbsp;&nbsp;&nbsp;cli_setkfreq
</UL>

<P><STRONG><a name="[7c]"></a>__aeabi_ui2d</STRONG> (Thumb, 26 bytes, Stack size 16 bytes, dfltui.o(.text))
<BR><BR>[Stack]<UL><LI>Max Depth = 56<LI>Call Chain = __aeabi_ui2d &rArr; _double_epilogue &rArr; _double_round
</UL>
<BR>[Calls]<UL><LI><a href="#[75]">&gt;&gt;</a>&nbsp;&nbsp;&nbsp;_double_epilogue
</UL>
<BR>[Called By]<UL><LI><a href="#[10a]">&gt;&gt;</a>&nbsp;&nbsp;&nbsp;adc_get_calibration_value
<LI><a href="#[a2]">&gt;&gt;</a>&nbsp;&nbsp;&nbsp;LR112X_GetVbat
<LI><a href="#[12c]">&gt;&gt;</a>&nbsp;&nbsp;&nbsp;radio_set_frequency
<LI><a href="#[fb]">&gt;&gt;</a>&nbsp;&nbsp;&nbsp;SX126X_configcommon
<LI><a href="#[4c]">&gt;&gt;</a>&nbsp;&nbsp;&nbsp;ADC_IRQHandler
</UL>

<P><STRONG><a name="[7d]"></a>__aeabi_d2uiz</STRONG> (Thumb, 50 bytes, Stack size 8 bytes, dfixui.o(.text))
<BR><BR>[Stack]<UL><LI>Max Depth = 8<LI>Call Chain = __aeabi_d2uiz
</UL>
<BR>[Calls]<UL><LI><a href="#[7e]">&gt;&gt;</a>&nbsp;&nbsp;&nbsp;__aeabi_llsr
</UL>
<BR>[Called By]<UL><LI><a href="#[12c]">&gt;&gt;</a>&nbsp;&nbsp;&nbsp;radio_set_frequency
<LI><a href="#[fb]">&gt;&gt;</a>&nbsp;&nbsp;&nbsp;SX126X_configcommon
</UL>

<P><STRONG><a name="[89]"></a>__aeabi_f2d</STRONG> (Thumb, 38 bytes, Stack size 0 bytes, f2d.o(.text))
<BR><BR>[Called By]<UL><LI><a href="#[14a]">&gt;&gt;</a>&nbsp;&nbsp;&nbsp;radio_proc
<LI><a href="#[149]">&gt;&gt;</a>&nbsp;&nbsp;&nbsp;updatescreen
<LI><a href="#[25]">&gt;&gt;</a>&nbsp;&nbsp;&nbsp;cli_getvcc
<LI><a href="#[a1]">&gt;&gt;</a>&nbsp;&nbsp;&nbsp;LR112X_GetTemp
<LI><a href="#[24]">&gt;&gt;</a>&nbsp;&nbsp;&nbsp;cli_gettemp
<LI><a href="#[23]">&gt;&gt;</a>&nbsp;&nbsp;&nbsp;cli_getvt
<LI><a href="#[11]">&gt;&gt;</a>&nbsp;&nbsp;&nbsp;cli_lr_setmodparams
<LI><a href="#[f]">&gt;&gt;</a>&nbsp;&nbsp;&nbsp;cli_getRSSI
<LI><a href="#[8]">&gt;&gt;</a>&nbsp;&nbsp;&nbsp;cli_setkfreq
<LI><a href="#[7]">&gt;&gt;</a>&nbsp;&nbsp;&nbsp;cli_getkfreq
<LI><a href="#[4c]">&gt;&gt;</a>&nbsp;&nbsp;&nbsp;ADC_IRQHandler
</UL>

<P><STRONG><a name="[7f]"></a>__aeabi_d2f</STRONG> (Thumb, 56 bytes, Stack size 8 bytes, d2f.o(.text))
<BR><BR>[Stack]<UL><LI>Max Depth = 8<LI>Call Chain = __aeabi_d2f
</UL>
<BR>[Calls]<UL><LI><a href="#[80]">&gt;&gt;</a>&nbsp;&nbsp;&nbsp;_float_round
</UL>
<BR>[Called By]<UL><LI><a href="#[10a]">&gt;&gt;</a>&nbsp;&nbsp;&nbsp;adc_get_calibration_value
<LI><a href="#[a2]">&gt;&gt;</a>&nbsp;&nbsp;&nbsp;LR112X_GetVbat
<LI><a href="#[a1]">&gt;&gt;</a>&nbsp;&nbsp;&nbsp;LR112X_GetTemp
<LI><a href="#[8]">&gt;&gt;</a>&nbsp;&nbsp;&nbsp;cli_setkfreq
<LI><a href="#[4c]">&gt;&gt;</a>&nbsp;&nbsp;&nbsp;ADC_IRQHandler
</UL>

<P><STRONG><a name="[17d]"></a>__aeabi_uidiv</STRONG> (Thumb, 0 bytes, Stack size 12 bytes, uidiv.o(.text), UNUSED)

<P><STRONG><a name="[170]"></a>__aeabi_uidivmod</STRONG> (Thumb, 44 bytes, Stack size 12 bytes, uidiv.o(.text), UNUSED)
<BR><BR>[Called By]<UL><LI><a href="#[16a]">&gt;&gt;</a>&nbsp;&nbsp;&nbsp;_printf_core
</UL>

<P><STRONG><a name="[81]"></a>__aeabi_uldivmod</STRONG> (Thumb, 98 bytes, Stack size 40 bytes, uldiv.o(.text), UNUSED)
<BR><BR>[Calls]<UL><LI><a href="#[7e]">&gt;&gt;</a>&nbsp;&nbsp;&nbsp;__aeabi_llsr
<LI><a href="#[73]">&gt;&gt;</a>&nbsp;&nbsp;&nbsp;__aeabi_llsl
</UL>
<BR>[Called By]<UL><LI><a href="#[16a]">&gt;&gt;</a>&nbsp;&nbsp;&nbsp;_printf_core
<LI><a href="#[16c]">&gt;&gt;</a>&nbsp;&nbsp;&nbsp;_fp_digits
</UL>

<P><STRONG><a name="[73]"></a>__aeabi_llsl</STRONG> (Thumb, 30 bytes, Stack size 0 bytes, llshl.o(.text))
<BR><BR>[Called By]<UL><LI><a href="#[72]">&gt;&gt;</a>&nbsp;&nbsp;&nbsp;__aeabi_dadd
<LI><a href="#[81]">&gt;&gt;</a>&nbsp;&nbsp;&nbsp;__aeabi_uldivmod
<LI><a href="#[75]">&gt;&gt;</a>&nbsp;&nbsp;&nbsp;_double_epilogue
<LI><a href="#[83]">&gt;&gt;</a>&nbsp;&nbsp;&nbsp;__aeabi_d2ulz
</UL>

<P><STRONG><a name="[17e]"></a>_ll_shift_l</STRONG> (Thumb, 0 bytes, Stack size 0 bytes, llshl.o(.text), UNUSED)

<P><STRONG><a name="[7e]"></a>__aeabi_llsr</STRONG> (Thumb, 32 bytes, Stack size 0 bytes, llushr.o(.text))
<BR><BR>[Called By]<UL><LI><a href="#[7d]">&gt;&gt;</a>&nbsp;&nbsp;&nbsp;__aeabi_d2uiz
<LI><a href="#[81]">&gt;&gt;</a>&nbsp;&nbsp;&nbsp;__aeabi_uldivmod
<LI><a href="#[75]">&gt;&gt;</a>&nbsp;&nbsp;&nbsp;_double_epilogue
<LI><a href="#[83]">&gt;&gt;</a>&nbsp;&nbsp;&nbsp;__aeabi_d2ulz
</UL>

<P><STRONG><a name="[17f]"></a>_ll_ushift_r</STRONG> (Thumb, 0 bytes, Stack size 0 bytes, llushr.o(.text), UNUSED)

<P><STRONG><a name="[74]"></a>__aeabi_lasr</STRONG> (Thumb, 36 bytes, Stack size 0 bytes, llsshr.o(.text))
<BR><BR>[Called By]<UL><LI><a href="#[72]">&gt;&gt;</a>&nbsp;&nbsp;&nbsp;__aeabi_dadd
</UL>

<P><STRONG><a name="[180]"></a>_ll_sshift_r</STRONG> (Thumb, 0 bytes, Stack size 0 bytes, llsshr.o(.text), UNUSED)

<P><STRONG><a name="[6e]"></a>__rt_ctype_table</STRONG> (Thumb, 4 bytes, Stack size 0 bytes, ctype_o.o(.text))
<BR><BR>[Called By]<UL><LI><a href="#[71]">&gt;&gt;</a>&nbsp;&nbsp;&nbsp;strtoul
<LI><a href="#[6d]">&gt;&gt;</a>&nbsp;&nbsp;&nbsp;strtol
</UL>

<P><STRONG><a name="[6c]"></a>tolower</STRONG> (Thumb, 12 bytes, Stack size 0 bytes, tolower.o(.text))
<BR><BR>[Called By]<UL><LI><a href="#[6b]">&gt;&gt;</a>&nbsp;&nbsp;&nbsp;strcasecmp
</UL>

<P><STRONG><a name="[6f]"></a>_strtoul</STRONG> (Thumb, 158 bytes, Stack size 40 bytes, _strtoul.o(.text))
<BR><BR>[Stack]<UL><LI>Max Depth = 40<LI>Call Chain = _strtoul
</UL>
<BR>[Calls]<UL><LI><a href="#[82]">&gt;&gt;</a>&nbsp;&nbsp;&nbsp;_chval
<LI><a href="#[70]">&gt;&gt;</a>&nbsp;&nbsp;&nbsp;__aeabi_errno_addr
</UL>
<BR>[Called By]<UL><LI><a href="#[71]">&gt;&gt;</a>&nbsp;&nbsp;&nbsp;strtoul
<LI><a href="#[6d]">&gt;&gt;</a>&nbsp;&nbsp;&nbsp;strtol
</UL>

<P><STRONG><a name="[181]"></a>__I$use$fp</STRONG> (Thumb, 0 bytes, Stack size 0 bytes, iusefp.o(.text), UNUSED)

<P><STRONG><a name="[80]"></a>_float_round</STRONG> (Thumb, 18 bytes, Stack size 0 bytes, fepilogue.o(.text))
<BR><BR>[Called By]<UL><LI><a href="#[7f]">&gt;&gt;</a>&nbsp;&nbsp;&nbsp;__aeabi_d2f
</UL>

<P><STRONG><a name="[182]"></a>_float_epilogue</STRONG> (Thumb, 92 bytes, Stack size 4 bytes, fepilogue.o(.text), UNUSED)

<P><STRONG><a name="[76]"></a>_double_round</STRONG> (Thumb, 30 bytes, Stack size 8 bytes, depilogue.o(.text))
<BR><BR>[Stack]<UL><LI>Max Depth = 8<LI>Call Chain = _double_round
</UL>
<BR>[Called By]<UL><LI><a href="#[72]">&gt;&gt;</a>&nbsp;&nbsp;&nbsp;__aeabi_dadd
<LI><a href="#[7a]">&gt;&gt;</a>&nbsp;&nbsp;&nbsp;__aeabi_ddiv
<LI><a href="#[75]">&gt;&gt;</a>&nbsp;&nbsp;&nbsp;_double_epilogue
</UL>

<P><STRONG><a name="[75]"></a>_double_epilogue</STRONG> (Thumb, 156 bytes, Stack size 32 bytes, depilogue.o(.text))
<BR><BR>[Stack]<UL><LI>Max Depth = 40<LI>Call Chain = _double_epilogue &rArr; _double_round
</UL>
<BR>[Calls]<UL><LI><a href="#[7e]">&gt;&gt;</a>&nbsp;&nbsp;&nbsp;__aeabi_llsr
<LI><a href="#[73]">&gt;&gt;</a>&nbsp;&nbsp;&nbsp;__aeabi_llsl
<LI><a href="#[76]">&gt;&gt;</a>&nbsp;&nbsp;&nbsp;_double_round
</UL>
<BR>[Called By]<UL><LI><a href="#[79]">&gt;&gt;</a>&nbsp;&nbsp;&nbsp;__aeabi_dmul
<LI><a href="#[7c]">&gt;&gt;</a>&nbsp;&nbsp;&nbsp;__aeabi_ui2d
<LI><a href="#[72]">&gt;&gt;</a>&nbsp;&nbsp;&nbsp;__aeabi_dadd
<LI><a href="#[7b]">&gt;&gt;</a>&nbsp;&nbsp;&nbsp;__aeabi_i2d
</UL>

<P><STRONG><a name="[83]"></a>__aeabi_d2ulz</STRONG> (Thumb, 48 bytes, Stack size 0 bytes, dfixul.o(.text), UNUSED)
<BR><BR>[Calls]<UL><LI><a href="#[7e]">&gt;&gt;</a>&nbsp;&nbsp;&nbsp;__aeabi_llsr
<LI><a href="#[73]">&gt;&gt;</a>&nbsp;&nbsp;&nbsp;__aeabi_llsl
</UL>
<BR>[Called By]<UL><LI><a href="#[16c]">&gt;&gt;</a>&nbsp;&nbsp;&nbsp;_fp_digits
</UL>

<P><STRONG><a name="[16d]"></a>__aeabi_cdrcmple</STRONG> (Thumb, 48 bytes, Stack size 0 bytes, cdrcmple.o(.text), UNUSED)
<BR><BR>[Called By]<UL><LI><a href="#[16c]">&gt;&gt;</a>&nbsp;&nbsp;&nbsp;_fp_digits
</UL>

<P><STRONG><a name="[67]"></a>__scatterload</STRONG> (Thumb, 38 bytes, Stack size 0 bytes, init.o(.text))
<BR><BR>[Calls]<UL><LI><a href="#[84]">&gt;&gt;</a>&nbsp;&nbsp;&nbsp;__main_after_scatterload
</UL>
<BR>[Called By]<UL><LI><a href="#[66]">&gt;&gt;</a>&nbsp;&nbsp;&nbsp;_main_scatterload
</UL>

<P><STRONG><a name="[183]"></a>__scatterload_rt2</STRONG> (Thumb, 0 bytes, Stack size 0 bytes, init.o(.text), UNUSED)

<P><STRONG><a name="[82]"></a>_chval</STRONG> (Thumb, 28 bytes, Stack size 0 bytes, _chval.o(.text))
<BR><BR>[Called By]<UL><LI><a href="#[6f]">&gt;&gt;</a>&nbsp;&nbsp;&nbsp;_strtoul
</UL>

<P><STRONG><a name="[184]"></a>__decompress</STRONG> (Thumb, 0 bytes, Stack size unknown bytes, __dclz77c.o(.text), UNUSED)

<P><STRONG><a name="[185]"></a>__decompress2</STRONG> (Thumb, 94 bytes, Stack size unknown bytes, __dclz77c.o(.text), UNUSED)

<P><STRONG><a name="[4c]"></a>ADC_IRQHandler</STRONG> (Thumb, 160 bytes, Stack size 32 bytes, adc.o(.text.ADC_IRQHandler))
<BR><BR>[Stack]<UL><LI>Max Depth = 120<LI>Call Chain = ADC_IRQHandler &rArr; __aeabi_dmul &rArr; _double_epilogue &rArr; _double_round
</UL>
<BR>[Calls]<UL><LI><a href="#[79]">&gt;&gt;</a>&nbsp;&nbsp;&nbsp;__aeabi_dmul
<LI><a href="#[7c]">&gt;&gt;</a>&nbsp;&nbsp;&nbsp;__aeabi_ui2d
<LI><a href="#[88]">&gt;&gt;</a>&nbsp;&nbsp;&nbsp;adc_get_data
<LI><a href="#[86]">&gt;&gt;</a>&nbsp;&nbsp;&nbsp;adc_clear_interrupt_status
<LI><a href="#[85]">&gt;&gt;</a>&nbsp;&nbsp;&nbsp;adc_get_interrupt_status
<LI><a href="#[87]">&gt;&gt;</a>&nbsp;&nbsp;&nbsp;adc_start
<LI><a href="#[7f]">&gt;&gt;</a>&nbsp;&nbsp;&nbsp;__aeabi_d2f
<LI><a href="#[72]">&gt;&gt;</a>&nbsp;&nbsp;&nbsp;__aeabi_dadd
<LI><a href="#[7a]">&gt;&gt;</a>&nbsp;&nbsp;&nbsp;__aeabi_ddiv
<LI><a href="#[89]">&gt;&gt;</a>&nbsp;&nbsp;&nbsp;__aeabi_f2d
</UL>
<BR>[Address Reference Count : 1]<UL><LI> startup_tremo.o(RESET)
</UL>
<P><STRONG><a name="[57]"></a>BSTIMER0_IRQHandler</STRONG> (Thumb, 38 bytes, Stack size 8 bytes, beeper.o(.text.BSTIMER0_IRQHandler))
<BR><BR>[Stack]<UL><LI>Max Depth = 8<LI>Call Chain = BSTIMER0_IRQHandler
</UL>
<BR>[Calls]<UL><LI><a href="#[8b]">&gt;&gt;</a>&nbsp;&nbsp;&nbsp;gpio_toggle
<LI><a href="#[8a]">&gt;&gt;</a>&nbsp;&nbsp;&nbsp;bstimer_get_status
</UL>
<BR>[Address Reference Count : 1]<UL><LI> startup_tremo.o(RESET)
</UL>
<P><STRONG><a name="[36]"></a>BusFault_Handler</STRONG> (Thumb, 2 bytes, Stack size 0 bytes, tremo_it.o(.text.BusFault_Handler))
<BR><BR>[Calls]<UL><LI><a href="#[36]">&gt;&gt;</a>&nbsp;&nbsp;&nbsp;BusFault_Handler
</UL>
<BR>[Called By]<UL><LI><a href="#[36]">&gt;&gt;</a>&nbsp;&nbsp;&nbsp;BusFault_Handler
</UL>
<BR>[Address Reference Count : 1]<UL><LI> startup_tremo.o(RESET)
</UL>
<P><STRONG><a name="[52]"></a>GPIO_IRQHandler</STRONG> (Thumb, 46 bytes, Stack size 8 bytes, radio.o(.text.GPIO_IRQHandler))
<BR><BR>[Stack]<UL><LI>Max Depth = 8<LI>Call Chain = GPIO_IRQHandler
</UL>
<BR>[Calls]<UL><LI><a href="#[8c]">&gt;&gt;</a>&nbsp;&nbsp;&nbsp;gpio_get_interrupt_status
<LI><a href="#[8d]">&gt;&gt;</a>&nbsp;&nbsp;&nbsp;gpio_clear_interrupt
</UL>
<BR>[Address Reference Count : 1]<UL><LI> startup_tremo.o(RESET)
</UL>
<P><STRONG><a name="[8e]"></a>GUI_ShowChar</STRONG> (Thumb, 812 bytes, Stack size 56 bytes, gui.o(.text.GUI_ShowChar))
<BR><BR>[Stack]<UL><LI>Max Depth = 56<LI>Call Chain = GUI_ShowChar
</UL>
<BR>[Calls]<UL><LI><a href="#[8f]">&gt;&gt;</a>&nbsp;&nbsp;&nbsp;SSD1306_Set_Pixel
</UL>
<BR>[Called By]<UL><LI><a href="#[90]">&gt;&gt;</a>&nbsp;&nbsp;&nbsp;GUI_ShowString
</UL>

<P><STRONG><a name="[90]"></a>GUI_ShowString</STRONG> (Thumb, 110 bytes, Stack size 40 bytes, gui.o(.text.GUI_ShowString))
<BR><BR>[Stack]<UL><LI>Max Depth = 96<LI>Call Chain = GUI_ShowString &rArr; GUI_ShowChar
</UL>
<BR>[Calls]<UL><LI><a href="#[8e]">&gt;&gt;</a>&nbsp;&nbsp;&nbsp;GUI_ShowChar
<LI><a href="#[91]">&gt;&gt;</a>&nbsp;&nbsp;&nbsp;SSD1306_Display
</UL>
<BR>[Called By]<UL><LI><a href="#[14a]">&gt;&gt;</a>&nbsp;&nbsp;&nbsp;radio_proc
<LI><a href="#[149]">&gt;&gt;</a>&nbsp;&nbsp;&nbsp;updatescreen
<LI><a href="#[132]">&gt;&gt;</a>&nbsp;&nbsp;&nbsp;radio_scan
</UL>

<P><STRONG><a name="[34]"></a>HardFault_Handler</STRONG> (Thumb, 16 bytes, Stack size 0 bytes, tremo_it.o(.text.HardFault_Handler))
<BR><BR>[Stack]<UL><LI>Max Depth = 24<LI>Call Chain = HardFault_Handler &rArr; puts &rArr; fputc
</UL>
<BR>[Calls]<UL><LI><a href="#[94]">&gt;&gt;</a>&nbsp;&nbsp;&nbsp;__NVIC_SystemReset
<LI><a href="#[93]">&gt;&gt;</a>&nbsp;&nbsp;&nbsp;delay_ms
<LI><a href="#[92]">&gt;&gt;</a>&nbsp;&nbsp;&nbsp;puts
</UL>
<BR>[Address Reference Count : 1]<UL><LI> startup_tremo.o(RESET)
</UL>
<P><STRONG><a name="[95]"></a>LR112X_Calibrate</STRONG> (Thumb, 26 bytes, Stack size 16 bytes, lr112x.o(.text.LR112X_Calibrate))
<BR><BR>[Stack]<UL><LI>Max Depth = 48<LI>Call Chain = LR112X_Calibrate &rArr; LR112X_writeCmd
</UL>
<BR>[Calls]<UL><LI><a href="#[96]">&gt;&gt;</a>&nbsp;&nbsp;&nbsp;LR112X_writeCmd
</UL>
<BR>[Called By]<UL><LI><a href="#[c2]">&gt;&gt;</a>&nbsp;&nbsp;&nbsp;LR112X_config
<LI><a href="#[c3]">&gt;&gt;</a>&nbsp;&nbsp;&nbsp;LR112X_configcommon
</UL>

<P><STRONG><a name="[97]"></a>LR112X_ClearErrors</STRONG> (Thumb, 12 bytes, Stack size 0 bytes, lr112x.o(.text.LR112X_ClearErrors))
<BR><BR>[Stack]<UL><LI>Max Depth = 32<LI>Call Chain = LR112X_ClearErrors &rArr; LR112X_writeCmd
</UL>
<BR>[Calls]<UL><LI><a href="#[96]">&gt;&gt;</a>&nbsp;&nbsp;&nbsp;LR112X_writeCmd
</UL>
<BR>[Called By]<UL><LI><a href="#[c2]">&gt;&gt;</a>&nbsp;&nbsp;&nbsp;LR112X_config
</UL>

<P><STRONG><a name="[98]"></a>LR112X_ClearIrq</STRONG> (Thumb, 24 bytes, Stack size 16 bytes, lr112x.o(.text.LR112X_ClearIrq))
<BR><BR>[Stack]<UL><LI>Max Depth = 48<LI>Call Chain = LR112X_ClearIrq &rArr; LR112X_writeCmd
</UL>
<BR>[Calls]<UL><LI><a href="#[96]">&gt;&gt;</a>&nbsp;&nbsp;&nbsp;LR112X_writeCmd
</UL>
<BR>[Called By]<UL><LI><a href="#[14a]">&gt;&gt;</a>&nbsp;&nbsp;&nbsp;radio_proc
<LI><a href="#[c2]">&gt;&gt;</a>&nbsp;&nbsp;&nbsp;LR112X_config
</UL>

<P><STRONG><a name="[99]"></a>LR112X_ConfigLfClock</STRONG> (Thumb, 40 bytes, Stack size 16 bytes, lr112x.o(.text.LR112X_ConfigLfClock))
<BR><BR>[Stack]<UL><LI>Max Depth = 48<LI>Call Chain = LR112X_ConfigLfClock &rArr; LR112X_writeCmd
</UL>
<BR>[Calls]<UL><LI><a href="#[96]">&gt;&gt;</a>&nbsp;&nbsp;&nbsp;LR112X_writeCmd
</UL>
<BR>[Called By]<UL><LI><a href="#[c2]">&gt;&gt;</a>&nbsp;&nbsp;&nbsp;LR112X_config
</UL>

<P><STRONG><a name="[9a]"></a>LR112X_GetRssiInst</STRONG> (Thumb, 36 bytes, Stack size 24 bytes, lr112x.o(.text.LR112X_GetRssiInst))
<BR><BR>[Stack]<UL><LI>Max Depth = 64<LI>Call Chain = LR112X_GetRssiInst &rArr; LR112X_readCmd
</UL>
<BR>[Calls]<UL><LI><a href="#[9b]">&gt;&gt;</a>&nbsp;&nbsp;&nbsp;LR112X_readCmd
</UL>
<BR>[Called By]<UL><LI><a href="#[14a]">&gt;&gt;</a>&nbsp;&nbsp;&nbsp;radio_proc
<LI><a href="#[123]">&gt;&gt;</a>&nbsp;&nbsp;&nbsp;radio_get_rssi
</UL>

<P><STRONG><a name="[9c]"></a>LR112X_GetStatus</STRONG> (Thumb, 86 bytes, Stack size 16 bytes, lr112x.o(.text.LR112X_GetStatus))
<BR><BR>[Stack]<UL><LI>Max Depth = 32<LI>Call Chain = LR112X_GetStatus &rArr; LR112X_checkBusy
</UL>
<BR>[Calls]<UL><LI><a href="#[9f]">&gt;&gt;</a>&nbsp;&nbsp;&nbsp;LR112X_spi_transfer
<LI><a href="#[9d]">&gt;&gt;</a>&nbsp;&nbsp;&nbsp;LR112X_checkBusy
<LI><a href="#[a0]">&gt;&gt;</a>&nbsp;&nbsp;&nbsp;LR112X_deselect
<LI><a href="#[9e]">&gt;&gt;</a>&nbsp;&nbsp;&nbsp;LR112X_select
</UL>
<BR>[Called By]<UL><LI><a href="#[126]">&gt;&gt;</a>&nbsp;&nbsp;&nbsp;radio_getstatus
</UL>

<P><STRONG><a name="[a1]"></a>LR112X_GetTemp</STRONG> (Thumb, 128 bytes, Stack size 24 bytes, lr112x.o(.text.LR112X_GetTemp))
<BR><BR>[Stack]<UL><LI>Max Depth = 112<LI>Call Chain = LR112X_GetTemp &rArr; __aeabi_dmul &rArr; _double_epilogue &rArr; _double_round
</UL>
<BR>[Calls]<UL><LI><a href="#[79]">&gt;&gt;</a>&nbsp;&nbsp;&nbsp;__aeabi_dmul
<LI><a href="#[7f]">&gt;&gt;</a>&nbsp;&nbsp;&nbsp;__aeabi_d2f
<LI><a href="#[72]">&gt;&gt;</a>&nbsp;&nbsp;&nbsp;__aeabi_dadd
<LI><a href="#[89]">&gt;&gt;</a>&nbsp;&nbsp;&nbsp;__aeabi_f2d
<LI><a href="#[9b]">&gt;&gt;</a>&nbsp;&nbsp;&nbsp;LR112X_readCmd
</UL>
<BR>[Called By]<UL><LI><a href="#[24]">&gt;&gt;</a>&nbsp;&nbsp;&nbsp;cli_gettemp
</UL>

<P><STRONG><a name="[a2]"></a>LR112X_GetVbat</STRONG> (Thumb, 88 bytes, Stack size 24 bytes, lr112x.o(.text.LR112X_GetVbat))
<BR><BR>[Stack]<UL><LI>Max Depth = 112<LI>Call Chain = LR112X_GetVbat &rArr; __aeabi_dmul &rArr; _double_epilogue &rArr; _double_round
</UL>
<BR>[Calls]<UL><LI><a href="#[79]">&gt;&gt;</a>&nbsp;&nbsp;&nbsp;__aeabi_dmul
<LI><a href="#[7c]">&gt;&gt;</a>&nbsp;&nbsp;&nbsp;__aeabi_ui2d
<LI><a href="#[7f]">&gt;&gt;</a>&nbsp;&nbsp;&nbsp;__aeabi_d2f
<LI><a href="#[72]">&gt;&gt;</a>&nbsp;&nbsp;&nbsp;__aeabi_dadd
<LI><a href="#[9b]">&gt;&gt;</a>&nbsp;&nbsp;&nbsp;LR112X_readCmd
</UL>
<BR>[Called By]<UL><LI><a href="#[25]">&gt;&gt;</a>&nbsp;&nbsp;&nbsp;cli_getvcc
</UL>

<P><STRONG><a name="[a3]"></a>LR112X_ReadRegMem32</STRONG> (Thumb, 742 bytes, Stack size 48 bytes, lr112x_interface.o(.text.LR112X_ReadRegMem32))
<BR><BR>[Stack]<UL><LI>Max Depth = 48<LI>Call Chain = LR112X_ReadRegMem32
</UL>
<BR>[Calls]<UL><LI><a href="#[a4]">&gt;&gt;</a>&nbsp;&nbsp;&nbsp;gpio_read
<LI><a href="#[a5]">&gt;&gt;</a>&nbsp;&nbsp;&nbsp;gpio_write
</UL>
<BR>[Called By]<UL><LI><a href="#[122]">&gt;&gt;</a>&nbsp;&nbsp;&nbsp;radio_readregister
</UL>

<P><STRONG><a name="[a6]"></a>LR112X_RssiCal</STRONG> (Thumb, 76 bytes, Stack size 8 bytes, lr112x_config.o(.text.LR112X_RssiCal))
<BR><BR>[Stack]<UL><LI>Max Depth = 64<LI>Call Chain = LR112X_RssiCal &rArr; LR112X_SetRssiCalibration &rArr; LR112X_writeCmd
</UL>
<BR>[Calls]<UL><LI><a href="#[a7]">&gt;&gt;</a>&nbsp;&nbsp;&nbsp;LR112X_SetRssiCalibration
</UL>
<BR>[Called By]<UL><LI><a href="#[12c]">&gt;&gt;</a>&nbsp;&nbsp;&nbsp;radio_set_frequency
</UL>

<P><STRONG><a name="[a8]"></a>LR112X_SetDioAsRfSwitch</STRONG> (Thumb, 64 bytes, Stack size 24 bytes, lr112x.o(.text.LR112X_SetDioAsRfSwitch))
<BR><BR>[Stack]<UL><LI>Max Depth = 56<LI>Call Chain = LR112X_SetDioAsRfSwitch &rArr; LR112X_writeCmd
</UL>
<BR>[Calls]<UL><LI><a href="#[96]">&gt;&gt;</a>&nbsp;&nbsp;&nbsp;LR112X_writeCmd
</UL>
<BR>[Called By]<UL><LI><a href="#[c2]">&gt;&gt;</a>&nbsp;&nbsp;&nbsp;LR112X_config
</UL>

<P><STRONG><a name="[a9]"></a>LR112X_SetDioIrqParams</STRONG> (Thumb, 64 bytes, Stack size 16 bytes, lr112x.o(.text.LR112X_SetDioIrqParams))
<BR><BR>[Stack]<UL><LI>Max Depth = 48<LI>Call Chain = LR112X_SetDioIrqParams &rArr; LR112X_writeCmd
</UL>
<BR>[Calls]<UL><LI><a href="#[96]">&gt;&gt;</a>&nbsp;&nbsp;&nbsp;LR112X_writeCmd
</UL>
<BR>[Called By]<UL><LI><a href="#[c3]">&gt;&gt;</a>&nbsp;&nbsp;&nbsp;LR112X_configcommon
</UL>

<P><STRONG><a name="[aa]"></a>LR112X_SetFs</STRONG> (Thumb, 12 bytes, Stack size 0 bytes, lr112x.o(.text.LR112X_SetFs))
<BR><BR>[Stack]<UL><LI>Max Depth = 32<LI>Call Chain = LR112X_SetFs &rArr; LR112X_writeCmd
</UL>
<BR>[Calls]<UL><LI><a href="#[96]">&gt;&gt;</a>&nbsp;&nbsp;&nbsp;LR112X_writeCmd
</UL>
<BR>[Called By]<UL><LI><a href="#[14a]">&gt;&gt;</a>&nbsp;&nbsp;&nbsp;radio_proc
<LI><a href="#[c5]">&gt;&gt;</a>&nbsp;&nbsp;&nbsp;LR112X_setopmode
</UL>

<P><STRONG><a name="[ab]"></a>LR112X_SetFskModulationParams</STRONG> (Thumb, 90 bytes, Stack size 24 bytes, lr112x.o(.text.LR112X_SetFskModulationParams))
<BR><BR>[Stack]<UL><LI>Max Depth = 56<LI>Call Chain = LR112X_SetFskModulationParams &rArr; LR112X_writeCmd
</UL>
<BR>[Calls]<UL><LI><a href="#[96]">&gt;&gt;</a>&nbsp;&nbsp;&nbsp;LR112X_writeCmd
</UL>
<BR>[Called By]<UL><LI><a href="#[c2]">&gt;&gt;</a>&nbsp;&nbsp;&nbsp;LR112X_config
</UL>

<P><STRONG><a name="[ac]"></a>LR112X_SetFskPacketParams</STRONG> (Thumb, 72 bytes, Stack size 32 bytes, lr112x.o(.text.LR112X_SetFskPacketParams))
<BR><BR>[Stack]<UL><LI>Max Depth = 64<LI>Call Chain = LR112X_SetFskPacketParams &rArr; LR112X_writeCmd
</UL>
<BR>[Calls]<UL><LI><a href="#[96]">&gt;&gt;</a>&nbsp;&nbsp;&nbsp;LR112X_writeCmd
</UL>
<BR>[Called By]<UL><LI><a href="#[c2]">&gt;&gt;</a>&nbsp;&nbsp;&nbsp;LR112X_config
</UL>

<P><STRONG><a name="[ad]"></a>LR112X_SetGfskCrcParams</STRONG> (Thumb, 64 bytes, Stack size 16 bytes, lr112x.o(.text.LR112X_SetGfskCrcParams))
<BR><BR>[Stack]<UL><LI>Max Depth = 48<LI>Call Chain = LR112X_SetGfskCrcParams &rArr; LR112X_writeCmd
</UL>
<BR>[Calls]<UL><LI><a href="#[96]">&gt;&gt;</a>&nbsp;&nbsp;&nbsp;LR112X_writeCmd
</UL>
<BR>[Called By]<UL><LI><a href="#[c2]">&gt;&gt;</a>&nbsp;&nbsp;&nbsp;LR112X_config
</UL>

<P><STRONG><a name="[ae]"></a>LR112X_SetGfskSyncWord</STRONG> (Thumb, 12 bytes, Stack size 0 bytes, lr112x.o(.text.LR112X_SetGfskSyncWord))
<BR><BR>[Stack]<UL><LI>Max Depth = 32<LI>Call Chain = LR112X_SetGfskSyncWord &rArr; LR112X_writeCmd
</UL>
<BR>[Calls]<UL><LI><a href="#[96]">&gt;&gt;</a>&nbsp;&nbsp;&nbsp;LR112X_writeCmd
</UL>
<BR>[Called By]<UL><LI><a href="#[c2]">&gt;&gt;</a>&nbsp;&nbsp;&nbsp;LR112X_config
</UL>

<P><STRONG><a name="[af]"></a>LR112X_SetGfskWhitParams</STRONG> (Thumb, 28 bytes, Stack size 16 bytes, lr112x.o(.text.LR112X_SetGfskWhitParams))
<BR><BR>[Stack]<UL><LI>Max Depth = 48<LI>Call Chain = LR112X_SetGfskWhitParams &rArr; LR112X_writeCmd
</UL>
<BR>[Calls]<UL><LI><a href="#[96]">&gt;&gt;</a>&nbsp;&nbsp;&nbsp;LR112X_writeCmd
</UL>
<BR>[Called By]<UL><LI><a href="#[c2]">&gt;&gt;</a>&nbsp;&nbsp;&nbsp;LR112X_config
</UL>

<P><STRONG><a name="[b0]"></a>LR112X_SetLoRaModulationParams</STRONG> (Thumb, 80 bytes, Stack size 16 bytes, lr112x.o(.text.LR112X_SetLoRaModulationParams))
<BR><BR>[Stack]<UL><LI>Max Depth = 48<LI>Call Chain = LR112X_SetLoRaModulationParams &rArr; LR112X_writeCmd
</UL>
<BR>[Calls]<UL><LI><a href="#[96]">&gt;&gt;</a>&nbsp;&nbsp;&nbsp;LR112X_writeCmd
</UL>
<BR>[Called By]<UL><LI><a href="#[c2]">&gt;&gt;</a>&nbsp;&nbsp;&nbsp;LR112X_config
</UL>

<P><STRONG><a name="[b1]"></a>LR112X_SetLoRaPacketParams</STRONG> (Thumb, 76 bytes, Stack size 16 bytes, lr112x.o(.text.LR112X_SetLoRaPacketParams))
<BR><BR>[Stack]<UL><LI>Max Depth = 48<LI>Call Chain = LR112X_SetLoRaPacketParams &rArr; LR112X_writeCmd
</UL>
<BR>[Calls]<UL><LI><a href="#[96]">&gt;&gt;</a>&nbsp;&nbsp;&nbsp;LR112X_writeCmd
</UL>
<BR>[Called By]<UL><LI><a href="#[c2]">&gt;&gt;</a>&nbsp;&nbsp;&nbsp;LR112X_config
</UL>

<P><STRONG><a name="[b2]"></a>LR112X_SetLoRaSyncWord</STRONG> (Thumb, 26 bytes, Stack size 16 bytes, lr112x.o(.text.LR112X_SetLoRaSyncWord))
<BR><BR>[Stack]<UL><LI>Max Depth = 48<LI>Call Chain = LR112X_SetLoRaSyncWord &rArr; LR112X_writeCmd
</UL>
<BR>[Calls]<UL><LI><a href="#[96]">&gt;&gt;</a>&nbsp;&nbsp;&nbsp;LR112X_writeCmd
</UL>
<BR>[Called By]<UL><LI><a href="#[c2]">&gt;&gt;</a>&nbsp;&nbsp;&nbsp;LR112X_config
</UL>

<P><STRONG><a name="[b3]"></a>LR112X_SetPaConfig</STRONG> (Thumb, 58 bytes, Stack size 16 bytes, lr112x.o(.text.LR112X_SetPaConfig))
<BR><BR>[Stack]<UL><LI>Max Depth = 48<LI>Call Chain = LR112X_SetPaConfig &rArr; LR112X_writeCmd
</UL>
<BR>[Calls]<UL><LI><a href="#[96]">&gt;&gt;</a>&nbsp;&nbsp;&nbsp;LR112X_writeCmd
</UL>
<BR>[Called By]<UL><LI><a href="#[12c]">&gt;&gt;</a>&nbsp;&nbsp;&nbsp;radio_set_frequency
<LI><a href="#[c3]">&gt;&gt;</a>&nbsp;&nbsp;&nbsp;LR112X_configcommon
</UL>

<P><STRONG><a name="[b4]"></a>LR112X_SetPacketAdrs</STRONG> (Thumb, 30 bytes, Stack size 16 bytes, lr112x.o(.text.LR112X_SetPacketAdrs))
<BR><BR>[Stack]<UL><LI>Max Depth = 48<LI>Call Chain = LR112X_SetPacketAdrs &rArr; LR112X_writeCmd
</UL>
<BR>[Calls]<UL><LI><a href="#[96]">&gt;&gt;</a>&nbsp;&nbsp;&nbsp;LR112X_writeCmd
</UL>
<BR>[Called By]<UL><LI><a href="#[c2]">&gt;&gt;</a>&nbsp;&nbsp;&nbsp;LR112X_config
</UL>

<P><STRONG><a name="[b5]"></a>LR112X_SetPacketType</STRONG> (Thumb, 32 bytes, Stack size 16 bytes, lr112x.o(.text.LR112X_SetPacketType))
<BR><BR>[Stack]<UL><LI>Max Depth = 48<LI>Call Chain = LR112X_SetPacketType &rArr; LR112X_writeCmd
</UL>
<BR>[Calls]<UL><LI><a href="#[96]">&gt;&gt;</a>&nbsp;&nbsp;&nbsp;LR112X_writeCmd
</UL>
<BR>[Called By]<UL><LI><a href="#[c2]">&gt;&gt;</a>&nbsp;&nbsp;&nbsp;LR112X_config
</UL>

<P><STRONG><a name="[b6]"></a>LR112X_SetRegMode</STRONG> (Thumb, 26 bytes, Stack size 16 bytes, lr112x.o(.text.LR112X_SetRegMode))
<BR><BR>[Stack]<UL><LI>Max Depth = 48<LI>Call Chain = LR112X_SetRegMode &rArr; LR112X_writeCmd
</UL>
<BR>[Calls]<UL><LI><a href="#[96]">&gt;&gt;</a>&nbsp;&nbsp;&nbsp;LR112X_writeCmd
</UL>
<BR>[Called By]<UL><LI><a href="#[c2]">&gt;&gt;</a>&nbsp;&nbsp;&nbsp;LR112X_config
</UL>

<P><STRONG><a name="[b7]"></a>LR112X_SetRfFrequency</STRONG> (Thumb, 24 bytes, Stack size 16 bytes, lr112x.o(.text.LR112X_SetRfFrequency))
<BR><BR>[Stack]<UL><LI>Max Depth = 48<LI>Call Chain = LR112X_SetRfFrequency &rArr; LR112X_writeCmd
</UL>
<BR>[Calls]<UL><LI><a href="#[96]">&gt;&gt;</a>&nbsp;&nbsp;&nbsp;LR112X_writeCmd
</UL>
<BR>[Called By]<UL><LI><a href="#[12c]">&gt;&gt;</a>&nbsp;&nbsp;&nbsp;radio_set_frequency
<LI><a href="#[c3]">&gt;&gt;</a>&nbsp;&nbsp;&nbsp;LR112X_configcommon
</UL>

<P><STRONG><a name="[a7]"></a>LR112X_SetRssiCalibration</STRONG> (Thumb, 178 bytes, Stack size 24 bytes, lr112x.o(.text.LR112X_SetRssiCalibration))
<BR><BR>[Stack]<UL><LI>Max Depth = 56<LI>Call Chain = LR112X_SetRssiCalibration &rArr; LR112X_writeCmd
</UL>
<BR>[Calls]<UL><LI><a href="#[96]">&gt;&gt;</a>&nbsp;&nbsp;&nbsp;LR112X_writeCmd
</UL>
<BR>[Called By]<UL><LI><a href="#[a6]">&gt;&gt;</a>&nbsp;&nbsp;&nbsp;LR112X_RssiCal
<LI><a href="#[c3]">&gt;&gt;</a>&nbsp;&nbsp;&nbsp;LR112X_configcommon
</UL>

<P><STRONG><a name="[b8]"></a>LR112X_SetRx</STRONG> (Thumb, 48 bytes, Stack size 16 bytes, lr112x.o(.text.LR112X_SetRx))
<BR><BR>[Stack]<UL><LI>Max Depth = 48<LI>Call Chain = LR112X_SetRx &rArr; LR112X_writeCmd
</UL>
<BR>[Calls]<UL><LI><a href="#[96]">&gt;&gt;</a>&nbsp;&nbsp;&nbsp;LR112X_writeCmd
</UL>
<BR>[Called By]<UL><LI><a href="#[14a]">&gt;&gt;</a>&nbsp;&nbsp;&nbsp;radio_proc
<LI><a href="#[147]">&gt;&gt;</a>&nbsp;&nbsp;&nbsp;radio_init
<LI><a href="#[132]">&gt;&gt;</a>&nbsp;&nbsp;&nbsp;radio_scan
<LI><a href="#[133]">&gt;&gt;</a>&nbsp;&nbsp;&nbsp;radio_sweeptx
<LI><a href="#[134]">&gt;&gt;</a>&nbsp;&nbsp;&nbsp;radio_stream
<LI><a href="#[c5]">&gt;&gt;</a>&nbsp;&nbsp;&nbsp;LR112X_setopmode
</UL>

<P><STRONG><a name="[b9]"></a>LR112X_SetRxBoosted</STRONG> (Thumb, 26 bytes, Stack size 16 bytes, lr112x.o(.text.LR112X_SetRxBoosted))
<BR><BR>[Stack]<UL><LI>Max Depth = 48<LI>Call Chain = LR112X_SetRxBoosted &rArr; LR112X_writeCmd
</UL>
<BR>[Calls]<UL><LI><a href="#[96]">&gt;&gt;</a>&nbsp;&nbsp;&nbsp;LR112X_writeCmd
</UL>
<BR>[Called By]<UL><LI><a href="#[c3]">&gt;&gt;</a>&nbsp;&nbsp;&nbsp;LR112X_configcommon
</UL>

<P><STRONG><a name="[ba]"></a>LR112X_SetRxTxFallbackMode</STRONG> (Thumb, 32 bytes, Stack size 16 bytes, lr112x.o(.text.LR112X_SetRxTxFallbackMode))
<BR><BR>[Stack]<UL><LI>Max Depth = 48<LI>Call Chain = LR112X_SetRxTxFallbackMode &rArr; LR112X_writeCmd
</UL>
<BR>[Calls]<UL><LI><a href="#[96]">&gt;&gt;</a>&nbsp;&nbsp;&nbsp;LR112X_writeCmd
</UL>
<BR>[Called By]<UL><LI><a href="#[c3]">&gt;&gt;</a>&nbsp;&nbsp;&nbsp;LR112X_configcommon
</UL>

<P><STRONG><a name="[bb]"></a>LR112X_SetSleep</STRONG> (Thumb, 54 bytes, Stack size 16 bytes, lr112x.o(.text.LR112X_SetSleep))
<BR><BR>[Stack]<UL><LI>Max Depth = 48<LI>Call Chain = LR112X_SetSleep &rArr; LR112X_writeCmd
</UL>
<BR>[Calls]<UL><LI><a href="#[96]">&gt;&gt;</a>&nbsp;&nbsp;&nbsp;LR112X_writeCmd
</UL>
<BR>[Called By]<UL><LI><a href="#[c5]">&gt;&gt;</a>&nbsp;&nbsp;&nbsp;LR112X_setopmode
</UL>

<P><STRONG><a name="[bc]"></a>LR112X_SetStandby</STRONG> (Thumb, 32 bytes, Stack size 16 bytes, lr112x.o(.text.LR112X_SetStandby))
<BR><BR>[Stack]<UL><LI>Max Depth = 48<LI>Call Chain = LR112X_SetStandby &rArr; LR112X_writeCmd
</UL>
<BR>[Calls]<UL><LI><a href="#[96]">&gt;&gt;</a>&nbsp;&nbsp;&nbsp;LR112X_writeCmd
</UL>
<BR>[Called By]<UL><LI><a href="#[c2]">&gt;&gt;</a>&nbsp;&nbsp;&nbsp;LR112X_config
<LI><a href="#[c5]">&gt;&gt;</a>&nbsp;&nbsp;&nbsp;LR112X_setopmode
</UL>

<P><STRONG><a name="[bd]"></a>LR112X_SetTx</STRONG> (Thumb, 48 bytes, Stack size 16 bytes, lr112x.o(.text.LR112X_SetTx))
<BR><BR>[Stack]<UL><LI>Max Depth = 48<LI>Call Chain = LR112X_SetTx &rArr; LR112X_writeCmd
</UL>
<BR>[Calls]<UL><LI><a href="#[96]">&gt;&gt;</a>&nbsp;&nbsp;&nbsp;LR112X_writeCmd
</UL>
<BR>[Called By]<UL><LI><a href="#[c5]">&gt;&gt;</a>&nbsp;&nbsp;&nbsp;LR112X_setopmode
</UL>

<P><STRONG><a name="[be]"></a>LR112X_SetTxCw</STRONG> (Thumb, 12 bytes, Stack size 0 bytes, lr112x.o(.text.LR112X_SetTxCw))
<BR><BR>[Stack]<UL><LI>Max Depth = 32<LI>Call Chain = LR112X_SetTxCw &rArr; LR112X_writeCmd
</UL>
<BR>[Calls]<UL><LI><a href="#[96]">&gt;&gt;</a>&nbsp;&nbsp;&nbsp;LR112X_writeCmd
</UL>
<BR>[Called By]<UL><LI><a href="#[134]">&gt;&gt;</a>&nbsp;&nbsp;&nbsp;radio_stream
<LI><a href="#[c5]">&gt;&gt;</a>&nbsp;&nbsp;&nbsp;LR112X_setopmode
</UL>

<P><STRONG><a name="[bf]"></a>LR112X_SetTxInfinitePreamble</STRONG> (Thumb, 12 bytes, Stack size 0 bytes, lr112x.o(.text.LR112X_SetTxInfinitePreamble))
<BR><BR>[Stack]<UL><LI>Max Depth = 32<LI>Call Chain = LR112X_SetTxInfinitePreamble &rArr; LR112X_writeCmd
</UL>
<BR>[Calls]<UL><LI><a href="#[96]">&gt;&gt;</a>&nbsp;&nbsp;&nbsp;LR112X_writeCmd
</UL>
<BR>[Called By]<UL><LI><a href="#[134]">&gt;&gt;</a>&nbsp;&nbsp;&nbsp;radio_stream
<LI><a href="#[c5]">&gt;&gt;</a>&nbsp;&nbsp;&nbsp;LR112X_setopmode
</UL>

<P><STRONG><a name="[c0]"></a>LR112X_SetTxParams</STRONG> (Thumb, 30 bytes, Stack size 16 bytes, lr112x.o(.text.LR112X_SetTxParams))
<BR><BR>[Stack]<UL><LI>Max Depth = 48<LI>Call Chain = LR112X_SetTxParams &rArr; LR112X_writeCmd
</UL>
<BR>[Calls]<UL><LI><a href="#[96]">&gt;&gt;</a>&nbsp;&nbsp;&nbsp;LR112X_writeCmd
</UL>
<BR>[Called By]<UL><LI><a href="#[130]">&gt;&gt;</a>&nbsp;&nbsp;&nbsp;radio_setpower
<LI><a href="#[12c]">&gt;&gt;</a>&nbsp;&nbsp;&nbsp;radio_set_frequency
<LI><a href="#[c3]">&gt;&gt;</a>&nbsp;&nbsp;&nbsp;LR112X_configcommon
</UL>

<P><STRONG><a name="[c1]"></a>LR112X_WriteRegMem32</STRONG> (Thumb, 586 bytes, Stack size 40 bytes, lr112x_interface.o(.text.LR112X_WriteRegMem32))
<BR><BR>[Stack]<UL><LI>Max Depth = 40<LI>Call Chain = LR112X_WriteRegMem32
</UL>
<BR>[Calls]<UL><LI><a href="#[a4]">&gt;&gt;</a>&nbsp;&nbsp;&nbsp;gpio_read
<LI><a href="#[a5]">&gt;&gt;</a>&nbsp;&nbsp;&nbsp;gpio_write
</UL>
<BR>[Called By]<UL><LI><a href="#[135]">&gt;&gt;</a>&nbsp;&nbsp;&nbsp;radio_writeregister
</UL>

<P><STRONG><a name="[9d]"></a>LR112X_checkBusy</STRONG> (Thumb, 52 bytes, Stack size 16 bytes, lr112x_interface.o(.text.LR112X_checkBusy))
<BR><BR>[Stack]<UL><LI>Max Depth = 16<LI>Call Chain = LR112X_checkBusy
</UL>
<BR>[Calls]<UL><LI><a href="#[a4]">&gt;&gt;</a>&nbsp;&nbsp;&nbsp;gpio_read
</UL>
<BR>[Called By]<UL><LI><a href="#[9c]">&gt;&gt;</a>&nbsp;&nbsp;&nbsp;LR112X_GetStatus
</UL>

<P><STRONG><a name="[c2]"></a>LR112X_config</STRONG> (Thumb, 332 bytes, Stack size 56 bytes, lr112x_config.o(.text.LR112X_config))
<BR><BR>[Stack]<UL><LI>Max Depth = 136<LI>Call Chain = LR112X_config &rArr; LR112X_configcommon &rArr; LR112X_SetRssiCalibration &rArr; LR112X_writeCmd
</UL>
<BR>[Calls]<UL><LI><a href="#[93]">&gt;&gt;</a>&nbsp;&nbsp;&nbsp;delay_ms
<LI><a href="#[af]">&gt;&gt;</a>&nbsp;&nbsp;&nbsp;LR112X_SetGfskWhitParams
<LI><a href="#[ad]">&gt;&gt;</a>&nbsp;&nbsp;&nbsp;LR112X_SetGfskCrcParams
<LI><a href="#[b4]">&gt;&gt;</a>&nbsp;&nbsp;&nbsp;LR112X_SetPacketAdrs
<LI><a href="#[ae]">&gt;&gt;</a>&nbsp;&nbsp;&nbsp;LR112X_SetGfskSyncWord
<LI><a href="#[ac]">&gt;&gt;</a>&nbsp;&nbsp;&nbsp;LR112X_SetFskPacketParams
<LI><a href="#[ab]">&gt;&gt;</a>&nbsp;&nbsp;&nbsp;LR112X_SetFskModulationParams
<LI><a href="#[c3]">&gt;&gt;</a>&nbsp;&nbsp;&nbsp;LR112X_configcommon
<LI><a href="#[b2]">&gt;&gt;</a>&nbsp;&nbsp;&nbsp;LR112X_SetLoRaSyncWord
<LI><a href="#[b1]">&gt;&gt;</a>&nbsp;&nbsp;&nbsp;LR112X_SetLoRaPacketParams
<LI><a href="#[b0]">&gt;&gt;</a>&nbsp;&nbsp;&nbsp;LR112X_SetLoRaModulationParams
<LI><a href="#[b5]">&gt;&gt;</a>&nbsp;&nbsp;&nbsp;LR112X_SetPacketType
<LI><a href="#[98]">&gt;&gt;</a>&nbsp;&nbsp;&nbsp;LR112X_ClearIrq
<LI><a href="#[95]">&gt;&gt;</a>&nbsp;&nbsp;&nbsp;LR112X_Calibrate
<LI><a href="#[97]">&gt;&gt;</a>&nbsp;&nbsp;&nbsp;LR112X_ClearErrors
<LI><a href="#[99]">&gt;&gt;</a>&nbsp;&nbsp;&nbsp;LR112X_ConfigLfClock
<LI><a href="#[a8]">&gt;&gt;</a>&nbsp;&nbsp;&nbsp;LR112X_SetDioAsRfSwitch
<LI><a href="#[bc]">&gt;&gt;</a>&nbsp;&nbsp;&nbsp;LR112X_SetStandby
<LI><a href="#[b6]">&gt;&gt;</a>&nbsp;&nbsp;&nbsp;LR112X_SetRegMode
</UL>
<BR>[Called By]<UL><LI><a href="#[147]">&gt;&gt;</a>&nbsp;&nbsp;&nbsp;radio_init
<LI><a href="#[1d]">&gt;&gt;</a>&nbsp;&nbsp;&nbsp;cli_fs_setsync
<LI><a href="#[1b]">&gt;&gt;</a>&nbsp;&nbsp;&nbsp;cli_fs_setaddr
<LI><a href="#[17]">&gt;&gt;</a>&nbsp;&nbsp;&nbsp;cli_fs_setmodparams
<LI><a href="#[15]">&gt;&gt;</a>&nbsp;&nbsp;&nbsp;cli_lr_setsync
<LI><a href="#[13]">&gt;&gt;</a>&nbsp;&nbsp;&nbsp;cli_lr_setpacketparams
<LI><a href="#[11]">&gt;&gt;</a>&nbsp;&nbsp;&nbsp;cli_lr_setmodparams
<LI><a href="#[12d]">&gt;&gt;</a>&nbsp;&nbsp;&nbsp;radio_config
<LI><a href="#[12e]">&gt;&gt;</a>&nbsp;&nbsp;&nbsp;radio_setmodem
</UL>

<P><STRONG><a name="[c3]"></a>LR112X_configcommon</STRONG> (Thumb, 230 bytes, Stack size 24 bytes, lr112x_config.o(.text.LR112X_configcommon))
<BR><BR>[Stack]<UL><LI>Max Depth = 80<LI>Call Chain = LR112X_configcommon &rArr; LR112X_SetRssiCalibration &rArr; LR112X_writeCmd
</UL>
<BR>[Calls]<UL><LI><a href="#[b9]">&gt;&gt;</a>&nbsp;&nbsp;&nbsp;LR112X_SetRxBoosted
<LI><a href="#[ba]">&gt;&gt;</a>&nbsp;&nbsp;&nbsp;LR112X_SetRxTxFallbackMode
<LI><a href="#[a9]">&gt;&gt;</a>&nbsp;&nbsp;&nbsp;LR112X_SetDioIrqParams
<LI><a href="#[a7]">&gt;&gt;</a>&nbsp;&nbsp;&nbsp;LR112X_SetRssiCalibration
<LI><a href="#[c0]">&gt;&gt;</a>&nbsp;&nbsp;&nbsp;LR112X_SetTxParams
<LI><a href="#[b3]">&gt;&gt;</a>&nbsp;&nbsp;&nbsp;LR112X_SetPaConfig
<LI><a href="#[b7]">&gt;&gt;</a>&nbsp;&nbsp;&nbsp;LR112X_SetRfFrequency
<LI><a href="#[95]">&gt;&gt;</a>&nbsp;&nbsp;&nbsp;LR112X_Calibrate
</UL>
<BR>[Called By]<UL><LI><a href="#[c2]">&gt;&gt;</a>&nbsp;&nbsp;&nbsp;LR112X_config
</UL>

<P><STRONG><a name="[a0]"></a>LR112X_deselect</STRONG> (Thumb, 22 bytes, Stack size 0 bytes, lr112x_interface.o(.text.LR112X_deselect))
<BR><BR>[Calls]<UL><LI><a href="#[a5]">&gt;&gt;</a>&nbsp;&nbsp;&nbsp;gpio_write
</UL>
<BR>[Called By]<UL><LI><a href="#[9c]">&gt;&gt;</a>&nbsp;&nbsp;&nbsp;LR112X_GetStatus
</UL>

<P><STRONG><a name="[9b]"></a>LR112X_readCmd</STRONG> (Thumb, 842 bytes, Stack size 40 bytes, lr112x_interface.o(.text.LR112X_readCmd))
<BR><BR>[Stack]<UL><LI>Max Depth = 40<LI>Call Chain = LR112X_readCmd
</UL>
<BR>[Calls]<UL><LI><a href="#[a4]">&gt;&gt;</a>&nbsp;&nbsp;&nbsp;gpio_read
<LI><a href="#[a5]">&gt;&gt;</a>&nbsp;&nbsp;&nbsp;gpio_write
</UL>
<BR>[Called By]<UL><LI><a href="#[a2]">&gt;&gt;</a>&nbsp;&nbsp;&nbsp;LR112X_GetVbat
<LI><a href="#[a1]">&gt;&gt;</a>&nbsp;&nbsp;&nbsp;LR112X_GetTemp
<LI><a href="#[9a]">&gt;&gt;</a>&nbsp;&nbsp;&nbsp;LR112X_GetRssiInst
</UL>

<P><STRONG><a name="[c4]"></a>LR112X_reset</STRONG> (Thumb, 46 bytes, Stack size 8 bytes, lr112x_interface.o(.text.LR112X_reset))
<BR><BR>[Stack]<UL><LI>Max Depth = 16<LI>Call Chain = LR112X_reset &rArr; delay_ms
</UL>
<BR>[Calls]<UL><LI><a href="#[a5]">&gt;&gt;</a>&nbsp;&nbsp;&nbsp;gpio_write
<LI><a href="#[93]">&gt;&gt;</a>&nbsp;&nbsp;&nbsp;delay_ms
</UL>
<BR>[Called By]<UL><LI><a href="#[147]">&gt;&gt;</a>&nbsp;&nbsp;&nbsp;radio_init
</UL>

<P><STRONG><a name="[9e]"></a>LR112X_select</STRONG> (Thumb, 22 bytes, Stack size 0 bytes, lr112x_interface.o(.text.LR112X_select))
<BR><BR>[Calls]<UL><LI><a href="#[a5]">&gt;&gt;</a>&nbsp;&nbsp;&nbsp;gpio_write
</UL>
<BR>[Called By]<UL><LI><a href="#[9c]">&gt;&gt;</a>&nbsp;&nbsp;&nbsp;LR112X_GetStatus
</UL>

<P><STRONG><a name="[c5]"></a>LR112X_setopmode</STRONG> (Thumb, 72 bytes, Stack size 0 bytes, lr112x_config.o(.text.LR112X_setopmode))
<BR><BR>[Stack]<UL><LI>Max Depth = 48<LI>Call Chain = LR112X_setopmode &rArr; LR112X_SetTx &rArr; LR112X_writeCmd
</UL>
<BR>[Calls]<UL><LI><a href="#[bd]">&gt;&gt;</a>&nbsp;&nbsp;&nbsp;LR112X_SetTx
<LI><a href="#[aa]">&gt;&gt;</a>&nbsp;&nbsp;&nbsp;LR112X_SetFs
<LI><a href="#[bf]">&gt;&gt;</a>&nbsp;&nbsp;&nbsp;LR112X_SetTxInfinitePreamble
<LI><a href="#[be]">&gt;&gt;</a>&nbsp;&nbsp;&nbsp;LR112X_SetTxCw
<LI><a href="#[b8]">&gt;&gt;</a>&nbsp;&nbsp;&nbsp;LR112X_SetRx
<LI><a href="#[bb]">&gt;&gt;</a>&nbsp;&nbsp;&nbsp;LR112X_SetSleep
<LI><a href="#[bc]">&gt;&gt;</a>&nbsp;&nbsp;&nbsp;LR112X_SetStandby
</UL>
<BR>[Called By]<UL><LI><a href="#[12f]">&gt;&gt;</a>&nbsp;&nbsp;&nbsp;radio_setopmode
</UL>

<P><STRONG><a name="[9f]"></a>LR112X_spi_transfer</STRONG> (Thumb, 72 bytes, Stack size 0 bytes, lr112x_interface.o(.text.LR112X_spi_transfer))
<BR><BR>[Called By]<UL><LI><a href="#[9c]">&gt;&gt;</a>&nbsp;&nbsp;&nbsp;LR112X_GetStatus
</UL>

<P><STRONG><a name="[96]"></a>LR112X_writeCmd</STRONG> (Thumb, 362 bytes, Stack size 32 bytes, lr112x_interface.o(.text.LR112X_writeCmd))
<BR><BR>[Stack]<UL><LI>Max Depth = 32<LI>Call Chain = LR112X_writeCmd
</UL>
<BR>[Calls]<UL><LI><a href="#[a4]">&gt;&gt;</a>&nbsp;&nbsp;&nbsp;gpio_read
<LI><a href="#[a5]">&gt;&gt;</a>&nbsp;&nbsp;&nbsp;gpio_write
</UL>
<BR>[Called By]<UL><LI><a href="#[bd]">&gt;&gt;</a>&nbsp;&nbsp;&nbsp;LR112X_SetTx
<LI><a href="#[aa]">&gt;&gt;</a>&nbsp;&nbsp;&nbsp;LR112X_SetFs
<LI><a href="#[bf]">&gt;&gt;</a>&nbsp;&nbsp;&nbsp;LR112X_SetTxInfinitePreamble
<LI><a href="#[be]">&gt;&gt;</a>&nbsp;&nbsp;&nbsp;LR112X_SetTxCw
<LI><a href="#[b8]">&gt;&gt;</a>&nbsp;&nbsp;&nbsp;LR112X_SetRx
<LI><a href="#[bb]">&gt;&gt;</a>&nbsp;&nbsp;&nbsp;LR112X_SetSleep
<LI><a href="#[b9]">&gt;&gt;</a>&nbsp;&nbsp;&nbsp;LR112X_SetRxBoosted
<LI><a href="#[ba]">&gt;&gt;</a>&nbsp;&nbsp;&nbsp;LR112X_SetRxTxFallbackMode
<LI><a href="#[a9]">&gt;&gt;</a>&nbsp;&nbsp;&nbsp;LR112X_SetDioIrqParams
<LI><a href="#[a7]">&gt;&gt;</a>&nbsp;&nbsp;&nbsp;LR112X_SetRssiCalibration
<LI><a href="#[c0]">&gt;&gt;</a>&nbsp;&nbsp;&nbsp;LR112X_SetTxParams
<LI><a href="#[b3]">&gt;&gt;</a>&nbsp;&nbsp;&nbsp;LR112X_SetPaConfig
<LI><a href="#[b7]">&gt;&gt;</a>&nbsp;&nbsp;&nbsp;LR112X_SetRfFrequency
<LI><a href="#[af]">&gt;&gt;</a>&nbsp;&nbsp;&nbsp;LR112X_SetGfskWhitParams
<LI><a href="#[ad]">&gt;&gt;</a>&nbsp;&nbsp;&nbsp;LR112X_SetGfskCrcParams
<LI><a href="#[b4]">&gt;&gt;</a>&nbsp;&nbsp;&nbsp;LR112X_SetPacketAdrs
<LI><a href="#[ae]">&gt;&gt;</a>&nbsp;&nbsp;&nbsp;LR112X_SetGfskSyncWord
<LI><a href="#[ac]">&gt;&gt;</a>&nbsp;&nbsp;&nbsp;LR112X_SetFskPacketParams
<LI><a href="#[ab]">&gt;&gt;</a>&nbsp;&nbsp;&nbsp;LR112X_SetFskModulationParams
<LI><a href="#[b2]">&gt;&gt;</a>&nbsp;&nbsp;&nbsp;LR112X_SetLoRaSyncWord
<LI><a href="#[b1]">&gt;&gt;</a>&nbsp;&nbsp;&nbsp;LR112X_SetLoRaPacketParams
<LI><a href="#[b0]">&gt;&gt;</a>&nbsp;&nbsp;&nbsp;LR112X_SetLoRaModulationParams
<LI><a href="#[b5]">&gt;&gt;</a>&nbsp;&nbsp;&nbsp;LR112X_SetPacketType
<LI><a href="#[98]">&gt;&gt;</a>&nbsp;&nbsp;&nbsp;LR112X_ClearIrq
<LI><a href="#[95]">&gt;&gt;</a>&nbsp;&nbsp;&nbsp;LR112X_Calibrate
<LI><a href="#[97]">&gt;&gt;</a>&nbsp;&nbsp;&nbsp;LR112X_ClearErrors
<LI><a href="#[99]">&gt;&gt;</a>&nbsp;&nbsp;&nbsp;LR112X_ConfigLfClock
<LI><a href="#[a8]">&gt;&gt;</a>&nbsp;&nbsp;&nbsp;LR112X_SetDioAsRfSwitch
<LI><a href="#[bc]">&gt;&gt;</a>&nbsp;&nbsp;&nbsp;LR112X_SetStandby
<LI><a href="#[b6]">&gt;&gt;</a>&nbsp;&nbsp;&nbsp;LR112X_SetRegMode
</UL>

<P><STRONG><a name="[35]"></a>MemManage_Handler</STRONG> (Thumb, 2 bytes, Stack size 0 bytes, tremo_it.o(.text.MemManage_Handler))
<BR><BR>[Calls]<UL><LI><a href="#[35]">&gt;&gt;</a>&nbsp;&nbsp;&nbsp;MemManage_Handler
</UL>
<BR>[Called By]<UL><LI><a href="#[35]">&gt;&gt;</a>&nbsp;&nbsp;&nbsp;MemManage_Handler
</UL>
<BR>[Address Reference Count : 1]<UL><LI> startup_tremo.o(RESET)
</UL>
<P><STRONG><a name="[33]"></a>NMI_Handler</STRONG> (Thumb, 2 bytes, Stack size 0 bytes, tremo_it.o(.text.NMI_Handler))
<BR>[Address Reference Count : 1]<UL><LI> startup_tremo.o(RESET)
</UL>
<P><STRONG><a name="[5e]"></a>PWR_IRQHandler</STRONG> (Thumb, 2 bytes, Stack size 0 bytes, tremo_it.o(.text.PWR_IRQHandler))
<BR>[Address Reference Count : 1]<UL><LI> startup_tremo.o(RESET)
</UL>
<P><STRONG><a name="[3a]"></a>PendSV_Handler</STRONG> (Thumb, 2 bytes, Stack size 0 bytes, tremo_it.o(.text.PendSV_Handler))
<BR>[Address Reference Count : 1]<UL><LI> startup_tremo.o(RESET)
</UL>
<P><STRONG><a name="[c6]"></a>RETARGET_ReadChar</STRONG> (Thumb, 98 bytes, Stack size 8 bytes, retarget.o(.text.RETARGET_ReadChar))
<BR><BR>[Stack]<UL><LI>Max Depth = 56<LI>Call Chain = RETARGET_ReadChar &rArr; myuart_init &rArr; uart_init
</UL>
<BR>[Calls]<UL><LI><a href="#[c7]">&gt;&gt;</a>&nbsp;&nbsp;&nbsp;myuart_init
</UL>
<BR>[Called By]<UL><LI><a href="#[12a]">&gt;&gt;</a>&nbsp;&nbsp;&nbsp;cli_proc
</UL>

<P><STRONG><a name="[c8]"></a>RETARGET_SerialInit</STRONG> (Thumb, 44 bytes, Stack size 8 bytes, retarget.o(.text.RETARGET_SerialInit))
<BR><BR>[Stack]<UL><LI>Max Depth = 56<LI>Call Chain = RETARGET_SerialInit &rArr; myuart_init &rArr; uart_init
</UL>
<BR>[Calls]<UL><LI><a href="#[c7]">&gt;&gt;</a>&nbsp;&nbsp;&nbsp;myuart_init
</UL>
<BR>[Called By]<UL><LI><a href="#[139]">&gt;&gt;</a>&nbsp;&nbsp;&nbsp;init_peripherals
</UL>

<P><STRONG><a name="[3d]"></a>RTC_IRQHandler</STRONG> (Thumb, 26 bytes, Stack size 8 bytes, rtc.o(.text.RTC_IRQHandler))
<BR><BR>[Stack]<UL><LI>Max Depth = 16<LI>Call Chain = RTC_IRQHandler &rArr; rtc_get_calendar
</UL>
<BR>[Calls]<UL><LI><a href="#[c9]">&gt;&gt;</a>&nbsp;&nbsp;&nbsp;rtc_clear_sec_it_status
<LI><a href="#[ca]">&gt;&gt;</a>&nbsp;&nbsp;&nbsp;rtc_get_calendar
</UL>
<BR>[Address Reference Count : 1]<UL><LI> startup_tremo.o(RESET)
</UL>
<P><STRONG><a name="[cb]"></a>SSD1306_Clear</STRONG> (Thumb, 56 bytes, Stack size 8 bytes, ssd1306.o(.text.SSD1306_Clear))
<BR><BR>[Stack]<UL><LI>Max Depth = 40<LI>Call Chain = SSD1306_Clear &rArr; SSD1306_Display &rArr; SSD1306_WR_Byte
</UL>
<BR>[Calls]<UL><LI><a href="#[cd]">&gt;&gt;</a>&nbsp;&nbsp;&nbsp;__aeabi_memclr4
<LI><a href="#[cc]">&gt;&gt;</a>&nbsp;&nbsp;&nbsp;__aeabi_memset4
<LI><a href="#[91]">&gt;&gt;</a>&nbsp;&nbsp;&nbsp;SSD1306_Display
</UL>
<BR>[Called By]<UL><LI><a href="#[61]">&gt;&gt;</a>&nbsp;&nbsp;&nbsp;main
<LI><a href="#[132]">&gt;&gt;</a>&nbsp;&nbsp;&nbsp;radio_scan
</UL>

<P><STRONG><a name="[91]"></a>SSD1306_Display</STRONG> (Thumb, 368 bytes, Stack size 16 bytes, ssd1306.o(.text.SSD1306_Display))
<BR><BR>[Stack]<UL><LI>Max Depth = 32<LI>Call Chain = SSD1306_Display &rArr; SSD1306_WR_Byte
</UL>
<BR>[Calls]<UL><LI><a href="#[ce]">&gt;&gt;</a>&nbsp;&nbsp;&nbsp;SSD1306_WR_Byte
</UL>
<BR>[Called By]<UL><LI><a href="#[cb]">&gt;&gt;</a>&nbsp;&nbsp;&nbsp;SSD1306_Clear
<LI><a href="#[90]">&gt;&gt;</a>&nbsp;&nbsp;&nbsp;GUI_ShowString
</UL>

<P><STRONG><a name="[cf]"></a>SSD1306_Init</STRONG> (Thumb, 220 bytes, Stack size 8 bytes, ssd1306.o(.text.SSD1306_Init))
<BR><BR>[Stack]<UL><LI>Max Depth = 56<LI>Call Chain = SSD1306_Init &rArr; SSD1306_interface_init &rArr; ssp_init
</UL>
<BR>[Calls]<UL><LI><a href="#[ce]">&gt;&gt;</a>&nbsp;&nbsp;&nbsp;SSD1306_WR_Byte
<LI><a href="#[d1]">&gt;&gt;</a>&nbsp;&nbsp;&nbsp;SSD1306_Reset
<LI><a href="#[d0]">&gt;&gt;</a>&nbsp;&nbsp;&nbsp;SSD1306_interface_init
<LI><a href="#[93]">&gt;&gt;</a>&nbsp;&nbsp;&nbsp;delay_ms
</UL>
<BR>[Called By]<UL><LI><a href="#[61]">&gt;&gt;</a>&nbsp;&nbsp;&nbsp;main
</UL>

<P><STRONG><a name="[d1]"></a>SSD1306_Reset</STRONG> (Thumb, 56 bytes, Stack size 8 bytes, ssd1306_interface.o(.text.SSD1306_Reset))
<BR><BR>[Stack]<UL><LI>Max Depth = 16<LI>Call Chain = SSD1306_Reset &rArr; delay_ms
</UL>
<BR>[Calls]<UL><LI><a href="#[a5]">&gt;&gt;</a>&nbsp;&nbsp;&nbsp;gpio_write
<LI><a href="#[93]">&gt;&gt;</a>&nbsp;&nbsp;&nbsp;delay_ms
</UL>
<BR>[Called By]<UL><LI><a href="#[cf]">&gt;&gt;</a>&nbsp;&nbsp;&nbsp;SSD1306_Init
</UL>

<P><STRONG><a name="[8f]"></a>SSD1306_Set_Pixel</STRONG> (Thumb, 44 bytes, Stack size 0 bytes, ssd1306.o(.text.SSD1306_Set_Pixel))
<BR><BR>[Called By]<UL><LI><a href="#[8e]">&gt;&gt;</a>&nbsp;&nbsp;&nbsp;GUI_ShowChar
</UL>

<P><STRONG><a name="[ce]"></a>SSD1306_WR_Byte</STRONG> (Thumb, 66 bytes, Stack size 16 bytes, ssd1306_interface.o(.text.SSD1306_WR_Byte))
<BR><BR>[Stack]<UL><LI>Max Depth = 16<LI>Call Chain = SSD1306_WR_Byte
</UL>
<BR>[Calls]<UL><LI><a href="#[d2]">&gt;&gt;</a>&nbsp;&nbsp;&nbsp;spi_transfer
<LI><a href="#[a5]">&gt;&gt;</a>&nbsp;&nbsp;&nbsp;gpio_write
</UL>
<BR>[Called By]<UL><LI><a href="#[cf]">&gt;&gt;</a>&nbsp;&nbsp;&nbsp;SSD1306_Init
<LI><a href="#[91]">&gt;&gt;</a>&nbsp;&nbsp;&nbsp;SSD1306_Display
</UL>

<P><STRONG><a name="[d0]"></a>SSD1306_interface_init</STRONG> (Thumb, 120 bytes, Stack size 32 bytes, ssd1306_interface.o(.text.SSD1306_interface_init))
<BR><BR>[Stack]<UL><LI>Max Depth = 48<LI>Call Chain = SSD1306_interface_init &rArr; ssp_init
</UL>
<BR>[Calls]<UL><LI><a href="#[d7]">&gt;&gt;</a>&nbsp;&nbsp;&nbsp;ssp_cmd
<LI><a href="#[d6]">&gt;&gt;</a>&nbsp;&nbsp;&nbsp;ssp_init
<LI><a href="#[d4]">&gt;&gt;</a>&nbsp;&nbsp;&nbsp;gpio_set_iomux
<LI><a href="#[d3]">&gt;&gt;</a>&nbsp;&nbsp;&nbsp;gpio_init
<LI><a href="#[d5]">&gt;&gt;</a>&nbsp;&nbsp;&nbsp;rcc_enable_peripheral_clk
</UL>
<BR>[Called By]<UL><LI><a href="#[cf]">&gt;&gt;</a>&nbsp;&nbsp;&nbsp;SSD1306_Init
</UL>

<P><STRONG><a name="[38]"></a>SVC_Handler</STRONG> (Thumb, 2 bytes, Stack size 0 bytes, tremo_it.o(.text.SVC_Handler))
<BR>[Address Reference Count : 1]<UL><LI> startup_tremo.o(RESET)
</UL>
<P><STRONG><a name="[d8]"></a>SX126X_ClearDeviceErrors</STRONG> (Thumb, 26 bytes, Stack size 16 bytes, sx126x.o(.text.SX126X_ClearDeviceErrors))
<BR><BR>[Stack]<UL><LI>Max Depth = 40<LI>Call Chain = SX126X_ClearDeviceErrors &rArr; SX126X_writeCmd
</UL>
<BR>[Calls]<UL><LI><a href="#[d9]">&gt;&gt;</a>&nbsp;&nbsp;&nbsp;SX126X_writeCmd
</UL>
<BR>[Called By]<UL><LI><a href="#[147]">&gt;&gt;</a>&nbsp;&nbsp;&nbsp;radio_init
<LI><a href="#[121]">&gt;&gt;</a>&nbsp;&nbsp;&nbsp;radio_clearerrors
<LI><a href="#[134]">&gt;&gt;</a>&nbsp;&nbsp;&nbsp;radio_stream
</UL>

<P><STRONG><a name="[da]"></a>SX126X_ClearIrqStatus</STRONG> (Thumb, 26 bytes, Stack size 16 bytes, sx126x.o(.text.SX126X_ClearIrqStatus))
<BR><BR>[Stack]<UL><LI>Max Depth = 40<LI>Call Chain = SX126X_ClearIrqStatus &rArr; SX126X_writeCmd
</UL>
<BR>[Calls]<UL><LI><a href="#[d9]">&gt;&gt;</a>&nbsp;&nbsp;&nbsp;SX126X_writeCmd
</UL>
<BR>[Called By]<UL><LI><a href="#[14a]">&gt;&gt;</a>&nbsp;&nbsp;&nbsp;radio_proc
</UL>

<P><STRONG><a name="[db]"></a>SX126X_GetDeviceErrors</STRONG> (Thumb, 40 bytes, Stack size 24 bytes, sx126x.o(.text.SX126X_GetDeviceErrors))
<BR><BR>[Stack]<UL><LI>Max Depth = 48<LI>Call Chain = SX126X_GetDeviceErrors &rArr; SX126X_readCmd
</UL>
<BR>[Calls]<UL><LI><a href="#[dc]">&gt;&gt;</a>&nbsp;&nbsp;&nbsp;SX126X_readCmd
</UL>
<BR>[Called By]<UL><LI><a href="#[124]">&gt;&gt;</a>&nbsp;&nbsp;&nbsp;radio_geterrors
</UL>

<P><STRONG><a name="[dd]"></a>SX126X_GetIrqStatus</STRONG> (Thumb, 28 bytes, Stack size 16 bytes, sx126x.o(.text.SX126X_GetIrqStatus))
<BR><BR>[Stack]<UL><LI>Max Depth = 40<LI>Call Chain = SX126X_GetIrqStatus &rArr; SX126X_readCmd
</UL>
<BR>[Calls]<UL><LI><a href="#[dc]">&gt;&gt;</a>&nbsp;&nbsp;&nbsp;SX126X_readCmd
</UL>
<BR>[Called By]<UL><LI><a href="#[14a]">&gt;&gt;</a>&nbsp;&nbsp;&nbsp;radio_proc
</UL>

<P><STRONG><a name="[de]"></a>SX126X_GetRssiInst</STRONG> (Thumb, 24 bytes, Stack size 16 bytes, sx126x.o(.text.SX126X_GetRssiInst))
<BR><BR>[Stack]<UL><LI>Max Depth = 40<LI>Call Chain = SX126X_GetRssiInst &rArr; SX126X_readCmd
</UL>
<BR>[Calls]<UL><LI><a href="#[dc]">&gt;&gt;</a>&nbsp;&nbsp;&nbsp;SX126X_readCmd
</UL>
<BR>[Called By]<UL><LI><a href="#[14a]">&gt;&gt;</a>&nbsp;&nbsp;&nbsp;radio_proc
<LI><a href="#[123]">&gt;&gt;</a>&nbsp;&nbsp;&nbsp;radio_get_rssi
</UL>

<P><STRONG><a name="[df]"></a>SX126X_GetStatus</STRONG> (Thumb, 24 bytes, Stack size 16 bytes, sx126x.o(.text.SX126X_GetStatus))
<BR><BR>[Stack]<UL><LI>Max Depth = 40<LI>Call Chain = SX126X_GetStatus &rArr; SX126X_readCmd
</UL>
<BR>[Calls]<UL><LI><a href="#[dc]">&gt;&gt;</a>&nbsp;&nbsp;&nbsp;SX126X_readCmd
</UL>
<BR>[Called By]<UL><LI><a href="#[126]">&gt;&gt;</a>&nbsp;&nbsp;&nbsp;radio_getstatus
</UL>

<P><STRONG><a name="[e0]"></a>SX126X_LNAboost</STRONG> (Thumb, 16 bytes, Stack size 0 bytes, sx126x.o(.text.SX126X_LNAboost))
<BR><BR>[Stack]<UL><LI>Max Depth = 40<LI>Call Chain = SX126X_LNAboost &rArr; SX126X_writeReg &rArr; SX126X_writeRegs
</UL>
<BR>[Calls]<UL><LI><a href="#[e1]">&gt;&gt;</a>&nbsp;&nbsp;&nbsp;SX126X_writeReg
</UL>
<BR>[Called By]<UL><LI><a href="#[fb]">&gt;&gt;</a>&nbsp;&nbsp;&nbsp;SX126X_configcommon
</UL>

<P><STRONG><a name="[e2]"></a>SX126X_SetBufferBaseAddress</STRONG> (Thumb, 28 bytes, Stack size 16 bytes, sx126x.o(.text.SX126X_SetBufferBaseAddress))
<BR><BR>[Stack]<UL><LI>Max Depth = 40<LI>Call Chain = SX126X_SetBufferBaseAddress &rArr; SX126X_writeCmd
</UL>
<BR>[Calls]<UL><LI><a href="#[d9]">&gt;&gt;</a>&nbsp;&nbsp;&nbsp;SX126X_writeCmd
</UL>
<BR>[Called By]<UL><LI><a href="#[fb]">&gt;&gt;</a>&nbsp;&nbsp;&nbsp;SX126X_configcommon
</UL>

<P><STRONG><a name="[e3]"></a>SX126X_SetCW</STRONG> (Thumb, 24 bytes, Stack size 8 bytes, sx126x.o(.text.SX126X_SetCW))
<BR><BR>[Stack]<UL><LI>Max Depth = 32<LI>Call Chain = SX126X_SetCW &rArr; SX126X_writeCmd
</UL>
<BR>[Calls]<UL><LI><a href="#[e4]">&gt;&gt;</a>&nbsp;&nbsp;&nbsp;SX126X_rfsw_tx
<LI><a href="#[d9]">&gt;&gt;</a>&nbsp;&nbsp;&nbsp;SX126X_writeCmd
</UL>
<BR>[Called By]<UL><LI><a href="#[134]">&gt;&gt;</a>&nbsp;&nbsp;&nbsp;radio_stream
<LI><a href="#[102]">&gt;&gt;</a>&nbsp;&nbsp;&nbsp;SX126X_setopmode
</UL>

<P><STRONG><a name="[e5]"></a>SX126X_SetDIO2AsRfSwitchCtrl</STRONG> (Thumb, 24 bytes, Stack size 16 bytes, sx126x.o(.text.SX126X_SetDIO2AsRfSwitchCtrl))
<BR><BR>[Stack]<UL><LI>Max Depth = 40<LI>Call Chain = SX126X_SetDIO2AsRfSwitchCtrl &rArr; SX126X_writeCmd
</UL>
<BR>[Calls]<UL><LI><a href="#[d9]">&gt;&gt;</a>&nbsp;&nbsp;&nbsp;SX126X_writeCmd
</UL>
<BR>[Called By]<UL><LI><a href="#[fb]">&gt;&gt;</a>&nbsp;&nbsp;&nbsp;SX126X_configcommon
</UL>

<P><STRONG><a name="[e6]"></a>SX126X_SetDioIrqParams</STRONG> (Thumb, 66 bytes, Stack size 16 bytes, sx126x.o(.text.SX126X_SetDioIrqParams))
<BR><BR>[Stack]<UL><LI>Max Depth = 40<LI>Call Chain = SX126X_SetDioIrqParams &rArr; SX126X_writeCmd
</UL>
<BR>[Calls]<UL><LI><a href="#[d9]">&gt;&gt;</a>&nbsp;&nbsp;&nbsp;SX126X_writeCmd
</UL>
<BR>[Called By]<UL><LI><a href="#[fb]">&gt;&gt;</a>&nbsp;&nbsp;&nbsp;SX126X_configcommon
</UL>

<P><STRONG><a name="[e7]"></a>SX126X_SetFs</STRONG> (Thumb, 10 bytes, Stack size 0 bytes, sx126x.o(.text.SX126X_SetFs))
<BR><BR>[Stack]<UL><LI>Max Depth = 24<LI>Call Chain = SX126X_SetFs &rArr; SX126X_writeCmd
</UL>
<BR>[Calls]<UL><LI><a href="#[d9]">&gt;&gt;</a>&nbsp;&nbsp;&nbsp;SX126X_writeCmd
</UL>
<BR>[Called By]<UL><LI><a href="#[14a]">&gt;&gt;</a>&nbsp;&nbsp;&nbsp;radio_proc
<LI><a href="#[102]">&gt;&gt;</a>&nbsp;&nbsp;&nbsp;SX126X_setopmode
</UL>

<P><STRONG><a name="[e8]"></a>SX126X_SetFskAddr</STRONG> (Thumb, 32 bytes, Stack size 16 bytes, sx126x.o(.text.SX126X_SetFskAddr))
<BR><BR>[Stack]<UL><LI>Max Depth = 56<LI>Call Chain = SX126X_SetFskAddr &rArr; SX126X_writeReg &rArr; SX126X_writeRegs
</UL>
[...]
<LI><a href="#[13e]">&gt;&gt;</a>&nbsp;&nbsp;&nbsp;rcc_enable_oscillator
<LI><a href="#[15e]">&gt;&gt;</a>&nbsp;&nbsp;&nbsp;rtc_config_interrupt
<LI><a href="#[15d]">&gt;&gt;</a>&nbsp;&nbsp;&nbsp;rtc_set_calendar
<LI><a href="#[15f]">&gt;&gt;</a>&nbsp;&nbsp;&nbsp;rtc_calendar_cmd
</UL>
<BR>[Called By]<UL><LI><a href="#[13d]">&gt;&gt;</a>&nbsp;&nbsp;&nbsp;init_power_clk
</UL>

<P><STRONG><a name="[15d]"></a>rtc_set_calendar</STRONG> (Thumb, 336 bytes, Stack size 24 bytes, tremo_rtc.o(.text.rtc_set_calendar))
<BR><BR>[Stack]<UL><LI>Max Depth = 24<LI>Call Chain = rtc_set_calendar
</UL>
<BR>[Called By]<UL><LI><a href="#[143]">&gt;&gt;</a>&nbsp;&nbsp;&nbsp;rtc_init
</UL>

<P><STRONG><a name="[d2]"></a>spi_transfer</STRONG> (Thumb, 50 bytes, Stack size 0 bytes, spi.o(.text.spi_transfer))
<BR><BR>[Called By]<UL><LI><a href="#[ce]">&gt;&gt;</a>&nbsp;&nbsp;&nbsp;SSD1306_WR_Byte
</UL>

<P><STRONG><a name="[d7]"></a>ssp_cmd</STRONG> (Thumb, 16 bytes, Stack size 0 bytes, tremo_spi.o(.text.ssp_cmd))
<BR><BR>[Called By]<UL><LI><a href="#[d0]">&gt;&gt;</a>&nbsp;&nbsp;&nbsp;SSD1306_interface_init
<LI><a href="#[145]">&gt;&gt;</a>&nbsp;&nbsp;&nbsp;radio_interface_init
</UL>

<P><STRONG><a name="[d6]"></a>ssp_init</STRONG> (Thumb, 212 bytes, Stack size 16 bytes, tremo_spi.o(.text.ssp_init))
<BR><BR>[Stack]<UL><LI>Max Depth = 16<LI>Call Chain = ssp_init
</UL>
<BR>[Calls]<UL><LI><a href="#[136]">&gt;&gt;</a>&nbsp;&nbsp;&nbsp;rcc_get_clk_freq
</UL>
<BR>[Called By]<UL><LI><a href="#[d0]">&gt;&gt;</a>&nbsp;&nbsp;&nbsp;SSD1306_interface_init
<LI><a href="#[145]">&gt;&gt;</a>&nbsp;&nbsp;&nbsp;radio_interface_init
</UL>

<P><STRONG><a name="[108]"></a>timer_clear_status</STRONG> (Thumb, 10 bytes, Stack size 0 bytes, tremo_timer.o(.text.timer_clear_status))
<BR><BR>[Called By]<UL><LI><a href="#[13c]">&gt;&gt;</a>&nbsp;&nbsp;&nbsp;ustimer_init
<LI><a href="#[54]">&gt;&gt;</a>&nbsp;&nbsp;&nbsp;TIMER1_IRQHandler
<LI><a href="#[53]">&gt;&gt;</a>&nbsp;&nbsp;&nbsp;TIMER0_IRQHandler
</UL>

<P><STRONG><a name="[167]"></a>timer_cmd</STRONG> (Thumb, 12 bytes, Stack size 0 bytes, tremo_timer.o(.text.timer_cmd))
<BR><BR>[Called By]<UL><LI><a href="#[159]">&gt;&gt;</a>&nbsp;&nbsp;&nbsp;ustimer_stop
<LI><a href="#[15b]">&gt;&gt;</a>&nbsp;&nbsp;&nbsp;ustimer_start
</UL>

<P><STRONG><a name="[165]"></a>timer_config_interrupt</STRONG> (Thumb, 16 bytes, Stack size 0 bytes, tremo_timer.o(.text.timer_config_interrupt))
<BR><BR>[Called By]<UL><LI><a href="#[13c]">&gt;&gt;</a>&nbsp;&nbsp;&nbsp;ustimer_init
</UL>

<P><STRONG><a name="[166]"></a>timer_generate_event</STRONG> (Thumb, 16 bytes, Stack size 0 bytes, tremo_timer.o(.text.timer_generate_event))
<BR><BR>[Called By]<UL><LI><a href="#[13c]">&gt;&gt;</a>&nbsp;&nbsp;&nbsp;ustimer_init
</UL>

<P><STRONG><a name="[107]"></a>timer_get_status</STRONG> (Thumb, 16 bytes, Stack size 0 bytes, tremo_timer.o(.text.timer_get_status))
<BR><BR>[Called By]<UL><LI><a href="#[54]">&gt;&gt;</a>&nbsp;&nbsp;&nbsp;TIMER1_IRQHandler
<LI><a href="#[53]">&gt;&gt;</a>&nbsp;&nbsp;&nbsp;TIMER0_IRQHandler
</UL>

<P><STRONG><a name="[164]"></a>timer_init</STRONG> (Thumb, 66 bytes, Stack size 0 bytes, tremo_timer.o(.text.timer_init))
<BR><BR>[Called By]<UL><LI><a href="#[13c]">&gt;&gt;</a>&nbsp;&nbsp;&nbsp;ustimer_init
</UL>

<P><STRONG><a name="[155]"></a>uart_cmd</STRONG> (Thumb, 12 bytes, Stack size 0 bytes, tremo_uart.o(.text.uart_cmd))
<BR><BR>[Called By]<UL><LI><a href="#[c7]">&gt;&gt;</a>&nbsp;&nbsp;&nbsp;myuart_init
</UL>

<P><STRONG><a name="[153]"></a>uart_config_init</STRONG> (Thumb, 24 bytes, Stack size 0 bytes, tremo_uart.o(.text.uart_config_init))
<BR><BR>[Called By]<UL><LI><a href="#[c7]">&gt;&gt;</a>&nbsp;&nbsp;&nbsp;myuart_init
</UL>

<P><STRONG><a name="[156]"></a>uart_config_interrupt</STRONG> (Thumb, 16 bytes, Stack size 0 bytes, tremo_uart.o(.text.uart_config_interrupt))
<BR><BR>[Called By]<UL><LI><a href="#[c7]">&gt;&gt;</a>&nbsp;&nbsp;&nbsp;myuart_init
</UL>

<P><STRONG><a name="[113]"></a>uart_get_flag_status</STRONG> (Thumb, 10 bytes, Stack size 0 bytes, tremo_uart.o(.text.uart_get_flag_status))
<BR><BR>[Called By]<UL><LI><a href="#[109]">&gt;&gt;</a>&nbsp;&nbsp;&nbsp;cbRETARGET_Rx
<LI><a href="#[64]">&gt;&gt;</a>&nbsp;&nbsp;&nbsp;fputc
</UL>

<P><STRONG><a name="[154]"></a>uart_init</STRONG> (Thumb, 332 bytes, Stack size 16 bytes, tremo_uart.o(.text.uart_init))
<BR><BR>[Stack]<UL><LI>Max Depth = 16<LI>Call Chain = uart_init
</UL>
<BR>[Calls]<UL><LI><a href="#[163]">&gt;&gt;</a>&nbsp;&nbsp;&nbsp;rcc_get_uart3_clk_source
<LI><a href="#[162]">&gt;&gt;</a>&nbsp;&nbsp;&nbsp;rcc_get_uart2_clk_source
<LI><a href="#[160]">&gt;&gt;</a>&nbsp;&nbsp;&nbsp;rcc_get_uart1_clk_source
<LI><a href="#[161]">&gt;&gt;</a>&nbsp;&nbsp;&nbsp;rcc_get_uart0_clk_source
<LI><a href="#[136]">&gt;&gt;</a>&nbsp;&nbsp;&nbsp;rcc_get_clk_freq
</UL>
<BR>[Called By]<UL><LI><a href="#[c7]">&gt;&gt;</a>&nbsp;&nbsp;&nbsp;myuart_init
</UL>

<P><STRONG><a name="[114]"></a>uart_receive_data</STRONG> (Thumb, 32 bytes, Stack size 0 bytes, tremo_uart.o(.text.uart_receive_data))
<BR><BR>[Calls]<UL><LI><a href="#[114]">&gt;&gt;</a>&nbsp;&nbsp;&nbsp;uart_receive_data
</UL>
<BR>[Called By]<UL><LI><a href="#[114]">&gt;&gt;</a>&nbsp;&nbsp;&nbsp;uart_receive_data
<LI><a href="#[109]">&gt;&gt;</a>&nbsp;&nbsp;&nbsp;cbRETARGET_Rx
</UL>

<P><STRONG><a name="[138]"></a>uart_send_data</STRONG> (Thumb, 30 bytes, Stack size 0 bytes, tremo_uart.o(.text.uart_send_data))
<BR><BR>[Calls]<UL><LI><a href="#[138]">&gt;&gt;</a>&nbsp;&nbsp;&nbsp;uart_send_data
</UL>
<BR>[Called By]<UL><LI><a href="#[138]">&gt;&gt;</a>&nbsp;&nbsp;&nbsp;uart_send_data
<LI><a href="#[64]">&gt;&gt;</a>&nbsp;&nbsp;&nbsp;fputc
</UL>

<P><STRONG><a name="[149]"></a>updatescreen</STRONG> (Thumb, 84 bytes, Stack size 32 bytes, app_cli.o(.text.updatescreen))
<BR><BR>[Stack]<UL><LI>Max Depth = 128<LI>Call Chain = updatescreen &rArr; GUI_ShowString &rArr; GUI_ShowChar
</UL>
<BR>[Calls]<UL><LI><a href="#[90]">&gt;&gt;</a>&nbsp;&nbsp;&nbsp;GUI_ShowString
<LI><a href="#[89]">&gt;&gt;</a>&nbsp;&nbsp;&nbsp;__aeabi_f2d
<LI><a href="#[158]">&gt;&gt;</a>&nbsp;&nbsp;&nbsp;__2sprintf
</UL>
<BR>[Called By]<UL><LI><a href="#[61]">&gt;&gt;</a>&nbsp;&nbsp;&nbsp;main
</UL>

<P><STRONG><a name="[13c]"></a>ustimer_init</STRONG> (Thumb, 168 bytes, Stack size 32 bytes, ustimer.o(.text.ustimer_init))
<BR><BR>[Stack]<UL><LI>Max Depth = 32<LI>Call Chain = ustimer_init
</UL>
<BR>[Calls]<UL><LI><a href="#[d5]">&gt;&gt;</a>&nbsp;&nbsp;&nbsp;rcc_enable_peripheral_clk
<LI><a href="#[166]">&gt;&gt;</a>&nbsp;&nbsp;&nbsp;timer_generate_event
<LI><a href="#[108]">&gt;&gt;</a>&nbsp;&nbsp;&nbsp;timer_clear_status
<LI><a href="#[165]">&gt;&gt;</a>&nbsp;&nbsp;&nbsp;timer_config_interrupt
<LI><a href="#[164]">&gt;&gt;</a>&nbsp;&nbsp;&nbsp;timer_init
</UL>
<BR>[Called By]<UL><LI><a href="#[139]">&gt;&gt;</a>&nbsp;&nbsp;&nbsp;init_peripherals
</UL>

<P><STRONG><a name="[15a]"></a>ustimer_setinterval</STRONG> (Thumb, 24 bytes, Stack size 0 bytes, ustimer.o(.text.ustimer_setinterval))
<BR><BR>[Called By]<UL><LI><a href="#[132]">&gt;&gt;</a>&nbsp;&nbsp;&nbsp;radio_scan
<LI><a href="#[133]">&gt;&gt;</a>&nbsp;&nbsp;&nbsp;radio_sweeptx
</UL>

<P><STRONG><a name="[15b]"></a>ustimer_start</STRONG> (Thumb, 30 bytes, Stack size 0 bytes, ustimer.o(.text.ustimer_start))
<BR><BR>[Calls]<UL><LI><a href="#[167]">&gt;&gt;</a>&nbsp;&nbsp;&nbsp;timer_cmd
</UL>
<BR>[Called By]<UL><LI><a href="#[132]">&gt;&gt;</a>&nbsp;&nbsp;&nbsp;radio_scan
<LI><a href="#[133]">&gt;&gt;</a>&nbsp;&nbsp;&nbsp;radio_sweeptx
</UL>

<P><STRONG><a name="[159]"></a>ustimer_stop</STRONG> (Thumb, 46 bytes, Stack size 16 bytes, ustimer.o(.text.ustimer_stop))
<BR><BR>[Stack]<UL><LI>Max Depth = 16<LI>Call Chain = ustimer_stop
</UL>
<BR>[Calls]<UL><LI><a href="#[167]">&gt;&gt;</a>&nbsp;&nbsp;&nbsp;timer_cmd
</UL>
<BR>[Called By]<UL><LI><a href="#[132]">&gt;&gt;</a>&nbsp;&nbsp;&nbsp;radio_scan
<LI><a href="#[133]">&gt;&gt;</a>&nbsp;&nbsp;&nbsp;radio_sweeptx
</UL>

<P><STRONG><a name="[131]"></a>writeconfig</STRONG> (Thumb, 56 bytes, Stack size 16 bytes, flash.o(.text.writeconfig))
<BR><BR>[Stack]<UL><LI>Max Depth = 64<LI>Call Chain = writeconfig &rArr; flash_program_bytes &rArr; __aeabi_memcpy
</UL>
<BR>[Calls]<UL><LI><a href="#[137]">&gt;&gt;</a>&nbsp;&nbsp;&nbsp;flash_program_bytes
<LI><a href="#[168]">&gt;&gt;</a>&nbsp;&nbsp;&nbsp;flash_erase_page
<LI><a href="#[15c]">&gt;&gt;</a>&nbsp;&nbsp;&nbsp;__aeabi_memcpy4
</UL>
<BR>[Called By]<UL><LI><a href="#[30]">&gt;&gt;</a>&nbsp;&nbsp;&nbsp;cli_storeconfig
<LI><a href="#[129]">&gt;&gt;</a>&nbsp;&nbsp;&nbsp;radio_initconfigs
</UL>

<P><STRONG><a name="[169]"></a>__0printf</STRONG> (Thumb, 22 bytes, Stack size 24 bytes, printfa.o(i.__0printf), UNUSED)
<BR><BR>[Calls]<UL><LI><a href="#[16a]">&gt;&gt;</a>&nbsp;&nbsp;&nbsp;_printf_core
</UL>

<P><STRONG><a name="[186]"></a>__1printf</STRONG> (Thumb, 0 bytes, Stack size 24 bytes, printfa.o(i.__0printf), UNUSED)

<P><STRONG><a name="[11a]"></a>__2printf</STRONG> (Thumb, 0 bytes, Stack size 24 bytes, printfa.o(i.__0printf))
<BR><BR>[Stack]<UL><LI>Max Depth = 24<LI>Call Chain = __2printf
</UL>
<BR>[Called By]<UL><LI><a href="#[14a]">&gt;&gt;</a>&nbsp;&nbsp;&nbsp;radio_proc
<LI><a href="#[61]">&gt;&gt;</a>&nbsp;&nbsp;&nbsp;main
<LI><a href="#[31]">&gt;&gt;</a>&nbsp;&nbsp;&nbsp;cli_gettime
<LI><a href="#[2e]">&gt;&gt;</a>&nbsp;&nbsp;&nbsp;cli_sweeprx
<LI><a href="#[2d]">&gt;&gt;</a>&nbsp;&nbsp;&nbsp;cli_sweeptx
<LI><a href="#[2b]">&gt;&gt;</a>&nbsp;&nbsp;&nbsp;cli_geterrors
<LI><a href="#[2a]">&gt;&gt;</a>&nbsp;&nbsp;&nbsp;cli_setopmode
<LI><a href="#[29]">&gt;&gt;</a>&nbsp;&nbsp;&nbsp;cli_getstatus
<LI><a href="#[28]">&gt;&gt;</a>&nbsp;&nbsp;&nbsp;cli_dumpregs
<LI><a href="#[27]">&gt;&gt;</a>&nbsp;&nbsp;&nbsp;cli_writereg
<LI><a href="#[26]">&gt;&gt;</a>&nbsp;&nbsp;&nbsp;cli_readreg
<LI><a href="#[25]">&gt;&gt;</a>&nbsp;&nbsp;&nbsp;cli_getvcc
<LI><a href="#[24]">&gt;&gt;</a>&nbsp;&nbsp;&nbsp;cli_gettemp
<LI><a href="#[23]">&gt;&gt;</a>&nbsp;&nbsp;&nbsp;cli_getvt
<LI><a href="#[22]">&gt;&gt;</a>&nbsp;&nbsp;&nbsp;cli_txstream
<LI><a href="#[1f]">&gt;&gt;</a>&nbsp;&nbsp;&nbsp;cli_fs_setcrcwhite
<LI><a href="#[1e]">&gt;&gt;</a>&nbsp;&nbsp;&nbsp;cli_fs_getcrcwhite
<LI><a href="#[1d]">&gt;&gt;</a>&nbsp;&nbsp;&nbsp;cli_fs_setsync
<LI><a href="#[1c]">&gt;&gt;</a>&nbsp;&nbsp;&nbsp;cli_fs_getsync
<LI><a href="#[1b]">&gt;&gt;</a>&nbsp;&nbsp;&nbsp;cli_fs_setaddr
<LI><a href="#[1a]">&gt;&gt;</a>&nbsp;&nbsp;&nbsp;cli_fs_getaddr
<LI><a href="#[19]">&gt;&gt;</a>&nbsp;&nbsp;&nbsp;cli_fs_setpacketparams
<LI><a href="#[18]">&gt;&gt;</a>&nbsp;&nbsp;&nbsp;cli_fs_getpacketparams
<LI><a href="#[17]">&gt;&gt;</a>&nbsp;&nbsp;&nbsp;cli_fs_setmodparams
<LI><a href="#[16]">&gt;&gt;</a>&nbsp;&nbsp;&nbsp;cli_fs_getmodparams
<LI><a href="#[15]">&gt;&gt;</a>&nbsp;&nbsp;&nbsp;cli_lr_setsync
<LI><a href="#[14]">&gt;&gt;</a>&nbsp;&nbsp;&nbsp;cli_lr_getsync
<LI><a href="#[13]">&gt;&gt;</a>&nbsp;&nbsp;&nbsp;cli_lr_setpacketparams
<LI><a href="#[12]">&gt;&gt;</a>&nbsp;&nbsp;&nbsp;cli_lr_getpacketparams
<LI><a href="#[11]">&gt;&gt;</a>&nbsp;&nbsp;&nbsp;cli_lr_setmodparams
<LI><a href="#[10]">&gt;&gt;</a>&nbsp;&nbsp;&nbsp;cli_lr_getmodparams
<LI><a href="#[f]">&gt;&gt;</a>&nbsp;&nbsp;&nbsp;cli_getRSSI
<LI><a href="#[c]">&gt;&gt;</a>&nbsp;&nbsp;&nbsp;cli_setpower
<LI><a href="#[b]">&gt;&gt;</a>&nbsp;&nbsp;&nbsp;cli_getpower
<LI><a href="#[a]">&gt;&gt;</a>&nbsp;&nbsp;&nbsp;cli_setfreq
<LI><a href="#[9]">&gt;&gt;</a>&nbsp;&nbsp;&nbsp;cli_getfreq
<LI><a href="#[8]">&gt;&gt;</a>&nbsp;&nbsp;&nbsp;cli_setkfreq
<LI><a href="#[7]">&gt;&gt;</a>&nbsp;&nbsp;&nbsp;cli_getkfreq
<LI><a href="#[6]">&gt;&gt;</a>&nbsp;&nbsp;&nbsp;cli_setmodem
<LI><a href="#[5]">&gt;&gt;</a>&nbsp;&nbsp;&nbsp;cli_getmodem
<LI><a href="#[2]">&gt;&gt;</a>&nbsp;&nbsp;&nbsp;cli_getver
<LI><a href="#[1]">&gt;&gt;</a>&nbsp;&nbsp;&nbsp;cli_getuid
<LI><a href="#[118]">&gt;&gt;</a>&nbsp;&nbsp;&nbsp;ciPrintHelp
</UL>

<P><STRONG><a name="[187]"></a>__c89printf</STRONG> (Thumb, 0 bytes, Stack size 24 bytes, printfa.o(i.__0printf), UNUSED)

<P><STRONG><a name="[188]"></a>printf</STRONG> (Thumb, 0 bytes, Stack size 24 bytes, printfa.o(i.__0printf), UNUSED)

<P><STRONG><a name="[16b]"></a>__0sprintf</STRONG> (Thumb, 34 bytes, Stack size 24 bytes, printfa.o(i.__0sprintf), UNUSED)
<BR><BR>[Calls]<UL><LI><a href="#[65]">&gt;&gt;</a>&nbsp;&nbsp;&nbsp;_sputc
<LI><a href="#[16a]">&gt;&gt;</a>&nbsp;&nbsp;&nbsp;_printf_core
</UL>

<P><STRONG><a name="[189]"></a>__1sprintf</STRONG> (Thumb, 0 bytes, Stack size 24 bytes, printfa.o(i.__0sprintf), UNUSED)

<P><STRONG><a name="[158]"></a>__2sprintf</STRONG> (Thumb, 0 bytes, Stack size 24 bytes, printfa.o(i.__0sprintf))
<BR><BR>[Stack]<UL><LI>Max Depth = 24<LI>Call Chain = __2sprintf
</UL>
<BR>[Called By]<UL><LI><a href="#[14a]">&gt;&gt;</a>&nbsp;&nbsp;&nbsp;radio_proc
<LI><a href="#[149]">&gt;&gt;</a>&nbsp;&nbsp;&nbsp;updatescreen
</UL>

<P><STRONG><a name="[18a]"></a>__c89sprintf</STRONG> (Thumb, 0 bytes, Stack size 24 bytes, printfa.o(i.__0sprintf), UNUSED)

<P><STRONG><a name="[18b]"></a>sprintf</STRONG> (Thumb, 0 bytes, Stack size 24 bytes, printfa.o(i.__0sprintf), UNUSED)

<P><STRONG><a name="[70]"></a>__aeabi_errno_addr</STRONG> (Thumb, 4 bytes, Stack size 0 bytes, errno.o(i.__aeabi_errno_addr))
<BR><BR>[Called By]<UL><LI><a href="#[11b]">&gt;&gt;</a>&nbsp;&nbsp;&nbsp;ciProcessInput
<LI><a href="#[6f]">&gt;&gt;</a>&nbsp;&nbsp;&nbsp;_strtoul
<LI><a href="#[71]">&gt;&gt;</a>&nbsp;&nbsp;&nbsp;strtoul
<LI><a href="#[6d]">&gt;&gt;</a>&nbsp;&nbsp;&nbsp;strtol
</UL>

<P><STRONG><a name="[18c]"></a>__rt_errno_addr</STRONG> (Thumb, 0 bytes, Stack size 0 bytes, errno.o(i.__aeabi_errno_addr), UNUSED)

<P><STRONG><a name="[18d]"></a>__scatterload_copy</STRONG> (Thumb, 14 bytes, Stack size unknown bytes, handlers.o(i.__scatterload_copy), UNUSED)

<P><STRONG><a name="[18e]"></a>__scatterload_null</STRONG> (Thumb, 2 bytes, Stack size unknown bytes, handlers.o(i.__scatterload_null), UNUSED)

<P><STRONG><a name="[18f]"></a>__scatterload_zeroinit</STRONG> (Thumb, 14 bytes, Stack size unknown bytes, handlers.o(i.__scatterload_zeroinit), UNUSED)

<P><STRONG><a name="[92]"></a>puts</STRONG> (Thumb, 30 bytes, Stack size 8 bytes, puts.o(i.puts))
<BR><BR>[Stack]<UL><LI>Max Depth = 24<LI>Call Chain = puts &rArr; fputc
</UL>
<BR>[Calls]<UL><LI><a href="#[64]">&gt;&gt;</a>&nbsp;&nbsp;&nbsp;fputc
</UL>
<BR>[Called By]<UL><LI><a href="#[34]">&gt;&gt;</a>&nbsp;&nbsp;&nbsp;HardFault_Handler
<LI><a href="#[61]">&gt;&gt;</a>&nbsp;&nbsp;&nbsp;main
<LI><a href="#[144]">&gt;&gt;</a>&nbsp;&nbsp;&nbsp;init_radio_specific
<LI><a href="#[115]">&gt;&gt;</a>&nbsp;&nbsp;&nbsp;ciErrorCallback
<LI><a href="#[30]">&gt;&gt;</a>&nbsp;&nbsp;&nbsp;cli_storeconfig
<LI><a href="#[2f]">&gt;&gt;</a>&nbsp;&nbsp;&nbsp;cli_initconfig
<LI><a href="#[2e]">&gt;&gt;</a>&nbsp;&nbsp;&nbsp;cli_sweeprx
<LI><a href="#[2d]">&gt;&gt;</a>&nbsp;&nbsp;&nbsp;cli_sweeptx
<LI><a href="#[2c]">&gt;&gt;</a>&nbsp;&nbsp;&nbsp;cli_clearerrors
<LI><a href="#[2b]">&gt;&gt;</a>&nbsp;&nbsp;&nbsp;cli_geterrors
<LI><a href="#[2a]">&gt;&gt;</a>&nbsp;&nbsp;&nbsp;cli_setopmode
<LI><a href="#[29]">&gt;&gt;</a>&nbsp;&nbsp;&nbsp;cli_getstatus
<LI><a href="#[28]">&gt;&gt;</a>&nbsp;&nbsp;&nbsp;cli_dumpregs
<LI><a href="#[25]">&gt;&gt;</a>&nbsp;&nbsp;&nbsp;cli_getvcc
<LI><a href="#[24]">&gt;&gt;</a>&nbsp;&nbsp;&nbsp;cli_gettemp
<LI><a href="#[22]">&gt;&gt;</a>&nbsp;&nbsp;&nbsp;cli_txstream
<LI><a href="#[1f]">&gt;&gt;</a>&nbsp;&nbsp;&nbsp;cli_fs_setcrcwhite
<LI><a href="#[1e]">&gt;&gt;</a>&nbsp;&nbsp;&nbsp;cli_fs_getcrcwhite
<LI><a href="#[1d]">&gt;&gt;</a>&nbsp;&nbsp;&nbsp;cli_fs_setsync
<LI><a href="#[1c]">&gt;&gt;</a>&nbsp;&nbsp;&nbsp;cli_fs_getsync
<LI><a href="#[1b]">&gt;&gt;</a>&nbsp;&nbsp;&nbsp;cli_fs_setaddr
<LI><a href="#[1a]">&gt;&gt;</a>&nbsp;&nbsp;&nbsp;cli_fs_getaddr
<LI><a href="#[19]">&gt;&gt;</a>&nbsp;&nbsp;&nbsp;cli_fs_setpacketparams
<LI><a href="#[18]">&gt;&gt;</a>&nbsp;&nbsp;&nbsp;cli_fs_getpacketparams
<LI><a href="#[17]">&gt;&gt;</a>&nbsp;&nbsp;&nbsp;cli_fs_setmodparams
<LI><a href="#[16]">&gt;&gt;</a>&nbsp;&nbsp;&nbsp;cli_fs_getmodparams
<LI><a href="#[15]">&gt;&gt;</a>&nbsp;&nbsp;&nbsp;cli_lr_setsync
<LI><a href="#[14]">&gt;&gt;</a>&nbsp;&nbsp;&nbsp;cli_lr_getsync
<LI><a href="#[13]">&gt;&gt;</a>&nbsp;&nbsp;&nbsp;cli_lr_setpacketparams
<LI><a href="#[12]">&gt;&gt;</a>&nbsp;&nbsp;&nbsp;cli_lr_getpacketparams
<LI><a href="#[11]">&gt;&gt;</a>&nbsp;&nbsp;&nbsp;cli_lr_setmodparams
<LI><a href="#[10]">&gt;&gt;</a>&nbsp;&nbsp;&nbsp;cli_lr_getmodparams
<LI><a href="#[f]">&gt;&gt;</a>&nbsp;&nbsp;&nbsp;cli_getRSSI
<LI><a href="#[e]">&gt;&gt;</a>&nbsp;&nbsp;&nbsp;cli_setctune
<LI><a href="#[d]">&gt;&gt;</a>&nbsp;&nbsp;&nbsp;cli_getctune
<LI><a href="#[c]">&gt;&gt;</a>&nbsp;&nbsp;&nbsp;cli_setpower
<LI><a href="#[b]">&gt;&gt;</a>&nbsp;&nbsp;&nbsp;cli_getpower
<LI><a href="#[a]">&gt;&gt;</a>&nbsp;&nbsp;&nbsp;cli_setfreq
<LI><a href="#[9]">&gt;&gt;</a>&nbsp;&nbsp;&nbsp;cli_getfreq
<LI><a href="#[8]">&gt;&gt;</a>&nbsp;&nbsp;&nbsp;cli_setkfreq
<LI><a href="#[7]">&gt;&gt;</a>&nbsp;&nbsp;&nbsp;cli_getkfreq
<LI><a href="#[6]">&gt;&gt;</a>&nbsp;&nbsp;&nbsp;cli_setmodem
<LI><a href="#[5]">&gt;&gt;</a>&nbsp;&nbsp;&nbsp;cli_getmodem
<LI><a href="#[4]">&gt;&gt;</a>&nbsp;&nbsp;&nbsp;cli_setdevid
<LI><a href="#[3]">&gt;&gt;</a>&nbsp;&nbsp;&nbsp;cli_getdevid
<LI><a href="#[0]">&gt;&gt;</a>&nbsp;&nbsp;&nbsp;cli_reset
<LI><a href="#[118]">&gt;&gt;</a>&nbsp;&nbsp;&nbsp;ciPrintHelp
</UL>
<P>
<H3>
Local Symbols
</H3>
<P><STRONG><a name="[12b]"></a>__NVIC_SystemReset</STRONG> (Thumb, 42 bytes, Stack size 0 bytes, app_cli.o(.text.__NVIC_SystemReset))
<BR><BR>[Called By]<UL><LI><a href="#[0]">&gt;&gt;</a>&nbsp;&nbsp;&nbsp;cli_reset
</UL>

<P><STRONG><a name="[94]"></a>__NVIC_SystemReset</STRONG> (Thumb, 42 bytes, Stack size 0 bytes, tremo_it.o(.text.__NVIC_SystemReset))
<BR><BR>[Called By]<UL><LI><a href="#[34]">&gt;&gt;</a>&nbsp;&nbsp;&nbsp;HardFault_Handler
</UL>

<P><STRONG><a name="[16c]"></a>_fp_digits</STRONG> (Thumb, 366 bytes, Stack size 64 bytes, printfa.o(i._fp_digits), UNUSED)
<BR><BR>[Calls]<UL><LI><a href="#[79]">&gt;&gt;</a>&nbsp;&nbsp;&nbsp;__aeabi_dmul
<LI><a href="#[72]">&gt;&gt;</a>&nbsp;&nbsp;&nbsp;__aeabi_dadd
<LI><a href="#[7a]">&gt;&gt;</a>&nbsp;&nbsp;&nbsp;__aeabi_ddiv
<LI><a href="#[81]">&gt;&gt;</a>&nbsp;&nbsp;&nbsp;__aeabi_uldivmod
<LI><a href="#[83]">&gt;&gt;</a>&nbsp;&nbsp;&nbsp;__aeabi_d2ulz
<LI><a href="#[16d]">&gt;&gt;</a>&nbsp;&nbsp;&nbsp;__aeabi_cdrcmple
</UL>
<BR>[Called By]<UL><LI><a href="#[16a]">&gt;&gt;</a>&nbsp;&nbsp;&nbsp;_printf_core
</UL>

<P><STRONG><a name="[16a]"></a>_printf_core</STRONG> (Thumb, 1744 bytes, Stack size 136 bytes, printfa.o(i._printf_core), UNUSED)
<BR><BR>[Calls]<UL><LI><a href="#[81]">&gt;&gt;</a>&nbsp;&nbsp;&nbsp;__aeabi_uldivmod
<LI><a href="#[170]">&gt;&gt;</a>&nbsp;&nbsp;&nbsp;__aeabi_uidivmod
<LI><a href="#[16e]">&gt;&gt;</a>&nbsp;&nbsp;&nbsp;_printf_pre_padding
<LI><a href="#[16f]">&gt;&gt;</a>&nbsp;&nbsp;&nbsp;_printf_post_padding
<LI><a href="#[16c]">&gt;&gt;</a>&nbsp;&nbsp;&nbsp;_fp_digits
</UL>
<BR>[Called By]<UL><LI><a href="#[16b]">&gt;&gt;</a>&nbsp;&nbsp;&nbsp;__0sprintf
<LI><a href="#[169]">&gt;&gt;</a>&nbsp;&nbsp;&nbsp;__0printf
</UL>

<P><STRONG><a name="[16f]"></a>_printf_post_padding</STRONG> (Thumb, 36 bytes, Stack size 24 bytes, printfa.o(i._printf_post_padding), UNUSED)
<BR><BR>[Called By]<UL><LI><a href="#[16a]">&gt;&gt;</a>&nbsp;&nbsp;&nbsp;_printf_core
</UL>

<P><STRONG><a name="[16e]"></a>_printf_pre_padding</STRONG> (Thumb, 46 bytes, Stack size 24 bytes, printfa.o(i._printf_pre_padding), UNUSED)
<BR><BR>[Called By]<UL><LI><a href="#[16a]">&gt;&gt;</a>&nbsp;&nbsp;&nbsp;_printf_core
</UL>

<P><STRONG><a name="[65]"></a>_sputc</STRONG> (Thumb, 10 bytes, Stack size 0 bytes, printfa.o(i._sputc))
<BR><BR>[Called By]<UL><LI><a href="#[16b]">&gt;&gt;</a>&nbsp;&nbsp;&nbsp;__0sprintf
</UL>
<BR>[Address Reference Count : 1]<UL><LI> printfa.o(i.__0sprintf)
</UL><P>
<H3>
Undefined Global Symbols
</H3><HR></body></html>
